07-21 10:54:33.999  1012  7962 I power_partial_wake_state: [REL,1,GCoreFlp:com.google.android.gms]
07-21 10:54:34.000  1012  1454 I power_partial_wake_state: [REL,1,*location*:android]
07-21 10:54:34.001  1012  1169 I power_partial_wake_state: [REL,4,*location*:GnssLocationProvider:android]
07-21 10:54:34.001  1012  1454 I power_partial_wake_state: [REL,1,*location*:android]
07-21 10:54:34.007  1012  7962 I power_partial_wake_state: [REL,1,*location*:android]
07-21 10:54:34.010  1012  7962 I power_partial_wake_state: [REL,3,CMWakeLock:com.google.android.gms]
07-21 10:54:34.865  1012  1034 I commit_sys_config_file: [jobs,9]
07-21 10:54:35.004  1012  1169 I power_partial_wake_state: [REL,1,*location*:GnssLocationProvider:android]
07-21 10:54:35.010  1012  1454 I power_partial_wake_state: [REL,1,*location*:android]
07-21 10:54:35.010  1012  7962 I power_partial_wake_state: [REL,2,GCoreFlp:com.google.android.gms]
07-21 10:54:35.012  1012  1169 I power_partial_wake_state: [REL,4,*location*:GnssLocationProvider:android]
07-21 10:54:35.013  1012  7962 I power_partial_wake_state: [REL,1,*location*:android]
07-21 10:54:35.022  1012  1454 I power_partial_wake_state: [REL,2,*location*:android]
07-21 10:54:35.026  1012  1454 I power_partial_wake_state: [REL,5,CMWakeLock:com.google.android.gms]
07-21 10:54:35.083  1217  1217 I SemTelephonyHandlerHelper: handleMessage: what=92
07-21 10:54:35.087  1012  1454 I power_partial_wake_state: [CHG,1,*telephony-radio*:com.android.phone]
07-21 10:54:35.088  1217  1217 D RILJ    : [4735]> GET_ACTIVITY_INFO [PHONE0]
07-21 10:54:35.091  1217  1217 I SemTelephonyHandlerHelper: handleMessage: what=93
07-21 10:54:35.092  1217  1241 D RILJ    : [4735]< GET_ACTIVITY_INFO ModemActivityInfo{ mTimestamp=9721781 mSleepTimeMs=23571 mIdleTimeMs=9406743 mActivityStatsTechSpecificInfo=[{mRat=UNKNOWN,mFrequencyRange=UNKNOWN,mTxTimeMs[]=[675731, 360505, 486600, 221851, 75149],mRxTimeMs=6980901}]} [PHONE0]
07-21 10:54:35.092  1012  1454 I power_partial_wake_state: [CHG,5,*telephony-radio*:com.android.phone]
07-21 10:54:35.093  1012  1454 I power_partial_wake_state: [REL,1,*telephony-radio*:com.android.phone]
07-21 10:54:35.996  1012  1169 I power_partial_wake_state: [REL,1,*location*:GnssLocationProvider:android]
07-21 10:54:36.001  1012  7962 I power_partial_wake_state: [REL,2,GCoreFlp:com.google.android.gms]
07-21 10:54:36.003  1012  7962 I power_partial_wake_state: [REL,1,*location*:android]
07-21 10:54:36.004  1012  1169 I power_partial_wake_state: [REL,4,*location*:GnssLocationProvider:android]
07-21 10:54:36.005  1012  7962 I power_partial_wake_state: [REL,1,*location*:android]
07-21 10:54:36.011  1012  1454 I power_partial_wake_state: [REL,2,*location*:android]
07-21 10:54:36.015  1012  1454 I power_partial_wake_state: [REL,5,CMWakeLock:com.google.android.gms]
07-21 10:54:37.005  1012  1169 I power_partial_wake_state: [REL,1,*location*:GnssLocationProvider:android]
07-21 10:54:37.010  1012  7962 I power_partial_wake_state: [REL,2,GCoreFlp:com.google.android.gms]
07-21 10:54:37.011  1012  1454 I power_partial_wake_state: [REL,2,*location*:android]
07-21 10:54:37.012  1012  1169 I power_partial_wake_state: [REL,4,*location*:GnssLocationProvider:android]
07-21 10:54:37.013  1012  1454 I power_partial_wake_state: [REL,2,*location*:android]
07-21 10:54:37.019  1012  7962 I power_partial_wake_state: [REL,2,*location*:android]
07-21 10:54:37.022  1012  7962 I power_partial_wake_state: [REL,4,CMWakeLock:com.google.android.gms]
07-21 10:54:37.241  1217  1217 D SSCtr   : [1] EVENT_SIGNAL_LEVEL_INFO_CHANGED - SignalBarInfo{ lteLevel=2 }
07-21 10:54:37.998  1012  1169 I power_partial_wake_state: [REL,1,*location*:GnssLocationProvider:android]
07-21 10:54:38.004  1012  1454 I power_partial_wake_state: [REL,2,GCoreFlp:com.google.android.gms]
07-21 10:54:38.004  1012  7962 I power_partial_wake_state: [REL,1,*location*:android]
07-21 10:54:38.006  1012  1169 I power_partial_wake_state: [REL,5,*location*:GnssLocationProvider:android]
07-21 10:54:38.007  1012  7962 I power_partial_wake_state: [REL,1,*location*:android]
07-21 10:54:38.012  1012  1454 I power_partial_wake_state: [REL,1,*location*:android]
07-21 10:54:38.015  1012  1454 I power_partial_wake_state: [REL,4,CMWakeLock:com.google.android.gms]
07-21 10:54:39.001  1012  1169 I power_partial_wake_state: [REL,1,*location*:GnssLocationProvider:android]
07-21 10:54:39.006  1012  1454 I power_partial_wake_state: [REL,1,*location*:android]
07-21 10:54:39.006  1012  7962 I power_partial_wake_state: [REL,2,GCoreFlp:com.google.android.gms]
07-21 10:54:39.008  1012  1169 I power_partial_wake_state: [REL,4,*location*:GnssLocationProvider:android]
07-21 10:54:39.009  1012  7962 I power_partial_wake_state: [REL,2,*location*:android]
07-21 10:54:39.015  1012  7962 I power_partial_wake_state: [REL,1,*location*:android]
07-21 10:54:39.018  1012  7962 I power_partial_wake_state: [REL,4,CMWakeLock:com.google.android.gms]
07-21 10:54:39.998  1012  1169 I power_partial_wake_state: [REL,2,*location*:GnssLocationProvider:android]
07-21 10:54:40.003  1012  2112 I power_partial_wake_state: [REL,3,GCoreFlp:com.google.android.gms]
07-21 10:54:40.003  1012  1459 I power_partial_wake_state: [REL,0,*location*:android]
07-21 10:54:40.005  1012  1169 I power_partial_wake_state: [REL,4,*location*:GnssLocationProvider:android]
07-21 10:54:40.006  1012  1459 I power_partial_wake_state: [REL,2,*location*:android]
07-21 10:54:40.012  1012  1459 I power_partial_wake_state: [REL,1,*location*:android]
07-21 10:54:40.015  1012  1459 I power_partial_wake_state: [REL,4,CMWakeLock:com.google.android.gms]
07-21 10:54:40.133  1217  1217 I SemTelephonyHandlerHelper: handleMessage: what=92
07-21 10:54:40.137  1012  1459 I power_partial_wake_state: [CHG,1,*telephony-radio*:com.android.phone]
07-21 10:54:40.138  1217  1217 D RILJ    : [4736]> GET_ACTIVITY_INFO [PHONE0]
07-21 10:54:40.141  1217  1217 I SemTelephonyHandlerHelper: handleMessage: what=93
07-21 10:54:40.142  1217  1241 D RILJ    : [4736]< GET_ACTIVITY_INFO ModemActivityInfo{ mTimestamp=9726831 mSleepTimeMs=23571 mIdleTimeMs=9411772 mActivityStatsTechSpecificInfo=[{mRat=UNKNOWN,mFrequencyRange=UNKNOWN,mTxTimeMs[]=[677290, 360590, 486629, 221851, 75149],mRxTimeMs=6985633}]} [PHONE0]
07-21 10:54:40.142  1012  1459 I power_partial_wake_state: [CHG,5,*telephony-radio*:com.android.phone]
07-21 10:54:40.143  1012  1459 I power_partial_wake_state: [REL,0,*telephony-radio*:com.android.phone]
07-21 10:54:40.258  1012  1116 I input_interaction: Interaction with: ff9e35b NavigationBar0 (server), PointerEventDispatcher0 (server), 
07-21 10:54:40.272  1250  1250 I sysui_multi_action: [757,931,758,4,759,3,932,0,933,0]
07-21 10:54:40.360  1250  1250 I sysui_multi_action: [757,931,758,4,759,3,932,0,933,1]
07-21 10:54:40.396  1012  1033 I wm_task_moved: [1,1,6]
07-21 10:54:40.397  1012  1033 I wm_task_moved: [1619,1,2147483647]
07-21 10:54:40.397  1012  1033 I wm_task_to_front: [0,1619]
07-21 10:54:40.397  1012  1033 I wm_focused_root_task: [0,0,1,1641,bringingFoundTaskToFront]
07-21 10:54:40.398 13253 13253 I wm_on_top_resumed_lost_called: [67033380,za.co.vanelo.guardflow.mobile.MainActivity,topStateChangedWhenResumed]
07-21 10:54:40.402  1012  1033 I wm_set_resumed_activity: [0,com.sec.android.app.launcher/com.android.launcher3.infra.activity.Launcher,bringingFoundTaskToFront]
07-21 10:54:40.403  1012  1033 I wm_new_intent: [0,57556660,1619,com.sec.android.app.launcher/com.android.launcher3.infra.activity.Launcher,android.intent.action.MAIN,NULL,NULL,268435712,startHomeActivity: startDockOrHome:0:0:0:null:1012]
07-21 10:54:40.403  1012  1033 I wm_pause_activity: [0,67033380,za.co.vanelo.guardflow.mobile/.MainActivity,userLeaving=true,pauseBackTasks]
07-21 10:54:40.406  1012  1033 I wm_add_to_stopping: [0,67033380,za.co.vanelo.guardflow.mobile/.MainActivity,makeInvisible]
07-21 10:54:40.406  1012  1032 I sysui_multi_action: [757,803,799,window_time_0,802,35]
07-21 10:54:40.409  1012  1033 I wm_set_resumed_activity: [0,com.sec.android.app.launcher/com.android.launcher3.infra.activity.Launcher,resumeTopActivity]
07-21 10:54:40.413  1012  1033 I wm_resume_activity: [0,57556660,1619,com.sec.android.app.launcher/com.android.launcher3.infra.activity.Launcher]
07-21 10:54:40.414  1458  1458 I wm_on_restart_called: [57556660,com.android.launcher3.infra.activity.Launcher,performRestartActivity]
07-21 10:54:40.416  1458  1458 I wm_on_start_called: [57556660,com.android.launcher3.infra.activity.Launcher,handleStartActivity]
07-21 10:54:40.418  1012  1036 I input_focus: [Requesting to set focus to null window,reason=UpdateInputWindows]
07-21 10:54:40.430 13253 13253 I wm_on_paused_called: [67033380,za.co.vanelo.guardflow.mobile.MainActivity,performPause]
07-21 10:54:40.440  1012  1116 I input_focus: [Focus leaving a299ea1 za.co.vanelo.guardflow.mobile/za.co.vanelo.guardflow.mobile.MainActivity (server),reason=Waiting for window because NOT_FOCUSABLE]
07-21 10:54:40.454  1458  1458 I wm_on_resume_called: [57556660,com.android.launcher3.infra.activity.Launcher,RESUME_ACTIVITY]
07-21 10:54:40.467  1012  1036 I input_focus: [Focus request 61f9adb com.sec.android.app.launcher/com.android.launcher3.infra.activity.Launcher,reason=UpdateInputWindows]
07-21 10:54:40.491  1458  1458 I wm_on_top_resumed_gained_called: [57556660,com.android.launcher3.infra.activity.Launcher,topStateChangedWhenResumed]
07-21 10:54:40.494  1012  1036 I wm_wallpaper_surface: [0,1]
07-21 10:54:40.495  1458  1458 I wm_on_idle_called: {com.sec.android.app.launcher/com.android.launcher3.infra.activity.Launcher}
07-21 10:54:40.527  1012  1032 I sysui_multi_action: [319,121,322,106,325,9706,757,761,758,9,759,2,806,com.sec.android.app.launcher,871,com.android.launcher3.infra.activity.Launcher,905,0,1320,8,1321,5]
07-21 10:54:40.528  1012  1032 I am_app_transition: [com.sec.android.app.launcher,com.android.launcher3.infra.activity.Launcher,WINDOWS_DRAWN,121,-1,-1,106,HOT,speed-profile]
07-21 10:54:40.534  1012  1459 I wm_idle_activity: [0,57556660,com.sec.android.app.launcher/com.android.launcher3.infra.activity.Launcher]
07-21 10:54:40.534  1012  1459 I power_partial_wake_state: [REL,129,*launch*:android]
07-21 10:54:40.558  1012  1116 I input_focus: [Focus entering 61f9adb com.sec.android.app.launcher/com.android.launcher3.infra.activity.Launcher (server),reason=Window became focusable. Previous reason: NOT_VISIBLE]
07-21 10:54:40.977  1012  1035 I wm_stop_activity: [0,67033380,za.co.vanelo.guardflow.mobile/.MainActivity]
07-21 10:54:41.002  1012  1169 I power_partial_wake_state: [REL,1,*location*:GnssLocationProvider:android]
07-21 10:54:41.009  1012  1454 I power_partial_wake_state: [REL,4,GCoreFlp:com.google.android.gms]
07-21 10:54:41.011  1012  1494 I power_partial_wake_state: [REL,1,*location*:android]
07-21 10:54:41.012  1012  1169 I power_partial_wake_state: [REL,5,*location*:GnssLocationProvider:android]
07-21 10:54:41.014 13253 13253 I wm_on_stop_called: [67033380,za.co.vanelo.guardflow.mobile.MainActivity,STOP_ACTIVITY_ITEM]
07-21 10:54:41.016  1012  1494 I power_partial_wake_state: [REL,5,*location*:android]
07-21 10:54:41.028  1012  1454 I power_partial_wake_state: [REL,6,*location*:android]
07-21 10:54:41.032  1012  1494 I power_partial_wake_state: [REL,8,CMWakeLock:com.google.android.gms]
07-21 10:54:41.396  1250  1250 I sysui_multi_action: [757,931,758,4,759,187,932,0,933,0]
07-21 10:54:41.513  1250  1250 I sysui_multi_action: [757,931,758,4,759,187,932,0,933,1]
07-21 10:54:41.995  1012  1169 I power_partial_wake_state: [REL,1,*location*:GnssLocationProvider:android]
07-21 10:54:41.999  1012  1494 I power_partial_wake_state: [REL,1,GCoreFlp:com.google.android.gms]
07-21 10:54:41.999  1012  1459 I power_partial_wake_state: [REL,1,*location*:android]
07-21 10:54:42.000  1012  1169 I power_partial_wake_state: [REL,3,*location*:GnssLocationProvider:android]
07-21 10:54:42.001  1012  1459 I power_partial_wake_state: [REL,1,*location*:android]
07-21 10:54:42.006  1012  1459 I power_partial_wake_state: [REL,1,*location*:android]
07-21 10:54:42.008  1012  1459 I power_partial_wake_state: [REL,3,CMWakeLock:com.google.android.gms]
07-21 10:54:42.332  1012  1459 I power_partial_wake_state: [REL,7,GCM_READ:com.google.android.gms]
07-21 10:54:42.349 19657 14442 I c2dm    : [-1,,7,6]
07-21 10:54:42.350  1012  1494 I power_partial_wake_state: [REL,19,GCM_WORK:com.google.android.gms]
07-21 10:54:42.413  1012  1116 I input_interaction: Interaction with: 61f9adb com.sec.android.app.launcher/com.android.launcher3.infra.activity.Launcher (server), cdc63ae com.android.systemui.ImageWallpaper (server), PointerEventDispatcher0 (server), 
07-21 10:54:42.503  1012  1012 I power_partial_wake_state: [REL,5,*alarm*:android]
07-21 10:54:42.507  1012  1494 I power_partial_wake_state: [REL,6,GmsAlarm:NetworkLocationScanner:com.google.android.gms]
07-21 10:54:42.509  1217  1217 D SST-SEM : [0] requestAllCellInfo - UID: 1001, PID: 1217
07-21 10:54:42.511  1012  1494 I power_partial_wake_state: [CHG,1,*telephony-radio*:com.android.phone]
07-21 10:54:42.512  1217  1217 D RILJ    : [4737]> GET_CELL_INFO_LIST [PHONE0]
07-21 10:54:42.515  1217  1241 D RILJ    : [4737]< GET_CELL_INFO_LIST  [PHONE0]
07-21 10:54:42.516  1217  1217 D SST     : [0] getEons - EONS: null
07-21 10:54:42.516  1012  1494 I power_partial_wake_state: [CHG,5,*telephony-radio*:com.android.phone]
07-21 10:54:42.517  1012  1494 I power_partial_wake_state: [REL,1,*telephony-radio*:com.android.phone]
07-21 10:54:42.518  1012  1459 I power_partial_wake_state: [REL,12,CallbackRunner:com.google.android.gms]
07-21 10:54:42.520  1217  1217 D LocaleTracker-0: processCellInfo: cell info=[CellInfoLte:{mRegistered=YES mTimeStamp=9729205251692ns mCellConnectionStatus=0 CellIdentityLte:{ mCi=3****25 mPci=91 mTac=1***6 mEarfcn=501 mBands=[1] mBandwidth=2147483647 mMcc=655 mMnc=02 mAlphaLong=Telkom mAlphaShort=Telkom mAdditionalPlmns={} mCsgInfo=null} CellSignalStrengthLte: rssi=-51 rsrp=-77 rsrq=-11 rssnr=0 cqiTableIndex=2147483647 cqi=2147483647 ta=0 level=4 parametersUseForLevel=1 android.telephony.CellConfigLte :{ isEndcAvailable = false }}]
07-21 10:54:42.520  1217  1217 D LocaleTracker-0: updateLocale: countryIso = za, countryIsoDebugInfo = OperatorNumeric(65502): MccTable.countryCodeForMcc("655")
07-21 10:54:42.520  1217  1217 D LocaleTracker-0: updateLocale: timeZoneCountryIso = za, timeZoneCountryIsoDebugInfo = OperatorNumeric: MccTable.geoCountryCodeForMccMnc(MccMnc{mcc='655', mnc='02'})
07-21 10:54:42.521  1217  1217 D NitzStateMachineImpl: handleCountryDetected: countryIsoCode=za, mLatestNitzSignal=NitzSignal{mReceiptElapsedMillis=PT2H22M2.161S, mNitzData=NitzData{mOriginalString=26/07/21,08:34:35+08,00, mZoneOffset=7200000, mDstOffset=0, mCurrentTimeMillis=1784622875000, mEmulatorHostTimeZone=null}, mAgeMillis=0}
07-21 10:54:42.523  1012  1454 I power_partial_wake_state: [REL,21,NetworkLocationScanner:com.google.android.gms]
07-21 10:54:42.534  1012  1454 I power_partial_wake_state: [REL,4,PendingIntentClient:com.google.android.gms]
07-21 10:54:42.539  1012  1494 I power_partial_wake_state: [REL,4,PendingIntentClient:com.google.android.gms]
07-21 10:54:42.546  1012  1494 I power_partial_wake_state: [REL,6,GCoreFlp:com.google.android.gms]
07-21 10:54:42.547  1012  1454 I power_partial_wake_state: [REL,2,*location*:android]
07-21 10:54:42.551  1012  7962 I power_partial_wake_state: [REL,5,CMWakeLock:com.google.android.gms]
07-21 10:54:42.555  1012  7962 I power_partial_wake_state: [REL,29,NetworkLocationLocator:com.google.android.gms]
07-21 10:54:42.556  1012  1454 I power_partial_wake_state: [REL,7,CallbackRunner:com.google.android.gms]
07-21 10:54:42.560  1012  1454 I power_partial_wake_state: [REL,1,*location*:android]
07-21 10:54:42.996  1012  1169 I power_partial_wake_state: [REL,1,*location*:GnssLocationProvider:android]
07-21 10:54:43.000  1012  1454 I power_partial_wake_state: [REL,3,GCoreFlp:com.google.android.gms]
07-21 10:54:43.000  1012  7962 I power_partial_wake_state: [REL,1,*location*:android]
07-21 10:54:43.002  1012  1169 I power_partial_wake_state: [REL,4,*location*:GnssLocationProvider:android]
07-21 10:54:43.003  1012  7962 I power_partial_wake_state: [REL,1,*location*:android]
07-21 10:54:43.008  1012  7962 I power_partial_wake_state: [REL,1,CallbackRunner:com.google.android.gms]
07-21 10:54:43.009  1012  1454 I power_partial_wake_state: [REL,3,*location*:android]
07-21 10:54:43.012  1012  1454 I power_partial_wake_state: [REL,5,CMWakeLock:com.google.android.gms]
07-21 10:54:43.027  1012  1454 I power_partial_wake_state: [REL,4,moya:XmppConnectionService:nu.bi.moya]
07-21 10:54:43.683  1012  1454 I wm_destroy_activity: [0,184250190,1637,com.sec.android.app.camera/com.android.camera.QRCodeActivity,finish-imm:recent-task-trimmed]
07-21 10:54:43.685  1012  1454 I wm_task_removed: [1637,removeChild:removeChild last r=ActivityRecord{afb6f4e u0 com.sec.android.app.camera/com.android.camera.QRCodeActivity} t-1 f}} in t=Task{8612e7b #1637 type=standard A=10042:com.sec.android.app.camera U=0 visible=false visibleRequested=false mode=fullscreen translucent=true sz=0}]
07-21 10:54:43.686  1012  1454 I wm_task_removed: [1637,removeChild]
07-21 10:54:43.689  1012  1032 I sysui_multi_action: [757,803,799,window_time_0,802,3]
07-21 10:54:43.690  1012  1454 I wm_destroy_activity: [0,177799751,1638,com.android.chrome/org.chromium.chrome.browser.webapps.SameTaskWebApkActivity,finish-imm:recent-task-trimmed]
07-21 10:54:43.691  1012  1454 I wm_destroy_activity: [0,263584549,1638,org.chromium.webapk.a7ac6b774a54292a0_v2/org.chromium.webapk.shell_apk.h2o.SplashActivity,finish-imm:recent-task-trimmed]
07-21 10:54:43.693  1012  1032 I sysui_multi_action: [757,803,799,window_time_0,802,0]
07-21 10:54:43.694  1012  1454 I wm_destroy_activity: [0,8343288,1639,com.google.android.packageinstaller/com.android.packageinstaller.DeleteStagedFileOnResult,finish-imm:recent-task-trimmed]
07-21 10:54:43.695  1012  1032 I sysui_multi_action: [757,803,799,window_time_0,802,0]
07-21 10:54:43.696  1012  1454 I wm_destroy_activity: [0,25141118,1642,com.android.settings/.SubSettings,finish-imm:recent-task-trimmed]
07-21 10:54:43.697  1012  1454 I wm_destroy_activity: [0,239617610,1642,com.android.settings/.homepage.SettingsHomepageActivity,finish-imm:recent-task-trimmed]
07-21 10:54:43.697  1012  1032 I sysui_multi_action: [757,803,799,window_time_0,802,0]
07-21 10:54:43.699  1012  1454 I wm_destroy_activity: [0,67033380,1641,za.co.vanelo.guardflow.mobile/.MainActivity,finish-imm:recent-task-trimmed]
07-21 10:54:43.700  1012  1032 I sysui_multi_action: [757,803,799,window_time_0,802,0]
07-21 10:54:43.704 13253 13253 I wm_on_destroy_called: [67033380,za.co.vanelo.guardflow.mobile.MainActivity,performDestroy]
07-21 10:54:43.707  1012  1035 I am_kill : [0,11892,com.sec.android.app.camera:QrTileService,995,remove task]
07-21 10:54:43.715  1012  1035 I am_kill : [0,13675,org.chromium.webapk.a7ac6b774a54292a0_v2,950,remove task]
07-21 10:54:43.717  1012  1035 I am_kill : [0,12807,com.google.android.packageinstaller,910,remove task]
07-21 10:54:43.718  1012  1035 I am_kill : [0,13507,com.android.settings,900,remove task]
07-21 10:54:43.719  1012  1454 I wm_task_removed: [1641,removeChild:removeChild last r=ActivityRecord{3fed924 u0 za.co.vanelo.guardflow.mobile/.MainActivity} t-1 f}} in t=Task{5c922a7 #1641 type=standard A=10224:za.co.vanelo.guardflow.mobile U=0 visible=false visibleRequested=false mode=fullscreen translucent=true sz=0}]
07-21 10:54:43.719  1012  1454 I wm_task_removed: [1641,removeChild]
07-21 10:54:43.790  1012  7962 I am_proc_died: [0,11892,com.sec.android.app.camera:QrTileService,995,19,101,505]
07-21 10:54:43.791  1012  7962 I am_uid_stopped: 10042
07-21 10:54:43.793  1012  7962 I am_kill : [0,13276,com.google.android.syncadapters.calendar,999,empty #17]
07-21 10:54:43.794  1012  7962 I am_kill : [0,13309,com.android.providers.calendar,999,empty #18]
07-21 10:54:43.799  1012  5063 I am_proc_died: [0,13675,org.chromium.webapk.a7ac6b774a54292a0_v2,950,17,101,505]
07-21 10:54:43.800  1012  5063 I am_schedule_service_restart: [0,org.chromium.webapk.a7ac6b774a54292a0_v2/org.chromium.webapk.shell_apk.WebApkServiceFactory,1000]
07-21 10:54:43.800  1012  5063 I am_uid_stopped: 10225
07-21 10:54:43.806  1012  7962 I am_proc_died: [0,12807,com.google.android.packageinstaller,910,19,101,505]
07-21 10:54:43.807  1012  7962 I am_uid_stopped: 10051
07-21 10:54:43.815  1012  7962 I wm_task_removed: [1639,removeChild:removeChild last r=ActivityRecord{7f4ef8 u0 com.google.android.packageinstaller/com.android.packageinstaller.DeleteStagedFileOnResult} t-1 f}} in t=Task{313d667 #1639 type=standard A=10051:com.google.android.packageinstaller U=0 visible=false visibleRequested=false mode=fullscreen translucent=true sz=0}]
07-21 10:54:43.815  1012  7962 I wm_task_removed: [1639,removeChild]
07-21 10:54:43.818  1012  1494 I am_proc_died: [0,13507,com.android.settings,900,19,101,505]
07-21 10:54:43.835  1012  1494 I wm_task_removed: [1642,removeChild:removeChild last r=ActivityRecord{17f9f7e u0 com.android.settings/.SubSettings} t-1 f}} in t=Task{a88999e #1642 type=standard A=1000:com.android.settings.root U=0 visible=false visibleRequested=false mode=fullscreen translucent=true sz=0}]
07-21 10:54:43.835  1012  1494 I wm_task_removed: [1642,removeChild]
07-21 10:54:43.870  1012  3570 I am_proc_died: [0,13276,com.google.android.syncadapters.calendar,999,19,108,508]
07-21 10:54:43.872  1012  3570 I am_uid_stopped: 10122
07-21 10:54:43.875  1217  1217 D DDS-TelephonyNetworkFactory[0]: handleMessage msg={ when=0 what=4 obj=NetworkRequest [ REQUEST id=1371, [ Capabilities: INTERNET&NOT_RESTRICTED&TRUSTED&NOT_VCN_MANAGED Uid: 10122 RequestorUid: 10122 RequestorPkg: com.google.android.syncadapters.calendar UnderlyingNetworks: Null] ] target=com.android.internal.telephony.data.TelephonyNetworkFactory$InternalHandler }
07-21 10:54:43.876  1217  1217 D DDS-TelephonyNetworkFactory[0]: onReleaseNetworkFor [NetworkRequest [ REQUEST id=1371, [ Capabilities: INTERNET&NOT_RESTRICTED&TRUSTED&NOT_VCN_MANAGED Uid: 10122 RequestorUid: 10122 RequestorPkg: com.google.android.syncadapters.calendar UnderlyingNetworks: Null] ], mPriority=0, state=UNSATISFIED, mAttachedDataNetwork=null, isMetered=false, created time=10:54:43.875, evaluation result=null] applied true
07-21 10:54:43.876  1217  1217 D DCT-C-0 : DDS-DcTracker.releaseNetwork for NetworkRequest [ REQUEST id=1371, [ Capabilities: INTERNET&NOT_RESTRICTED&TRUSTED&NOT_VCN_MANAGED Uid: 10122 RequestorUid: 10122 RequestorPkg: com.google.android.syncadapters.calendar UnderlyingNetworks: Null] ] found {mApnType=default mState=CONNECTED mWaitingApns={[[ApnSetting] TelkomSA internet, 6344, 65502, internet, , null, , null, null, 1, supl | hipri | default, IP, IP, true, 0, false, 20, 0, 300, 0, 0, null, , false, UNKNOWN, UNKNOWN, 0, -1, -1, false] priority=1} mApnSetting={[ApnSetting] TelkomSA internet, 6344, 65502, internet, , null, , null, null, 1, supl | hipri | default, IP, IP, true, 0, false, 20, 0, 300, 0, 0, null, , false, UNKNOWN, UNKNOWN, 0, -1, -1, false} mReason=connected mNeedDisconnectByDdsChange=false mDataEnabled=true}, type=NORMAL
07-21 10:54:43.877  1217  1217 D DC-C-1  : reevaluate data connection properties
07-21 10:54:43.881  1012  3570 I am_proc_died: [0,13309,com.android.providers.calendar,999,19,107,508]
07-21 10:54:43.882  1012  3570 I am_uid_stopped: 10049
07-21 10:54:44.005  1012  1169 I power_partial_wake_state: [REL,1,*location*:GnssLocationProvider:android]
07-21 10:54:44.008  1012  3570 I power_partial_wake_state: [REL,1,GCoreFlp:com.google.android.gms]
07-21 10:54:44.010  1012  3570 I power_partial_wake_state: [REL,1,*location*:android]
07-21 10:54:44.012  1012  1169 I power_partial_wake_state: [REL,4,*location*:GnssLocationProvider:android]
07-21 10:54:44.012  1012  3570 I power_partial_wake_state: [REL,1,*location*:android]
07-21 10:54:44.020  1012  2288 I power_partial_wake_state: [REL,1,CallbackRunner:com.google.android.gms]
07-21 10:54:44.020  1012  3570 I power_partial_wake_state: [REL,2,*location*:android]
07-21 10:54:44.027  1012  3570 I power_partial_wake_state: [REL,5,CMWakeLock:com.google.android.gms]
07-21 10:54:44.442  1012  1043 I am_wtf  : [0,1012,system_server,-1,ProcessStats,Executing service ServiceState{77e96b9 org.chromium.content.app.SandboxedProcessService0 pkg=com.android.chrome proc=831d904} without owner]
07-21 10:54:44.444  1012  1043 I am_wtf  : [0,1012,system_server,-1,ProcessStats,Binding service ServiceState{77e96b9 org.chromium.content.app.SandboxedProcessService0 pkg=com.android.chrome proc=831d904} without owner]
07-21 10:54:44.447  1012  3570 I am_kill : [0,12351,com.android.chrome:sandboxed_process0:org.chromium.content.app.SandboxedProcessService0:0,0,isolated not needed]
07-21 10:54:44.449  1012  1043 I am_wtf  : [0,1012,system_server,-1,ProcessStats,Starting service ServiceState{77e96b9 org.chromium.content.app.SandboxedProcessService0 pkg=com.android.chrome proc=831d904} without owner]
07-21 10:54:44.450  1012  1043 I am_wtf  : [0,1012,system_server,-1,ProcessStats,Binding service ServiceState{77e96b9 org.chromium.content.app.SandboxedProcessService0 pkg=com.android.chrome proc=831d904} without owner]
07-21 10:54:44.509  1012  2288 I am_proc_died: [0,12351,com.android.chrome:sandboxed_process0:org.chromium.content.app.SandboxedProcessService0:0,0,10,88,524]
07-21 10:54:44.510  1012  2288 I am_uid_stopped: 90000
07-21 10:54:44.640 12227 12227 I wm_on_destroy_called: [177799751,org.chromium.chrome.browser.webapps.SameTaskWebApkActivity,performDestroy]
07-21 10:54:44.658  1012  2288 I wm_task_removed: [1638,removeChild:removeChild last r=ActivityRecord{a990247 u0 com.android.chrome/org.chromium.chrome.browser.webapps.SameTaskWebApkActivity} t-1 f}} in t=Task{5fe5aab #1638 type=standard A=10225:org.chromium.webapk.a7ac6b774a54292a0_v2 U=0 visible=false visibleRequested=false mode=fullscreen translucent=true sz=0}]
07-21 10:54:44.658  1012  2288 I wm_task_removed: [1638,removeChild]
07-21 10:54:44.801  1012  1043 I am_uid_running: 10225
07-21 10:54:44.821  1012  1044 I am_proc_start: [0,14615,10225,org.chromium.webapk.a7ac6b774a54292a0_v2,service,{org.chromium.webapk.a7ac6b774a54292a0_v2/org.chromium.webapk.shell_apk.WebApkServiceFactory}]
07-21 10:54:44.864  1012  1117 I intercept_power: [ACTION_DOWN,0,1]
07-21 10:54:44.877  1012  2288 I am_proc_bound: [0,14615,org.chromium.webapk.a7ac6b774a54292a0_v2]
07-21 10:54:45.003  1012  1169 I power_partial_wake_state: [REL,2,*location*:GnssLocationProvider:android]
07-21 10:54:45.008  1012  3570 I power_partial_wake_state: [REL,1,*location*:android]
07-21 10:54:45.010  1012  1169 I power_partial_wake_state: [REL,4,*location*:GnssLocationProvider:android]
07-21 10:54:45.011  1012  3570 I power_partial_wake_state: [REL,1,*location*:android]
07-21 10:54:45.012  1012  3570 I power_partial_wake_state: [REL,7,GCoreFlp:com.google.android.gms]
07-21 10:54:45.018  1012  3570 I power_partial_wake_state: [REL,2,CallbackRunner:com.google.android.gms]
07-21 10:54:45.024  1012  2386 I power_partial_wake_state: [REL,5,*location*:android]
07-21 10:54:45.025  1012  2288 I power_partial_wake_state: [REL,3,NetworkLocationLocator:com.google.android.gms]
07-21 10:54:45.026  1012  2288 I power_partial_wake_state: [REL,6,CMWakeLock:com.google.android.gms]
07-21 10:54:45.031  1012  1029 I power_partial_wake_state: [REL,3,CallbackRunner:com.google.android.gms]
07-21 10:54:45.039  1012  3570 I power_partial_wake_state: [REL,5,*job*/za.co.vanelo.guardflow.mobile/expo.modules.taskManager.TaskJobService:android]
07-21 10:54:45.041  1012  1029 I power_partial_wake_state: [REL,18,FusedLocation:com.google.android.gms]
07-21 10:54:45.096  1012  1117 I intercept_power: [ACTION_UP,0,1]
07-21 10:54:45.097  1012  1117 I power_partial_wake_state: [REL,231,PhoneWindowManager.mPowerKeyWakeLock:android]
07-21 10:54:45.181  1217  1217 I SemTelephonyHandlerHelper: handleMessage: what=92
07-21 10:54:45.184  1012  3570 I power_partial_wake_state: [CHG,1,*telephony-radio*:com.android.phone]
07-21 10:54:45.185  1217  1217 D RILJ    : [4738]> GET_ACTIVITY_INFO [PHONE0]
07-21 10:54:45.188  1217  1217 I SemTelephonyHandlerHelper: handleMessage: what=93
07-21 10:54:45.189  1217  1241 D RILJ    : [4738]< GET_ACTIVITY_INFO ModemActivityInfo{ mTimestamp=9731878 mSleepTimeMs=23571 mIdleTimeMs=9416795 mActivityStatsTechSpecificInfo=[{mRat=UNKNOWN,mFrequencyRange=UNKNOWN,mTxTimeMs[]=[677833, 361673, 486660, 221851, 75149],mRxTimeMs=6990515}]} [PHONE0]
07-21 10:54:45.190  1012  3570 I power_partial_wake_state: [CHG,6,*telephony-radio*:com.android.phone]
07-21 10:54:45.191  1012  3570 I power_partial_wake_state: [REL,1,*telephony-radio*:com.android.phone]
07-21 10:54:45.253  1217  1217 D SSCtr   : [1] EVENT_SIGNAL_LEVEL_INFO_CHANGED - SignalBarInfo{ lteLevel=2 }
07-21 10:54:45.274  1012  1012 I power_sleep_requested: 0
07-21 10:54:45.278  1012  1061 I wm_sleep_token: [0,1,ScreenOff]
07-21 10:54:45.279  1012  1061 I wm_pause_activity: [0,57556660,com.sec.android.app.launcher/com.android.launcher3.infra.activity.Launcher,userLeaving=false,sleep]
07-21 10:54:45.279  1458  1458 I wm_on_top_resumed_lost_called: [57556660,com.android.launcher3.infra.activity.Launcher,topStateChangedWhenResumed]
07-21 10:54:45.292  1458  1458 I wm_on_paused_called: [57556660,com.android.launcher3.infra.activity.Launcher,performPause]
07-21 10:54:45.293  1012  3570 I wm_add_to_stopping: [0,57556660,com.sec.android.app.launcher/com.android.launcher3.infra.activity.Launcher,completePauseLocked]
07-21 10:54:45.303  1012  1061 I sysui_multi_action: [757,1696,758,6,759,0]
07-21 10:54:45.307  1012  1032 I sysui_multi_action: [757,803,799,window_time_0,802,1]
07-21 10:54:45.308  1012  3570 I wm_wallpaper_surface: [0,0]
07-21 10:54:45.312  1012  1035 I wm_stop_activity: [0,57556660,com.sec.android.app.launcher/com.android.launcher3.infra.activity.Launcher]
07-21 10:54:45.312  1012  1036 I input_focus: [Requesting to set focus to null window,reason=UpdateInputWindows]
07-21 10:54:45.313  1250  1414 E TelephonyManager: isDataEnabled Bindcalling pid : 1250, uid : 10143
07-21 10:54:45.334  1217  1217 D DCT-C-0 : Screens all off
07-21 10:54:45.334  1217  1217 D DCT-C-0 : stopNetStatPoll
07-21 10:54:45.337  1012  1042 I commit_sys_config_file: [display-state,9446712]
07-21 10:54:45.339  1217  1217 D DCT-C-0 : startNetStatPoll
07-21 10:54:45.353  1217  1217 D DCT-C-0 : getRecoveryAction: 0
07-21 10:54:45.353  1217  1217 D DCT-C-0 : restartDataStallAlarm: stop then start.
07-21 10:54:45.353  1217  1217 D DCT-C-0 : stopDataStallAlarm: current tag=266293 mDataStallAlarmIntent=null
07-21 10:54:45.353  1458  1458 I wm_on_stop_called: [57556660,com.android.launcher3.infra.activity.Launcher,STOP_ACTIVITY_ITEM]
07-21 10:54:45.354  1217  1217 D DCT-C-0 : startDataStallAlarm: NOT started, no connection tag=266294
07-21 10:54:45.355  1217  1217 D DCT-C-1 : Screens all off
07-21 10:54:45.355  1217  1217 D DCT-C-1 : stopNetStatPoll
07-21 10:54:45.359  1217  1217 D DCT-C-1 : startNetStatPoll
07-21 10:54:45.367  1217  1217 D DCT-C-1 : getRecoveryAction: 0
07-21 10:54:45.367  1217  1217 D DCT-C-1 : restartDataStallAlarm: stop then start.
07-21 10:54:45.368  1217  1217 D DCT-C-1 : stopDataStallAlarm: current tag=266569 mDataStallAlarmIntent=null
07-21 10:54:45.368  1217  1217 D DCT-C-1 : startDataStallAlarm: NOT started, no connection tag=266570
07-21 10:54:45.373  1012  2386 I power_partial_wake_state: [CHG,0,*telephony-sem-radio*:com.android.phone]
07-21 10:54:45.375  1012  2288 I power_partial_wake_state: [REL,96,ActivityManager-Sleep:android]
07-21 10:54:45.375  1217  1217 D SEM_RILJ: [4739]> OEM_HOOK_RAW[118200090010000000] [PHONE0]
07-21 10:54:45.381  1012  2288 I power_partial_wake_state: [CHG,0,*telephony-sem-radio*:com.android.phone]
07-21 10:54:45.382  1217  1241 D SEM_RILJ: [4739]< OEM_HOOK_RAW [B@d5795e4 [PHONE0]
07-21 10:54:45.382  1217  1217 D SEM_RILJ: [4740]> OEM_HOOK_RAW[118200090010000000] [PHONE1]
07-21 10:54:45.382  1012  2288 I power_partial_wake_state: [CHG,9,*telephony-sem-radio*:com.android.phone]
07-21 10:54:45.383  1012  2288 I power_partial_wake_state: [REL,1,*telephony-sem-radio*:com.android.phone]
07-21 10:54:45.385  1217  1241 D SEM_RILJ: [4740]< OEM_HOOK_RAW [B@4e7a4d [PHONE1]
07-21 10:54:45.385  1012  2288 I power_partial_wake_state: [CHG,3,*telephony-sem-radio*:com.android.phone]
07-21 10:54:45.386  1012  2288 I power_partial_wake_state: [REL,1,*telephony-sem-radio*:com.android.phone]
07-21 10:54:45.460  1012  1116 I input_focus: [Focus leaving 61f9adb com.sec.android.app.launcher/com.android.launcher3.infra.activity.Launcher (server),reason=Waiting for window because NOT_FOCUSABLE]
07-21 10:54:45.465  1012  1012 I sysui_multi_action: [757,198,758,2,759,2,1359,604,1695,4]
07-21 10:54:45.465  1012  1012 I power_screen_state: [0,2,0,0,604]
07-21 10:54:45.465  1012  1012 I screen_toggled: 0
07-21 10:54:45.465  1012  1012 I sysui_multi_action: [757,804,799,screen_timeout,801,600,802,1]
07-21 10:54:45.466  1012  1012 I sysui_multi_action: [757,1594,758,4,759,-2147483648,1359,252677]
07-21 10:54:45.466  1012  1012 I power_screen_broadcast_send: 1
07-21 10:54:45.483  1012  2386 I wm_set_keyguard_shown: [0,1,0,0,setKeyguardShown]
07-21 10:54:45.483  1012  2386 I wm_sleep_token: [0,1,keyguard]
07-21 10:54:45.530  1012  1012 I battery_saving_stats: [0,1,0,211149,-4951,-1,3794075,-54461,-2]
07-21 10:54:45.546  1250  1250 I sysui_multi_action: [757,111,758,1]
07-21 10:54:45.547  1250  1250 I sysui_multi_action: [757,126,758,1,759,126,927,0,928,0,1593,0]
07-21 10:54:45.547  1250  1250 I sysui_multi_action: [757,115,758,1,759,115,927,1,928,1,1593,0]
07-21 10:54:45.547  1250  1250 I sysui_multi_action: [757,112,758,1,759,112,927,2,928,0,1593,0]
07-21 10:54:45.547  1250  1250 I sysui_multi_action: [757,113,758,1,759,113,927,3,928,0,1593,0]
07-21 10:54:45.547  1250  1250 I sysui_multi_action: [757,123,758,1,759,123,927,4,928,0,1593,0]
07-21 10:54:45.547  1250  1250 I sysui_multi_action: [757,119,758,1,759,119,927,5,928,0,1593,0]
07-21 10:54:45.552  1012  2386 I sysui_multi_action: [757,127,758,1]
07-21 10:54:45.552  1012  2386 I sysui_multi_action: [757,804,799,note_load,801,1,802,1]
07-21 10:54:45.552  1012  2386 I notification_panel_revealed: 1
07-21 10:54:45.565  1012  2386 I power_partial_wake_state: [REL,2,CallbackRunner:com.google.android.gms]
07-21 10:54:45.587  1250  1250 I sysui_multi_action: [757,196,758,1,759,0]
07-21 10:54:45.587  1250  1250 I sysui_status_bar_state: [1,1,0,0,0,1]
07-21 10:54:45.595  1012  2386 I power_partial_wake_state: [REL,119,show keyguard:com.android.systemui]
07-21 10:54:45.626  1012  2288 I power_partial_wake_state: [REL,592,*job*/za.co.vanelo.guardflow.mobile/expo.modules.taskManager.TaskJobService:android]
07-21 10:54:45.639  1012  1035 I user_activity_timeout_override: 5000
07-21 10:54:45.646  1012  1036 I input_focus: [Focus request e747a91 NotificationShade,reason=UpdateInputWindows]
07-21 10:54:45.717  1012  1029 I sysui_multi_action: [757,127,758,2]
07-21 10:54:45.718  1012  1029 I notification_panel_hidden: 
07-21 10:54:45.721  1012  1036 I wm_wallpaper_surface: [0,1]
07-21 10:54:45.733  1012  1116 I input_focus: [Focus entering e747a91 NotificationShade (server),reason=Window became focusable. Previous reason: NOT_VISIBLE]
07-21 10:54:45.898  1012  1012 I power_screen_broadcast_done: [0,432,1]
07-21 10:54:45.968  1012  2288 I power_partial_wake_state: [REL,3456,CollectionLib-SigCollector:com.google.android.gms]
07-21 10:54:46.005  1012  1169 I power_partial_wake_state: [REL,1,*location*:GnssLocationProvider:android]
07-21 10:54:46.009  1012  1029 I power_partial_wake_state: [REL,1,*location*:android]
07-21 10:54:46.009  1012  2288 I power_partial_wake_state: [REL,2,GCoreFlp:com.google.android.gms]
07-21 10:54:46.010  1012  1169 I power_partial_wake_state: [REL,3,*location*:GnssLocationProvider:android]
07-21 10:54:46.011  1012  2288 I power_partial_wake_state: [REL,1,*location*:android]
07-21 10:54:46.016  1012  2386 I power_partial_wake_state: [REL,1,*location*:android]
07-21 10:54:46.019  1012  2288 I power_partial_wake_state: [REL,4,CMWakeLock:com.google.android.gms]
07-21 10:54:46.019  1012  2386 I power_partial_wake_state: [REL,4,CallbackRunner:com.google.android.gms]
07-21 10:54:46.999  1012  1169 I power_partial_wake_state: [REL,1,*location*:GnssLocationProvider:android]
07-21 10:54:47.004  1012  2288 I power_partial_wake_state: [REL,2,GCoreFlp:com.google.android.gms]
07-21 10:54:47.004  1012  2386 I power_partial_wake_state: [REL,1,*location*:android]
07-21 10:54:47.005  1012  1169 I power_partial_wake_state: [REL,3,*location*:GnssLocationProvider:android]
07-21 10:54:47.006  1012  2288 I power_partial_wake_state: [REL,1,*location*:android]
07-21 10:54:47.011  1012  1029 I power_partial_wake_state: [REL,1,*location*:android]
07-21 10:54:47.012  1012  2288 I power_partial_wake_state: [REL,1,CallbackRunner:com.google.android.gms]
07-21 10:54:47.014  1012  2288 I power_partial_wake_state: [REL,3,CMWakeLock:com.google.android.gms]
07-21 10:54:47.043  1012  1034 I commit_sys_config_file: [jobs,7]
07-21 10:54:47.998  1012  1169 I power_partial_wake_state: [REL,1,*location*:GnssLocationProvider:android]
07-21 10:54:48.003  1012  2288 I power_partial_wake_state: [REL,1,GCoreFlp:com.google.android.gms]
07-21 10:54:48.003  1012  1029 I power_partial_wake_state: [REL,1,*location*:android]
07-21 10:54:48.004  1012  1169 I power_partial_wake_state: [REL,3,*location*:GnssLocationProvider:android]
07-21 10:54:48.005  1012  2288 I power_partial_wake_state: [REL,0,*location*:android]
07-21 10:54:48.010  1012  2288 I power_partial_wake_state: [REL,1,CallbackRunner:com.google.android.gms]
07-21 10:54:48.010  1012  1029 I power_partial_wake_state: [REL,2,*location*:android]
07-21 10:54:48.012  1012  1029 I power_partial_wake_state: [REL,3,CMWakeLock:com.google.android.gms]
07-21 10:54:48.048  1012  1012 I power_partial_wake_state: [REL,20,*alarm*:android]
07-21 10:54:48.063  1012  1029 I power_partial_wake_state: [REL,6,moya:XmppConnectionService:nu.bi.moya]
07-21 10:54:48.311  1012  1034 I commit_sys_config_file: [notification-policy,9449913]
07-21 10:54:49.000  1012  1169 I power_partial_wake_state: [REL,1,*location*:GnssLocationProvider:android]
07-21 10:54:49.004  1012  1029 I power_partial_wake_state: [REL,1,GCoreFlp:com.google.android.gms]
07-21 10:54:49.006  1012  1029 I power_partial_wake_state: [REL,1,*location*:android]
07-21 10:54:49.007  1012  1169 I power_partial_wake_state: [REL,4,*location*:GnssLocationProvider:android]
07-21 10:54:49.008  1012  1029 I power_partial_wake_state: [REL,1,*location*:android]
07-21 10:54:49.011  1012  2288 I power_partial_wake_state: [REL,1,*location*:android]
07-21 10:54:49.013  1012  1029 I power_partial_wake_state: [REL,0,CallbackRunner:com.google.android.gms]
07-21 10:54:49.013  1012  1029 I power_partial_wake_state: [REL,3,CMWakeLock:com.google.android.gms]
07-21 10:54:49.302  1012  1117 I intercept_power: [ACTION_DOWN,0,1]
07-21 10:54:49.310  1012  1061 I wm_sleep_token: [0,0,ScreenOff]
07-21 10:54:49.312  1012  1012 I screen_toggled: 1
07-21 10:54:49.314  1012  1012 I power_screen_broadcast_send: 1
07-21 10:54:49.315  1012  1061 I sysui_multi_action: [757,1696,758,6,759,3]
07-21 10:54:49.331  1217  1217 D DCT-C-0 : Screen INTERNAL on
07-21 10:54:49.332  1217  1217 D DCT-C-0 : stopNetStatPoll
07-21 10:54:49.332  1012  1043 I am_wtf  : [0,1012,system_server,-1,ActivityManager,Sending non-protected broadcast com.samsung.ssrm.SCREEN_ON from system 1012:system/1000 pkg android]
07-21 10:54:49.334  1217  1217 D DCT-C-0 : startNetStatPoll
07-21 10:54:49.344  1012  1012 I battery_saving_stats: [0,0,0,3814,0,0,3910831,-24755,0]
07-21 10:54:49.350  1217  1217 D DCT-C-0 : getRecoveryAction: 0
07-21 10:54:49.350  1217  1217 D DCT-C-0 : restartDataStallAlarm: stop then start.
07-21 10:54:49.350  1217  1217 D DCT-C-0 : stopDataStallAlarm: current tag=266294 mDataStallAlarmIntent=null
07-21 10:54:49.350  1217  1217 D DCT-C-0 : startDataStallAlarm: NOT started, no connection tag=266295
07-21 10:54:49.352  1217  1217 D DCT-C-1 : Screen INTERNAL on
07-21 10:54:49.352  1217  1217 D DCT-C-1 : stopNetStatPoll
07-21 10:54:49.352  1012  1042 I am_pss  : [14476,10123,com.google.android.apps.tachyon,49671168,27967488,16864256,67284992,0,19,12]
07-21 10:54:49.354  1217  1217 D DCT-C-1 : startNetStatPoll
07-21 10:54:49.362  1217  1217 D DCT-C-1 : getRecoveryAction: 0
07-21 10:54:49.362  1217  1217 D DCT-C-1 : restartDataStallAlarm: stop then start.
07-21 10:54:49.362  1217  1217 D DCT-C-1 : stopDataStallAlarm: current tag=266570 mDataStallAlarmIntent=null
07-21 10:54:49.363  1217  1217 D DCT-C-1 : startDataStallAlarm: NOT started, no connection tag=266571
07-21 10:54:49.365  1012  2288 I power_partial_wake_state: [CHG,1,*telephony-sem-radio*:com.android.phone]
07-21 10:54:49.366  1217  1217 D SEM_RILJ: [4741]> OEM_HOOK_RAW[118200090110000000] [PHONE0]
07-21 10:54:49.368  1217  1241 D SEM_RILJ: [4741]< OEM_HOOK_RAW [B@f3bb902 [PHONE0]
07-21 10:54:49.369  1012  1459 I power_partial_wake_state: [CHG,4,*telephony-sem-radio*:com.android.phone]
07-21 10:54:49.370  1012  1459 I power_partial_wake_state: [REL,1,*telephony-sem-radio*:com.android.phone]
07-21 10:54:49.374  1217  1241 D RILJ    : Unsol response received; Sending ack to ril.cpp [PHONE0]
07-21 10:54:49.375  1217  1241 D RILJ    : [UNSL]< UNSOL_RESPONSE_NETWORK_STATE_CHANGED [PHONE0]
07-21 10:54:49.375  1012  1459 I power_partial_wake_state: [CHG,1,*telephony-sem-radio*:com.android.phone]
07-21 10:54:49.375  1217  1432 D NRM-C-0 : onNetworkStateChanged
07-21 10:54:49.376  1217  1217 D SEM_RILJ: [4743]> OEM_HOOK_RAW[118200090110000000] [PHONE1]
07-21 10:54:49.377  1217  1217 D SST     : [0] pollState: modemTriggered=true, radioState=1
07-21 10:54:49.378  1012  2288 I power_partial_wake_state: [CHG,0,*telephony-radio*:com.android.phone]
07-21 10:54:49.379  1217  1217 D RILJ    : [4744]> OPERATOR [PHONE0]
07-21 10:54:49.381  1217  1217 D RILJ    : [4745]> QUERY_NETWORK_SELECTION_MODE [PHONE0]
07-21 10:54:49.382  1217  1241 D SEM_RILJ: [4743]< OEM_HOOK_RAW [B@e156e49 [PHONE1]
07-21 10:54:49.382  1012  5063 I power_partial_wake_state: [CHG,7,*telephony-sem-radio*:com.android.phone]
07-21 10:54:49.383  1012  2288 I sysui_multi_action: [757,127,758,1]
07-21 10:54:49.383  1012  1459 I power_partial_wake_state: [REL,1,*telephony-sem-radio*:com.android.phone]
07-21 10:54:49.383  1012  2288 I sysui_multi_action: [757,804,799,note_load,801,0,802,1]
07-21 10:54:49.383  1012  2288 I notification_panel_revealed: 0
07-21 10:54:49.384  1217  1241 D RILJ    : [4744]< OPERATOR  [PHONE0]
07-21 10:54:49.384  1217  1432 D RILJ    : [4746]> DATA_REGISTRATION_STATE [PHONE0]
07-21 10:54:49.384  1217  1432 D RILJ    : getDataRegistrationState: overrideHalVersion=null [PHONE0]
07-21 10:54:49.385  1217  1241 D RILJ    : [4745]< QUERY_NETWORK_SELECTION_MODE {0} [PHONE0]
07-21 10:54:49.388  1217  1241 D RILJ    : Unsol response received; Sending ack to ril.cpp [PHONE1]
07-21 10:54:49.388  1217  1241 D RILJ    : [UNSL]< UNSOL_RESPONSE_NETWORK_STATE_CHANGED [PHONE1]
07-21 10:54:49.389  1012  1459 I power_partial_wake_state: [REL,5,CallbackRunner:com.google.android.gms]
07-21 10:54:49.396  1217  1432 D RILJ    : [4747]> VOICE_REGISTRATION_STATE [PHONE0]
07-21 10:54:49.396  1217  1432 D RILJ    : getVoiceRegistrationState: overrideHalVersion=null [PHONE0]
07-21 10:54:49.396  1217  1432 D NRM-C-1 : onNetworkStateChanged
07-21 10:54:49.397  1217  1217 D SST     : [0] EVENT_POLL_STATE_NETWORK_SELECTION_MODE
07-21 10:54:49.398  1217  1217 D SST     : [1] pollState: modemTriggered=true, radioState=1
07-21 10:54:49.400  1012  1459 I power_partial_wake_state: [CHG,0,*telephony-radio*:com.android.phone]
07-21 10:54:49.402  1217  1432 D NRM-C-0 : onRequestNetworkRegistrationInfoComplete result: 0, info: NetworkRegistrationInfo{ domain=PS transportType=WWAN registrationState=HOME roamingType=NOT_ROAMING accessNetworkTechnology=LTE rejectCause=0 emergencyEnabled=false availableServices=[DATA] cellIdentity=CellIdentityLte:{ mCi=3****25 mPci=91 mTac=1***6 mEarfcn=501 mBands=[1] mBandwidth=2147483647 mMcc=655 mMnc=02 mAlphaLong=Telkom mAlphaShort=Telkom mAdditionalPlmns={} mCsgInfo=null} voiceSpecificInfo=null dataSpecificInfo=android.telephony.DataSpecificRegistrationInfo :{ maxDataCalls = 16 isDcNrRestricted = false isNrAvailable = false isEnDcAvailable = false LteVopsSupportInfo :  mVopsSupport = 2 mEmcBearerSupport = 3 } nrState=**** rRplmn=65502 isUsingCarrierAggregation=false}
07-21 10:54:49.403  1217  1241 D RILJ    : [4746]< DATA_REGISTRATION_STATE {.regState = REG_HOME, .rat = LTE, .reasonForDenial = NONE, .cellIdentity = {.lte = {.base = {.base = {.mcc = 655, .mnc = 02, .ci = <MASKED>, .pci = <MASKED>, .tac = <MASKED>, .earfcn = 501}, .operatorNames = {.alphaLong = Telkom, .alphaShort = Telkom}, .bandwidth = -1}, .additionalPlmns = [], .optionalCsgInfo = {.noinit = {}}, .bands = [1]}}, .registeredPlmn = 65502, .accessTechnologySpecificInfo = {.eutranInfo = {.lteVopsInfo = {.isVopsSupported = true, .isEmcBearerSupported = false}, .nrIndicators = {.isEndcAvailable = false, .isDcNrRestricted = false, .isNrAvailable = false}}}} [PHONE0]
07-21 10:54:49.404  1217  1241 D SEM_RILJ: [UNSL]< UNSOL_EXTENDED_REGISTRATION_STATE {.isValid = true, .snapshotStatus = 0, .unprocessedDataRegState = REG_HOME, .unprocessedDataRat = 14, .mobileOptionalRat = 0, .imsEmergencyCallBarring = 0, .unprocessedVoiceRegState = REG_HOME, .isPsOnlyReg = false} [PHONE0]
07-21 10:54:49.405  1217  1217 D RILJ    : [4749]> OPERATOR [PHONE1]
07-21 10:54:49.406  1217  1217 D RILJ    : [4750]> QUERY_NETWORK_SELECTION_MODE [PHONE1]
07-21 10:54:49.406  1217  1241 D RILJ    : [4747]< VOICE_REGISTRATION_STATE {.regState = REG_HOME, .rat = LTE, .reasonForDenial = NONE, .cellIdentity = {.lte = {.base = {.base = {.mcc = 655, .mnc = 02, .ci = <MASKED>, .pci = <MASKED>, .tac = <MASKED>, .earfcn = 501}, .operatorNames = {.alphaLong = Telkom, .alphaShort = Telkom}, .bandwidth = -1}, .additionalPlmns = [], .optionalCsgInfo = {.noinit = {}}, .bands = [1]}}, .registeredPlmn = 65502, .accessTechnologySpecificInfo = {.cdmaInfo = {.cssSupported = false, .roamingIndicator = 0, .systemIsInPrl = NOT_IN_PRL, .defaultRoamingIndicator = 0}}} [PHONE0]
07-21 10:54:49.406  1217  1217 D SST     : [0] handlePollStateResultMessage: PS cellular. NetworkRegistrationInfo{ domain=PS transportType=WWAN registrationState=HOME roamingType=NOT_ROAMING accessNetworkTechnology=LTE rejectCause=0 emergencyEnabled=false availableServices=[DATA] cellIdentity=CellIdentityLte:{ mCi=3****25 mPci=91 mTac=1***6 mEarfcn=501 mBands=[1] mBandwidth=2147483647 mMcc=655 mMnc=02 mAlphaLong=Telkom mAlphaShort=Telkom mAdditionalPlmns={} mCsgInfo=null} voiceSpecificInfo=null dataSpecificInfo=android.telephony.DataSpecificRegistrationInfo :{ maxDataCalls = 16 isDcNrRestricted = false isNrAvailable = false isEnDcAvailable = false LteVopsSupportInfo :  mVopsSupport = 2 mEmcBearerSupport = 3 } nrState=**** rRplmn=65502 isUsingCarrierAggregation=false}
07-21 10:54:49.406  1217  1432 D RILJ    : [4751]> DATA_REGISTRATION_STATE [PHONE1]
07-21 10:54:49.406  1217  1432 D RILJ    : getDataRegistrationState: overrideHalVersion=null [PHONE1]
07-21 10:54:49.407  1217  1217 D SST     : [0] EVENT_GET_EXTENDED_REGISTRATION_STATE
07-21 10:54:49.407  1012  1459 I power_partial_wake_state: [CHG,28,*telephony-radio*:com.android.phone]
07-21 10:54:49.407  1217  1432 D NRM-C-0 : onRequestNetworkRegistrationInfoComplete result: 0, info: NetworkRegistrationInfo{ domain=CS transportType=WWAN registrationState=HOME roamingType=NOT_ROAMING accessNetworkTechnology=LTE rejectCause=0 emergencyEnabled=false availableServices=[VOICE,SMS,VIDEO] cellIdentity=CellIdentityLte:{ mCi=3****25 mPci=91 mTac=1***6 mEarfcn=501 mBands=[1] mBandwidth=2147483647 mMcc=655 mMnc=02 mAlphaLong=Telkom mAlphaShort=Telkom mAdditionalPlmns={} mCsgInfo=null} voiceSpecificInfo=VoiceSpecificRegistrationInfo { mCssSupported=false mRoamingIndicator=0 mSystemIsInPrl=0 mDefaultRoamingIndicator=0} dataSpecificInfo=null nrState=**** rRplmn=65502 isUsingCarrierAggregation=false}
07-21 10:54:49.407  1012  1459 I power_partial_wake_state: [REL,0,*telephony-radio*:com.android.phone]
07-21 10:54:49.408  1217  1217 D SST     : [0] handlePollStateResultMessage: CS cellular. NetworkRegistrationInfo{ domain=CS transportType=WWAN registrationState=HOME roamingType=NOT_ROAMING accessNetworkTechnology=LTE rejectCause=0 emergencyEnabled=false availableServices=[VOICE,SMS,VIDEO] cellIdentity=CellIdentityLte:{ mCi=3****25 mPci=91 mTac=1***6 mEarfcn=501 mBands=[1] mBandwidth=2147483647 mMcc=655 mMnc=02 mAlphaLong=Telkom mAlphaShort=Telkom mAdditionalPlmns={} mCsgInfo=null} voiceSpecificInfo=VoiceSpecificRegistrationInfo { mCssSupported=false mRoamingIndicator=0 mSystemIsInPrl=0 mDefaultRoamingIndicator=0} dataSpecificInfo=null nrState=**** rRplmn=65502 isUsingCarrierAggregation=false}
