07-21 01:56:49.567   679   679 D SurfaceFlinger: 
07-21 01:56:49.735  1005  1031 I WindowManager: Reparenting to original parent: Surface(name=WindowToken{7e6eca5 type=2003 android.view.ViewRootImpl$W@f0b7a9c})/@0xbc554f7, destroy=true, surface=Surface(name=60b387a Application Error: za.co.vanelo.guardflow.mobile)/@0xecfe8f6, caller=com.android.server.wm.SurfaceAnimator.reset:446 com.android.server.wm.SurfaceAnimator.lambda$getFinishedCallback$0$com-android-server-wm-SurfaceAnimator:137 com.android.server.wm.SurfaceAnimator$$ExternalSyntheticLambda1.run:8 
07-21 01:56:49.735  1005  1031 I WindowManager: Reparenting to original parent: Surface(name=WindowedMagnification:0:31)/@0xc37e412, destroy=true, surface=Surface(name=Dim Layer for - WindowedMagnification:0:31)/@0xf3685cd, caller=com.android.server.wm.SurfaceAnimator.reset:446 com.android.server.wm.SurfaceAnimator.lambda$getFinishedCallback$0$com-android-server-wm-SurfaceAnimator:137 com.android.server.wm.SurfaceAnimator$$ExternalSyntheticLambda1.run:8 
07-21 01:56:49.754  1005  1031 I WindowManager: Destroying surface Surface(name=Application Error: za.co.vanelo.guardflow.mobile)/@0xa55dd1d called by com.android.server.wm.WindowStateAnimator.destroySurface:733 com.android.server.wm.WindowStateAnimator.destroySurfaceLocked:398 com.android.server.wm.WindowState.removeImmediately:2490 com.android.server.wm.WindowState.handleCompleteDeferredRemoval:5211 com.android.server.wm.WindowContainer.handleCompleteDeferredRemoval:1329 com.android.server.wm.WindowContainer.handleCompleteDeferredRemoval:1329 com.android.server.wm.WindowContainer.handleCompleteDeferredRemoval:1329 com.android.server.wm.WindowContainer.handleCompleteDeferredRemoval:1329 
07-21 01:56:49.756   679   679 D SurfaceFlinger: Display 0 HWC layers:
07-21 01:56:49.756   679   679 D SurfaceFlinger:      DEVICE | 0xeb4ded40 | 0100 | RGBx_8888    |    0.0    0.0  720.0 1600.0 |    0    0  720 1600 | Wallpaper BBQ wrapper#73
07-21 01:56:49.756   679   679 D SurfaceFlinger:      DEVICE | 0xeb43f080 | 0100 | RGBA_8888    |    0.0    0.0  720.0 1600.0 |    0    0  720 1600 | com.sec.android.app.launcher/com.and[...]cher3.infra.activity.Launcher#132628
07-21 01:56:49.756   679   679 D SurfaceFlinger:      DEVICE | 0xeb4df040 | 0100 | RGBA_8888    |    0.0    0.0  720.0   48.0 |    0    0  720   48 | StatusBar#68
07-21 01:56:49.756   679   679 D SurfaceFlinger:      DEVICE | 0xeb4deec0 | 0100 | RGBA_8888    |    0.0    0.0  720.0   96.0 |    0 1504  720 1600 | NavigationBar0#64
07-21 01:56:49.756   679   679 D SurfaceFlinger: 
07-21 01:56:49.767   679   679 I Layer   : id=132621 removedFromDrawingState 60b387a Application Error: za.co.vanelo.guardflow.mobile#132621 (126)
07-21 01:56:49.768   679   679 I Layer   : id=132624 removedFromDrawingState Application Error: za.co.vanelo.guardflow.mobile#132624 (126)
07-21 01:56:49.768   679   679 I Layer   : id=132631 removedFromDrawingState Surface(name=60b387a Application Error: za.co.vanelo.guardflow.mobile)/@0xecfe8f6 - animation-leash of window_animation#132631 (126)
07-21 01:56:49.768   679   679 I Layer   : Layer [Application Error: za.co.vanelo.guardflow.mobile#132624] hidden!! flag(1)
07-21 01:56:49.768   679   679 I Layer   : id=132624 removedFromDrawingState Application Error: za.co.vanelo.guardflow.mobile#132624 (126)
07-21 01:56:49.768   679   679 I Layer   : id=132626 removedFromDrawingState Dim Layer for - WindowedMagnification:0:31#132626 (126)
07-21 01:56:49.768   679   679 I Layer   : id=132634 removedFromDrawingState Surface(name=Dim Layer for - WindowedMagnification:0:31)/@0xf3685cd - animation-leash of dimmer#132634 (126)
07-21 01:56:49.768   679   679 I Layer   : id=132620 removedFromDrawingState WindowToken{7e6eca5 type=2003 android.view.ViewRootImpl$W@f0b7a9c}#132620 (126)
07-21 01:56:49.768   679   679 I SurfaceFlinger: id=132621 Removed 60b387a Application Error: za.co.vanelo.guardflow.mobile#132621 (126)
07-21 01:56:49.768   679   679 I SurfaceFlinger: id=132631 Removed Surface(name=60b387a Application Error: za.co.vanelo.guardflow.mobile)/@0xecfe8f6 - animation-leash of window_animation#132631 (126)
07-21 01:56:49.768   679   679 I SurfaceFlinger: id=132624 Removed Application Error: za.co.vanelo.guardflow.mobile#132624 (126)
07-21 01:56:49.768   679   679 I SurfaceFlinger: id=132626 Removed Dim Layer for - WindowedMagnification:0:31#132626 (126)
07-21 01:56:49.768   679   679 I SurfaceFlinger: id=132634 Removed Surface(name=Dim Layer for - WindowedMagnification:0:31)/@0xf3685cd - animation-leash of dimmer#132634 (126)
07-21 01:56:49.768   679   679 I SurfaceFlinger: id=132620 Removed WindowToken{7e6eca5 type=2003 android.view.ViewRootImpl$W@f0b7a9c}#132620 (126)
07-21 01:56:49.769   679   679 I Layer   : id=132620 Destroyed WindowToken{7e6eca5 type=2003 android.view.ViewRootImpl$W@f0b7a9c}#132620
07-21 01:56:49.769   679   679 I Layer   : id=132631 Destroyed Surface(name=60b387a Application Error: za.co.vanelo.guardflow.mobile)/@0xecfe8f6 - animation-leash of window_animation#132631
07-21 01:56:49.769   679   679 I Layer   : id=132621 Destroyed 60b387a Application Error: za.co.vanelo.guardflow.mobile#132621
07-21 01:56:49.769   679   679 I Layer   : id=132624 Destroyed Application Error: za.co.vanelo.guardflow.mobile#132624
07-21 01:56:49.769   679   679 I Layer   : id=132634 Destroyed Surface(name=Dim Layer for - WindowedMagnification:0:31)/@0xf3685cd - animation-leash of dimmer#132634
07-21 01:56:49.769   679   679 I Layer   : id=132626 Destroyed Dim Layer for - WindowedMagnification:0:31#132626
07-21 01:56:49.938   651   673 D PowerHAL: ##Timing deboost
07-21 01:56:49.938   651   673 D PowerHAL: Enter common_set_for_release_when_close: enable:0, duration: 0, /dev/cluster0_freq_max: 
07-21 01:56:49.938   651   673 D PowerHAL: ALL cluster0_freq_max requests has been handled
07-21 01:56:49.938   651   673 D PowerHAL: ##Timing deboost
07-21 01:56:49.938   651   673 D PowerHAL: Enter common_set_for_release_when_close: enable:0, duration: 0, /dev/cluster0_freq_min: 
07-21 01:56:49.938   651   673 D PowerHAL: ALL cluster0_freq_min requests has been handled
07-21 01:56:49.938   651   673 D PowerHAL: ##Timing deboost
07-21 01:56:49.938   651   673 D PowerHAL: Enter common_set_for_release_when_close: enable:0, duration: 0, /dev/cluster1_freq_max: 
07-21 01:56:49.938   651   673 D PowerHAL: ALL cluster1_freq_max requests has been handled
07-21 01:56:49.939   651   673 D PowerHAL: ##Timing deboost
07-21 01:56:49.939   651   673 D PowerHAL: Enter common_set_for_release_when_close: enable:0, duration: 0, /dev/cluster1_freq_min: 
07-21 01:56:49.939   651   673 D PowerHAL: ALL cluster1_freq_min requests has been handled
07-21 01:56:49.939   651   673 D PowerHAL: ##Timing deboost
07-21 01:56:49.939   651   673 D PowerHAL: Enter devfreq_ddr_set: enable:0, duration: 0, /sys/class/devfreq/scene-frequency/sprd-governor/scene_boost_dfs: 
07-21 01:56:50.039 23229 23229 D AndroidRuntime: >>>>>> START com.android.internal.os.RuntimeInit uid 2000 <<<<<<
07-21 01:56:50.061   422   422 I io_stats: !@ 179,0 r 275695246 1738420505 w 36757555 341656052 d 2611778 38942140 f 10531622 3783609 iot 111319244 103843536 th 102400 0 0 pt 0 inp 4 0 919291.676
07-21 01:56:50.086 23229 23229 I AndroidRuntime: Using default boot image
07-21 01:56:50.086 23229 23229 I AndroidRuntime: Leaving lock profiling enabled
07-21 01:56:50.115 23229 23229 I app_process: Using CollectorTypeCC GC.
07-21 01:56:50.452 23229 23229 D nativeloader: InitDefaultPublicLibraries for_preload=1: libandroid.so:libaaudio.so:libamidi.so:libbinder_ndk.so:libc.so:libcamera2ndk.so:libdl.so:libEGL.so:libGLESv1_CM.so:libGLESv2.so:libGLESv3.so:libicu.so:libicui18n.so:libicuuc.so:libjnigraphics.so:liblog.so:libmediandk.so:libm.so:libnativehelper.so:libnativewindow.so:libOpenMAXAL.so:libOpenSLES.so:libRS.so:libstdc++.so:libsync.so:libvulkan.so:libwebviewchromium_plat_support.so:libz.so
07-21 01:56:50.510 23229 23229 D nativeloader: Load libicu_jni.so using APEX ns com_android_art for caller /apex/com.android.art/javalib/core-oj.jar: ok
07-21 01:56:50.511 23229 23229 D app_process: Time zone APEX ICU file found: /apex/com.android.tzdata/etc/icu/icu_tzdata.dat
07-21 01:56:50.511 23229 23229 D app_process: I18n APEX ICU file found: /apex/com.android.i18n/etc/icu/icudt70l.dat
07-21 01:56:50.523 23229 23229 D nativeloader: Load libjavacore.so using APEX ns com_android_art for caller /apex/com.android.art/javalib/core-oj.jar: ok
07-21 01:56:50.533 23229 23229 D nativeloader: Load libopenjdk.so using APEX ns com_android_art for caller /apex/com.android.art/javalib/core-oj.jar: ok
07-21 01:56:50.545 23229 23229 I app_process: Priority-to-niceness mapping: 19, 16, 13, 10, 0, -2, -4, -5, -6, -8
07-21 01:56:50.729 23229 23229 D nativeloader: Load libframework-connectivity-tiramisu-jni.so using APEX ns com_android_tethering for caller /apex/com.android.tethering/javalib/framework-connectivity-t.jar: ok
07-21 01:56:50.730 23229 23229 D AndroidRuntime: Calling main entry com.android.commands.monkey.Monkey
07-21 01:56:50.733 23229 23229 W Monkey  : args: [-p, za.co.vanelo.guardflow.mobile, -c, android.intent.category.LAUNCHER, 1]
07-21 01:56:50.735 23229 23229 W Monkey  :  arg: "-p"
07-21 01:56:50.736 23229 23229 W Monkey  :  arg: "za.co.vanelo.guardflow.mobile"
07-21 01:56:50.736 23229 23229 W Monkey  :  arg: "-c"
07-21 01:56:50.736 23229 23229 W Monkey  :  arg: "android.intent.category.LAUNCHER"
07-21 01:56:50.736 23229 23229 W Monkey  :  arg: "1"
07-21 01:56:50.736 23229 23229 W Monkey  : data="za.co.vanelo.guardflow.mobile"
07-21 01:56:50.737 23229 23229 W Monkey  : data="android.intent.category.LAUNCHER"
07-21 01:56:50.828  1005  1038 W BroadcastQueue: Skipping deliver [background] BroadcastRecord{b43c960 u-1 android.net.conn.CONNECTIVITY_CHANGE} to ReceiverList{3782e19 23229 (unknown name)/2000/u-1 remote:15c2b92}: process gone or crashing
07-21 01:56:50.867  1005  2063 D ActivityTaskManager: startActivityAsUser: callingPid=23229, callingUid=2000, caller=com.android.server.wm.ActivityTaskManagerService.startActivityAsUser:1308 com.android.server.am.ActivityManagerService.startActivityAsUserWithFeature:3228 android.app.IActivityManager$Stub.onTransact:3797 com.android.server.am.ActivityManagerService.onTransact:2681 android.os.Binder.execTransactInternal:1280 android.os.Binder.execTransact:1244 <bottom of call stack> 
07-21 01:56:50.867  1005  2063 I ActivityTaskManager: START u0 {act=android.intent.action.MAIN typ=null flg=0x10200000 cmp=ComponentInfo{za.co.vanelo.guardflow.mobile/za.co.vanelo.guardflow.mobile.MainActivity}} from uid 2000
07-21 01:56:50.871   679  2117 I SurfaceFlinger: id=132636 createSurf, flag=24004, Task=1611#132636
07-21 01:56:50.873  1005  2063 D CompatibilityChangeReporter: Compat change id reported: 174042980; UID 10224; state: DISABLED
07-21 01:56:50.874   679  2117 I SurfaceFlinger: id=132637 createSurf, flag=80004, ActivityRecord{f0c1b8c u0 za.co.vanelo.guardflow.mobile/.MainActivity}#132637
07-21 01:56:50.876   651   651 D PowerHAL: ###Enter launch scene bgn###
07-21 01:56:50.876   651   651 D PowerHAL: Enter common_set_for_release_when_close: enable:1, duration: 0, /dev/cluster0_freq_max: 124F80
07-21 01:56:50.876   651   651 D PowerHAL: Set /dev/cluster0_freq_max: 124F80
07-21 01:56:50.877   651   651 D PowerHAL: Enter common_set_for_release_when_close: enable:1, duration: 0, /dev/cluster0_freq_min: 124F80
07-21 01:56:50.877   651   651 D PowerHAL: Set /dev/cluster0_freq_min: 124F80
07-21 01:56:50.877  1005  2063 W WindowManager: Prepare app transition: mNextAppTransitionRequests=[TRANSIT_OPEN], mNextAppTransitionFlags=, displayId: 0 Callers=com.android.server.wm.DisplayContent.prepareAppTransition:5312 com.android.server.wm.DisplayContent.prepareAppTransition:5303 com.android.server.wm.Task.startActivityLocked:5160 com.android.server.wm.ActivityStarter.startActivityInner:2128 com.android.server.wm.ActivityStarter.startActivityUnchecked:1881 
07-21 01:56:50.877   651   651 D PowerHAL: Enter common_set_for_release_when_close: enable:1, duration: 0, /dev/cluster1_freq_max: 186A00
07-21 01:56:50.877   651   651 D PowerHAL: Set /dev/cluster1_freq_max: 186A00
07-21 01:56:50.877   651   651 D PowerHAL: Enter common_set_for_release_when_close: enable:1, duration: 0, /dev/cluster1_freq_min: 186A00
07-21 01:56:50.877   651   651 D PowerHAL: Set /dev/cluster1_freq_min: 186A00
07-21 01:56:50.877   651   651 D PowerHAL: Enter devfreq_ddr_set: enable:1, duration: 0, /sys/class/devfreq/scene-frequency/sprd-governor/scene_boost_dfs: max
07-21 01:56:50.877  1005  2063 D ActivityTaskManager: Add starting com.android.server.wm.ActivityRecord$AddStartingWindow@2d492d5: typeParam=139
07-21 01:56:50.878  1005  2063 D WindowManager: getCustomLayoutResId: key=za.co.vanelo.guardflow.mobile/za.co.vanelo.guardflow.mobile.MainActivity, layoutResIdForMass=0, layoutResId=0
07-21 01:56:50.878   651   651 D PowerHAL: ###Enter launch scene end###
07-21 01:56:50.882  1005  2063 V ActivityManager: Changed top to null
07-21 01:56:50.884  4101  4101 V Launcher: Launcher.onPause()
07-21 01:56:50.884  4101  4101 D Launcher: Time spent in onPause: 0
07-21 01:56:50.884 23229 23229 I Monkey  : Events injected: 1
07-21 01:56:50.886  1005  1925 W WindowManager: Prepare app transition: mNextAppTransitionRequests=[TRANSIT_OPEN, TRANSIT_OPEN], mNextAppTransitionFlags=, displayId: 0 Callers=com.android.server.wm.DisplayContent.prepareAppTransition:5312 com.android.server.wm.TaskFragment.resumeTopActivity:1317 com.android.server.wm.Task.resumeTopActivityInnerLocked:5056 com.android.server.wm.Task.resumeTopActivityUncheckedLocked:4991 com.android.server.wm.RootWindowContainer.resumeFocusedTasksTopActivities:2309 
07-21 01:56:50.893   679  1209 I SurfaceFlinger: id=132638 createSurf, flag=80004, 5256478 Splash Screen za.co.vanelo.guardflow.mobile#132638
07-21 01:56:50.894  1005  2761 V WindowManager: rotationForOrientation(orient=SCREEN_ORIENTATION_PORTRAIT (1), last=ROTATION_0 (0)); user=ROTATION_0 (0) USER_ROTATION_LOCKED
07-21 01:56:50.894  1005  2761 D WindowManager: rotationForOrientation, orientationSource=ActivityRecord{f0c1b8c u0 za.co.vanelo.guardflow.mobile/.MainActivity} t1611}
07-21 01:56:50.896  1005  2761 V WindowManager: Computed rotation=ROTATION_0 (0) for display id=0 based on lastOrientation=SCREEN_ORIENTATION_PORTRAIT (1) and oldRotation=ROTATION_0 (0), caller=com.android.server.wm.DisplayRotation.updateOrientation:395 com.android.server.wm.DisplayContent.updateOrientation:1600 com.android.server.wm.DisplayContent.updateOrientation:1515 com.android.server.wm.WindowManagerService.addWindow:1888 com.android.server.wm.Session.addToDisplayAsUser:209 android.view.IWindowSession$Stub.onTransact:652 
07-21 01:56:50.898  1240  1352 D InsetsController: onStateChanged: InsetsState: {mDisplayFrame=Rect(0, 0 - 720, 1600), mDisplayCutout=DisplayCutout{insets=Rect(0, 45 - 0, 0) waterfall=Insets{left=0, top=0, right=0, bottom=0} boundingRect={Bounds=[Rect(0, 0 - 0, 0), Rect(272, 0 - 448, 45), Rect(0, 0 - 0, 0), Rect(0, 0 - 0, 0)]} cutoutPathParserInfo={CutoutPathParserInfo{displayWidth=720 displayHeight=1600 physicalDisplayWidth=720 physicalDisplayHeight=1600 density={2.0} cutoutSpec={M 0,0 H -44 V 22.5 H 44 V 0 H 0 Z @dp} rotation={0} scale={1.0} physicalPixelDisplaySizeRatio={1.0}}}}, mRoundedCorners=RoundedCorners{[RoundedCorner{position=TopLeft, radius=0, center=Point(0, 0)}, RoundedCorner{position=TopRight, radius=0, center=Point(0, 0)}, RoundedCorner{position=BottomRight, radius=0, center=Point(0, 0)}, RoundedCorner{position=BottomLeft, radius=0, center=Point(0, 0)}]}  mRoundedCornerFrame=Rect(0, 0 - 720, 1600), mPrivacyIndicatorBounds=PrivacyIndicatorBounds {static bounds=Rect(528, 0 - 692, 48) rotation=0}, mSources= { InsetsSource: {mType=ITYPE_STATUS_BAR, mFrame=[0,0][720,48], mVisible=true, mInsetsRoundedCornerFrame=false}, InsetsSource: {mType=ITYPE_NAVIGATION_BAR, mFrame=[0,1504][720,1600], mVisible=true, mInsetsRoundedCornerFrame=false}, InsetsSource: {mType=ITYPE_LEFT_GESTURES, mFrame=[0,0][0,1600], mVisible=true, mInsetsRoundedCornerFrame=false}, InsetsSource: {mType=ITYPE_RIGHT_GESTURES, mFrame=[720,0][720,1600], mVisible=true, mInsetsRoundedCornerFrame=false}, InsetsSource: {mType=ITYPE_TOP_MANDATORY_GESTURES, mFrame=[0,0][720,69], mVisible=true, mInsetsRoundedCornerFrame=false}, InsetsSource: {mType=ITYPE_BOTTOM_MANDATORY_GESTURES, mFrame=[0,1504][720,1600], mVisible=true, mInsetsRoundedCornerFrame=false}, InsetsSource: {mType=ITYPE_LEFT_DISPLAY_CUTOUT, mFrame=[0,0][-100000,1600], mVisible=true, mInsetsRoundedCornerFrame=false}, InsetsSource: {mType=ITYPE_TOP_DISPLAY_CUTOUT, mFrame=[0,0][720,45], mVisible=true, mInsetsRoundedCornerFrame=false}, InsetsSource: {mType=ITYPE_RIGHT_DISPLAY_CUTOUT, mFrame=[100000,0][720,1600], mVisible=true, mInsetsRoundedCornerFrame=false}, InsetsSource: {mType=ITYPE_BOTTOM_DISPLAY_CUTOUT, mFrame=[0,100000][720,1600], mVisible=true, mInsetsRoundedCornerFrame=false}, InsetsSource: {mType=ITYPE_TOP_TAPPABLE_ELEMENT, mFrame=[0,0][720,48], mVisible=true, mInsetsRoundedCornerFrame=false}, InsetsSource: {mType=ITYPE_BOTTOM_TAPPABLE_ELEMENT, mFrame=[0,1504][720,1600], mVisible=true, mInsetsRoundedCornerFrame=false}, InsetsSource: {mType=ITYPE_IME, mFrame=[0,0][0,0], mVisible=false, mInsetsRoundedCornerFrame=false} } host=Splash Screen za.co.vanelo.guardflow.mobile from=android.view.ViewRootImpl.setView:1250
07-21 01:56:50.904  1005  2761 D CoreBackPreview: Window{5256478 u0 Splash Screen za.co.vanelo.guardflow.mobile}: Setting back callback OnBackInvokedCallbackInfo{mCallback=android.window.IOnBackInvokedCallback$Stub$Proxy@ed450b7, mPriority=0}
07-21 01:56:50.905  1005  2718 V WindowManager: rotationForOrientation(orient=SCREEN_ORIENTATION_PORTRAIT (1), last=ROTATION_0 (0)); user=ROTATION_0 (0) USER_ROTATION_LOCKED
07-21 01:56:50.905  1005  2718 D WindowManager: rotationForOrientation, orientationSource=ActivityRecord{f0c1b8c u0 za.co.vanelo.guardflow.mobile/.MainActivity} t1611}
07-21 01:56:50.908  1005  2718 V WindowManager: Computed rotation=ROTATION_0 (0) for display id=0 based on lastOrientation=SCREEN_ORIENTATION_PORTRAIT (1) and oldRotation=ROTATION_0 (0), caller=com.android.server.wm.DisplayContent.updateRotationUnchecked:1968 com.android.server.wm.WindowManagerService.updateRotationUnchecked:4344 com.android.server.wm.WindowManagerService.freezeDisplayRotation:4244 com.android.server.wm.WindowManagerService.freezeRotation:4203 android.view.IWindowManager$Stub.onTransact:2196 com.android.server.wm.WindowManagerService.onTransact:1457 
07-21 01:56:50.910  1005  1030 D StorageManagerService: getExternalStorageMountMode: uid=10224 packageName=za.co.vanelo.guardflow.mobile
07-21 01:56:50.911  1005  2063 V WindowManager: rotationForOrientation(orient=SCREEN_ORIENTATION_PORTRAIT (1), last=ROTATION_0 (0)); user=ROTATION_0 (0) USER_ROTATION_LOCKED
07-21 01:56:50.911  1005  2063 D WindowManager: rotationForOrientation, orientationSource=ActivityRecord{f0c1b8c u0 za.co.vanelo.guardflow.mobile/.MainActivity} t1611}
07-21 01:56:50.912  1005  2063 V WindowManager: Computed rotation=ROTATION_0 (0) for display id=0 based on lastOrientation=SCREEN_ORIENTATION_PORTRAIT (1) and oldRotation=ROTATION_0 (0), caller=com.android.server.wm.DisplayContent.updateRotationUnchecked:1968 com.android.server.wm.WindowManagerService.updateRotationUnchecked:4344 com.android.server.wm.WindowManagerService.thawDisplayRotation:4285 com.android.server.wm.WindowManagerService.thawRotation:4249 android.view.IWindowManager$Stub.onTransact:2202 com.android.server.wm.WindowManagerService.onTransact:1457 
07-21 01:56:50.914  1005  1030 D CompatibilityChangeReporter: Compat change id reported: 135634846; UID 10224; state: DISABLED
07-21 01:56:50.914  1005  1028 V WindowManager: rotationForOrientation(orient=SCREEN_ORIENTATION_PORTRAIT (1), last=ROTATION_0 (0)); user=ROTATION_0 (0) 
07-21 01:56:50.914  1005  1028 D WindowManager: rotationForOrientation, orientationSource=ActivityRecord{f0c1b8c u0 za.co.vanelo.guardflow.mobile/.MainActivity} t1611}
07-21 01:56:50.915  1005  1039 D CompatibilityChangeReporter: Compat change id reported: 143937733; UID 10224; state: ENABLED
07-21 01:56:50.916  1005  1028 V WindowManager: Computed rotation=ROTATION_0 (0) for display id=0 based on lastOrientation=SCREEN_ORIENTATION_PORTRAIT (1) and oldRotation=ROTATION_0 (0), caller=com.android.server.wm.DisplayContent.updateRotationUnchecked:1968 com.android.server.wm.WindowManagerService.updateRotationUnchecked:4344 com.android.server.wm.WindowManagerService.updateRotation:4325 com.android.server.wm.DisplayRotation$SettingsObserver.onChange:1699 android.database.ContentObserver.onChange:154 android.database.ContentObserver.onChange:170 
07-21 01:56:50.920  1005  2063 V WindowManager: Relayout Window{5256478 u0 Splash Screen za.co.vanelo.guardflow.mobile}: viewVisibility=0 req=720x1600 d0
07-21 01:56:50.921   679  2117 I SurfaceFlinger: id=132639 createSurf, flag=40004, Splash Screen za.co.vanelo.guardflow.mobile#132639
07-21 01:56:50.922  1005  2063 D WindowManager: makeSurface duration=2 name=Splash Screen za.co.vanelo.guardflow.mobile
07-21 01:56:50.923 23229 23229 I Monkey  : ## Network stats: elapsed time=52ms (0ms mobile, 0ms wifi, 52ms not connected)
07-21 01:56:50.925 23229 23229 I app_process: System.exit called, status: 0
07-21 01:56:50.925   679   722 D IMGGralloc: Gralloc Free  w:728, h:419, f:0x1, usage:0x966, ui64Stamp:5491644 line = 2599
07-21 01:56:50.925 23229 23229 I AndroidRuntime: VM exiting with result code 0.
07-21 01:56:50.926  1005  2063 V WindowManager: Changing focus from Window{bf8267b u0 com.sec.android.app.launcher/com.android.launcher3.infra.activity.Launcher} to null displayId=0 Callers=com.android.server.wm.RootWindowContainer.updateFocusedWindowLocked:490 com.android.server.wm.WindowManagerService.updateFocusedWindowLocked:6127 com.android.server.wm.WindowManagerService.relayoutWindow:2496 com.android.server.wm.Session.relayout:261 
07-21 01:56:50.927  1005  2063 D StatusBarManagerService: notifyRequestedSystemKey recent=false home=false
07-21 01:56:50.927   649   962 D SensorHub: SPRD[453]batch::handle[1], flags[0], period_ns[66667000], timeout[100000000]
07-21 01:56:50.928   629   629 D Zygote  : Forked child process 23245
07-21 01:56:50.928   649   962 D SensorHub: SPRD[381]setEnable::handle[1], enabled[1]
07-21 01:56:50.928  1005  1039 I ActivityManager: Start proc 23245:za.co.vanelo.guardflow.mobile/u0a224 for next-top-activity {za.co.vanelo.guardflow.mobile/za.co.vanelo.guardflow.mobile.MainActivity}
07-21 01:56:50.932  1005  2063 V WindowManager: Relayout hash=5256478, pid=1240: mAttrs={(0,0)(fillxfill) sim={adjust=pan} ty=APPLICATION_STARTING fmt=TRANSLUCENT wanim=0x1030309
07-21 01:56:50.932  1005  2063 V WindowManager:   fl=NOT_FOCUSABLE NOT_TOUCHABLE LAYOUT_IN_SCREEN LAYOUT_INSET_DECOR ALT_FOCUSABLE_IM HARDWARE_ACCELERATED DRAWS_SYSTEM_BAR_BACKGROUNDS
07-21 01:56:50.932  1005  2063 V WindowManager:   pfl=SHOW_FOR_ALL_USERS USE_BLAST APPEARANCE_CONTROLLED FIT_INSETS_CONTROLLED
07-21 01:56:50.932  1005  2063 V WindowManager:   apr=LIGHT_STATUS_BARS LIGHT_NAVIGATION_BARS
07-21 01:56:50.932  1005  2063 V WindowManager:   bhv=DEFAULT
07-21 01:56:50.932  1005  2063 V WindowManager:   fitSides=}
07-21 01:56:50.936   643   643 D IMGGralloc: GBuffer--------------(*format)=1
07-21 01:56:50.936   643   643 D IMGGralloc: Gralloc alloc start  w:720, h:1600, f:0x1, usage:0x900, privUsage:0x0, line = 1672
07-21 01:56:50.937   643   643 D IMGGralloc: Gralloc Alloc end  w:720, h:1600, f:0x101, usage:0x900,iprivUsage:0x0,handle:0xec23e840, ui64Stamp:5491666, sSize:4608000, BufferName: VRI[mobile]#4768(BLAST Consumer)4768, line = 2131
07-21 01:56:50.938   643   643 D IMGGralloc: Gralloc Free  w:720, h:1600, f:0x101, usage:0x900, ui64Stamp:5491666 line = 2599
07-21 01:56:50.938  1240 23246 D IMGGralloc: Gralloc Register  w:720, h:1600, f:0x101, usage:0x900, ui64Stamp:5491666, sSize:4608000, line = 2444
07-21 01:56:50.939  1240 23246 D IMGGralloc: Gralloc Free  w:720, h:1600, f:0x101, usage:0x900, ui64Stamp:5491666 line = 2599
07-21 01:56:50.939   643   643 D IMGGralloc: GBuffer--------------(*format)=1
07-21 01:56:50.939   643   643 D IMGGralloc: Gralloc alloc start  w:720, h:1600, f:0x1, usage:0xb00, privUsage:0x0, line = 1672
07-21 01:56:50.941   643   643 D IMGGralloc: Gralloc Alloc end  w:720, h:1600, f:0x101, usage:0xb00,iprivUsage:0x0,handle:0xec23e840, ui64Stamp:5491670, sSize:4608000, BufferName: VRI[mobile]#4768(BLAST Consumer)4768, line = 2131
07-21 01:56:50.941   643   643 D IMGGralloc: Gralloc Free  w:720, h:1600, f:0x101, usage:0xb00, ui64Stamp:5491670 line = 2599
07-21 01:56:50.941  1240  1375 D IMGGralloc: Gralloc Register  w:720, h:1600, f:0x101, usage:0xb00, ui64Stamp:5491670, sSize:4608000, line = 2444
07-21 01:56:50.942   643   643 D IMGGralloc: GBuffer--------------(*format)=1
07-21 01:56:50.942   643   643 D IMGGralloc: Gralloc alloc start  w:720, h:1600, f:0x1, usage:0x900, privUsage:0x0, line = 1672
07-21 01:56:50.943   643   643 D IMGGralloc: Gralloc Alloc end  w:720, h:1600, f:0x101, usage:0x900,iprivUsage:0x0,handle:0xec23e840, ui64Stamp:5491676, sSize:4608000, BufferName: VRI[mobile]#4768(BLAST Consumer)4768, line = 2131
07-21 01:56:50.944   643   643 D IMGGralloc: Gralloc Free  w:720, h:1600, f:0x101, usage:0x900, ui64Stamp:5491676 line = 2599
07-21 01:56:50.944  1240 23246 D IMGGralloc: Gralloc Register  w:720, h:1600, f:0x101, usage:0x900, ui64Stamp:5491676, sSize:4608000, line = 2444
07-21 01:56:50.945   643   643 D IMGGralloc: GBuffer--------------(*format)=1
07-21 01:56:50.945   643   643 D IMGGralloc: Gralloc alloc start  w:720, h:1600, f:0x1, usage:0x900, privUsage:0x0, line = 1672
07-21 01:56:50.946  1240  1375 I BLASTBufferQueue: [VRI[mobile]#4768](f:0,a:0) onFrameAvailable the first frame is available
07-21 01:56:50.946   643   643 D IMGGralloc: Gralloc Alloc end  w:720, h:1600, f:0x101, usage:0x900,iprivUsage:0x0,handle:0xec23e840, ui64Stamp:5491680, sSize:4608000, BufferName: VRI[mobile]#4768(BLAST Consumer)4768, line = 2131
07-21 01:56:50.946   643   643 D IMGGralloc: Gralloc Free  w:720, h:1600, f:0x101, usage:0x900, ui64Stamp:5491680 line = 2599
07-21 01:56:50.947  1240 23246 D IMGGralloc: Gralloc Register  w:720, h:1600, f:0x101, usage:0x900, ui64Stamp:5491680, sSize:4608000, line = 2444
07-21 01:56:50.947   679  1209 D IMGGralloc: Gralloc Register  w:720, h:1600, f:0x101, usage:0xb00, ui64Stamp:5491670, sSize:4608000, line = 2444
07-21 01:56:50.947   679  1209 D IMGGralloc: GBuffer--------------(*format)=1
07-21 01:56:50.949 23245 23245 I uardflow.mobile: Using CollectorTypeCC GC.
07-21 01:56:50.949  1240  1375 W Parcel  : Expecting binder but got null!
07-21 01:56:50.951  1005  2063 D WindowManager: finishDrawingWindow: Window{5256478 u0 Splash Screen za.co.vanelo.guardflow.mobile} mDrawState=DRAW_PENDING
07-21 01:56:50.954  1005  1031 W WindowManager: Execute app transition: mNextAppTransitionRequests=[TRANSIT_OPEN, TRANSIT_OPEN], mNextAppTransitionFlags=, displayId: 0 Callers=com.android.server.wm.ActivityRecord.onStartingWindowDrawn:6629 com.android.server.wm.WindowState.performShowLocked:4732 com.android.server.wm.WindowStateAnimator.commitFinishDrawingLocked:275 com.android.server.wm.DisplayContent.lambda$new$8$com-android-server-wm-DisplayContent:995 com.android.server.wm.DisplayContent$$ExternalSyntheticLambda14.accept:4 
07-21 01:56:50.954  1005  1031 D WindowManager: performShow logReadyForDisplay  mToken.waitingToShow:true isTransitionSet:true
07-21 01:56:50.956  1005  1031 D WindowManager: Loading animation for app transition. transit=TRANSIT_OLD_WALLPAPER_CLOSE enter=false frame=Rect(0, 0 - 720, 1459) insets=Rect(0, 0 - 0, 0) surfaceInsets=Rect(0, 0 - 0, 0)
07-21 01:56:50.957  1005  1031 I WindowManager: Reparenting to leash, surface=Surface(name=Task=1)/@0x43b05cf, leashParent=Surface(name=DefaultTaskDisplayArea)/@0x600bb5c, caller=com.android.server.wm.SurfaceAnimator.startAnimation:206 com.android.server.wm.WindowContainer.startAnimation:2756 com.android.server.wm.WindowContainer$AnimationRunnerBuilder.lambda$build$4$com-android-server-wm-WindowContainer$AnimationRunnerBuilder:3901 
07-21 01:56:50.958   679  1209 I SurfaceFlinger: id=132640 createSurf, flag=24000, Surface(name=Task=1)/@0x43b05cf - animation-leash of app_transition#132640
07-21 01:56:50.958  1005  1031 D WindowManager: makeSurface duration=1 leash=Surface(name=Surface(name=Task=1)/@0x43b05cf - animation-leash of app_transition)/@0x853cf89
07-21 01:56:50.959  1005  1031 D WindowManager: Loading animation for app transition. transit=TRANSIT_OLD_WALLPAPER_CLOSE enter=true frame=Rect(0, 0 - 720, 1600) insets=Rect(0, 48 - 0, 96) surfaceInsets=Rect(0, 0 - 0, 0)
07-21 01:56:50.960  1005  1031 I WindowManager: Reparenting to leash, surface=Surface(name=Task=1611)/@0x320db45, leashParent=Surface(name=DefaultTaskDisplayArea)/@0x600bb5c, caller=com.android.server.wm.SurfaceAnimator.startAnimation:206 com.android.server.wm.WindowContainer.startAnimation:2756 com.android.server.wm.WindowContainer$AnimationRunnerBuilder.lambda$build$4$com-android-server-wm-WindowContainer$AnimationRunnerBuilder:3901 
07-21 01:56:50.961 23245 23245 D nativeloader: Load libframework-connectivity-tiramisu-jni.so using APEX ns com_android_tethering for caller /apex/com.android.tethering/javalib/framework-connectivity-t.jar: ok
07-21 01:56:50.961   679  1209 I SurfaceFlinger: id=132641 createSurf, flag=24004, Surface(name=Task=1611)/@0x320db45 - animation-leash of app_transition#132641
07-21 01:56:50.961  1005  1031 D WindowManager: makeSurface duration=1 leash=Surface(name=Surface(name=Task=1611)/@0x320db45 - animation-leash of app_transition)/@0x42a929a
07-21 01:56:50.964  1005  1031 I WindowManager: Cancelling animation restarting=true, leash=Surface(name=Surface(name=eacbb4a StatusBar)/@0xa5e1fc4 - animation-leash of insets_animation)/@0x6b8c8a9, caller=com.android.server.wm.SurfaceAnimator.startAnimation:193 com.android.server.wm.WindowContainer.startAnimation:2756 com.android.server.wm.WindowContainer.startAnimation:2763 
07-21 01:56:50.964  1005  1031 I WindowManager: Reparenting to original parent: Surface(name=WindowToken{b0478b5 type=2000 android.os.BinderProxy@599439f})/@0xd596ead, destroy=false, surface=Surface(name=eacbb4a StatusBar)/@0xa5e1fc4, caller=com.android.server.wm.SurfaceAnimator.reset:446 com.android.server.wm.SurfaceAnimator.cancelAnimation:397 com.android.server.wm.SurfaceAnimator.startAnimation:193 
07-21 01:56:50.964  1005  1031 I WindowManager: Reparenting to leash, surface=Surface(name=eacbb4a StatusBar)/@0xa5e1fc4, leashParent=Surface(name=WindowToken{b0478b5 type=2000 android.os.BinderProxy@599439f})/@0xd596ead, caller=com.android.server.wm.SurfaceAnimator.startAnimation:206 com.android.server.wm.WindowContainer.startAnimation:2756 com.android.server.wm.WindowContainer.startAnimation:2763 
07-21 01:56:50.965   679  1209 I SurfaceFlinger: id=132642 createSurf, flag=24000, Surface(name=eacbb4a StatusBar)/@0xa5e1fc4 - animation-leash of insets_animation#132642
07-21 01:56:50.965  1005  1031 D WindowManager: makeSurface duration=1 leash=Surface(name=Surface(name=eacbb4a StatusBar)/@0xa5e1fc4 - animation-leash of insets_animation)/@0xef6dba8
07-21 01:56:50.966  1005  1031 I WindowManager: Cancelling animation restarting=true, leash=Surface(name=Surface(name=f480b0e NavigationBar0)/@0xd988d73 - animation-leash of insets_animation)/@0xb4e0dcf, caller=com.android.server.wm.SurfaceAnimator.startAnimation:193 com.android.server.wm.WindowContainer.startAnimation:2756 com.android.server.wm.WindowContainer.startAnimation:2763 
07-21 01:56:50.966  1005  1031 I WindowManager: Reparenting to original parent: Surface(name=WindowToken{9a1e10 type=2019 android.os.BinderProxy@11464c2})/@0xeff7430, destroy=false, surface=Surface(name=f480b0e NavigationBar0)/@0xd988d73, caller=com.android.server.wm.SurfaceAnimator.reset:446 com.android.server.wm.SurfaceAnimator.cancelAnimation:397 com.android.server.wm.SurfaceAnimator.startAnimation:193 
07-21 01:56:50.966  1005  1031 I WindowManager: Reparenting to leash, surface=Surface(name=f480b0e NavigationBar0)/@0xd988d73, leashParent=Surface(name=WindowToken{9a1e10 type=2019 android.os.BinderProxy@11464c2})/@0xeff7430, caller=com.android.server.wm.SurfaceAnimator.startAnimation:206 com.android.server.wm.WindowContainer.startAnimation:2756 com.android.server.wm.WindowContainer.startAnimation:2763 
07-21 01:56:50.967   679  1209 I SurfaceFlinger: id=132643 createSurf, flag=24000, Surface(name=f480b0e NavigationBar0)/@0xd988d73 - animation-leash of insets_animation#132643
07-21 01:56:50.967  1005  1031 D WindowManager: makeSurface duration=1 leash=Surface(name=Surface(name=f480b0e NavigationBar0)/@0xd988d73 - animation-leash of insets_animation)/@0x78f3e66
07-21 01:56:50.968  1005  1031 D WindowManager: updateSystemBarAttributes: displayId=0, win=Window{5256478 u0 Splash Screen za.co.vanelo.guardflow.mobile}, navColorWin=Window{5256478 u0 Splash Screen za.co.vanelo.guardflow.mobile}, behavior=1, appearance=24, statusBarAppearanceRegions=[AppearanceRegion{LIGHT_STATUS_BARS bounds=[0,0][720,1600]}], requestedVisibilities=, from=com.android.server.wm.DisplayPolicy.finishPostLayoutPolicyLw:1801 com.android.server.wm.DisplayContent.applySurfaceChangesTransaction:4684 com.android.server.wm.RootWindowContainer.applySurfaceChangesTransaction:1053 
07-21 01:56:50.969   679  1209 I SurfaceFlinger: id=132644 createSurf, flag=80000, 88d6ede ActivityRecordInputSink za.co.vanelo.guardflow.mobile/.MainActivity#132644
07-21 01:56:50.969  1240  1240 D NotificationStatusIcon: applyNotificationIconsTint
07-21 01:56:50.971   651   651 D PowerHAL: ###Enter interaction_other scene bgn###
07-21 01:56:50.971   651   651 D PowerHAL: Enter common_set_for_release_when_close: enable:1, duration: 500, /dev/cluster0_freq_max: 124F80
07-21 01:56:50.971   651   651 D PowerHAL: Enter common_set_for_release_when_close: enable:1, duration: 500, /dev/cluster0_freq_min: F4240
07-21 01:56:50.971   651   651 D PowerHAL: Enter common_set_for_release_when_close: enable:1, duration: 500, /dev/cluster1_freq_max: 186A00
07-21 01:56:50.971   651   651 D PowerHAL: Enter common_set_for_release_when_close: enable:1, duration: 500, /dev/cluster1_freq_min: 12B128
07-21 01:56:50.971   651   651 D PowerHAL: Enter devfreq_ddr_set: enable:1, duration: 500, /sys/class/devfreq/scene-frequency/sprd-governor/scene_boost_dfs: max
07-21 01:56:50.971   651   651 D PowerHAL: ###Enter interaction_other scene end###
07-21 01:56:50.974  1005  2718 D ActivityManager: attachApplicationLocked() app=ProcessRecord{5885024 23245:za.co.vanelo.guardflow.mobile/u0a224} app.isolatedEntryPoint=null instr2=null
07-21 01:56:50.987   679   679 I Layer   : sf layer Visibility: (BufferStateLayer)layer name =Splash Screen za.co.vanelo.guardflow.mobile#132639, isVisible=0 (Hiddenflag = 1, Alpha = 1.000000, [BufferInfo.mBuffer||mSidebandStream] = 2)
07-21 01:56:50.987   679   679 I Layer   : sf layer not visible reason: parentlayer(5256478 Splash Screen za.co.vanelo.guardflow.mobile#132638) Hiddenflag = 1
07-21 01:56:50.987   679   679 I Layer   : Layer [Splash Screen za.co.vanelo.guardflow.mobile#132639] hidden!! flag(0)
07-21 01:56:50.987   679   679 I Layer   : id=132632 removedFromDrawingState Surface(name=eacbb4a StatusBar)/@0xa5e1fc4 - animation-leash of insets_animation#132632 (129)
07-21 01:56:50.987   679   679 I Layer   : id=132633 removedFromDrawingState Surface(name=f480b0e NavigationBar0)/@0xd988d73 - animation-leash of insets_animation#132633 (129)
07-21 01:56:50.988   679   679 I SurfaceFlinger: id=132632 Removed Surface(name=eacbb4a StatusBar)/@0xa5e1fc4 - animation-leash of insets_animation#132632 (129)
07-21 01:56:50.988   679   679 I SurfaceFlinger: id=132633 Removed Surface(name=f480b0e NavigationBar0)/@0xd988d73 - animation-leash of insets_animation#132633 (129)
07-21 01:56:50.988   679   679 I Layer   : id=132632 Destroyed Surface(name=eacbb4a StatusBar)/@0xa5e1fc4 - animation-leash of insets_animation#132632
07-21 01:56:50.988   679   679 I Layer   : id=132633 Destroyed Surface(name=f480b0e NavigationBar0)/@0xd988d73 - animation-leash of insets_animation#132633
07-21 01:56:50.991   644  4559 D IMGGralloc: Gralloc Register  w:720, h:1600, f:0x101, usage:0xb00, ui64Stamp:5491670, sSize:4608000, line = 2444
07-21 01:56:50.997   679   679 D SurfaceFlinger: Display 0 HWC layers:
07-21 01:56:50.997   679   679 D SurfaceFlinger:      CLIENT | 0xeb4ded40 | 0100 | RGBx_8888    |    0.0    0.0  720.0 1600.0 |    0    0  720 1600 | Wallpaper BBQ wrapper#73
07-21 01:56:50.997   679   679 D SurfaceFlinger:      CLIENT | 0xeb43f080 | 0100 | RGBA_8888    |    0.0    0.0  720.0 1600.0 |    0    0  720 1600 | com.sec.android.app.launcher/com.and[...]cher3.infra.activity.Launcher#132628
07-21 01:56:50.997   679   679 D SurfaceFlinger:      CLIENT | 0xeb4dfc40 | 0100 | RGBA_8888    |    0.0    0.0  720.0 1600.0 |   87  193  633 1407 | Splash Screen za.co.vanelo.guardflow.mobile#132639
07-21 01:56:50.997   679   679 D SurfaceFlinger:      CLIENT | 0xeb43e000 | 0100 | RGBA_8888    |    0.0    0.0  720.0   48.0 |    0    0  720   48 | StatusBar#68
07-21 01:56:50.997   679   679 D SurfaceFlinger:      CLIENT | 0xeb4df1c0 | 0100 | RGBA_8888    |    0.0    0.0  720.0   96.0 |    0 1504  720 1600 | NavigationBar0#64
07-21 01:56:50.997   679   679 D SurfaceFlinger: 
07-21 01:56:51.001  1005  2718 V WindowManager: rotationForOrientation(orient=SCREEN_ORIENTATION_PORTRAIT (1), last=ROTATION_0 (0)); user=ROTATION_0 (0) 
07-21 01:56:51.001  1005  2718 D WindowManager: rotationForOrientation, orientationSource=ActivityRecord{f0c1b8c u0 za.co.vanelo.guardflow.mobile/.MainActivity} t1611}
07-21 01:56:51.004  1005  2718 V WindowManager: Computed rotation=ROTATION_0 (0) for display id=0 based on lastOrientation=SCREEN_ORIENTATION_PORTRAIT (1) and oldRotation=ROTATION_0 (0), caller=com.android.server.wm.DisplayRotation.updateOrientation:395 com.android.server.wm.DisplayContent.updateOrientation:1600 com.android.server.wm.DisplayContent.updateOrientation:1534 com.android.server.wm.RootWindowContainer.ensureVisibilityAndConfig:1804 com.android.server.wm.ActivityTaskSupervisor.realStartActivityLocked:817 com.android.server.wm.RootWindowContainer$AttachApplicationHelper.test:3673 
07-21 01:56:51.005   644  4559 D IMGGralloc: Gralloc Register  w:720, h:1600, f:0x102, usage:0xb00, ui64Stamp:5421333, sSize addr:0xe906e1d8, line = 2450
07-21 01:56:51.005   644  4559 D IMGGralloc: Gralloc Free  w:720, h:1600, f:0x102, usage:0xb00, ui64Stamp:5421333 line = 2599
07-21 01:56:51.005   644  4559 D IMGGralloc: Gralloc Register  w:720, h:1600, f:0x101, usage:0xb00, ui64Stamp:5491657, sSize addr:0xe906fad8, line = 2450
07-21 01:56:51.005   644  4559 D IMGGralloc: Gralloc Free  w:720, h:1600, f:0x101, usage:0xb00, ui64Stamp:5491657 line = 2599
07-21 01:56:51.005   644  4559 D IMGGralloc: Gralloc Register  w:720, h:1600, f:0x101, usage:0xb00, ui64Stamp:5491670, sSize addr:0xe906e818, line = 2450
07-21 01:56:51.005   644  4559 D IMGGralloc: Gralloc Free  w:720, h:1600, f:0x101, usage:0xb00, ui64Stamp:5491670 line = 2599
07-21 01:56:51.005   644  4559 D IMGGralloc: Gralloc Register  w:720, h:48, f:0x101, usage:0xb00, ui64Stamp:5486883, sSize addr:0xe906ffd8, line = 2450
07-21 01:56:51.005   644  4559 D IMGGralloc: Gralloc Free  w:720, h:48, f:0x101, usage:0xb00, ui64Stamp:5486883 line = 2599
07-21 01:56:51.006   644  4559 D IMGGralloc: Gralloc Register  w:720, h:96, f:0x101, usage:0xb00, ui64Stamp:5486856, sSize addr:0xe906f998, line = 2450
07-21 01:56:51.006   644  4559 D IMGGralloc: Gralloc Free  w:720, h:96, f:0x101, usage:0xb00, ui64Stamp:5486856 line = 2599
07-21 01:56:51.008  1005  1030 V ActivityManager: Changed top to ProcessRecord{5885024 23245:za.co.vanelo.guardflow.mobile/u0a224}
07-21 01:56:51.008  1005  1030 I ActivityManager: Changes in 10224 19 to 2, 0 to 15 Caller=com.android.server.am.OomAdjuster.performUpdateOomAdjLSP:485 com.android.server.am.OomAdjuster.performUpdateOomAdjLSP:587 com.android.server.am.OomAdjuster.updateOomAdjLSP:556 com.android.server.am.OomAdjuster.updateOomAdjLocked:538 com.android.server.am.ActivityManagerService.updateOomAdjLocked:16044 com.android.server.am.ProcessRecord.updateProcessInfo:1405 com.android.server.am.ProcessRecord.onStartActivity:1434 
07-21 01:56:51.010 23245 23245 D ActivityThread: handleBindApplication()++ app=za.co.vanelo.guardflow.mobile
07-21 01:56:51.010 23245 23245 D CompatibilityChangeReporter: Compat change id reported: 171979766; UID 10224; state: ENABLED
07-21 01:56:51.022   644  4559 D IMGGralloc: Gralloc Register  w:720, h:1600, f:0x102, usage:0xb00, ui64Stamp:5421333, sSize addr:0xe906e1d8, line = 2450
07-21 01:56:51.022   644  4559 D IMGGralloc: Gralloc Free  w:720, h:1600, f:0x102, usage:0xb00, ui64Stamp:5421333 line = 2599
07-21 01:56:51.022   644  4559 D IMGGralloc: Gralloc Register  w:720, h:1600, f:0x101, usage:0xb00, ui64Stamp:5491657, sSize addr:0xe906fad8, line = 2450
07-21 01:56:51.022   644  4559 D IMGGralloc: Gralloc Free  w:720, h:1600, f:0x101, usage:0xb00, ui64Stamp:5491657 line = 2599
07-21 01:56:51.022   644  4559 D IMGGralloc: Gralloc Register  w:720, h:1600, f:0x101, usage:0xb00, ui64Stamp:5491670, sSize addr:0xe906e818, line = 2450
07-21 01:56:51.022   644  4559 D IMGGralloc: Gralloc Free  w:720, h:1600, f:0x101, usage:0xb00, ui64Stamp:5491670 line = 2599
07-21 01:56:51.022   644  4559 D IMGGralloc: Gralloc Register  w:720, h:48, f:0x101, usage:0xb00, ui64Stamp:5486883, sSize addr:0xe906ffd8, line = 2450
07-21 01:56:51.022   644  4559 D IMGGralloc: Gralloc Free  w:720, h:48, f:0x101, usage:0xb00, ui64Stamp:5486883 line = 2599
07-21 01:56:51.022   644  4559 D IMGGralloc: Gralloc Register  w:720, h:96, f:0x101, usage:0xb00, ui64Stamp:5486856, sSize addr:0xe906f998, line = 2450
07-21 01:56:51.022   644  4559 D IMGGralloc: Gralloc Free  w:720, h:96, f:0x101, usage:0xb00, ui64Stamp:5486856 line = 2599
07-21 01:56:51.038   644  4559 D IMGGralloc: Gralloc Register  w:720, h:1600, f:0x102, usage:0xb00, ui64Stamp:5421333, sSize addr:0xe906e1d8, line = 2450
07-21 01:56:51.039   644  4559 D IMGGralloc: Gralloc Free  w:720, h:1600, f:0x102, usage:0xb00, ui64Stamp:5421333 line = 2599
07-21 01:56:51.039   644  4559 D IMGGralloc: Gralloc Register  w:720, h:1600, f:0x101, usage:0xb00, ui64Stamp:5491657, sSize addr:0xe906fad8, line = 2450
07-21 01:56:51.039   644  4559 D IMGGralloc: Gralloc Free  w:720, h:1600, f:0x101, usage:0xb00, ui64Stamp:5491657 line = 2599
07-21 01:56:51.039   644  4559 D IMGGralloc: Gralloc Register  w:720, h:1600, f:0x101, usage:0xb00, ui64Stamp:5491670, sSize addr:0xe906e818, line = 2450
07-21 01:56:51.039   644  4559 D IMGGralloc: Gralloc Free  w:720, h:1600, f:0x101, usage:0xb00, ui64Stamp:5491670 line = 2599
07-21 01:56:51.039   644  4559 D IMGGralloc: Gralloc Register  w:720, h:48, f:0x101, usage:0xb00, ui64Stamp:5486883, sSize addr:0xe906ffd8, line = 2450
07-21 01:56:51.039   644  4559 D IMGGralloc: Gralloc Free  w:720, h:48, f:0x101, usage:0xb00, ui64Stamp:5486883 line = 2599
07-21 01:56:51.039   644  4559 D IMGGralloc: Gralloc Register  w:720, h:96, f:0x101, usage:0xb00, ui64Stamp:5486856, sSize addr:0xe906f998, line = 2450
07-21 01:56:51.039   644  4559 D IMGGralloc: Gralloc Free  w:720, h:96, f:0x101, usage:0xb00, ui64Stamp:5486856 line = 2599
07-21 01:56:51.055   644  4559 D IMGGralloc: Gralloc Register  w:720, h:1600, f:0x102, usage:0xb00, ui64Stamp:5421333, sSize addr:0xe906e1d8, line = 2450
07-21 01:56:51.055   644  4559 D IMGGralloc: Gralloc Free  w:720, h:1600, f:0x102, usage:0xb00, ui64Stamp:5421333 line = 2599
07-21 01:56:51.055   644  4559 D IMGGralloc: Gralloc Register  w:720, h:1600, f:0x101, usage:0xb00, ui64Stamp:5491657, sSize addr:0xe906fad8, line = 2450
07-21 01:56:51.055   644  4559 D IMGGralloc: Gralloc Free  w:720, h:1600, f:0x101, usage:0xb00, ui64Stamp:5491657 line = 2599
07-21 01:56:51.055   644  4559 D IMGGralloc: Gralloc Register  w:720, h:1600, f:0x101, usage:0xb00, ui64Stamp:5491670, sSize addr:0xe906e818, line = 2450
07-21 01:56:51.055   644  4559 D IMGGralloc: Gralloc Free  w:720, h:1600, f:0x101, usage:0xb00, ui64Stamp:5491670 line = 2599
07-21 01:56:51.055   644  4559 D IMGGralloc: Gralloc Register  w:720, h:48, f:0x101, usage:0xb00, ui64Stamp:5486883, sSize addr:0xe906ffd8, line = 2450
07-21 01:56:51.056   644  4559 D IMGGralloc: Gralloc Free  w:720, h:48, f:0x101, usage:0xb00, ui64Stamp:5486883 line = 2599
07-21 01:56:51.056   644  4559 D IMGGralloc: Gralloc Register  w:720, h:96, f:0x101, usage:0xb00, ui64Stamp:5486856, sSize addr:0xe906f998, line = 2450
07-21 01:56:51.056   644  4559 D IMGGralloc: Gralloc Free  w:720, h:96, f:0x101, usage:0xb00, ui64Stamp:5486856 line = 2599
07-21 01:56:51.072   644  4559 D IMGGralloc: Gralloc Register  w:720, h:1600, f:0x102, usage:0xb00, ui64Stamp:5421333, sSize addr:0xe906e1d8, line = 2450
07-21 01:56:51.072   644  4559 D IMGGralloc: Gralloc Free  w:720, h:1600, f:0x102, usage:0xb00, ui64Stamp:5421333 line = 2599
07-21 01:56:51.072   644  4559 D IMGGralloc: Gralloc Register  w:720, h:1600, f:0x101, usage:0xb00, ui64Stamp:5491657, sSize addr:0xe906fad8, line = 2450
07-21 01:56:51.072   644  4559 D IMGGralloc: Gralloc Free  w:720, h:1600, f:0x101, usage:0xb00, ui64Stamp:5491657 line = 2599
07-21 01:56:51.072   644  4559 D IMGGralloc: Gralloc Register  w:720, h:1600, f:0x101, usage:0xb00, ui64Stamp:5491670, sSize addr:0xe906e818, line = 2450
07-21 01:56:51.072   644  4559 D IMGGralloc: Gralloc Free  w:720, h:1600, f:0x101, usage:0xb00, ui64Stamp:5491670 line = 2599
07-21 01:56:51.072   644  4559 D IMGGralloc: Gralloc Register  w:720, h:48, f:0x101, usage:0xb00, ui64Stamp:5486883, sSize addr:0xe906ffd8, line = 2450
07-21 01:56:51.072   644  4559 D IMGGralloc: Gralloc Free  w:720, h:48, f:0x101, usage:0xb00, ui64Stamp:5486883 line = 2599
07-21 01:56:51.072   644  4559 D IMGGralloc: Gralloc Register  w:720, h:96, f:0x101, usage:0xb00, ui64Stamp:5486856, sSize addr:0xe906f998, line = 2450
07-21 01:56:51.072   644  4559 D IMGGralloc: Gralloc Free  w:720, h:96, f:0x101, usage:0xb00, ui64Stamp:5486856 line = 2599
07-21 01:56:51.089   644  4559 D IMGGralloc: Gralloc Register  w:720, h:1600, f:0x102, usage:0xb00, ui64Stamp:5421333, sSize addr:0xe906e1d8, line = 2450
07-21 01:56:51.089   644  4559 D IMGGralloc: Gralloc Free  w:720, h:1600, f:0x102, usage:0xb00, ui64Stamp:5421333 line = 2599
07-21 01:56:51.089   644  4559 D IMGGralloc: Gralloc Register  w:720, h:1600, f:0x101, usage:0xb00, ui64Stamp:5491657, sSize addr:0xe906fad8, line = 2450
07-21 01:56:51.089   644  4559 D IMGGralloc: Gralloc Free  w:720, h:1600, f:0x101, usage:0xb00, ui64Stamp:5491657 line = 2599
07-21 01:56:51.089   644  4559 D IMGGralloc: Gralloc Register  w:720, h:1600, f:0x101, usage:0xb00, ui64Stamp:5491670, sSize addr:0xe906e818, line = 2450
07-21 01:56:51.089   644  4559 D IMGGralloc: Gralloc Free  w:720, h:1600, f:0x101, usage:0xb00, ui64Stamp:5491670 line = 2599
07-21 01:56:51.089   644  4559 D IMGGralloc: Gralloc Register  w:720, h:48, f:0x101, usage:0xb00, ui64Stamp:5486883, sSize addr:0xe906ffd8, line = 2450
07-21 01:56:51.089   644  4559 D IMGGralloc: Gralloc Free  w:720, h:48, f:0x101, usage:0xb00, ui64Stamp:5486883 line = 2599
07-21 01:56:51.089   644  4559 D IMGGralloc: Gralloc Register  w:720, h:96, f:0x101, usage:0xb00, ui64Stamp:5486856, sSize addr:0xe906f998, line = 2450
07-21 01:56:51.089   644  4559 D IMGGralloc: Gralloc Free  w:720, h:96, f:0x101, usage:0xb00, ui64Stamp:5486856 line = 2599
07-21 01:56:51.092 23245 23245 D nativeloader: Configuring clns-4 for other apk /data/app/~~lc20RCNk68Q5U2YH3pkzuA==/za.co.vanelo.guardflow.mobile-5Ta5umXRC4V8MDp-pocacw==/base.apk. target_sdk_version=36, uses_libraries=, library_path=/data/app/~~lc20RCNk68Q5U2YH3pkzuA==/za.co.vanelo.guardflow.mobile-5Ta5umXRC4V8MDp-pocacw==/lib/arm:/data/app/~~lc20RCNk68Q5U2YH3pkzuA==/za.co.vanelo.guardflow.mobile-5Ta5umXRC4V8MDp-pocacw==/base.apk!/lib/armeabi-v7a, permitted_path=/data:/mnt/expand:/data/user/0/za.co.vanelo.guardflow.mobile
07-21 01:56:51.105   644  4559 D IMGGralloc: Gralloc Register  w:720, h:1600, f:0x102, usage:0xb00, ui64Stamp:5421333, sSize addr:0xe906e1d8, line = 2450
07-21 01:56:51.105   644  4559 D IMGGralloc: Gralloc Free  w:720, h:1600, f:0x102, usage:0xb00, ui64Stamp:5421333 line = 2599
07-21 01:56:51.105   644  4559 D IMGGralloc: Gralloc Register  w:720, h:1600, f:0x101, usage:0xb00, ui64Stamp:5491657, sSize addr:0xe906fad8, line = 2450
07-21 01:56:51.105   644  4559 D IMGGralloc: Gralloc Free  w:720, h:1600, f:0x101, usage:0xb00, ui64Stamp:5491657 line = 2599
07-21 01:56:51.105   644  4559 D IMGGralloc: Gralloc Register  w:720, h:1600, f:0x101, usage:0xb00, ui64Stamp:5491670, sSize addr:0xe906e818, line = 2450
07-21 01:56:51.106   644  4559 D IMGGralloc: Gralloc Free  w:720, h:1600, f:0x101, usage:0xb00, ui64Stamp:5491670 line = 2599
07-21 01:56:51.106   644  4559 D IMGGralloc: Gralloc Register  w:720, h:48, f:0x101, usage:0xb00, ui64Stamp:5486883, sSize addr:0xe906ffd8, line = 2450
07-21 01:56:51.106   644  4559 D IMGGralloc: Gralloc Free  w:720, h:48, f:0x101, usage:0xb00, ui64Stamp:5486883 line = 2599
07-21 01:56:51.106   644  4559 D IMGGralloc: Gralloc Register  w:720, h:96, f:0x101, usage:0xb00, ui64Stamp:5486856, sSize addr:0xe906f998, line = 2450
07-21 01:56:51.106   644  4559 D IMGGralloc: Gralloc Free  w:720, h:96, f:0x101, usage:0xb00, ui64Stamp:5486856 line = 2599
07-21 01:56:51.107 23245 23245 D nativeloader: Load libframework-connectivity-jni.so using APEX ns com_android_tethering for caller /apex/com.android.tethering/javalib/framework-connectivity.jar: ok
07-21 01:56:51.111 23245 23245 V GraphicsEnvironment: ANGLE Developer option for 'za.co.vanelo.guardflow.mobile' set to: 'default'
