07-21 01:56:51.729  1522  1667 I RegiMgr-Handler: handleMessage: EVENT_CELL_INFO_CHANGED
07-21 01:56:51.733  1522  1667 I RegiMgr<0>: updatePani RegisterTask[0][mProfile=Telkom SA Volte, mRegistrationRat=13, mPdnType=11, mState=REGISTERED, mObject=UserAgent - :
07-21 01:56:51.733  1522  1667 I RegiMgr<0>:  total records=2389
07-21 01:56:51.733  1522  1667 I RegiMgr<0>:  rec[0]: time=07-21 01:53:56.022 processed=ReadyState org=RegisteredState dest=<null> what=34(0x22)
07-21 01:56:51.733  1522  1667 I RegiMgr<0>:  rec[1]: time=07-21 01:53:56.060 processed=RegisteredState org=RegisteredState dest=<null> what=2000(0x7d0)
07-21 01:56:51.733  1522  1667 I RegiMgr<0>:  rec[2]: time=07-21 01:53:58.289 processed=ReadyState org=RegisteredState dest=<null> what=34(0x22)
07-21 01:56:51.733  1522  1667 I RegiMgr<0>:  rec[3]: time=07-21 01:53:58.290 processed=RegisteredState org=RegisteredState dest=<null> what=2000(0x7d0)
07-21 01:56:51.733  1522  1667 I RegiMgr<0>:  rec[4]: time=07-21 01:54:00.919 processed=ReadyState org=RegisteredState dest=<null> what=34(0x22)
07-21 01:56:51.733  1522  1667 I RegiMgr<0>:  rec[5]: time=07-21 01:54:00.920 processed=RegisteredState org=RegisteredState dest=<null> what=2000(0x7d0)
07-21 01:56:51.733  1522  1667 I RegiMgr<0>:  rec[6]: time=07-21 01:54:16.472 processed=ReadyState org=RegisteredState dest=<null> what=34(0x22)
07-21 01:56:51.733  1522  1667 I RegiMgr<0>:  rec[7]: time=07-21 01:54:16.473 processed=RegisteredState org=RegisteredState dest=<null> what=2000(0x7d0)
07-21 01:56:51.733  1522  1667 I RegiMgr<0>:  rec[8]: time=07-21 01:54:26.479 processed=ReadyState org=RegisteredState dest=<null> what=34(0x22)
07-21 01:56:51.733  1522  1667 I RegiMgr<0>:  rec[9]: time=07-21 01:54:26.480 processed=RegisteredState org=RegisteredState dest=<null> what=2000(0x7d0)
07-21 01:56:51.733  1522  1667 I RegiMgr<0>:  rec[10]: time=07-21 01:54:31.945 processed=ReadyState org=RegisteredState dest=<null> what=34(0x22)
07-21 01:56:51.733  1522  1667 I RegiMgr<0>:  rec[11]: time=07-21 01:54:31.946 processed=RegisteredState org=RegisteredState dest=<null> what=2000(0x7d0)
07-21 01:56:51.733  1522  1667 I RegiMgr<0>:  rec[12]: time=07-21 01:54:36.490 processed=ReadyState org=RegisteredState dest=<null> what=34(0x22)
07-21 01:56:51.733  1522  1667 I RegiMgr<0>:  rec[13]: time=07-21 01:54:36.491 processed=RegisteredState org=RegisteredState dest=<null> what=2000(0x7d0)
07-21 01:56:51.733  1522  1667 I RegiMgr<0>:  rec[14]: time=07-21 01:54:46.504 processed=ReadyState org=RegisteredState dest=<null> what=34(0x22)
07-21 01:56:51.733  1522  1667 I RegiMgr<0>:  rec[15]: time=07-21 01:54:46.505 processed=RegisteredState org=RegisteredState dest=<null> what=2000(0x7d0)
07-21 01:56:51.733  1522  1667 I RegiMgr<0>:  rec[16]: time=07-21 01:54:56.513 processed=ReadyState org=RegisteredState dest=<null> what=34(0x22)
07-21 01:56:51.733  1522  1667 I RegiMgr<0>:  rec[17]: time=07-21 01:54:56.514 processed=RegisteredState org=RegisteredState dest=<null> what=2000(0x7d0)
07-21 01:56:51.733  1522  1667 I RegiMgr<0>:  rec[18]: time=07-21 01:56:33.831 processed=ReadyState org=RegisteredState dest=<null> what=34(0x22)
07-21 01:56:51.733  1522  1667 I RegiMgr<0>:  rec[19]: time=07-21 01:56:33.833 processed=RegisteredState org=RegisteredState dest=<null> what=2000(0x7d0)
07-21 01:56:51.733  1522  1667 I RegiMgr<0>: curState=RegisteredState
07-21 01:56:51.733  1522  1667 I RegiMgr<0>: , mReason=, mPcscfHostname=null, mDeregiReason=41]
07-21 01:56:51.734  1522  1667 I PaniGenerator<0>: generate: subId=10, network=13, pdn=11
07-21 01:56:51.734  1522  1667 I PaniGenerator<0>: generate: network=13, fallbackPlmn=65502
07-21 01:56:51.734  1522  1667 I PdnController<0>: getAllCellInfo mNeedCellLocationUpdate : false
07-21 01:56:51.735  1005  2761 I ActivityManager: Changes in 10043 5 to 2, 8 to 15 Caller=com.android.server.am.OomAdjuster.updateOomAdjInnerLSP:949 com.android.server.am.OomAdjuster.performUpdateOomAdjPendingTargetsLocked:805 com.android.server.am.OomAdjuster.updateOomAdjPendingTargetsLocked:785 com.android.server.am.ActivityManagerService.updateOomAdjPendingTargetsLocked:16013 com.android.server.am.ActiveServices.bringDownServiceLocked:4815 com.android.server.am.ActiveServices.bringDownServiceIfNeededLocked:4616 com.android.server.am.ActiveServices.stopServiceTokenLocked:1456 
07-21 01:56:51.737   629   629 I Zygote  : Process 23245 exited due to signal 9 (Killed)
07-21 01:56:51.737  1005  2753 I WindowManager: WIN DEATH: Window{1587697 u0 za.co.vanelo.guardflow.mobile/za.co.vanelo.guardflow.mobile.MainActivity}
07-21 01:56:51.738  1005  2063 I ActivityManager: Process za.co.vanelo.guardflow.mobile (pid 23245) has died: prcp TOP (68,494)
07-21 01:56:51.739  1005  2753 W InputManager-JNI: Input channel object '1587697 za.co.vanelo.guardflow.mobile/za.co.vanelo.guardflow.mobile.MainActivity (client)' was disposed without first being removed with the input manager!
07-21 01:56:51.740  1005  1041 I libprocessgroup: Successfully killed process cgroup uid 10224 pid 23245 in 0ms
07-21 01:56:51.743  1522  1667 I PaniGenerator: generate: change to NW PLMN(65502)
07-21 01:56:51.743  1522  1667 I PaniGenerator: setLkcForLastPani: No Last PANI header for Telkom SA Volte
07-21 01:56:51.743  1522  1667 I UserAgent<0>: updatePani: pani=3GPP-E-UTRAN-FDD;utran-cell-id-3gpp=6550228a60310f0b, updatePani: lastPani=
07-21 01:56:51.744  1522  1667 I RegiMgr<0>: tryRegister:
07-21 01:56:51.744  1522  1667 I RegiMgr<0>: RegisterTask(s): Telkom SA Volte (REGISTERED, rat = 13, service = [smsip, mmtel]), Global GC RCS (IDLE)
07-21 01:56:51.744  1005  2063 I ActivityTaskManager: Removing activity ActivityRecord{f0c1b8c u0 za.co.vanelo.guardflow.mobile/.MainActivity} t1611 f}}(appDied)  from stack callers=com.android.server.wm.ActivityRecord.handleAppDied:4230 com.android.server.wm.WindowProcessController.handleAppDied:1266 com.android.server.wm.ActivityTaskManagerService$LocalService.handleAppDied:6135 com.android.server.am.ActivityManagerService.handleAppDiedLocked:3329 com.android.server.am.ActivityManagerService.appDiedLocked:3449 
07-21 01:56:51.744  1522  1667 I RegiMgr<1>: RegisterTask(s): MTN VoLTE/VoWiFi (REGISTERED, rat = 13, service = [smsip, mmtel]), Global GC RCS (IDLE)
07-21 01:56:51.744  1522  1667 I RcsPolicyMgr<0>: pendingRcsRegister: mActiveDataPhoneId = 0
07-21 01:56:51.744  1522  1667 I RcsPolicyMgr<0>: pendingRcsRegister: mActiveDataPhoneId = 0
07-21 01:56:51.744  1522  1667 I RegisterTask: isSuspended: mSuspended(false) mSuspendByIrat(false)
07-21 01:56:51.744  1522  1667 I RegiMgr<0>: [Global GC RCS|IDLE] checkForTryRegister id: 1046
07-21 01:56:51.745  1522  1667 I RegiMgr : isPdnConnected: false, PdnType: 0
07-21 01:56:51.745  1522  1759 D Mno     : fromName: Telkom_ZA
07-21 01:56:51.745  1522  1759 D Mno     : fromName: found mno : Telkom_ZA, ZA
07-21 01:56:51.745  1522  1759 I StackIF : updatePani: 31319 pani: [3GPP-E-UTRAN-FDD;utran-cell-id-3gpp=6550228a60310f0b]
07-21 01:56:51.746  1522  1667 D Mno     : fromName: GoogleGC_ALL
07-21 01:56:51.746  1522  1759 I SECIMSJ : [0407]> 140
07-21 01:56:51.746  1522  1667 D Mno     : fromName: found mno : GoogleGC_ALL, END
07-21 01:56:51.747  1005  2063 W WindowManager: Prepare app transition: mNextAppTransitionRequests=[TRANSIT_CLOSE, TRANSIT_CLOSE, TRANSIT_OPEN], mNextAppTransitionFlags=TRANSIT_FLAG_KEYGUARD_GOING_AWAY_TO_LAUNCHER_WITH_IN_WINDOW_ANIMATIONS | TRANSIT_FLAG_APP_CRASHED, displayId: 0 Callers=com.android.server.wm.DisplayContent.prepareAppTransition:5312 com.android.server.wm.DisplayContent.prepareAppTransition:5303 com.android.server.wm.TaskFragment.resumeTopActivity:1327 com.android.server.wm.Task.resumeTopActivityInnerLocked:5056 com.android.server.wm.Task.resumeTopActivityUncheckedLocked:4991 
07-21 01:56:51.748  1005  2063 V WindowManager: Setting visibility of Window{bf8267b u0 com.sec.android.app.launcher/com.android.launcher3.infra.activity.Launcher}: true, caller=com.android.server.wm.WindowContainer.sendAppVisibilityToClients:1204 com.android.server.wm.WindowToken.setClientVisible:399 com.android.server.wm.ActivityRecord.setClientVisible:6788 com.android.server.wm.ActivityRecord.setVisibility:5326 com.android.server.wm.ActivityRecord.setVisibility:5230 
07-21 01:56:51.748  1522  1667 I PdnController: getDefaultNetworkBearer: CELLULAR
07-21 01:56:51.749  1005  2063 V WindowManager: rotationForOrientation(orient=SCREEN_ORIENTATION_NOSENSOR (5), last=ROTATION_0 (0)); user=ROTATION_0 (0) 
07-21 01:56:51.749  1005  2063 D WindowManager: rotationForOrientation, orientationSource=ActivityRecord{f7146c2 u0 com.sec.android.app.launcher/com.android.launcher3.infra.activity.Launcher} t4}
07-21 01:56:51.749  1005  2063 V WindowManager: Computed rotation=ROTATION_0 (0) for display id=0 based on lastOrientation=SCREEN_ORIENTATION_NOSENSOR (5) and oldRotation=ROTATION_0 (0), caller=com.android.server.wm.DisplayRotation.updateOrientation:395 com.android.server.wm.DisplayContent.updateOrientation:1600 com.android.server.wm.DisplayContent.updateOrientation:1534 com.android.server.wm.RootWindowContainer.ensureVisibilityAndConfig:1804 com.android.server.wm.TaskFragment.resumeTopActivity:1390 com.android.server.wm.Task.resumeTopActivityInnerLocked:5056 
07-21 01:56:51.750  1522  1764 I [IMS6.0]: IMS_onResponse()
07-21 01:56:51.750  1363 22715 I FusedLocation: (REDACTED) stationary throttling engaged @%s
07-21 01:56:51.752  4101  4101 V Launcher: Launcher.onStart()
07-21 01:56:51.753  1005  2063 W WindowManager: Execute app transition: mNextAppTransitionRequests=[TRANSIT_CLOSE, TRANSIT_CLOSE, TRANSIT_OPEN], mNextAppTransitionFlags=TRANSIT_FLAG_KEYGUARD_GOING_AWAY_TO_LAUNCHER_WITH_IN_WINDOW_ANIMATIONS | TRANSIT_FLAG_APP_CRASHED, displayId: 0 Callers=com.android.server.wm.RootWindowContainer.executeAppTransitionForAllDisplay:2219 com.android.server.wm.ActivityTaskSupervisor.reportResumedActivityLocked:1917 com.android.server.wm.ActivityRecord.completeResumeLocked:6181 com.android.server.wm.TaskFragment.resumeTopActivity:1475 com.android.server.wm.Task.resumeTopActivityInnerLocked:5056 
07-21 01:56:51.753  1522  1667 I RegiMgr-Utils<0>: findBestNetwork: LTE
07-21 01:56:51.753  4101  4101 D Launcher: Time spent in onStart: 1
07-21 01:56:51.754  4101  4101 I Launcher: !@Boot_DEBUG: Launcher.onResume()
07-21 01:56:51.754  4101  4101 I Launcher: !@Boot_EBS_D: Launcher.onResume()
07-21 01:56:51.754  4101  4101 V Launcher: Launcher.onResume()
07-21 01:56:51.756  1005  2063 I ActivityManager: Changes in 10116 3 to 5, 15 to 8 Caller=com.android.server.am.OomAdjuster.updateOomAdjInnerLSP:949 com.android.server.am.OomAdjuster.performUpdateOomAdjLSP:524 com.android.server.am.OomAdjuster.updateOomAdjLSP:510 com.android.server.am.OomAdjuster.updateOomAdjLocked:498 com.android.server.am.ActivityManagerService.updateOomAdjLocked:16032 com.android.server.am.ActivityManagerService.appDiedLocked:3452 com.android.server.am.ActivityManagerService$AppDeathRecipient.binderDied:1514 
07-21 01:56:51.758  1005  2753 D ActivityManager: Received BROADCAST intent 0xbe50a0e Key{broadcastIntent pkg=za.co.vanelo.guardflow.mobile intent=act=expo.modules.taskManager.TaskBroadcastReceiver dat= cmp=za.co.vanelo.guardflow.mobile/expo.modules.taskManager.TaskBroadcastReceiver flags=0x2000000 u=0} requestCode=5055 sent=0 from uid 10116
07-21 01:56:51.759  1005  1038 D StorageManagerService: getExternalStorageMountMode: uid=10224 packageName=za.co.vanelo.guardflow.mobile
07-21 01:56:51.759  1005  1038 D CompatibilityChangeReporter: Compat change id reported: 135634846; UID 10224; state: DISABLED
07-21 01:56:51.760  1522  1667 I RegiGvnBase<0>: isReadyToDualRegister : true
07-21 01:56:51.760  4101  4101 D Launcher: Time spent in onResume: 6
07-21 01:56:51.762  1005  2063 V WindowManager: Relayout Window{bf8267b u0 com.sec.android.app.launcher/com.android.launcher3.infra.activity.Launcher}: viewVisibility=0 req=720x1600 d0
07-21 01:56:51.762  1005  1039 D CompatibilityChangeReporter: Compat change id reported: 143937733; UID 10224; state: ENABLED
07-21 01:56:51.763   679   718 I SurfaceFlinger: id=132652 createSurf, flag=40004, com.sec.android.app.launcher/com.android.launcher3.infra.activity.Launcher#132652
07-21 01:56:51.767  1005  2063 D WindowManager: makeSurface duration=5 name=com.sec.android.app.launcher/com.android.launcher3.infra.activity.Launcher
07-21 01:56:51.769  1005  1230 D LocationManagerService: gps provider removed registration from 10116/com.google.android.gms[fused_location_provider]/DEFB84DC
07-21 01:56:51.770  1005  1162 D GnssLocationProvider: setRequest ProviderRequest[OFF]
07-21 01:56:51.770  1005  1162 D GnssLocationProvider: mStarted =  true, isEnabled = true
07-21 01:56:51.770  1522  1667 D ImsConstants: getInt(global/airplane_mode_on) : 0, package : null
07-21 01:56:51.771  1005  1162 D GnssLocationProvider: stopNavigating, mStarted=true
07-21 01:56:51.771  1522  1667 I RegiMgr<0>: [Global GC RCS|IDLE] checkInitialRegistrationIsReady: APM ON [false], Roamimg [false]
07-21 01:56:51.771  1522  1667 I RcsPolicyMgr<0>: pendingRcsRegister: mActiveDataPhoneId = 0
07-21 01:56:51.771  1522  1667 I ImsProfile: isRttSupportByCallApp : false ttyType : 1
07-21 01:56:51.771  1522  1667 I RegiMgr-Utils<0>: getPriorityRegiedTask : isPriority  High? true
07-21 01:56:51.771   825   851 D GnssHAL_V_Gnss: gps_stop entry
07-21 01:56:51.771   825   851 D GPS_HAL : gps_stop entry
07-21 01:56:51.771   825   851 D GNSSMGT : GNSSMGT_W22.42.3_V1.7.23 Version:32bit, gcc:VAndroid (6573524 based on r383902b) Clang 11.0.2 (https://android.googlesource.com/toolchain/llvm-project b397f81060ce6d701042b782172ed13bee898b79), build time:Nov 22 2022, 10:48:56
07-21 01:56:51.771   825   851 E GNSSMGT : gps_stop: new ref after minus is 0
07-21 01:56:51.771  1005  2063 V WindowManager: Changing focus from null to Window{bf8267b u0 com.sec.android.app.launcher/com.android.launcher3.infra.activity.Launcher} displayId=0 Callers=com.android.server.wm.RootWindowContainer.updateFocusedWindowLocked:490 com.android.server.wm.WindowManagerService.updateFocusedWindowLocked:6127 com.android.server.wm.WindowManagerService.relayoutWindow:2496 com.android.server.wm.Session.relayout:261 
07-21 01:56:51.771  1522  1667 D UserConfigStorage<0>: query()
07-21 01:56:51.772  1522  1667 I RegiGvnBase: checkRegiStatus: getState()=IDLE mIsUpdateRegistering=false
07-21 01:56:51.772  1522  1667 I RegiMgr<0>: getTelephonyCallStatus:
07-21 01:56:51.772  1522  1667 D RegiMgr<0>: getTelephonyCallStatus: hasImsCall = false
07-21 01:56:51.772   825   851 D GnssHAL_V_Gnss: statusCb: GNSS Callback_2_1 Interface called
07-21 01:56:51.772   825   851 D GNSSMGT : gps_daemon_cmd_send: enter, send_cmd is 3
07-21 01:56:51.772  1005  2063 I WindowManager: Cancelling animation restarting=true, leash=Surface(name=Surface(name=eacbb4a StatusBar)/@0xa5e1fc4 - animation-leash of insets_animation)/@0x9a3e533, caller=com.android.server.wm.SurfaceAnimator.startAnimation:193 com.android.server.wm.WindowContainer.startAnimation:2756 com.android.server.wm.WindowContainer.startAnimation:2763 
07-21 01:56:51.772   825  1382 D GNSSMGT : gps_daemon_thread: cmd[3], s->started[1]
07-21 01:56:51.772   825  1382 D GNSSMGT : gps_daemon_thread: recv CMD_STOP and started[1], comm_mode[0x2]
07-21 01:56:51.772   825  1382 D GNSSMGT : gps_daemon_thread: IDLE ON Count[966]
07-21 01:56:51.772   825  1382 D GNSSMGT : gpsSaveEphRam2Flash: Begin save ephemeris data from RAM to flash 
07-21 01:56:51.772  1005  2063 I WindowManager: Reparenting to original parent: Surface(name=WindowToken{b0478b5 type=2000 android.os.BinderProxy@599439f})/@0xd596ead, destroy=false, surface=Surface(name=eacbb4a StatusBar)/@0xa5e1fc4, caller=com.android.server.wm.SurfaceAnimator.reset:446 com.android.server.wm.SurfaceAnimator.cancelAnimation:397 com.android.server.wm.SurfaceAnimator.startAnimation:193 
07-21 01:56:51.773  1005  2063 I WindowManager: Reparenting to leash, surface=Surface(name=eacbb4a StatusBar)/@0xa5e1fc4, leashParent=Surface(name=WindowToken{b0478b5 type=2000 android.os.BinderProxy@599439f})/@0xd596ead, caller=com.android.server.wm.SurfaceAnimator.startAnimation:206 com.android.server.wm.WindowContainer.startAnimation:2756 com.android.server.wm.WindowContainer.startAnimation:2763 
07-21 01:56:51.773   679   718 I SurfaceFlinger: id=132653 createSurf, flag=24000, Surface(name=eacbb4a StatusBar)/@0xa5e1fc4 - animation-leash of insets_animation#132653
07-21 01:56:51.774  1005  2063 D WindowManager: makeSurface duration=1 leash=Surface(name=Surface(name=eacbb4a StatusBar)/@0xa5e1fc4 - animation-leash of insets_animation)/@0xf36dd0a
07-21 01:56:51.774  1005  2063 I WindowManager: Cancelling animation restarting=true, leash=Surface(name=Surface(name=f480b0e NavigationBar0)/@0xd988d73 - animation-leash of insets_animation)/@0x3bc669, caller=com.android.server.wm.SurfaceAnimator.startAnimation:193 com.android.server.wm.WindowContainer.startAnimation:2756 com.android.server.wm.WindowContainer.startAnimation:2763 
07-21 01:56:51.775  1005  2063 I WindowManager: Reparenting to original parent: Surface(name=WindowToken{9a1e10 type=2019 android.os.BinderProxy@11464c2})/@0xeff7430, destroy=false, surface=Surface(name=f480b0e NavigationBar0)/@0xd988d73, caller=com.android.server.wm.SurfaceAnimator.reset:446 com.android.server.wm.SurfaceAnimator.cancelAnimation:397 com.android.server.wm.SurfaceAnimator.startAnimation:193 
07-21 01:56:51.775  1005  2063 I WindowManager: Reparenting to leash, surface=Surface(name=f480b0e NavigationBar0)/@0xd988d73, leashParent=Surface(name=WindowToken{9a1e10 type=2019 android.os.BinderProxy@11464c2})/@0xeff7430, caller=com.android.server.wm.SurfaceAnimator.startAnimation:206 com.android.server.wm.WindowContainer.startAnimation:2756 com.android.server.wm.WindowContainer.startAnimation:2763 
07-21 01:56:51.776  1522  1764 I StackIF : processMessage 2
07-21 01:56:51.776  1522  1764 I StackIF : Processing Response
07-21 01:56:51.776  1522  1764 I SECIMSJ : [0407]< 600
07-21 01:56:51.776  1522  1764 I StackIF : processResponse: reqId 600
07-21 01:56:51.776  1522  1764 I StackIF : processResponse: handle 31319 result 0 reason 0
07-21 01:56:51.776   679   718 I SurfaceFlinger: id=132654 createSurf, flag=24000, Surface(name=f480b0e NavigationBar0)/@0xd988d73 - animation-leash of insets_animation#132654
07-21 01:56:51.777  1005  1162 W AlarmManager: Unrecognized alarm listener com.android.server.location.gnss.GnssLocationProvider$$ExternalSyntheticLambda21@29ede81
07-21 01:56:51.777  1522  1667 I ConfigProvider: query uri:xxxxx
07-21 01:56:51.777  1005  1162 W AlarmManager: Unrecognized alarm listener com.android.server.location.gnss.GnssLocationProvider$$ExternalSyntheticLambda20@e363b26
07-21 01:56:51.777  1005  1162 D GnssLocationProvider: stopBatching
07-21 01:56:51.777  1005  2063 D WindowManager: makeSurface duration=1 leash=Surface(name=Surface(name=f480b0e NavigationBar0)/@0xd988d73 - animation-leash of insets_animation)/@0x6a8c398
07-21 01:56:51.778  1005  2063 D WindowManager: updateSystemBarAttributes: displayId=0, win=Window{bf8267b u0 com.sec.android.app.launcher/com.android.launcher3.infra.activity.Launcher}, navColorWin=null, behavior=1, appearance=0, statusBarAppearanceRegions=[AppearanceRegion{ bounds=[0,0][720,1600]}], requestedVisibilities=ITYPE_STATUS_BAR: visible, ITYPE_IME: invisible, ITYPE_CLIMATE_BAR: visible, from=com.android.server.wm.DisplayPolicy.focusChangedLw:2266 com.android.server.wm.DisplayContent.updateFocusedWindowLocked:3668 com.android.server.wm.RootWindowContainer.updateFocusedWindowLocked:490 
07-21 01:56:51.779  1005  2063 D StatusBarManagerService: notifyRequestedSystemKey recent=false home=false
07-21 01:56:51.780  1522  1759 D Mno     : fromName: Telkom_ZA
07-21 01:56:51.780   825  1382 D GNSSMGT : gpsSaveEphRam2Flash: Save ephemeris data  to flash success 
07-21 01:56:51.780   825  1382 E GNSSMGT : gps_setPowerState: enter, current state CP WORKED, set to new state: 7, new state name is CP IDLING
07-21 01:56:51.780   825  1382 D GNSSMGT : gps_setPowerState: power state changed to CP IDLING
07-21 01:56:51.780   825  1382 D GNSSMGT : send_idle_on: enter
07-21 01:56:51.780   825  1382 D GNSSMGT : gps_sendData: enter, flag[0x2], comm_mode[2], sensorhub[0]
07-21 01:56:51.780  1522  1759 D Mno     : fromName: found mno : Telkom_ZA, ZA
07-21 01:56:51.780   825  1382 D GNSSMGT : gps_sendData: gnss_config_data success, flag[2]
07-21 01:56:51.780   825  1382 E GNSSMGT : gps_sendData: type:0x7 subtype:0x3, len=0
07-21 01:56:51.780   825  1382 D GNSSMGT : compute_abs_timeout: enter, ms[2000]
07-21 01:56:51.781   825  1381 D GNSSMGT : cutString: enter, pline[0xda47f6b8]
07-21 01:56:51.781   825  1381 D GNSSMGT : cutString: enter, pline[0xda47f6b8]
07-21 01:56:51.784  1005  2063 V WindowManager: Relayout hash=bf8267b, pid=4101: mAttrs={(0,0)(fillxfill) sim={adjust=nothing forwardNavigation} layoutInDisplayCutoutMode=shortEdges ty=BASE_APPLICATION fmt=TRANSPARENT wanim=0x10302f4
07-21 01:56:51.784  1005  2063 V WindowManager:   fl=LAYOUT_IN_SCREEN LAYOUT_INSET_DECOR SHOW_WALLPAPER SPLIT_TOUCH HARDWARE_ACCELERATED DRAWS_SYSTEM_BAR_BACKGROUNDS
07-21 01:56:51.784  1005  2063 V WindowManager:   pfl=NO_MOVE_ANIMATION FORCE_DRAW_STATUS_BAR_BACKGROUND USE_BLAST FIT_INSETS_CONTROLLED
07-21 01:56:51.784  1005  2063 V WindowManager:   vsysui=LAYOUT_STABLE LAYOUT_HIDE_NAVIGATION LAYOUT_FULLSCREEN
07-21 01:56:51.784  1005  2063 V WindowManager:   bhv=DEFAULT
07-21 01:56:51.784  1005  2063 V WindowManager:   fitSides=}
07-21 01:56:51.785  1005  1031 W WindowManager: Failed to deliver inset state change to w=Window{1587697 u0 za.co.vanelo.guardflow.mobile/za.co.vanelo.guardflow.mobile.MainActivity EXITING}
07-21 01:56:51.785  1005  1031 W WindowManager: android.os.DeadObjectException
07-21 01:56:51.785  1005  1031 W WindowManager: 	at android.os.BinderProxy.transactNative(Native Method)
07-21 01:56:51.785  1005  1031 W WindowManager: 	at android.os.BinderProxy.transact(BinderProxy.java:584)
07-21 01:56:51.785  1005  1031 W WindowManager: 	at android.view.IWindow$Stub$Proxy.insetsControlChanged(IWindow.java:473)
07-21 01:56:51.785  1005  1031 W WindowManager: 	at com.android.server.wm.WindowState.notifyInsetsControlChanged(WindowState.java:4089)
07-21 01:56:51.785  1005  1031 W WindowManager: 	at com.android.server.wm.InsetsStateController.lambda$notifyPendingInsetsControlChanged$5$com-android-server-wm-InsetsStateController(InsetsStateController.java:387)
07-21 01:56:51.785  1005  1031 W WindowManager: 	at com.android.server.wm.InsetsStateController$$ExternalSyntheticLambda4.run(Unknown Source:2)
07-21 01:56:51.785  1005  1031 W WindowManager: 	at com.android.server.wm.WindowAnimator.executeAfterPrepareSurfacesRunnables(WindowAnimator.java:345)
07-21 01:56:51.785  1005  1031 W WindowManager: 	at com.android.server.wm.WindowAnimator.animate(WindowAnimator.java:226)
07-21 01:56:51.785  1005  1031 W WindowManager: 	at com.android.server.wm.WindowAnimator.lambda$new$1$com-android-server-wm-WindowAnimator(WindowAnimator.java:106)
07-21 01:56:51.785  1005  1031 W WindowManager: 	at com.android.server.wm.WindowAnimator$$ExternalSyntheticLambda1.doFrame(Unknown Source:2)
07-21 01:56:51.785  1005  1031 W WindowManager: 	at android.view.Choreographer$CallbackRecord.run(Choreographer.java:1229)
07-21 01:56:51.785  1005  1031 W WindowManager: 	at android.view.Choreographer$CallbackRecord.run(Choreographer.java:1239)
07-21 01:56:51.785  1005  1031 W WindowManager: 	at android.view.Choreographer.doCallbacks(Choreographer.java:899)
07-21 01:56:51.785  1005  1031 W WindowManager: 	at android.view.Choreographer.doFrame(Choreographer.java:827)
07-21 01:56:51.785  1005  1031 W WindowManager: 	at android.view.Choreographer$FrameDisplayEventReceiver.run(Choreographer.java:1214)
07-21 01:56:51.785  1005  1031 W WindowManager: 	at android.os.Handler.handleCallback(Handler.java:942)
07-21 01:56:51.785  1005  1031 W WindowManager: 	at android.os.Handler.dispatchMessage(Handler.java:99)
07-21 01:56:51.785  1005  1031 W WindowManager: 	at android.os.Looper.loopOnce(Looper.java:201)
07-21 01:56:51.785  1005  1031 W WindowManager: 	at android.os.Looper.loop(Looper.java:288)
07-21 01:56:51.785  1005  1031 W WindowManager: 	at android.os.HandlerThread.run(HandlerThread.java:67)
07-21 01:56:51.785  1005  1031 W WindowManager: 	at com.android.server.ServiceThread.run(ServiceThread.java:44)
07-21 01:56:51.788   679   679 I Layer   : id=132647 removedFromDrawingState Surface(name=eacbb4a StatusBar)/@0xa5e1fc4 - animation-leash of insets_animation#132647 (128)
07-21 01:56:51.788   629   629 D Zygote  : Forked child process 23291
07-21 01:56:51.789   679   679 I Layer   : id=132648 removedFromDrawingState Surface(name=f480b0e NavigationBar0)/@0xd988d73 - animation-leash of insets_animation#132648 (128)
07-21 01:56:51.789   679   679 D SurfaceFlinger: [input] inputWindowCommands.focusRequests size is 1
07-21 01:56:51.789   679   679 I SurfaceFlinger: id=132647 Removed Surface(name=eacbb4a StatusBar)/@0xa5e1fc4 - animation-leash of insets_animation#132647 (128)
07-21 01:56:51.789   679   679 I SurfaceFlinger: id=132648 Removed Surface(name=f480b0e NavigationBar0)/@0xd988d73 - animation-leash of insets_animation#132648 (128)
07-21 01:56:51.789   679   679 I Layer   : id=132647 Destroyed Surface(name=eacbb4a StatusBar)/@0xa5e1fc4 - animation-leash of insets_animation#132647
07-21 01:56:51.790   679   679 I Layer   : id=132648 Destroyed Surface(name=f480b0e NavigationBar0)/@0xd988d73 - animation-leash of insets_animation#132648
07-21 01:56:51.790  1005  1039 I ActivityManager: Start proc 23291:za.co.vanelo.guardflow.mobile/u0a224 for broadcast {za.co.vanelo.guardflow.mobile/expo.modules.taskManager.TaskBroadcastReceiver}
07-21 01:56:51.791   679   764 D SurfaceFlinger: [input] setFocusedWindow: bf8267b com.sec.android.app.launcher/com.android.launcher3.infra.activity.Launcher
07-21 01:56:51.791   643   643 D IMGGralloc: GBuffer--------------(*format)=1
07-21 01:56:51.791   643   643 D IMGGralloc: Gralloc alloc start  w:720, h:1600, f:0x1, usage:0x900, privUsage:0x0, line = 1672
07-21 01:56:51.793   643   643 D IMGGralloc: Gralloc Alloc end  w:720, h:1600, f:0x101, usage:0x900,iprivUsage:0x0,handle:0xec23e840, ui64Stamp:5491755, sSize:4608000, BufferName: VRI[Launcher]#1858(BLAST Consumer)1858, line = 2131
07-21 01:56:51.793   643   643 D IMGGralloc: Gralloc Free  w:720, h:1600, f:0x101, usage:0x900, ui64Stamp:5491755 line = 2599
07-21 01:56:51.794  4101 23290 D IMGGralloc: Gralloc Register  w:720, h:1600, f:0x101, usage:0x900, ui64Stamp:5491755, sSize:4608000, line = 2444
07-21 01:56:51.794   643   643 D IMGGralloc: GBuffer--------------(*format)=1
07-21 01:56:51.794   643   643 D IMGGralloc: Gralloc alloc start  w:720, h:1600, f:0x1, usage:0x900, privUsage:0x0, line = 1672
07-21 01:56:51.795   643   643 D IMGGralloc: Gralloc Alloc end  w:720, h:1600, f:0x101, usage:0x900,iprivUsage:0x0,handle:0xec23e840, ui64Stamp:5491759, sSize:4608000, BufferName: VRI[Launcher]#1858(BLAST Consumer)1858, line = 2131
07-21 01:56:51.795   643   643 D IMGGralloc: Gralloc Free  w:720, h:1600, f:0x101, usage:0x900, ui64Stamp:5491759 line = 2599
07-21 01:56:51.796  4101 23290 D IMGGralloc: Gralloc Register  w:720, h:1600, f:0x101, usage:0x900, ui64Stamp:5491759, sSize:4608000, line = 2444
07-21 01:56:51.796   643   643 D IMGGralloc: GBuffer--------------(*format)=1
07-21 01:56:51.796   643   643 D IMGGralloc: Gralloc alloc start  w:720, h:1600, f:0x1, usage:0x900, privUsage:0x0, line = 1672
07-21 01:56:51.797   643   643 D IMGGralloc: Gralloc Alloc end  w:720, h:1600, f:0x101, usage:0x900,iprivUsage:0x0,handle:0xec23e840, ui64Stamp:5491761, sSize:4608000, BufferName: VRI[Launcher]#1858(BLAST Consumer)1858, line = 2131
07-21 01:56:51.798   643   643 D IMGGralloc: Gralloc Free  w:720, h:1600, f:0x101, usage:0x900, ui64Stamp:5491761 line = 2599
07-21 01:56:51.798  4101 16322 D IMGGralloc: Gralloc Free  w:720, h:1600, f:0x101, usage:0x900, ui64Stamp:5491759 line = 2599
07-21 01:56:51.798  4101 23290 D IMGGralloc: Gralloc Register  w:720, h:1600, f:0x101, usage:0x900, ui64Stamp:5491761, sSize:4608000, line = 2444
07-21 01:56:51.798  1522  1667 D ConfigUtil<0>: buildIdentity: 10, + identity : xxxxx
07-21 01:56:51.798   643   643 D IMGGralloc: GBuffer--------------(*format)=1
07-21 01:56:51.798   643   643 D IMGGralloc: Gralloc alloc start  w:720, h:1600, f:0x1, usage:0xb00, privUsage:0x0, line = 1672
07-21 01:56:51.801   643   643 D IMGGralloc: Gralloc Alloc end  w:720, h:1600, f:0x101, usage:0xb00,iprivUsage:0x0,handle:0xec23e840, ui64Stamp:5491763, sSize:4608000, BufferName: VRI[Launcher]#1858(BLAST Consumer)1858, line = 2131
07-21 01:56:51.801   643   643 D IMGGralloc: Gralloc Free  w:720, h:1600, f:0x101, usage:0xb00, ui64Stamp:5491763 line = 2599
07-21 01:56:51.802  4101 16322 D IMGGralloc: Gralloc Register  w:720, h:1600, f:0x101, usage:0xb00, ui64Stamp:5491763, sSize:4608000, line = 2444
07-21 01:56:51.803  1522  1667 I ConfigProvider: queryStorage path content://com.samsung.rcs.autoconfigurationprovider/parameter/version#simslot0
07-21 01:56:51.806  4101 16322 I BLASTBufferQueue: [VRI[Launcher]#1858](f:0,a:0) onFrameAvailable the first frame is available
07-21 01:56:51.807   679   718 D IMGGralloc: Gralloc Register  w:720, h:1600, f:0x101, usage:0xb00, ui64Stamp:5491763, sSize:4608000, line = 2444
07-21 01:56:51.808   679   718 D IMGGralloc: GBuffer--------------(*format)=1
07-21 01:56:51.810  1522  1667 D ImsConstants: getInt(system/rcs_user_setting) : -1, package : null
07-21 01:56:51.810  1522  1667 I RegiGvnRcs: isReadyToRegister: User don't try RCS service yet
07-21 01:56:51.810  1005  2717 D WindowManager: finishDrawingWindow: Window{bf8267b u0 com.sec.android.app.launcher/com.android.launcher3.infra.activity.Launcher} mDrawState=DRAW_PENDING
07-21 01:56:51.810  1522  1667 I RegiMgr<0>: [Global GC RCS|IDLE] checkForTryRegister: isReadyToRegister = false
07-21 01:56:51.810  4101 16322 D IMGGralloc: Gralloc Free  w:720, h:1600, f:0x101, usage:0x900, ui64Stamp:5491761 line = 2599
07-21 01:56:51.811  1005  1031 V WindowManager: Setting visibility of Window{ecbf47 u0 com.android.systemui.ImageWallpaper}: true, caller=com.android.server.wm.WindowContainer.sendAppVisibilityToClients:1204 com.android.server.wm.WindowToken.setClientVisible:399 com.android.server.wm.WallpaperWindowToken.setVisible:153 com.android.server.wm.WallpaperWindowToken.commitVisibility:195 com.android.server.wm.WallpaperWindowToken.setVisibility:180 
07-21 01:56:51.811   643   643 D IMGGralloc: GBuffer--------------(*format)=1
07-21 01:56:51.811   643   643 D IMGGralloc: Gralloc alloc start  w:720, h:1600, f:0x1, usage:0xb00, privUsage:0x0, line = 1672
07-21 01:56:51.812 23291 23291 I uardflow.mobile: Using CollectorTypeCC GC.
07-21 01:56:51.813   643   643 D IMGGralloc: Gralloc Alloc end  w:720, h:1600, f:0x101, usage:0xb00,iprivUsage:0x0,handle:0xec23e840, ui64Stamp:5491766, sSize:4608000, BufferName: VRI[Launcher]#1858(BLAST Consumer)1858, line = 2131
07-21 01:56:51.814  4101 16322 D IMGGralloc: Gralloc Register  w:720, h:1600, f:0x101, usage:0xb00, ui64Stamp:5491766, sSize:4608000, line = 2444
07-21 01:56:51.814   643   643 D IMGGralloc: Gralloc Free  w:720, h:1600, f:0x101, usage:0xb00, ui64Stamp:5491766 line = 2599
07-21 01:56:51.815  1005  1031 D WindowManager: Loading animation for app transition. transit=TRANSIT_OLD_CRASHING_ACTIVITY_CLOSE enter=false frame=Rect(0, 0 - 720, 1459) insets=Rect(0, 0 - 0, 0) surfaceInsets=Rect(0, 0 - 0, 0)
07-21 01:56:51.815  1005  1031 D WindowManager: Loading animation for app transition. transit=TRANSIT_OLD_CRASHING_ACTIVITY_CLOSE enter=true frame=Rect(0, 0 - 720, 1600) insets=Rect(0, 48 - 0, 96) surfaceInsets=Rect(0, 0 - 0, 0)
07-21 01:56:51.816  1005  1031 V WindowManager: Setting visibility of Window{1587697 u0 za.co.vanelo.guardflow.mobile/za.co.vanelo.guardflow.mobile.MainActivity EXITING}: false, caller=com.android.server.wm.WindowContainer.sendAppVisibilityToClients:1204 com.android.server.wm.WindowToken.setClientVisible:399 com.android.server.wm.ActivityRecord.setClientVisible:6788 com.android.server.wm.ActivityRecord.onAnimationFinished:7589 com.android.server.wm.ActivityRecord.postApplyAnimation:5487 
07-21 01:56:51.817  1005  1031 W WindowManager: Exception thrown during dispatchAppVisibility Window{1587697 u0 za.co.vanelo.guardflow.mobile/za.co.vanelo.guardflow.mobile.MainActivity EXITING}
07-21 01:56:51.817  1005  1031 W WindowManager: android.os.DeadObjectException
07-21 01:56:51.817  1005  1031 W WindowManager: 	at android.os.BinderProxy.transactNative(Native Method)
07-21 01:56:51.817  1005  1031 W WindowManager: 	at android.os.BinderProxy.transact(BinderProxy.java:584)
07-21 01:56:51.817  1005  1031 W WindowManager: 	at android.view.IWindow$Stub$Proxy.dispatchAppVisibility(IWindow.java:536)
07-21 01:56:51.817  1005  1031 W WindowManager: 	at com.android.server.wm.WindowState.sendAppVisibilityToClients(WindowState.java:3563)
07-21 01:56:51.817  1005  1031 W WindowManager: 	at com.android.server.wm.WindowContainer.sendAppVisibilityToClients(WindowContainer.java:1204)
07-21 01:56:51.817  1005  1031 W WindowManager: 	at com.android.server.wm.WindowToken.setClientVisible(WindowToken.java:399)
07-21 01:56:51.817  1005  1031 W WindowManager: 	at com.android.server.wm.ActivityRecord.setClientVisible(ActivityRecord.java:6788)
07-21 01:56:51.817  1005  1031 W WindowManager: 	at com.android.server.wm.ActivityRecord.onAnimationFinished(ActivityRecord.java:7589)
07-21 01:56:51.817  1005  1031 W WindowManager: 	at com.android.server.wm.ActivityRecord.postApplyAnimation(ActivityRecord.java:5487)
07-21 01:56:51.817  1005  1031 W WindowManager: 	at com.android.server.wm.ActivityRecord.commitVisibility(ActivityRecord.java:5459)
07-21 01:56:51.817  1005  1031 W WindowManager: 	at com.android.server.wm.ActivityRecord.commitVisibility(ActivityRecord.java:5463)
07-21 01:56:51.817  1005  1031 W WindowManager: 	at com.android.server.wm.AppTransitionController.handleClosingApps(AppTransitionController.java:1109)
07-21 01:56:51.817  1005  1031 W WindowManager: 	at com.android.server.wm.AppTransitionController.handleAppTransitionReady(AppTransitionController.java:287)
07-21 01:56:51.817  1005  1031 W WindowManager: 	at com.android.server.wm.RootWindowContainer.checkAppTransitionReady(RootWindowContainer.java:1007)
07-21 01:56:51.817  1005  1031 W WindowManager: 	at com.android.server.wm.RootWindowContainer.performSurfacePlacementNoTrace(RootWindowContainer.java:869)
07-21 01:56:51.817  1005  1031 W WindowManager: 	at com.android.server.wm.RootWindowContainer.performSurfacePlacement(RootWindowContainer.java:806)
07-21 01:56:51.817  1005  1031 W WindowManager: 	at com.android.server.wm.WindowSurfacePlacer.performSurfacePlacementLoop(WindowSurfacePlacer.java:177)
07-21 01:56:51.817  1005  1031 W WindowManager: 	at com.android.server.wm.WindowSurfacePlacer.performSurfacePlacement(WindowSurfacePlacer.java:126)
07-21 01:56:51.817  1005  1031 W WindowManager: 	at com.android.server.wm.WindowSurfacePlacer.performSurfacePlacement(WindowSurfacePlacer.java:115)
07-21 01:56:51.817  1005  1031 W WindowManager: 	at com.android.server.wm.WindowSurfacePlacer$Traverser.run(WindowSurfacePlacer.java:57)
07-21 01:56:51.817  1005  1031 W WindowManager: 	at android.os.Handler.handleCallback(Handler.java:942)
07-21 01:56:51.817  1005  1031 W WindowManager: 	at android.os.Handler.dispatchMessage(Handler.java:99)
07-21 01:56:51.817  1005  1031 W WindowManager: 	at android.os.Looper.loopOnce(Looper.java:201)
07-21 01:56:51.817  1005  1031 W WindowManager: 	at android.os.Looper.loop(Looper.java:288)
07-21 01:56:51.817  1005  1031 W WindowManager: 	at android.os.HandlerThread.run(HandlerThread.java:67)
07-21 01:56:51.817  1005  1031 W WindowManager: 	at com.android.server.ServiceThread.run(ServiceThread.java:44)
07-21 01:56:51.817  1005  2717 D ActivityManager: Received SERVICE intent 0xe0b8ad0 Key{startService pkg=com.google.android.gms/fused_location_provider intent=act=com.google.android.location.internal.action.FLP_FULL_POWER_LOCATION_RESULT pkg=com.google.android.gms cmp=com.google.android.gms/com.google.android.location.internal.PendingIntentCallbackService flags=0x2000000 u=0} requestCode=0 from uid 10116
07-21 01:56:51.819  1005  1031 E WindowManager: win=Window{1587697 u0 za.co.vanelo.guardflow.mobile/za.co.vanelo.guardflow.mobile.MainActivity EXITING} destroySurfaces: appStopped=false win.mWindowRemovalAllowed=true win.mRemoveOnExit=true win.mViewVisibility=0 caller=com.android.server.wm.ActivityRecord.destroySurfaces:5759 com.android.server.wm.ActivityRecord.destroySurfaces:5740 com.android.server.wm.WindowState.onExitAnimationDone:5193 com.android.server.wm.ActivityRecord$$ExternalSyntheticLambda9.accept:2 java.util.ArrayList.forEach:1613 com.android.server.wm.ActivityRecord.onAnimationFinished:7610 com.android.server.wm.ActivityRecord.postApplyAnimation:5487 
07-21 01:56:51.819   679   718 D IMGGralloc: Gralloc Register  w:720, h:1600, f:0x101, usage:0xb00, ui64Stamp:5491766, sSize:4608000, line = 2444
07-21 01:56:51.820   679   718 D IMGGralloc: GBuffer--------------(*format)=1
07-21 01:56:51.820  1005  1031 I WindowManager: Destroying surface Surface(name=za.co.vanelo.guardflow.mobile/za.co.vanelo.guardflow.mobile.MainActivity)/@0x6328144 called by com.android.server.wm.WindowStateAnimator.destroySurface:733 com.android.server.wm.WindowStateAnimator.destroySurfaceLocked:398 com.android.server.wm.WindowState.destroySurfaceUnchecked:3661 com.android.server.wm.WindowState.destroySurface:3635 com.android.server.wm.ActivityRecord.destroySurfaces:5759 com.android.server.wm.ActivityRecord.destroySurfaces:5740 com.android.server.wm.WindowState.onExitAnimationDone:5193 com.android.server.wm.ActivityRecord$$ExternalSyntheticLambda9.accept:2 
07-21 01:56:51.822  1005  1031 I WindowManager: Cancelling animation restarting=true, leash=Surface(name=Surface(name=a34637a InputMethod)/@0x9ae1521 - animation-leash of insets_animation)/@0x78e344c, caller=com.android.server.wm.SurfaceAnimator.startAnimation:193 com.android.server.wm.WindowContainer.startAnimation:2756 com.android.server.wm.WindowContainer.startAnimation:2763 
07-21 01:56:51.822   679   722 D IMGGralloc: Gralloc Free  w:720, h:1600, f:0x1, usage:0xb66, ui64Stamp:5491749 line = 2599
07-21 01:56:51.822  1005  1031 I WindowManager: Reparenting to original parent: Surface(name=WindowToken{94d0595 type=2011 android.os.Binder@aa7a14c})/@0x2153d46, destroy=false, surface=Surface(name=a34637a InputMethod)/@0x9ae1521, caller=com.android.server.wm.SurfaceAnimator.reset:446 com.android.server.wm.SurfaceAnimator.cancelAnimation:397 com.android.server.wm.SurfaceAnimator.startAnimation:193 
07-21 01:56:51.822   679   679 I Layer   : sf layer Visibility: (BufferStateLayer)layer name =com.android.systemui.ImageWallpaper#72, isVisible=0 (Hiddenflag = 0, Alpha = 1.000000, [BufferInfo.mBuffer||mSidebandStream] = 0)
07-21 01:56:51.823   679   679 I Layer   : id=132646 removedFromDrawingState za.co.vanelo.guardflow.mobile/za.co.vanelo.guardflow.mobile.MainActivity#132646 (126)
07-21 01:56:51.823  1005  1031 I WindowManager: Reparenting to leash, surface=Surface(name=a34637a InputMethod)/@0x9ae1521, leashParent=Surface(name=WindowToken{94d0595 type=2011 android.os.Binder@aa7a14c})/@0x2153d46, caller=com.android.server.wm.SurfaceAnimator.startAnimation:206 com.android.server.wm.WindowContainer.startAnimation:2756 com.android.server.wm.WindowContainer.startAnimation:2763 
07-21 01:56:51.823   679   718 I SurfaceFlinger: id=132655 createSurf, flag=24004, Surface(name=a34637a InputMethod)/@0x9ae1521 - animation-leash of insets_animation#132655
07-21 01:56:51.824  1005  1031 D WindowManager: makeSurface duration=1 leash=Surface(name=Surface(name=a34637a InputMethod)/@0x9ae1521 - animation-leash of insets_animation)/@0x55e0362
07-21 01:56:51.824  1005  5271 D ActivityManager: Received SERVICE intent 0xdf3a91 Key{startService pkg=com.google.android.gms/fused_location_provider intent=act=com.google.android.location.internal.action.FLP_LOW_POWER_LOCATION_RESULT pkg=com.google.android.gms cmp=com.google.android.gms/com.google.android.location.internal.PendingIntentCallbackService flags=0x2000000 u=0} requestCode=0 from uid 10116
07-21 01:56:51.825 23291 23291 D nativeloader: Load libframework-connectivity-tiramisu-jni.so using APEX ns com_android_tethering for caller /apex/com.android.tethering/javalib/framework-connectivity-t.jar: ok
07-21 01:56:51.825  1005  1031 D ActivityTaskManager: mStartingWindow and mStartingData is null for token=ActivityRecord{f7146c2 u0 com.sec.android.app.launcher/com.android.launcher3.infra.activity.Launcher} t4}
07-21 01:56:51.825   644  4559 D IMGGralloc: Gralloc Free  w:720, h:1600, f:0x101, usage:0xb00, ui64Stamp:5491713 line = 2599
07-21 01:56:51.826   644  4559 D IMGGralloc: Gralloc Register  w:720, h:1600, f:0x102, usage:0xb00, ui64Stamp:5421333, sSize:4608000, line = 2444
07-21 01:56:51.829   679   679 D SurfaceFlinger: Display 0 HWC layers:
07-21 01:56:51.829   679   679 D SurfaceFlinger:      DEVICE | 0xeb4ded40 | 0100 | RGBx_8888    |    0.0    0.0  720.0 1600.0 |    0    0  720 1600 | Wallpaper BBQ wrapper#73
07-21 01:56:51.829   679   679 D SurfaceFlinger:      DEVICE | 0xeb43e000 | 0100 | RGBA_8888    |    0.0    0.0  720.0   48.0 |    0    0  720   48 | StatusBar#68
07-21 01:56:51.829   679   679 D SurfaceFlinger:      DEVICE | 0xeb43e0c0 | 0100 | RGBA_8888    |    0.0    0.0  720.0   96.0 |    0 1504  720 1600 | NavigationBar0#64
07-21 01:56:51.829   679   679 D SurfaceFlinger: 
07-21 01:56:51.830  1005  2717 D ActivityManager: Received SERVICE intent 0xe7a0c8b Key{startService pkg=com.google.android.gms/network_location_provider intent=act=com.google.android.gms.location.util.nlp.RESULT cat=[targeted_intent_op_prefix:.location.util.nlp.NlpInternalApi$NlpReceiverIntentOperation] cmp=com.google.android.gms/.chimera.PersistentIntentOperationService flags=0x2000000 u=0} requestCode=2 from uid 10116
07-21 01:56:51.834  1005  2753 V WindowManager: Relayout Window{ecbf47 u0 com.android.systemui.ImageWallpaper}: viewVisibility=0 req=720x1600 d0
07-21 01:56:51.836   679   895 I SurfaceFlinger: id=132644 Removed 88d6ede ActivityRecordInputSink za.co.vanelo.guardflow.mobile/.MainActivity#132644 (127)
07-21 01:56:51.837   679   895 I SurfaceFlinger: id=132656 createSurf, flag=24004, Task=1611#132656
07-21 01:56:51.839   679   679 I Layer   : Layer [za.co.vanelo.guardflow.mobile/za.co.vanelo.guardflow.mobile.MainActivity#132646] hidden!! flag(1)
07-21 01:56:51.839   679   679 I Layer   : id=132645 removedFromDrawingState 1587697 za.co.vanelo.guardflow.mobile/za.co.vanelo.guardflow.mobile.MainActivity#132645 (128)
07-21 01:56:51.839   679   679 I Layer   : id=132650 removedFromDrawingState Surface(name=a34637a InputMethod)/@0x9ae1521 - animation-leash of insets_animation#132650 (128)
07-21 01:56:51.839   679   679 I Layer   : sf layer Visibility: (BufferStateLayer)layer name =com.sec.android.app.launcher/com.android.launcher3.infra.activity.Launcher#132652, isVisible=0 (Hiddenflag = 1, Alpha = 1.000000, [BufferInfo.mBuffer||mSidebandStream] = 2)
07-21 01:56:51.839   679   679 I Layer   : sf layer not visible reason: parentlayer(bf8267b com.sec.android.app.launcher/com.android.launcher3.infra.activity.Launcher#30982) Hiddenflag = 1
07-21 01:56:51.839   679   679 I Layer   : Layer [com.sec.android.app.launcher/com.android.launcher3.infra.activity.Launcher#132652] hidden!! flag(0)
07-21 01:56:51.839   679   679 I SurfaceFlinger: id=132646 Removed za.co.vanelo.guardflow.mobile/za.co.vanelo.guardflow.mobile.MainActivity#132646 (128)
07-21 01:56:51.839   679   679 I SurfaceFlinger: id=132645 Removed 1587697 za.co.vanelo.guardflow.mobile/za.co.vanelo.guardflow.mobile.MainActivity#132645 (128)
07-21 01:56:51.839   679   679 I SurfaceFlinger: id=132650 Removed Surface(name=a34637a InputMethod)/@0x9ae1521 - animation-leash of insets_animation#132650 (128)
07-21 01:56:51.840  1005  2717 V LocationManagerService: passive provider registration 1000/android[SensorNotificationService]/11945F04 dropped delivery - too close
07-21 01:56:51.840   679   679 E ClientCache: failed to get buffer, invalid process token
07-21 01:56:51.840   679   679 E BpTransactionCompletedListener: Failed to transact (-32)
07-21 01:56:51.840   825   851 D GPS_HAL : gps_injectLocation enter
07-21 01:56:51.840  1005  2753 V WindowManager: Relayout hash=ecbf47, pid=1240: mAttrs={(0,0)(720x1600) gr=TOP START CENTER layoutInDisplayCutoutMode=always ty=WALLPAPER fmt=RGBX_8888 wanim=0x103031a
07-21 01:56:51.840  1005  2753 V WindowManager:   fl=NOT_FOCUSABLE NOT_TOUCHABLE LAYOUT_IN_SCREEN LAYOUT_NO_LIMITS SCALED LAYOUT_INSET_DECOR
07-21 01:56:51.840  1005  2753 V WindowManager:   pfl=WANTS_OFFSET_NOTIFICATIONS SHOW_FOR_ALL_USERS USE_BLAST
07-21 01:56:51.840  1005  2753 V WindowManager:   bhv=DEFAULT}
07-21 01:56:51.840   825   851 D GNSSMGT : gnssmgt_injectLocation: enter
07-21 01:56:51.840   825   851 D GNSSMGT : gps_inject_location: enter
07-21 01:56:51.840   679   679 I Layer   : id=132646 Destroyed za.co.vanelo.guardflow.mobile/za.co.vanelo.guardflow.mobile.MainActivity#132646
07-21 01:56:51.840   679   679 I Layer   : id=132645 Destroyed 1587697 za.co.vanelo.guardflow.mobile/za.co.vanelo.guardflow.mobile.MainActivity#132645
07-21 01:56:51.841   679   679 I Layer   : id=132650 Destroyed Surface(name=a34637a InputMethod)/@0x9ae1521 - animation-leash of insets_animation#132650
07-21 01:56:51.841  1005  1031 D ActivityTaskManager: mStartingWindow and mStartingData is null for token=ActivityRecord{f7146c2 u0 com.sec.android.app.launcher/com.android.launcher3.infra.activity.Launcher} t4}
07-21 01:56:51.842  1005  1023 V LocationManagerService: passive provider registration 1000/android[SensorNotificationService]/11945F04 dropped delivery - too close
07-21 01:56:51.843   644  4559 D IMGGralloc: Gralloc Register  w:720, h:1600, f:0x101, usage:0xb00, ui64Stamp:5491766, sSize:4608000, line = 2444
07-21 01:56:51.844  4101  4101 D InputMethodManager: prepareNavigationBarInfo() DecorView@2f41ba9[Launcher]
07-21 01:56:51.844  4101  4101 D InputMethodManager: getNavigationBarColor() Fail
07-21 01:56:51.844   679   895 I SurfaceFlinger: id=132629 Removed Surface(name=a34637a InputMethod)/@0x9ae1521 - animation-leash of insets_animation#132629 (125)
07-21 01:56:51.845  1005  1230 D ActivityManager: attachApplicationLocked() app=ProcessRecord{da2e480 23291:za.co.vanelo.guardflow.mobile/u0a224} app.isolatedEntryPoint=null instr2=null
07-21 01:56:51.846   679   679 D SurfaceFlinger: Display 0 HWC layers:
07-21 01:56:51.846   679   679 D SurfaceFlinger:      DEVICE | 0xeb4ded40 | 0100 | RGBx_8888    |    0.0    0.0  720.0 1600.0 |    0    0  720 1600 | Wallpaper BBQ wrapper#73
07-21 01:56:51.846   679   679 D SurfaceFlinger:      DEVICE | 0xeb43ec00 | 0100 | RGBA_8888    |    0.0    0.0  720.0 1600.0 |    0    0  720 1600 | com.sec.android.app.launcher/com.and[...]cher3.infra.activity.Launcher#132652
07-21 01:56:51.846   679   679 D SurfaceFlinger:      DEVICE | 0xeb43e000 | 0100 | RGBA_8888    |    0.0    0.0  720.0   48.0 |    0    0  720   48 | StatusBar#68
07-21 01:56:51.846   679   679 D SurfaceFlinger:      DEVICE | 0xeb43e0c0 | 0100 | RGBA_8888    |    0.0    0.0  720.0   96.0 |    0 1504  720 1600 | NavigationBar0#64
07-21 01:56:51.846   679   679 D SurfaceFlinger: 
07-21 01:56:51.846   679   722 D IMGGralloc: Gralloc Free  w:720, h:1600, f:0x101, usage:0xb00, ui64Stamp:5491713 line = 2599
07-21 01:56:51.848  1005  2753 D InputMethodManagerService: isImeSwitcherDisabledPackage : false
07-21 01:56:51.848  1005  2753 D InputMethodManagerService: shouldShowImeSwitcherLocked : checking vis : 3
07-21 01:56:51.849 31809 31809 I GoogleInputMethodService: GoogleInputMethodService.onFinishInput():2276 
07-21 01:56:51.850  1005  1023 I WindowManager: Cancelling animation restarting=true, leash=Surface(name=Surface(name=a34637a InputMethod)/@0x9ae1521 - animation-leash of insets_animation)/@0x55e0362, caller=com.android.server.wm.SurfaceAnimator.startAnimation:193 com.android.server.wm.WindowContainer.startAnimation:2756 com.android.server.wm.WindowContainer.startAnimation:2763 
07-21 01:56:51.850  1005  1023 I WindowManager: Reparenting to original parent: Surface(name=WindowToken{94d0595 type=2011 android.os.Binder@aa7a14c})/@0x2153d46, destroy=false, surface=Surface(name=a34637a InputMethod)/@0x9ae1521, caller=com.android.server.wm.SurfaceAnimator.reset:446 com.android.server.wm.SurfaceAnimator.cancelAnimation:397 com.android.server.wm.SurfaceAnimator.startAnimation:193 
07-21 01:56:51.851 31809 31809 I GoogleInputMethodService: GoogleInputMethodService.onStartInput():1460 onStartInput(EditorInfo{EditorInfo{packageName=com.sec.android.app.launcher, inputType=0, inputTypeString=NULL, enableLearning=false, autoCorrection=false, autoComplete=false, imeOptions=0, privateImeOptions=null, actionName=UNSPECIFIED, actionLabel=null, initialSelStart=-1, initialSelEnd=-1, initialCapsMode=0, label=null, fieldId=2131296341, fieldName=null, extras=Bundle[EMPTY_PARCEL], hintText=null, hintLocales=[]}}, false)
07-21 01:56:51.851 31809 22830 I Module  : DeviceLockedStatusModuleProvider$Module.updateDeviceLockedStatusInternal():129 repeatCheckTimes = 0, locked = false
07-21 01:56:51.851  1005  1023 I WindowManager: Reparenting to leash, surface=Surface(name=a34637a InputMethod)/@0x9ae1521, leashParent=Surface(name=WindowToken{94d0595 type=2011 android.os.Binder@aa7a14c})/@0x2153d46, caller=com.android.server.wm.SurfaceAnimator.startAnimation:206 com.android.server.wm.WindowContainer.startAnimation:2756 com.android.server.wm.WindowContainer.startAnimation:2763 
07-21 01:56:51.851 31809 31809 W LatinIMEBase: LatinIMEBase.updateInputViewCoverNavigation():322 Null input view, cannot update padding!
