07-21 01:31:16.389 16331 16331 D nativeloader: Load /data/app/~~Vv5A2xtovkXua1dzj7lnCA==/za.co.vanelo.guardflow.mobile-fT8nbh9macC9lfwZFYuUXQ==/base.apk!/lib/armeabi-v7a/libreactnative.so using class loader ns clns-4 (caller=/data/app/~~Vv5A2xtovkXua1dzj7lnCA==/za.co.vanelo.guardflow.mobile-fT8nbh9macC9lfwZFYuUXQ==/base.apk): ok
07-21 01:31:16.389 16331 16331 D jni_lib_merge: Entering merged library JNI_OnLoad.
07-21 01:31:16.389 16331 16331 D jni_lib_merge: Preparing 13 pre-merged libs (including stub)
07-21 01:31:16.389 16331 16331 D jni_lib_merge: Preparing to register libfabricjni_so.  onload_func: 0xe614b22d
07-21 01:31:16.390 16331 16331 D jni_lib_merge: Preparing to register libreact_devsupportjni_so.  onload_func: 0xe61e4aad
07-21 01:31:16.390 16331 16331 D jni_lib_merge: Preparing to register libreact_featureflagsjni_so.  onload_func: 0xe61f2339
07-21 01:31:16.390 16331 16331 D jni_lib_merge: Preparing to register libreact_newarchdefaults_so.  onload_func: 0xe621bcad
07-21 01:31:16.390 16331 16331 D jni_lib_merge: Preparing to register libreact_tracingjni_so.  onload_func: 0xe62cc9ad
07-21 01:31:16.390 16331 16331 D jni_lib_merge: Preparing to register libreactnativeblob_so.  onload_func: 0xe62d04e9
07-21 01:31:16.390 16331 16331 D jni_lib_merge: Preparing to register libreactnativejni_so.  onload_func: 0xe62d8459
07-21 01:31:16.390 16331 16331 D jni_lib_merge: Preparing to register libreactnativejni_common_so.  onload_func: 0xe62da5e1
07-21 01:31:16.390 16331 16331 D jni_lib_merge: Preparing to register librninstance_so.  onload_func: 0xe62f4ded
07-21 01:31:16.390 16331 16331 D jni_lib_merge: Preparing to register libturbomodulejsijni_so.  onload_func: 0xe6369fd9
07-21 01:31:16.390 16331 16331 D jni_lib_merge: Preparing to register libuimanagerjni_so.  onload_func: 0xe636ea9d
07-21 01:31:16.390 16331 16331 D jni_lib_merge: Preparing to register libyoga_so.  onload_func: 0xe6373a39
07-21 01:31:16.390 16331 16331 D jni_lib_merge: About to register 12 actual methods.
07-21 01:31:16.407 16331 16331 D nativeloader: Load /data/app/~~Vv5A2xtovkXua1dzj7lnCA==/za.co.vanelo.guardflow.mobile-fT8nbh9macC9lfwZFYuUXQ==/base.apk!/lib/armeabi-v7a/libappmodules.so using class loader ns clns-4 (caller=/data/app/~~Vv5A2xtovkXua1dzj7lnCA==/za.co.vanelo.guardflow.mobile-fT8nbh9macC9lfwZFYuUXQ==/base.apk): ok
07-21 01:31:16.476  4101 16322 W OpenGLRenderer: Incorrectly called buildLayer on View: ShortcutAndWidgetContainer, destroying layer...
07-21 01:31:16.481 16331 16331 I TaskService: Registered task with name 'guardflow-authorised-location' for app with scoping identifier 'za.co.vanelo.guardflow.mobile'.
07-21 01:31:16.486 16331 16331 D CompatibilityChangeReporter: Compat change id reported: 160794467; UID 10224; state: ENABLED
07-21 01:31:16.498 16331 16331 W LocationTaskConsumer: Foreground location task cannot be started while the app is in the background!
07-21 01:31:16.500 16331 16331 I TaskService: Handling intent with task name 'guardflow-authorised-location' and app scoping identifier 'za.co.vanelo.guardflow.mobile'.
07-21 01:31:16.512 16197 16197 I ZeroBattery_BroadcastReceiver: updateZeroBatteryContacts
07-21 01:31:16.523 16331 16331 I TaskService: Handling intent with task name 'guardflow-authorised-location' and app scoping identifier 'za.co.vanelo.guardflow.mobile'.
07-21 01:31:16.528 16331 16331 D CompatibilityChangeReporter: Compat change id reported: 194532703; UID 10224; state: ENABLED
07-21 01:31:16.531 16331 16331 D AndroidRuntime: Shutting down VM
07-21 01:31:16.532 16331 16331 E AndroidRuntime: FATAL EXCEPTION: main
07-21 01:31:16.532 16331 16331 E AndroidRuntime: Process: za.co.vanelo.guardflow.mobile, PID: 16331
07-21 01:31:16.532 16331 16331 E AndroidRuntime: java.lang.RuntimeException: Unable to start receiver expo.modules.taskManager.TaskBroadcastReceiver: java.lang.IllegalArgumentException: Error: requested job be persisted without holding RECEIVE_BOOT_COMPLETED permission.
07-21 01:31:16.532 16331 16331 E AndroidRuntime: 	at android.app.ActivityThread.handleReceiver(ActivityThread.java:4362)
07-21 01:31:16.532 16331 16331 E AndroidRuntime: 	at android.app.ActivityThread.-$$Nest$mhandleReceiver(Unknown Source:0)
07-21 01:31:16.532 16331 16331 E AndroidRuntime: 	at android.app.ActivityThread$H.handleMessage(ActivityThread.java:2165)
07-21 01:31:16.532 16331 16331 E AndroidRuntime: 	at android.os.Handler.dispatchMessage(Handler.java:106)
07-21 01:31:16.532 16331 16331 E AndroidRuntime: 	at android.os.Looper.loopOnce(Looper.java:201)
07-21 01:31:16.532 16331 16331 E AndroidRuntime: 	at android.os.Looper.loop(Looper.java:288)
07-21 01:31:16.532 16331 16331 E AndroidRuntime: 	at android.app.ActivityThread.main(ActivityThread.java:8010)
07-21 01:31:16.532 16331 16331 E AndroidRuntime: 	at java.lang.reflect.Method.invoke(Native Method)
07-21 01:31:16.532 16331 16331 E AndroidRuntime: 	at com.android.internal.os.RuntimeInit$MethodAndArgsCaller.run(RuntimeInit.java:566)
07-21 01:31:16.532 16331 16331 E AndroidRuntime: 	at com.android.internal.os.ZygoteInit.main(ZygoteInit.java:957)
07-21 01:31:16.532 16331 16331 E AndroidRuntime: Caused by: java.lang.IllegalArgumentException: Error: requested job be persisted without holding RECEIVE_BOOT_COMPLETED permission.
07-21 01:31:16.532 16331 16331 E AndroidRuntime: 	at android.os.Parcel.createExceptionOrNull(Parcel.java:3037)
07-21 01:31:16.532 16331 16331 E AndroidRuntime: 	at android.os.Parcel.createException(Parcel.java:3017)
07-21 01:31:16.532 16331 16331 E AndroidRuntime: 	at android.os.Parcel.readException(Parcel.java:3000)
07-21 01:31:16.532 16331 16331 E AndroidRuntime: 	at android.os.Parcel.readException(Parcel.java:2942)
07-21 01:31:16.532 16331 16331 E AndroidRuntime: 	at android.app.job.IJobScheduler$Stub$Proxy.schedule(IJobScheduler.java:263)
07-21 01:31:16.532 16331 16331 E AndroidRuntime: 	at android.app.JobSchedulerImpl.schedule(JobSchedulerImpl.java:47)
07-21 01:31:16.532 16331 16331 E AndroidRuntime: 	at expo.modules.taskManager.TaskManagerUtils.updateOrScheduleJob(TaskManagerUtils.java:155)
07-21 01:31:16.532 16331 16331 E AndroidRuntime: 	at expo.modules.taskManager.TaskManagerUtils.scheduleJob(TaskManagerUtils.java:69)
07-21 01:31:16.532 16331 16331 E AndroidRuntime: 	at expo.modules.location.taskConsumers.LocationTaskConsumer.reportLocationsImmediately(LocationTaskConsumer.kt:265)
07-21 01:31:16.532 16331 16331 E AndroidRuntime: 	at expo.modules.location.taskConsumers.LocationTaskConsumer.handleLocationUpdate(LocationTaskConsumer.kt:106)
07-21 01:31:16.532 16331 16331 E AndroidRuntime: 	at expo.modules.location.taskConsumers.LocationTaskConsumer.didReceiveBroadcast(LocationTaskConsumer.kt:85)
07-21 01:31:16.532 16331 16331 E AndroidRuntime: 	at expo.modules.taskManager.TaskService.handleIntent(TaskService.java:325)
07-21 01:31:16.532 16331 16331 E AndroidRuntime: 	at expo.modules.taskManager.TaskBroadcastReceiver.onReceive(TaskBroadcastReceiver.java:15)
07-21 01:31:16.532 16331 16331 E AndroidRuntime: 	at android.app.ActivityThread.handleReceiver(ActivityThread.java:4353)
07-21 01:31:16.532 16331 16331 E AndroidRuntime: 	... 9 more
07-21 01:31:16.532 16331 16331 E AndroidRuntime: Caused by: android.os.RemoteException: Remote stack trace:
07-21 01:31:16.532 16331 16331 E AndroidRuntime: 	at com.android.server.job.JobSchedulerService$JobSchedulerStub.schedule(JobSchedulerService.java:3076)
07-21 01:31:16.532 16331 16331 E AndroidRuntime: 	at android.app.job.IJobScheduler$Stub.onTransact(IJobScheduler.java:153)
07-21 01:31:16.532 16331 16331 E AndroidRuntime: 	at android.os.Binder.execTransactInternal(Binder.java:1280)
07-21 01:31:16.532 16331 16331 E AndroidRuntime: 	at android.os.Binder.execTransact(Binder.java:1244)
07-21 01:31:16.532 16331 16331 E AndroidRuntime: 
07-21 01:31:16.535 16197 16197 I ZeroBattery_BroadcastReceiver: updateZeroBatteryContacts
07-21 01:31:16.542  1005 16359 I DropBoxManagerService: add tag=data_app_crash isTagEnabled=true flags=0x2
07-21 01:31:16.543  1005  2718 D Debug   : low && ship && 3rdparty app crash, do not dump
07-21 01:31:16.544  1005  2718 W ActivityManager: Process za.co.vanelo.guardflow.mobile has crashed too many times, killing! Reason: crashed quickly
07-21 01:31:16.548  1363 16213 I SystemMemoryMap: (REDACTED) [flp] serialization complete (extras/values=%.2f/%.2fkb)
07-21 01:31:16.549  1005 16359 W DropBoxManagerService: Dropping: data_app_crash (2782 > 0 bytes)
07-21 01:31:16.549  1005  2718 W AppStandbyController: Tried to restrict recently used app: za.co.vanelo.guardflow.mobile due to 1540
07-21 01:31:16.550  1005  2718 I ActivityManager: Killing 16331:za.co.vanelo.guardflow.mobile/u0a224 (adj 915): crash
07-21 01:31:16.553  1363  1363 I NearbySharing: The contact book (uri: content://com.android.contacts) has been modified. Debouncing sync.
07-21 01:31:16.554  1522  1667 I ContactCache: ===== Contact updated. =====
07-21 01:31:16.555  1522  1667 I RcsUtils: isDualRcsSettings: false
07-21 01:31:16.555  1522  1667 I SimManager: isLabSimCard: state [LOADED] isLabSim [false]
07-21 01:31:16.555  1005  1038 W BroadcastQueue: Background execution not allowed: receiving Intent { act=android.intent.action.DROPBOX_ENTRY_ADDED flg=0x10 (has extras) } to com.google.android.gms/.stats.service.DropBoxEntryAddedReceiver
07-21 01:31:16.555  1522  1667 E GlobalSettingsRepoBase: globalgcsettings No matched key : rcs_contact_sync_in_switch_off
07-21 01:31:16.558  1005  1041 I libprocessgroup: Successfully killed process cgroup uid 10224 pid 16331 in 7ms
07-21 01:31:16.560  1522  1667 D ImsConstants: getInt(system/rcs_user_setting) : -1, package : null
07-21 01:31:16.560  1522  1667 E GlobalSettingsRepoBase: globalgcsettings No matched key : rcs_initial_contact_sync_before_regi
07-21 01:31:16.560  1522  1667 I ContactCache<0>: sendMessageContactSync: Try contact sync after 3 sec.
07-21 01:31:16.561 16197 16197 I ZeroBattery_BroadcastReceiver: updateZeroBatteryContacts
07-21 01:31:16.562  1363 16213 I AlarmManager: set [name: SystemMemoryMap-flp type: 2 triggerAtMillis: 9223372036854775806 windowMillis: -1 intervalMillis: 0]
07-21 01:31:16.568  1363 16213 I SystemMemoryMap: (REDACTED) [flp] serialization complete (extras/values=%.2f/%.2fkb)
07-21 01:31:16.574  1005  1893 E AppSearchIcing: icing-search-engine.cc:988: Failed to delete Document. namespace: android$contacts/, uri: 3794061;Failed to find DocumentId by key: android$contacts/, 3794061;Key not found 18113193085732729700 in DynamicTrieKeyMapper /data/system_ce/0/appsearch/icing/document_dir/key_mapper_dir/key_mapper.Failed to delete Document. namespace: android$contacts/, uri: 3794061
07-21 01:31:16.574  1005  1893 W AppSearchIcing: icing-search-engine.cc:217: Error: 5, Message: Failed to delete Document. namespace: android$contacts/, uri: 3794061;Failed to find DocumentId by key: android$contacts/, 3794061;Key not found 18113193085732729700 in DynamicTrieKeyMapper /data/system_ce/0/appsearch/icing/document_dir/key_mapper_dir/key_mapper.
07-21 01:31:16.594  1363 16360 E DropBoxUtil: [AppErrors] null InputStream [CONTEXT service_id=254 ]
07-21 01:31:16.594  1363 16360 E DropBoxUtil: java.io.IOException: null InputStream
07-21 01:31:16.594  1363 16360 E DropBoxUtil: 	at dszo.c(:com.google.android.gms@262031060@26.20.31 (200300-919905943):182)
07-21 01:31:16.594  1363 16360 E DropBoxUtil: 	at dsxw.l(:com.google.android.gms@262031060@26.20.31 (200300-919905943):4)
07-21 01:31:16.594  1363 16360 E DropBoxUtil: 	at dsxk.apply(:com.google.android.gms@262031060@26.20.31 (200300-919905943):39)
07-21 01:31:16.594  1363 16360 E DropBoxUtil: 	at adcc.apply(:com.google.android.gms@262031060@26.20.31 (200300-919905943):5)
07-21 01:31:16.594  1363 16360 E DropBoxUtil: 	at adco.apply(:com.google.android.gms@262031060@26.20.31 (200300-919905943):45)
07-21 01:31:16.594  1363 16360 E DropBoxUtil: 	at elns.a(:com.google.android.gms@262031060@26.20.31 (200300-919905943):3)
07-21 01:31:16.594  1363 16360 E DropBoxUtil: 	at ewrk.a(:com.google.android.gms@262031060@26.20.31 (200300-919905943):17)
07-21 01:31:16.594  1363 16360 E DropBoxUtil: 	at fesb.d(:com.google.android.gms@262031060@26.20.31 (200300-919905943):3)
07-21 01:31:16.594  1363 16360 E DropBoxUtil: 	at fesd.run(:com.google.android.gms@262031060@26.20.31 (200300-919905943):47)
07-21 01:31:16.594  1363 16360 E DropBoxUtil: 	at fetq.execute(:com.google.android.gms@262031060@26.20.31 (200300-919905943):1)
07-21 01:31:16.594  1363 16360 E DropBoxUtil: 	at ferq.f(:com.google.android.gms@262031060@26.20.31 (200300-919905943):1)
07-21 01:31:16.594  1363 16360 E DropBoxUtil: 	at ferq.hr(:com.google.android.gms@262031060@26.20.31 (200300-919905943):38)
07-21 01:31:16.594  1363 16360 E DropBoxUtil: 	at elnk.a(:com.google.android.gms@262031060@26.20.31 (200300-919905943):39)
07-21 01:31:16.594  1363 16360 E DropBoxUtil: 	at ewrj.a(:com.google.android.gms@262031060@26.20.31 (200300-919905943):17)
07-21 01:31:16.594  1363 16360 E DropBoxUtil: 	at fetx.a(:com.google.android.gms@262031060@26.20.31 (200300-919905943):20)
07-21 01:31:16.594  1363 16360 E DropBoxUtil: 	at fewb.a(:com.google.android.gms@262031060@26.20.31 (200300-919905943):3)
07-21 01:31:16.594  1363 16360 E DropBoxUtil: 	at fevc.run(:com.google.android.gms@262031060@26.20.31 (200300-919905943):19)
07-21 01:31:16.594  1363 16360 E DropBoxUtil: 	at fewd.run(:com.google.android.gms@262031060@26.20.31 (200300-919905943):5)
07-21 01:31:16.594  1363 16360 E DropBoxUtil: 	at fetz.run(:com.google.android.gms@262031060@26.20.31 (200300-919905943):53)
07-21 01:31:16.594  1363 16360 E DropBoxUtil: 	at fetq.execute(:com.google.android.gms@262031060@26.20.31 (200300-919905943):1)
07-21 01:31:16.594  1363 16360 E DropBoxUtil: 	at fetz.execute(:com.google.android.gms@262031060@26.20.31 (200300-919905943):76)
07-21 01:31:16.594  1363 16360 E DropBoxUtil: 	at ferq.f(:com.google.android.gms@262031060@26.20.31 (200300-919905943):1)
07-21 01:31:16.594  1363 16360 E DropBoxUtil: 	at ferq.hr(:com.google.android.gms@262031060@26.20.31 (200300-919905943):38)
07-21 01:31:16.594  1363 16360 E DropBoxUtil: 	at feub.b(:com.google.android.gms@262031060@26.20.31 (200300-919905943):33)
07-21 01:31:16.594  1363 16360 E DropBoxUtil: 	at elno.i(:com.google.android.gms@262031060@26.20.31 (200300-919905943):26)
07-21 01:31:16.594  1363 16360 E DropBoxUtil: 	at elnw.a(:com.google.android.gms@262031060@26.20.31 (200300-919905943):10)
07-21 01:31:16.594  1363 16360 E DropBoxUtil: 	at ewrk.a(:com.google.android.gms@262031060@26.20.31 (200300-919905943):17)
07-21 01:31:16.594  1363 16360 E DropBoxUtil: 	at fesb.d(:com.google.android.gms@262031060@26.20.31 (200300-919905943):3)
07-21 01:31:16.594  1363 16360 E DropBoxUtil: 	at fesd.run(:com.google.android.gms@262031060@26.20.31 (200300-919905943):47)
07-21 01:31:16.594  1363 16360 E DropBoxUtil: 	at fetq.execute(:com.google.android.gms@262031060@26.20.31 (200300-919905943):1)
07-21 01:31:16.594  1363 16360 E DropBoxUtil: 	at ferq.f(:com.google.android.gms@262031060@26.20.31 (200300-919905943):1)
07-21 01:31:16.594  1363 16360 E DropBoxUtil: 	at ferq.hr(:com.google.android.gms@262031060@26.20.31 (200300-919905943):38)
07-21 01:31:16.594  1363 16360 E DropBoxUtil: 	at elnu.a(:com.google.android.gms@262031060@26.20.31 (200300-919905943):39)
07-21 01:31:16.594  1363 16360 E DropBoxUtil: 	at ewrj.a(:com.google.android.gms@262031060@26.20.31 (200300-919905943):17)
07-21 01:31:16.594  1363 16360 E DropBoxUtil: 	at fetx.a(:com.google.android.gms@262031060@26.20.31 (200300-919905943):20)
07-21 01:31:16.594  1363 16360 E DropBoxUtil: 	at fewb.a(:com.google.android.gms@262031060@26.20.31 (200300-919905943):3)
07-21 01:31:16.594  1363 16360 E DropBoxUtil: 	at fevc.run(:com.google.android.gms@262031060@26.20.31 (200300-919905943):19)
07-21 01:31:16.594  1363 16360 E DropBoxUtil: 	at fewd.run(:com.google.android.gms@262031060@26.20.31 (200300-919905943):5)
07-21 01:31:16.594  1363 16360 E DropBoxUtil: 	at fetz.run(:com.google.android.gms@262031060@26.20.31 (200300-919905943):53)
07-21 01:31:16.594  1363 16360 E DropBoxUtil: 	at fetq.execute(:com.google.android.gms@262031060@26.20.31 (200300-919905943):1)
07-21 01:31:16.594  1363 16360 E DropBoxUtil: 	at fetz.execute(:com.google.android.gms@262031060@26.20.31 (200300-919905943):76)
07-21 01:31:16.594  1363 16360 E DropBoxUtil: 	at ferq.f(:com.google.android.gms@262031060@26.20.31 (200300-919905943):1)
07-21 01:31:16.594  1363 16360 E DropBoxUtil: 	at ferq.hr(:com.google.android.gms@262031060@26.20.31 (200300-919905943):38)
07-21 01:31:16.594  1363 16360 E DropBoxUtil: 	at feub.b(:com.google.android.gms@262031060@26.20.31 (200300-919905943):33)
07-21 01:31:16.594  1363 16360 E DropBoxUtil: 	at eloc.c(:com.google.android.gms@262031060@26.20.31 (200300-919905943):62)
07-21 01:31:16.594  1363 16360 E DropBoxUtil: 	at eloc.b(:com.google.android.gms@262031060@26.20.31 (200300-919905943):18)
07-21 01:31:16.594  1363 16360 E DropBoxUtil: 	at dsxp.a(:com.google.android.gms@262031060@26.20.31 (200300-919905943):188)
07-21 01:31:16.594  1363 16360 E DropBoxUtil: 	at com.google.android.gms.stats.service.DropBoxEntryAddedChimeraService.a(:com.google.android.gms@262031060@26.20.31 (200300-919905943):198)
07-21 01:31:16.594  1363 16360 E DropBoxUtil: 	at com.google.android.gms.framework.tracing.wrapper.TracingIntentService.onHandleIntent(:com.google.android.gms@262031060@26.20.31 (200300-919905943):13)
07-21 01:31:16.594  1363 16360 E DropBoxUtil: 	at ynw.handleMessage(:com.google.android.gms@262031060@26.20.31 (200300-919905943):7)
07-21 01:31:16.594  1363 16360 E DropBoxUtil: 	at android.os.Handler.dispatchMessage(Handler.java:106)
07-21 01:31:16.594  1363 16360 E DropBoxUtil: 	at android.os.Looper.loopOnce(Looper.java:201)
07-21 01:31:16.594  1363 16360 E DropBoxUtil: 	at android.os.Looper.loop(Looper.java:288)
07-21 01:31:16.594  1363 16360 E DropBoxUtil: 	at android.os.HandlerThread.run(HandlerThread.java:67)
07-21 01:31:16.597  1005  1022 V ActivityManager: Got obituary of 16331:za.co.vanelo.guardflow.mobile
07-21 01:31:16.598   629   629 I Zygote  : Process 16331 exited due to signal 9 (Killed)
07-21 01:31:16.599  1363 16360 E DropBoxUtil: [AppDoctor] null InputStream [CONTEXT service_id=254 ]
07-21 01:31:16.599  1363 16360 E DropBoxUtil: java.io.IOException: null InputStream
07-21 01:31:16.599  1363 16360 E DropBoxUtil: 	at dszo.c(:com.google.android.gms@262031060@26.20.31 (200300-919905943):182)
07-21 01:31:16.599  1363 16360 E DropBoxUtil: 	at dsxw.l(:com.google.android.gms@262031060@26.20.31 (200300-919905943):4)
07-21 01:31:16.599  1363 16360 E DropBoxUtil: 	at dsxh.apply(:com.google.android.gms@262031060@26.20.31 (200300-919905943):37)
07-21 01:31:16.599  1363 16360 E DropBoxUtil: 	at dsxp.b(:com.google.android.gms@262031060@26.20.31 (200300-919905943):68)
07-21 01:31:16.599  1363 16360 E DropBoxUtil: 	at com.google.android.gms.stats.service.DropBoxEntryAddedChimeraService.a(:com.google.android.gms@262031060@26.20.31 (200300-919905943):202)
07-21 01:31:16.599  1363 16360 E DropBoxUtil: 	at com.google.android.gms.framework.tracing.wrapper.TracingIntentService.onHandleIntent(:com.google.android.gms@262031060@26.20.31 (200300-919905943):13)
07-21 01:31:16.599  1363 16360 E DropBoxUtil: 	at ynw.handleMessage(:com.google.android.gms@262031060@26.20.31 (200300-919905943):7)
07-21 01:31:16.599  1363 16360 E DropBoxUtil: 	at android.os.Handler.dispatchMessage(Handler.java:106)
07-21 01:31:16.599  1363 16360 E DropBoxUtil: 	at android.os.Looper.loopOnce(Looper.java:201)
07-21 01:31:16.599  1363 16360 E DropBoxUtil: 	at android.os.Looper.loop(Looper.java:288)
07-21 01:31:16.599  1363 16360 E DropBoxUtil: 	at android.os.HandlerThread.run(HandlerThread.java:67)
07-21 01:31:16.605 11272 13168 D ContactsProviderUtils: isMultiSimModel : true
07-21 01:31:16.607  1005  2751 D WindowManager: setImageForCustomStartingWindow: componentName={com.android.contacts/com.android.contacts.activities.PeopleActivity}, fd=null, imagePath=auto, imagePathQualifier=null
07-21 01:31:16.607 11272 13168 D ContactsProvider-ScreenCaptureManager: delete starting window - Contacts
07-21 01:31:16.717  1363  1363 I NearbySharing: The contact book (uri: content://com.android.contacts) has been modified. Debouncing sync.
07-21 01:31:16.718  1522  1667 I ContactCache: ===== Contact updated. =====
07-21 01:31:16.718  1522  1667 I RcsUtils: isDualRcsSettings: false
07-21 01:31:16.718  1522  1667 I SimManager: isLabSimCard: state [LOADED] isLabSim [false]
07-21 01:31:16.719  1522  1667 E GlobalSettingsRepoBase: globalgcsettings No matched key : rcs_contact_sync_in_switch_off
07-21 01:31:16.724 16197 16197 I ZeroBattery_BroadcastReceiver: updateZeroBatteryContacts
07-21 01:31:16.724  1522  1667 D ImsConstants: getInt(system/rcs_user_setting) : -1, package : null
07-21 01:31:16.725  1522  1667 E GlobalSettingsRepoBase: globalgcsettings No matched key : rcs_initial_contact_sync_before_regi
07-21 01:31:16.725  1522  1667 I ContactCache<0>: sendMessageContactSync: Try contact sync after 3 sec.
07-21 01:31:16.739  1005  1893 E AppSearchIcing: icing-search-engine.cc:988: Failed to delete Document. namespace: android$contacts/, uri: 3794062;Failed to find DocumentId by key: android$contacts/, 3794062;Key not found 542863814988624164 in DynamicTrieKeyMapper /data/system_ce/0/appsearch/icing/document_dir/key_mapper_dir/key_mapper.Failed to delete Document. namespace: android$contacts/, uri: 3794062
07-21 01:31:16.739  1005  1893 W AppSearchIcing: icing-search-engine.cc:217: Error: 5, Message: Failed to delete Document. namespace: android$contacts/, uri: 3794062;Failed to find DocumentId by key: android$contacts/, 3794062;Key not found 542863814988624164 in DynamicTrieKeyMapper /data/system_ce/0/appsearch/icing/document_dir/key_mapper_dir/key_mapper.
07-21 01:31:16.743   422   422 I io_stats: !@ 179,0 r 275240432 1731352477 w 36702617 340873660 d 2611770 38925756 f 10516193 3780908 iot 111113576 103649331 th 102400 0 0 pt 0 inp 0 0 917758.357
07-21 01:31:16.763 11272 13168 D ContactsProviderUtils: isMultiSimModel : true
07-21 01:31:16.767  1005  1022 D WindowManager: setImageForCustomStartingWindow: componentName={com.android.contacts/com.android.contacts.activities.PeopleActivity}, fd=null, imagePath=auto, imagePathQualifier=null
07-21 01:31:16.768 11272 13168 D ContactsProvider-ScreenCaptureManager: delete starting window - Contacts
07-21 01:31:16.869  1363  1363 I NearbySharing: The contact book (uri: content://com.android.contacts) has been modified. Debouncing sync.
07-21 01:31:16.870  1522  1667 I ContactCache: ===== Contact updated. =====
07-21 01:31:16.870  1522  1667 I RcsUtils: isDualRcsSettings: false
07-21 01:31:16.870  1522  1667 I SimManager: isLabSimCard: state [LOADED] isLabSim [false]
07-21 01:31:16.870  1522  1667 E GlobalSettingsRepoBase: globalgcsettings No matched key : rcs_contact_sync_in_switch_off
07-21 01:31:16.874  1522  1667 D ImsConstants: getInt(system/rcs_user_setting) : -1, package : null
07-21 01:31:16.875  1522  1667 E GlobalSettingsRepoBase: globalgcsettings No matched key : rcs_initial_contact_sync_before_regi
07-21 01:31:16.875  1522  1667 I ContactCache<0>: sendMessageContactSync: Try contact sync after 3 sec.
07-21 01:31:16.875 16197 16197 I ZeroBattery_BroadcastReceiver: updateZeroBatteryContacts
07-21 01:31:16.894  1005  1893 E AppSearchIcing: icing-search-engine.cc:988: Failed to delete Document. namespace: android$contacts/, uri: 3794063;Failed to find DocumentId by key: android$contacts/, 3794063;Key not found 7277415862885723526 in DynamicTrieKeyMapper /data/system_ce/0/appsearch/icing/document_dir/key_mapper_dir/key_mapper.Failed to delete Document. namespace: android$contacts/, uri: 3794063
07-21 01:31:16.894  1005  1893 W AppSearchIcing: icing-search-engine.cc:217: Error: 5, Message: Failed to delete Document. namespace: android$contacts/, uri: 3794063;Failed to find DocumentId by key: android$contacts/, 3794063;Key not found 7277415862885723526 in DynamicTrieKeyMapper /data/system_ce/0/appsearch/icing/document_dir/key_mapper_dir/key_mapper.
07-21 01:31:16.912 11272 13168 D ContactsProviderUtils: isMultiSimModel : true
07-21 01:31:16.914  1005  2751 D WindowManager: setImageForCustomStartingWindow: componentName={com.android.contacts/com.android.contacts.activities.PeopleActivity}, fd=null, imagePath=auto, imagePathQualifier=null
07-21 01:31:16.915 11272 13168 D ContactsProvider-ScreenCaptureManager: delete starting window - Contacts
07-21 01:31:17.033  1363  1363 I NearbySharing: The contact book (uri: content://com.android.contacts) has been modified. Debouncing sync.
07-21 01:31:17.034  1522  1667 I ContactCache: ===== Contact updated. =====
07-21 01:31:17.034  1522  1667 I RcsUtils: isDualRcsSettings: false
07-21 01:31:17.034  1522  1667 I SimManager: isLabSimCard: state [LOADED] isLabSim [false]
07-21 01:31:17.035  1522  1667 E GlobalSettingsRepoBase: globalgcsettings No matched key : rcs_contact_sync_in_switch_off
07-21 01:31:17.038  1522  1667 D ImsConstants: getInt(system/rcs_user_setting) : -1, package : null
07-21 01:31:17.038 16197 16197 I ZeroBattery_BroadcastReceiver: updateZeroBatteryContacts
07-21 01:31:17.038  1522  1667 E GlobalSettingsRepoBase: globalgcsettings No matched key : rcs_initial_contact_sync_before_regi
07-21 01:31:17.038  1522  1667 I ContactCache<0>: sendMessageContactSync: Try contact sync after 3 sec.
07-21 01:31:17.053  1005  1893 E AppSearchIcing: icing-search-engine.cc:988: Failed to delete Document. namespace: android$contacts/, uri: 3794064;Failed to find DocumentId by key: android$contacts/, 3794064;Key not found 16125158168501561800 in DynamicTrieKeyMapper /data/system_ce/0/appsearch/icing/document_dir/key_mapper_dir/key_mapper.Failed to delete Document. namespace: android$contacts/, uri: 3794064
07-21 01:31:17.053  1005  1893 W AppSearchIcing: icing-search-engine.cc:217: Error: 5, Message: Failed to delete Document. namespace: android$contacts/, uri: 3794064;Failed to find DocumentId by key: android$contacts/, 3794064;Key not found 16125158168501561800 in DynamicTrieKeyMapper /data/system_ce/0/appsearch/icing/document_dir/key_mapper_dir/key_mapper.
07-21 01:31:17.077 11272 11496 D ContactsProviderUtils: isMultiSimModel : true
07-21 01:31:17.079  1005  2751 D WindowManager: setImageForCustomStartingWindow: componentName={com.android.contacts/com.android.contacts.activities.PeopleActivity}, fd=null, imagePath=auto, imagePathQualifier=null
07-21 01:31:17.079 11272 11496 D ContactsProvider-ScreenCaptureManager: delete starting window - Contacts
07-21 01:31:17.119   825  1385 E GNSSMGT : watchdog: PowerState[CP IDLED], gps_flag[3], readcount[448425], idle time = 0, HeartCount = 0
07-21 01:31:17.130 11272 11277 I d.process.acore: Background concurrent copying GC freed 4514KB AllocSpace bytes, 2(184KB) LOS objects, 49% free, 4570KB/9141KB, paused 198us,118us total 129.856ms
07-21 01:31:17.208  1363  1363 I NearbySharing: The contact book (uri: content://com.android.contacts) has been modified. Debouncing sync.
07-21 01:31:17.209  1522  1667 I ContactCache: ===== Contact updated. =====
07-21 01:31:17.209  1522  1667 I RcsUtils: isDualRcsSettings: false
07-21 01:31:17.209  1522  1667 I SimManager: isLabSimCard: state [LOADED] isLabSim [false]
07-21 01:31:17.209  1522  1667 E GlobalSettingsRepoBase: globalgcsettings No matched key : rcs_contact_sync_in_switch_off
07-21 01:31:17.212 16197 16197 I ZeroBattery_BroadcastReceiver: updateZeroBatteryContacts
07-21 01:31:17.213  1522  1667 D ImsConstants: getInt(system/rcs_user_setting) : -1, package : null
07-21 01:31:17.213  1522  1667 E GlobalSettingsRepoBase: globalgcsettings No matched key : rcs_initial_contact_sync_before_regi
07-21 01:31:17.213  1522  1667 I ContactCache<0>: sendMessageContactSync: Try contact sync after 3 sec.
07-21 01:31:17.218  4101 16322 D IMGGralloc: Gralloc Free  w:720, h:1600, f:0x101, usage:0x900, ui64Stamp:5485060 line = 2599
07-21 01:31:17.219   643   643 D IMGGralloc: GBuffer--------------(*format)=1
07-21 01:31:17.219   643   643 D IMGGralloc: Gralloc alloc start  w:720, h:1600, f:0x1, usage:0xb00, privUsage:0x0, line = 1672
07-21 01:31:17.222   643   643 D IMGGralloc: Gralloc Alloc end  w:720, h:1600, f:0x101, usage:0xb00,iprivUsage:0x0,handle:0xec23e840, ui64Stamp:5485091, sSize:4608000, BufferName: VRI[Launcher]#1852(BLAST Consumer)1852, line = 2131
07-21 01:31:17.223   643   643 D IMGGralloc: Gralloc Free  w:720, h:1600, f:0x101, usage:0xb00, ui64Stamp:5485091 line = 2599
07-21 01:31:17.223  4101 16322 D IMGGralloc: Gralloc Register  w:720, h:1600, f:0x101, usage:0xb00, ui64Stamp:5485091, sSize:4608000, line = 2444
07-21 01:31:17.231  1005  1893 E AppSearchIcing: icing-search-engine.cc:988: Failed to delete Document. namespace: android$contacts/, uri: 3794065;Failed to find DocumentId by key: android$contacts/, 3794065;Key not found 207975093540852133 in DynamicTrieKeyMapper /data/system_ce/0/appsearch/icing/document_dir/key_mapper_dir/key_mapper.Failed to delete Document. namespace: android$contacts/, uri: 3794065
07-21 01:31:17.231  1005  1893 W AppSearchIcing: icing-search-engine.cc:217: Error: 5, Message: Failed to delete Document. namespace: android$contacts/, uri: 3794065;Failed to find DocumentId by key: android$contacts/, 3794065;Key not found 207975093540852133 in DynamicTrieKeyMapper /data/system_ce/0/appsearch/icing/document_dir/key_mapper_dir/key_mapper.
07-21 01:31:17.234   679   718 D IMGGralloc: Gralloc Register  w:720, h:1600, f:0x101, usage:0xb00, ui64Stamp:5485091, sSize:4608000, line = 2444
07-21 01:31:17.234   679   718 D IMGGralloc: GBuffer--------------(*format)=1
07-21 01:31:17.252   644 19852 D IMGGralloc: Gralloc Register  w:720, h:1600, f:0x101, usage:0xb00, ui64Stamp:5485091, sSize:4608000, line = 2444
07-21 01:31:17.252 11272 13168 D ContactsProviderUtils: isMultiSimModel : true
07-21 01:31:17.254  1005  2718 D WindowManager: setImageForCustomStartingWindow: componentName={com.android.contacts/com.android.contacts.activities.PeopleActivity}, fd=null, imagePath=auto, imagePathQualifier=null
07-21 01:31:17.254 11272 13168 D ContactsProvider-ScreenCaptureManager: delete starting window - Contacts
07-21 01:31:17.268   644 19852 D IMGGralloc: Gralloc Register  w:720, h:1600, f:0x101, usage:0xb00, ui64Stamp:5485068, sSize:4608000, line = 2444
07-21 01:31:17.371  1363  1363 I NearbySharing: The contact book (uri: content://com.android.contacts) has been modified. Debouncing sync.
07-21 01:31:17.373  1522  1667 I ContactCache: ===== Contact updated. =====
07-21 01:31:17.373  1522  1667 I RcsUtils: isDualRcsSettings: false
07-21 01:31:17.374  1522  1667 I SimManager: isLabSimCard: state [LOADED] isLabSim [false]
07-21 01:31:17.374  1522  1667 E GlobalSettingsRepoBase: globalgcsettings No matched key : rcs_contact_sync_in_switch_off
07-21 01:31:17.375 11272 11276 I d.process.acore: Method exceeds compiler instruction limit: 20556 in android.database.Cursor com.android.providers.contacts.ContactsProvider2.queryLocal(android.net.Uri, java.lang.String[], java.lang.String, java.lang.String[], java.lang.String, long, android.os.CancellationSignal)
07-21 01:31:17.376 16197 16197 I ZeroBattery_BroadcastReceiver: updateZeroBatteryContacts
07-21 01:31:17.377  1522  1667 D ImsConstants: getInt(system/rcs_user_setting) : -1, package : null
07-21 01:31:17.378  1522  1667 E GlobalSettingsRepoBase: globalgcsettings No matched key : rcs_initial_contact_sync_before_regi
07-21 01:31:17.378  1522  1667 I ContactCache<0>: sendMessageContactSync: Try contact sync after 3 sec.
07-21 01:31:17.393  1005  1893 E AppSearchIcing: icing-search-engine.cc:988: Failed to delete Document. namespace: android$contacts/, uri: 3794066;Failed to find DocumentId by key: android$contacts/, 3794066;Key not found 2439471238291468175 in DynamicTrieKeyMapper /data/system_ce/0/appsearch/icing/document_dir/key_mapper_dir/key_mapper.Failed to delete Document. namespace: android$contacts/, uri: 3794066
07-21 01:31:17.393  1005  1893 W AppSearchIcing: icing-search-engine.cc:217: Error: 5, Message: Failed to delete Document. namespace: android$contacts/, uri: 3794066;Failed to find DocumentId by key: android$contacts/, 3794066;Key not found 2439471238291468175 in DynamicTrieKeyMapper /data/system_ce/0/appsearch/icing/document_dir/key_mapper_dir/key_mapper.
07-21 01:31:17.415 11272 11282 D ContactsProviderUtils: isMultiSimModel : true
07-21 01:31:17.415  1240  1380 D MobileSignalController:Parveen: getSbInfo- typeIcon: 0 statusIcon: [visible=true,icon=2131233121,contentDescription=Phone three bars.]
07-21 01:31:17.416  1240  1240 D StatusBarSignalPolicy: setMobileDataIndicators: MobileDataIndicators[statusIcon=[visible=true,icon=2131233121,contentDescription=Phone three bars.],qsIcon=,statusType=0,qsType=0,activityIn=false,activityOut=false,typeContentDescription=4G,typeContentDescriptionHtml=4G,description=null,subId=3,roaming=false,showTriangle=true,dataActivity=0,roamingIcon=0]
07-21 01:31:17.416  1240  1240 D StatusBarSignalPolicy: MobileIconStates: mobile,  read=mobile[MobileIconState(subId=10, strengthId=2131233122, typeId=2131233045, visible=true, activityId=2131233096, roamingId=0, voiceNoServiceId=0, slotId=0), MobileIconState(subId=3, strengthId=2131233121, typeId=0, visible=true, activityId=0, roamingId=0, voiceNoServiceId=0, slotId=1)]
07-21 01:31:17.417  1005  2718 D WindowManager: setImageForCustomStartingWindow: componentName={com.android.contacts/com.android.contacts.activities.PeopleActivity}, fd=null, imagePath=auto, imagePathQualifier=null
07-21 01:31:17.418 11272 11282 D ContactsProvider-ScreenCaptureManager: delete starting window - Contacts
07-21 01:31:17.484   679   679 I SurfaceFlinger: SFWD update time=917759100337293
07-21 01:31:17.542  1363  1363 I NearbySharing: The contact book (uri: content://com.android.contacts) has been modified. Debouncing sync.
07-21 01:31:17.543  1522  1667 I ContactCache: ===== Contact updated. =====
07-21 01:31:17.543  1522  1667 I RcsUtils: isDualRcsSettings: false
07-21 01:31:17.544  1522  1667 I SimManager: isLabSimCard: state [LOADED] isLabSim [false]
07-21 01:31:17.544  1522  1667 E GlobalSettingsRepoBase: globalgcsettings No matched key : rcs_contact_sync_in_switch_off
07-21 01:31:17.548 16197 16197 I ZeroBattery_BroadcastReceiver: updateZeroBatteryContacts
07-21 01:31:17.548  1522  1667 D ImsConstants: getInt(system/rcs_user_setting) : -1, package : null
07-21 01:31:17.548  1522  1667 E GlobalSettingsRepoBase: globalgcsettings No matched key : rcs_initial_contact_sync_before_regi
07-21 01:31:17.548  1522  1667 I ContactCache<0>: sendMessageContactSync: Try contact sync after 3 sec.
07-21 01:31:17.564  1005  1893 E AppSearchIcing: icing-search-engine.cc:988: Failed to delete Document. namespace: android$contacts/, uri: 3794067;Failed to find DocumentId by key: android$contacts/, 3794067;Key not found 4758068491630388602 in DynamicTrieKeyMapper /data/system_ce/0/appsearch/icing/document_dir/key_mapper_dir/key_mapper.Failed to delete Document. namespace: android$contacts/, uri: 3794067
07-21 01:31:17.564  1005  1893 W AppSearchIcing: icing-search-engine.cc:217: Error: 5, Message: Failed to delete Document. namespace: android$contacts/, uri: 3794067;Failed to find DocumentId by key: android$contacts/, 3794067;Key not found 4758068491630388602 in DynamicTrieKeyMapper /data/system_ce/0/appsearch/icing/document_dir/key_mapper_dir/key_mapper.
07-21 01:31:17.587 11272 11282 D ContactsProviderUtils: isMultiSimModel : true
07-21 01:31:17.589  1005  2756 D WindowManager: setImageForCustomStartingWindow: componentName={com.android.contacts/com.android.contacts.activities.PeopleActivity}, fd=null, imagePath=auto, imagePathQualifier=null
07-21 01:31:17.589 11272 11282 D ContactsProvider-ScreenCaptureManager: delete starting window - Contacts
07-21 01:31:17.697  1363  1363 I NearbySharing: The contact book (uri: content://com.android.contacts) has been modified. Debouncing sync.
07-21 01:31:17.698  1522  1667 I ContactCache: ===== Contact updated. =====
07-21 01:31:17.698  1522  1667 I RcsUtils: isDualRcsSettings: false
07-21 01:31:17.698  1522  1667 I SimManager: isLabSimCard: state [LOADED] isLabSim [false]
07-21 01:31:17.699  1522  1667 E GlobalSettingsRepoBase: globalgcsettings No matched key : rcs_contact_sync_in_switch_off
07-21 01:31:17.704  1522  1667 D ImsConstants: getInt(system/rcs_user_setting) : -1, package : null
07-21 01:31:17.704 16197 16197 I ZeroBattery_BroadcastReceiver: updateZeroBatteryContacts
07-21 01:31:17.704  1522  1667 E GlobalSettingsRepoBase: globalgcsettings No matched key : rcs_initial_contact_sync_before_regi
07-21 01:31:17.704  1522  1667 I ContactCache<0>: sendMessageContactSync: Try contact sync after 3 sec.
07-21 01:31:17.720  1005  1893 E AppSearchIcing: icing-search-engine.cc:988: Failed to delete Document. namespace: android$contacts/, uri: 3794068;Failed to find DocumentId by key: android$contacts/, 3794068;Key not found 6329442652166754548 in DynamicTrieKeyMapper /data/system_ce/0/appsearch/icing/document_dir/key_mapper_dir/key_mapper.Failed to delete Document. namespace: android$contacts/, uri: 3794068
07-21 01:31:17.720  1005  1893 W AppSearchIcing: icing-search-engine.cc:217: Error: 5, Message: Failed to delete Document. namespace: android$contacts/, uri: 3794068;Failed to find DocumentId by key: android$contacts/, 3794068;Key not found 6329442652166754548 in DynamicTrieKeyMapper /data/system_ce/0/appsearch/icing/document_dir/key_mapper_dir/key_mapper.
07-21 01:31:17.746 11272 11282 D ContactsProviderUtils: isMultiSimModel : true
07-21 01:31:17.748  1005  2718 D WindowManager: setImageForCustomStartingWindow: componentName={com.android.contacts/com.android.contacts.activities.PeopleActivity}, fd=null, imagePath=auto, imagePathQualifier=null
07-21 01:31:17.749 11272 11282 D ContactsProvider-ScreenCaptureManager: delete starting window - Contacts
07-21 01:31:17.856  1363  1363 I NearbySharing: The contact book (uri: content://com.android.contacts) has been modified. Debouncing sync.
07-21 01:31:17.856  1522  1667 I ContactCache: ===== Contact updated. =====
07-21 01:31:17.857  1522  1667 I RcsUtils: isDualRcsSettings: false
07-21 01:31:17.857  1522  1667 I SimManager: isLabSimCard: state [LOADED] isLabSim [false]
07-21 01:31:17.857  1522  1667 E GlobalSettingsRepoBase: globalgcsettings No matched key : rcs_contact_sync_in_switch_off
07-21 01:31:17.860  1522  1667 D ImsConstants: getInt(system/rcs_user_setting) : -1, package : null
07-21 01:31:17.860  1522  1667 E GlobalSettingsRepoBase: globalgcsettings No matched key : rcs_initial_contact_sync_before_regi
07-21 01:31:17.861  1522  1667 I ContactCache<0>: sendMessageContactSync: Try contact sync after 3 sec.
07-21 01:31:17.861 16197 16197 I ZeroBattery_BroadcastReceiver: updateZeroBatteryContacts
07-21 01:31:17.867 11272 11299 E ContactsProvider_EventLog: Flush buffer to file cnt : 1 size : 99Kb duration : 2ms lastUpdatedAfter : 6279 ms mFlush_time_threasold : 6899 mCurrentSize : 51156
07-21 01:31:17.878  1005  1893 E AppSearchIcing: icing-search-engine.cc:988: Failed to delete Document. namespace: android$contacts/, uri: 3794069;Failed to find DocumentId by key: android$contacts/, 3794069;Key not found 8204041513220108158 in DynamicTrieKeyMapper /data/system_ce/0/appsearch/icing/document_dir/key_mapper_dir/key_mapper.Failed to delete Document. namespace: android$contacts/, uri: 3794069
07-21 01:31:17.878  1005  1893 W AppSearchIcing: icing-search-engine.cc:217: Error: 5, Message: Failed to delete Document. namespace: android$contacts/, uri: 3794069;Failed to find DocumentId by key: android$contacts/, 3794069;Key not found 8204041513220108158 in DynamicTrieKeyMapper /data/system_ce/0/appsearch/icing/document_dir/key_mapper_dir/key_mapper.
07-21 01:31:17.903 11272 11282 D ContactsProviderUtils: isMultiSimModel : true
07-21 01:31:17.905  1005  2756 D WindowManager: setImageForCustomStartingWindow: componentName={com.android.contacts/com.android.contacts.activities.PeopleActivity}, fd=null, imagePath=auto, imagePathQualifier=null
07-21 01:31:17.905 11272 11282 D ContactsProvider-ScreenCaptureManager: delete starting window - Contacts
07-21 01:31:18.009  1363  1363 I NearbySharing: The contact book (uri: content://com.android.contacts) has been modified. Debouncing sync.
07-21 01:31:18.010  1522  1667 I ContactCache: ===== Contact updated. =====
07-21 01:31:18.010  1522  1667 I RcsUtils: isDualRcsSettings: false
07-21 01:31:18.010  1522  1667 I SimManager: isLabSimCard: state [LOADED] isLabSim [false]
07-21 01:31:18.010  1522  1667 E GlobalSettingsRepoBase: globalgcsettings No matched key : rcs_contact_sync_in_switch_off
07-21 01:31:18.014  1522  1667 D ImsConstants: getInt(system/rcs_user_setting) : -1, package : null
07-21 01:31:18.014 16197 16197 I ZeroBattery_BroadcastReceiver: updateZeroBatteryContacts
07-21 01:31:18.014  1522  1667 E GlobalSettingsRepoBase: globalgcsettings No matched key : rcs_initial_contact_sync_before_regi
07-21 01:31:18.015  1522  1667 I ContactCache<0>: sendMessageContactSync: Try contact sync after 3 sec.
07-21 01:31:18.031  1005  1893 E AppSearchIcing: icing-search-engine.cc:988: Failed to delete Document. namespace: android$contacts/, uri: 3794070;Failed to find DocumentId by key: android$contacts/, 3794070;Key not found 14119009796967068287 in DynamicTrieKeyMapper /data/system_ce/0/appsearch/icing/document_dir/key_mapper_dir/key_mapper.Failed to delete Document. namespace: android$contacts/, uri: 3794070
07-21 01:31:18.031  1005  1893 W AppSearchIcing: icing-search-engine.cc:217: Error: 5, Message: Failed to delete Document. namespace: android$contacts/, uri: 3794070;Failed to find DocumentId by key: android$contacts/, 3794070;Key not found 14119009796967068287 in DynamicTrieKeyMapper /data/system_ce/0/appsearch/icing/document_dir/key_mapper_dir/key_mapper.
07-21 01:31:18.056 11272 11282 D ContactsProviderUtils: isMultiSimModel : true
07-21 01:31:18.064  1005  2756 D WindowManager: setImageForCustomStartingWindow: componentName={com.android.contacts/com.android.contacts.activities.PeopleActivity}, fd=null, imagePath=auto, imagePathQualifier=null
07-21 01:31:18.065 11272 11282 D ContactsProvider-ScreenCaptureManager: delete starting window - Contacts
07-21 01:31:18.109  1240  1380 D MobileSignalController:Parveen: getSbInfo- typeIcon: 2131233045 statusIcon: [visible=true,icon=2131233122,contentDescription=Phone signal full.]
07-21 01:31:18.110  1240  1240 D StatusBarSignalPolicy: setMobileDataIndicators: MobileDataIndicators[statusIcon=[visible=true,icon=2131233122,contentDescription=Phone signal full.],qsIcon=[visible=true,icon=2131233122,contentDescription=Phone signal full.],statusType=2131233045,qsType=2131233045,activityIn=false,activityOut=false,typeContentDescription=4G,typeContentDescriptionHtml=4G,description=TelkomSA,subId=10,roaming=false,showTriangle=true,dataActivity=2131233097,roamingIcon=0]
07-21 01:31:18.110  1240  1240 D StatusBarSignalPolicy: MobileIconStates: mobile,  read=mobile[MobileIconState(subId=10, strengthId=2131233122, typeId=2131233045, visible=true, activityId=2131233097, roamingId=0, voiceNoServiceId=0, slotId=0), MobileIconState(subId=3, strengthId=2131233121, typeId=0, visible=true, activityId=0, roamingId=0, voiceNoServiceId=0, slotId=1)]
07-21 01:31:18.167  1363  1363 I NearbySharing: The contact book (uri: content://com.android.contacts) has been modified. Debouncing sync.
07-21 01:31:18.168  1522  1667 I ContactCache: ===== Contact updated. =====
07-21 01:31:18.168  1522  1667 I RcsUtils: isDualRcsSettings: false
07-21 01:31:18.168  1522  1667 I SimManager: isLabSimCard: state [LOADED] isLabSim [false]
07-21 01:31:18.168  1522  1667 E GlobalSettingsRepoBase: globalgcsettings No matched key : rcs_contact_sync_in_switch_off
07-21 01:31:18.173 16197 16197 I ZeroBattery_BroadcastReceiver: updateZeroBatteryContacts
07-21 01:31:18.173  1522  1667 D ImsConstants: getInt(system/rcs_user_setting) : -1, package : null
07-21 01:31:18.173  1522  1667 E GlobalSettingsRepoBase: globalgcsettings No matched key : rcs_initial_contact_sync_before_regi
07-21 01:31:18.174  1522  1667 I ContactCache<0>: sendMessageContactSync: Try contact sync after 3 sec.
07-21 01:31:18.190  1005  1893 E AppSearchIcing: icing-search-engine.cc:988: Failed to delete Document. namespace: android$contacts/, uri: 3794071;Failed to find DocumentId by key: android$contacts/, 3794071;Key not found 13945251160017985610 in DynamicTrieKeyMapper /data/system_ce/0/appsearch/icing/document_dir/key_mapper_dir/key_mapper.Failed to delete Document. namespace: android$contacts/, uri: 3794071
07-21 01:31:18.190  1005  1893 W AppSearchIcing: icing-search-engine.cc:217: Error: 5, Message: Failed to delete Document. namespace: android$contacts/, uri: 3794071;Failed to find DocumentId by key: android$contacts/, 3794071;Key not found 13945251160017985610 in DynamicTrieKeyMapper /data/system_ce/0/appsearch/icing/document_dir/key_mapper_dir/key_mapper.
07-21 01:31:18.217 11272 11282 D ContactsProviderUtils: isMultiSimModel : true
07-21 01:31:18.218  1005  2718 D WindowManager: setImageForCustomStartingWindow: componentName={com.android.contacts/com.android.contacts.activities.PeopleActivity}, fd=null, imagePath=auto, imagePathQualifier=null
07-21 01:31:18.219 11272 11282 D ContactsProvider-ScreenCaptureManager: delete starting window - Contacts
07-21 01:31:18.328  1363  1363 I NearbySharing: The contact book (uri: content://com.android.contacts) has been modified. Debouncing sync.
07-21 01:31:18.329  1522  1667 I ContactCache: ===== Contact updated. =====
07-21 01:31:18.329  1522  1667 I RcsUtils: isDualRcsSettings: false
07-21 01:31:18.329  1522  1667 I SimManager: isLabSimCard: state [LOADED] isLabSim [false]
07-21 01:31:18.329  1522  1667 E GlobalSettingsRepoBase: globalgcsettings No matched key : rcs_contact_sync_in_switch_off
07-21 01:31:18.333  1522  1667 D ImsConstants: getInt(system/rcs_user_setting) : -1, package : null
07-21 01:31:18.333  1522  1667 E GlobalSettingsRepoBase: globalgcsettings No matched key : rcs_initial_contact_sync_before_regi
07-21 01:31:18.333 16197 16197 I ZeroBattery_BroadcastReceiver: updateZeroBatteryContacts
07-21 01:31:18.334  1522  1667 I ContactCache<0>: sendMessageContactSync: Try contact sync after 3 sec.
07-21 01:31:18.351  1005  1893 E AppSearchIcing: icing-search-engine.cc:988: Failed to delete Document. namespace: android$contacts/, uri: 3794072;Failed to find DocumentId by key: android$contacts/, 3794072;Key not found 4964259871968612705 in DynamicTrieKeyMapper /data/system_ce/0/appsearch/icing/document_dir/key_mapper_dir/key_mapper.Failed to delete Document. namespace: android$contacts/, uri: 3794072
07-21 01:31:18.352  1005  1893 W AppSearchIcing: icing-search-engine.cc:217: Error: 5, Message: Failed to delete Document. namespace: android$contacts/, uri: 3794072;Failed to find DocumentId by key: android$contacts/, 3794072;Key not found 4964259871968612705 in DynamicTrieKeyMapper /data/system_ce/0/appsearch/icing/document_dir/key_mapper_dir/key_mapper.
07-21 01:31:18.379 11272 11496 D ContactsProviderUtils: isMultiSimModel : true
07-21 01:31:18.381  1005  2751 D WindowManager: setImageForCustomStartingWindow: componentName={com.android.contacts/com.android.contacts.activities.PeopleActivity}, fd=null, imagePath=auto, imagePathQualifier=null
07-21 01:31:18.382 11272 11496 D ContactsProvider-ScreenCaptureManager: delete starting window - Contacts
07-21 01:31:18.440  1240  1380 D MobileSignalController:Parveen: getSbInfo- typeIcon: 0 statusIcon: [visible=true,icon=2131233121,contentDescription=Phone three bars.]
07-21 01:31:18.441  1240  1240 D StatusBarSignalPolicy: setMobileDataIndicators: MobileDataIndicators[statusIcon=[visible=true,icon=2131233121,contentDescription=Phone three bars.],qsIcon=,statusType=0,qsType=0,activityIn=false,activityOut=false,typeContentDescription=4G,typeContentDescriptionHtml=4G,description=null,subId=3,roaming=false,showTriangle=true,dataActivity=0,roamingIcon=0]
07-21 01:31:18.441  1240  1240 D StatusBarSignalPolicy: MobileIconStates: mobile,  read=mobile[MobileIconState(subId=10, strengthId=2131233122, typeId=2131233045, visible=true, activityId=2131233097, roamingId=0, voiceNoServiceId=0, slotId=0), MobileIconState(subId=3, strengthId=2131233121, typeId=0, visible=true, activityId=0, roamingId=0, voiceNoServiceId=0, slotId=1)]
07-21 01:31:18.492  1363  1363 I NearbySharing: The contact book (uri: content://com.android.contacts) has been modified. Debouncing sync.
07-21 01:31:18.493  1522  1667 I ContactCache: ===== Contact updated. =====
07-21 01:31:18.493  1522  1667 I RcsUtils: isDualRcsSettings: false
07-21 01:31:18.494  1522  1667 I SimManager: isLabSimCard: state [LOADED] isLabSim [false]
07-21 01:31:18.494  1522  1667 E GlobalSettingsRepoBase: globalgcsettings No matched key : rcs_contact_sync_in_switch_off
07-21 01:31:18.497  1522  1667 D ImsConstants: getInt(system/rcs_user_setting) : -1, package : null
07-21 01:31:18.498  1522  1667 E GlobalSettingsRepoBase: globalgcsettings No matched key : rcs_initial_contact_sync_before_regi
07-21 01:31:18.498  1522  1667 I ContactCache<0>: sendMessageContactSync: Try contact sync after 3 sec.
07-21 01:31:18.498 16197 16197 I ZeroBattery_BroadcastReceiver: updateZeroBatteryContacts
07-21 01:31:18.514  1005  1893 E AppSearchIcing: icing-search-engine.cc:988: Failed to delete Document. namespace: android$contacts/, uri: 3794073;Failed to find DocumentId by key: android$contacts/, 3794073;Key not found 8837141106067030693 in DynamicTrieKeyMapper /data/system_ce/0/appsearch/icing/document_dir/key_mapper_dir/key_mapper.Failed to delete Document. namespace: android$contacts/, uri: 3794073
