07-21 01:31:18.514  1005  1893 W AppSearchIcing: icing-search-engine.cc:217: Error: 5, Message: Failed to delete Document. namespace: android$contacts/, uri: 3794073;Failed to find DocumentId by key: android$contacts/, 3794073;Key not found 8837141106067030693 in DynamicTrieKeyMapper /data/system_ce/0/appsearch/icing/document_dir/key_mapper_dir/key_mapper.
07-21 01:31:18.534 11272 11496 D ContactsProviderUtils: isMultiSimModel : true
07-21 01:31:18.536  1005  2718 D WindowManager: setImageForCustomStartingWindow: componentName={com.android.contacts/com.android.contacts.activities.PeopleActivity}, fd=null, imagePath=auto, imagePathQualifier=null
07-21 01:31:18.537 11272 11496 D ContactsProvider-ScreenCaptureManager: delete starting window - Contacts
07-21 01:31:18.636  1363  1363 I NearbySharing: The contact book (uri: content://com.android.contacts) has been modified. Debouncing sync.
07-21 01:31:18.637  1522  1667 I ContactCache: ===== Contact updated. =====
07-21 01:31:18.637  1522  1667 I RcsUtils: isDualRcsSettings: false
07-21 01:31:18.637  1522  1667 I SimManager: isLabSimCard: state [LOADED] isLabSim [false]
07-21 01:31:18.637  1522  1667 E GlobalSettingsRepoBase: globalgcsettings No matched key : rcs_contact_sync_in_switch_off
07-21 01:31:18.641 16197 16197 I ZeroBattery_BroadcastReceiver: updateZeroBatteryContacts
07-21 01:31:18.641  1522  1667 D ImsConstants: getInt(system/rcs_user_setting) : -1, package : null
07-21 01:31:18.642  1522  1667 E GlobalSettingsRepoBase: globalgcsettings No matched key : rcs_initial_contact_sync_before_regi
07-21 01:31:18.642  1522  1667 I ContactCache<0>: sendMessageContactSync: Try contact sync after 3 sec.
07-21 01:31:18.655  1005  1893 E AppSearchIcing: icing-search-engine.cc:988: Failed to delete Document. namespace: android$contacts/, uri: 3794074;Failed to find DocumentId by key: android$contacts/, 3794074;Key not found 8688057719301281551 in DynamicTrieKeyMapper /data/system_ce/0/appsearch/icing/document_dir/key_mapper_dir/key_mapper.Failed to delete Document. namespace: android$contacts/, uri: 3794074
07-21 01:31:18.655  1005  1893 W AppSearchIcing: icing-search-engine.cc:217: Error: 5, Message: Failed to delete Document. namespace: android$contacts/, uri: 3794074;Failed to find DocumentId by key: android$contacts/, 3794074;Key not found 8688057719301281551 in DynamicTrieKeyMapper /data/system_ce/0/appsearch/icing/document_dir/key_mapper_dir/key_mapper.
07-21 01:31:18.679 11272 13174 D ContactsProviderUtils: isMultiSimModel : true
07-21 01:31:18.681  1005  2751 D WindowManager: setImageForCustomStartingWindow: componentName={com.android.contacts/com.android.contacts.activities.PeopleActivity}, fd=null, imagePath=auto, imagePathQualifier=null
07-21 01:31:18.681 11272 13174 D ContactsProvider-ScreenCaptureManager: delete starting window - Contacts
07-21 01:31:18.752  3720  3724 I nu.bi.moya: Background young concurrent copying GC freed 16MB AllocSpace bytes, 0(0B) LOS objects, 41% free, 24MB/41MB, paused 253us,143us total 344.811ms
07-21 01:31:18.753   422   422 I io_stats: !@ 179,0 r 275240467 1731352881 w 36703096 340876956 d 2611770 38925756 f 10516193 3780908 iot 111113680 103649411 th 102400 0 0 pt 0 inp 0 0 917760.368
07-21 01:31:18.791  1363  1363 I NearbySharing: The contact book (uri: content://com.android.contacts) has been modified. Debouncing sync.
07-21 01:31:18.792  1522  1667 I ContactCache: ===== Contact updated. =====
07-21 01:31:18.793  1522  1667 I RcsUtils: isDualRcsSettings: false
07-21 01:31:18.793  1522  1667 I SimManager: isLabSimCard: state [LOADED] isLabSim [false]
07-21 01:31:18.793  1522  1667 E GlobalSettingsRepoBase: globalgcsettings No matched key : rcs_contact_sync_in_switch_off
07-21 01:31:18.796  1522  1667 D ImsConstants: getInt(system/rcs_user_setting) : -1, package : null
07-21 01:31:18.797  1522  1667 E GlobalSettingsRepoBase: globalgcsettings No matched key : rcs_initial_contact_sync_before_regi
07-21 01:31:18.797 16197 16197 I ZeroBattery_BroadcastReceiver: updateZeroBatteryContacts
07-21 01:31:18.797  1522  1667 I ContactCache<0>: sendMessageContactSync: Try contact sync after 3 sec.
07-21 01:31:18.811  1005  1893 E AppSearchIcing: icing-search-engine.cc:988: Failed to delete Document. namespace: android$contacts/, uri: 3794075;Failed to find DocumentId by key: android$contacts/, 3794075;Key not found 12282195075036086900 in DynamicTrieKeyMapper /data/system_ce/0/appsearch/icing/document_dir/key_mapper_dir/key_mapper.Failed to delete Document. namespace: android$contacts/, uri: 3794075
07-21 01:31:18.811  1005  1893 W AppSearchIcing: icing-search-engine.cc:217: Error: 5, Message: Failed to delete Document. namespace: android$contacts/, uri: 3794075;Failed to find DocumentId by key: android$contacts/, 3794075;Key not found 12282195075036086900 in DynamicTrieKeyMapper /data/system_ce/0/appsearch/icing/document_dir/key_mapper_dir/key_mapper.
07-21 01:31:18.838 11272 13174 D ContactsProviderUtils: isMultiSimModel : true
07-21 01:31:18.840  1005  2718 D WindowManager: setImageForCustomStartingWindow: componentName={com.android.contacts/com.android.contacts.activities.PeopleActivity}, fd=null, imagePath=auto, imagePathQualifier=null
07-21 01:31:18.841 11272 13174 D ContactsProvider-ScreenCaptureManager: delete starting window - Contacts
07-21 01:31:18.941  1363  1363 I NearbySharing: The contact book (uri: content://com.android.contacts) has been modified. Debouncing sync.
07-21 01:31:18.943  1522  1667 I ContactCache: ===== Contact updated. =====
07-21 01:31:18.943  1522  1667 I RcsUtils: isDualRcsSettings: false
07-21 01:31:18.943  1522  1667 I SimManager: isLabSimCard: state [LOADED] isLabSim [false]
07-21 01:31:18.943  1522  1667 E GlobalSettingsRepoBase: globalgcsettings No matched key : rcs_contact_sync_in_switch_off
07-21 01:31:18.947 16197 16197 I ZeroBattery_BroadcastReceiver: updateZeroBatteryContacts
07-21 01:31:18.947  1522  1667 D ImsConstants: getInt(system/rcs_user_setting) : -1, package : null
07-21 01:31:18.948  1522  1667 E GlobalSettingsRepoBase: globalgcsettings No matched key : rcs_initial_contact_sync_before_regi
07-21 01:31:18.948  1522  1667 I ContactCache<0>: sendMessageContactSync: Try contact sync after 3 sec.
07-21 01:31:18.964  1005  1893 E AppSearchIcing: icing-search-engine.cc:988: Failed to delete Document. namespace: android$contacts/, uri: 3794076;Failed to find DocumentId by key: android$contacts/, 3794076;Key not found 14754013024086199871 in DynamicTrieKeyMapper /data/system_ce/0/appsearch/icing/document_dir/key_mapper_dir/key_mapper.Failed to delete Document. namespace: android$contacts/, uri: 3794076
07-21 01:31:18.964  1005  1893 W AppSearchIcing: icing-search-engine.cc:217: Error: 5, Message: Failed to delete Document. namespace: android$contacts/, uri: 3794076;Failed to find DocumentId by key: android$contacts/, 3794076;Key not found 14754013024086199871 in DynamicTrieKeyMapper /data/system_ce/0/appsearch/icing/document_dir/key_mapper_dir/key_mapper.
07-21 01:31:18.986 11272 13168 D ContactsProviderUtils: isMultiSimModel : true
07-21 01:31:18.988  1005  2718 D WindowManager: setImageForCustomStartingWindow: componentName={com.android.contacts/com.android.contacts.activities.PeopleActivity}, fd=null, imagePath=auto, imagePathQualifier=null
07-21 01:31:18.989 11272 13168 D ContactsProvider-ScreenCaptureManager: delete starting window - Contacts
07-21 01:31:19.086  1363  1363 I NearbySharing: The contact book (uri: content://com.android.contacts) has been modified. Debouncing sync.
07-21 01:31:19.088  1522  1667 I ContactCache: ===== Contact updated. =====
07-21 01:31:19.088  1522  1667 I RcsUtils: isDualRcsSettings: false
07-21 01:31:19.088  1522  1667 I SimManager: isLabSimCard: state [LOADED] isLabSim [false]
07-21 01:31:19.088  1522  1667 E GlobalSettingsRepoBase: globalgcsettings No matched key : rcs_contact_sync_in_switch_off
07-21 01:31:19.091  1522  1667 D ImsConstants: getInt(system/rcs_user_setting) : -1, package : null
07-21 01:31:19.092  1522  1667 E GlobalSettingsRepoBase: globalgcsettings No matched key : rcs_initial_contact_sync_before_regi
07-21 01:31:19.092  1522  1667 I ContactCache<0>: sendMessageContactSync: Try contact sync after 3 sec.
07-21 01:31:19.092 16197 16197 I ZeroBattery_BroadcastReceiver: updateZeroBatteryContacts
07-21 01:31:19.105  1005  1893 E AppSearchIcing: icing-search-engine.cc:988: Failed to delete Document. namespace: android$contacts/, uri: 3794077;Failed to find DocumentId by key: android$contacts/, 3794077;Key not found 9713294881448042602 in DynamicTrieKeyMapper /data/system_ce/0/appsearch/icing/document_dir/key_mapper_dir/key_mapper.Failed to delete Document. namespace: android$contacts/, uri: 3794077
07-21 01:31:19.105  1005  1893 W AppSearchIcing: icing-search-engine.cc:217: Error: 5, Message: Failed to delete Document. namespace: android$contacts/, uri: 3794077;Failed to find DocumentId by key: android$contacts/, 3794077;Key not found 9713294881448042602 in DynamicTrieKeyMapper /data/system_ce/0/appsearch/icing/document_dir/key_mapper_dir/key_mapper.
07-21 01:31:19.132  1240  1380 D MobileSignalController:Parveen: getSbInfo- typeIcon: 2131233045 statusIcon: [visible=true,icon=2131233122,contentDescription=Phone signal full.]
07-21 01:31:19.132  1240  1240 D StatusBarSignalPolicy: setMobileDataIndicators: MobileDataIndicators[statusIcon=[visible=true,icon=2131233122,contentDescription=Phone signal full.],qsIcon=[visible=true,icon=2131233122,contentDescription=Phone signal full.],statusType=2131233045,qsType=2131233045,activityIn=true,activityOut=true,typeContentDescription=4G,typeContentDescriptionHtml=4G,description=TelkomSA,subId=10,roaming=false,showTriangle=true,dataActivity=2131233096,roamingIcon=0]
07-21 01:31:19.132  1240  1240 D StatusBarSignalPolicy: MobileIconStates: mobile,  read=mobile[MobileIconState(subId=10, strengthId=2131233122, typeId=2131233045, visible=true, activityId=2131233096, roamingId=0, voiceNoServiceId=0, slotId=0), MobileIconState(subId=3, strengthId=2131233121, typeId=0, visible=true, activityId=0, roamingId=0, voiceNoServiceId=0, slotId=1)]
07-21 01:31:19.134 11272 11496 D ContactsProviderUtils: isMultiSimModel : true
07-21 01:31:19.135  1005  2718 D WindowManager: setImageForCustomStartingWindow: componentName={com.android.contacts/com.android.contacts.activities.PeopleActivity}, fd=null, imagePath=auto, imagePathQualifier=null
07-21 01:31:19.136 11272 11496 D ContactsProvider-ScreenCaptureManager: delete starting window - Contacts
07-21 01:31:19.242  1363  1363 I NearbySharing: The contact book (uri: content://com.android.contacts) has been modified. Debouncing sync.
07-21 01:31:19.243  1522  1667 I ContactCache: ===== Contact updated. =====
07-21 01:31:19.243  1522  1667 I RcsUtils: isDualRcsSettings: false
07-21 01:31:19.243  1522  1667 I SimManager: isLabSimCard: state [LOADED] isLabSim [false]
07-21 01:31:19.244  1522  1667 E GlobalSettingsRepoBase: globalgcsettings No matched key : rcs_contact_sync_in_switch_off
07-21 01:31:19.247  1522  1667 D ImsConstants: getInt(system/rcs_user_setting) : -1, package : null
07-21 01:31:19.247  1522  1667 E GlobalSettingsRepoBase: globalgcsettings No matched key : rcs_initial_contact_sync_before_regi
07-21 01:31:19.247  1522  1667 I ContactCache<0>: sendMessageContactSync: Try contact sync after 3 sec.
07-21 01:31:19.249 16197 16197 I ZeroBattery_BroadcastReceiver: updateZeroBatteryContacts
07-21 01:31:19.266  1005  1893 E AppSearchIcing: icing-search-engine.cc:988: Failed to delete Document. namespace: android$contacts/, uri: 3794078;Failed to find DocumentId by key: android$contacts/, 3794078;Key not found 1581336587794296180 in DynamicTrieKeyMapper /data/system_ce/0/appsearch/icing/document_dir/key_mapper_dir/key_mapper.Failed to delete Document. namespace: android$contacts/, uri: 3794078
07-21 01:31:19.266  1005  1893 W AppSearchIcing: icing-search-engine.cc:217: Error: 5, Message: Failed to delete Document. namespace: android$contacts/, uri: 3794078;Failed to find DocumentId by key: android$contacts/, 3794078;Key not found 1581336587794296180 in DynamicTrieKeyMapper /data/system_ce/0/appsearch/icing/document_dir/key_mapper_dir/key_mapper.
07-21 01:31:19.294 11272 11496 D ContactsProviderUtils: isMultiSimModel : true
07-21 01:31:19.297  1005  2718 D WindowManager: setImageForCustomStartingWindow: componentName={com.android.contacts/com.android.contacts.activities.PeopleActivity}, fd=null, imagePath=auto, imagePathQualifier=null
07-21 01:31:19.298 11272 11496 D ContactsProvider-ScreenCaptureManager: delete starting window - Contacts
07-21 01:31:19.437  1363  1363 I NearbySharing: The contact book (uri: content://com.android.contacts) has been modified. Debouncing sync.
07-21 01:31:19.438  1522  1667 I ContactCache: ===== Contact updated. =====
07-21 01:31:19.438  1522  1667 I RcsUtils: isDualRcsSettings: false
07-21 01:31:19.438  1522  1667 I SimManager: isLabSimCard: state [LOADED] isLabSim [false]
07-21 01:31:19.438  1522  1667 E GlobalSettingsRepoBase: globalgcsettings No matched key : rcs_contact_sync_in_switch_off
07-21 01:31:19.443  1522  1667 D ImsConstants: getInt(system/rcs_user_setting) : -1, package : null
07-21 01:31:19.443  1522  1667 E GlobalSettingsRepoBase: globalgcsettings No matched key : rcs_initial_contact_sync_before_regi
07-21 01:31:19.443  1522  1667 I ContactCache<0>: sendMessageContactSync: Try contact sync after 3 sec.
07-21 01:31:19.443 16197 16197 I ZeroBattery_BroadcastReceiver: updateZeroBatteryContacts
07-21 01:31:19.467  1005  1893 E AppSearchIcing: icing-search-engine.cc:988: Failed to delete Document. namespace: android$contacts/, uri: 3794079;Failed to find DocumentId by key: android$contacts/, 3794079;Key not found 1574728626427892284 in DynamicTrieKeyMapper /data/system_ce/0/appsearch/icing/document_dir/key_mapper_dir/key_mapper.Failed to delete Document. namespace: android$contacts/, uri: 3794079
07-21 01:31:19.467  1005  1893 W AppSearchIcing: icing-search-engine.cc:217: Error: 5, Message: Failed to delete Document. namespace: android$contacts/, uri: 3794079;Failed to find DocumentId by key: android$contacts/, 3794079;Key not found 1574728626427892284 in DynamicTrieKeyMapper /data/system_ce/0/appsearch/icing/document_dir/key_mapper_dir/key_mapper.
07-21 01:31:19.473  1240  1380 D MobileSignalController:Parveen: getSbInfo- typeIcon: 0 statusIcon: [visible=true,icon=2131233121,contentDescription=Phone three bars.]
07-21 01:31:19.474  1240  1240 D StatusBarSignalPolicy: setMobileDataIndicators: MobileDataIndicators[statusIcon=[visible=true,icon=2131233121,contentDescription=Phone three bars.],qsIcon=,statusType=0,qsType=0,activityIn=false,activityOut=false,typeContentDescription=4G,typeContentDescriptionHtml=4G,description=null,subId=3,roaming=false,showTriangle=true,dataActivity=0,roamingIcon=0]
07-21 01:31:19.474  1240  1240 D StatusBarSignalPolicy: MobileIconStates: mobile,  read=mobile[MobileIconState(subId=10, strengthId=2131233122, typeId=2131233045, visible=true, activityId=2131233096, roamingId=0, voiceNoServiceId=0, slotId=0), MobileIconState(subId=3, strengthId=2131233121, typeId=0, visible=true, activityId=0, roamingId=0, voiceNoServiceId=0, slotId=1)]
07-21 01:31:19.507 11272 13168 D ContactsProviderUtils: isMultiSimModel : true
07-21 01:31:19.510  1005  2718 D WindowManager: setImageForCustomStartingWindow: componentName={com.android.contacts/com.android.contacts.activities.PeopleActivity}, fd=null, imagePath=auto, imagePathQualifier=null
07-21 01:31:19.511 11272 13168 D ContactsProvider-ScreenCaptureManager: delete starting window - Contacts
07-21 01:31:19.608  1005  1018 I system_server: Background young concurrent copying GC freed 17MB AllocSpace bytes, 43(2204KB) LOS objects, 16% free, 101MB/121MB, paused 732us,690us total 325.484ms
07-21 01:31:19.650  1005  1020 W System  : A resource failed to call HardwareBuffer.close. 
07-21 01:31:19.693  1363  1363 I NearbySharing: The contact book (uri: content://com.android.contacts) has been modified. Debouncing sync.
07-21 01:31:19.694  1522  1667 I ContactCache: ===== Contact updated. =====
07-21 01:31:19.694  1522  1667 I RcsUtils: isDualRcsSettings: false
07-21 01:31:19.694  1522  1667 I SimManager: isLabSimCard: state [LOADED] isLabSim [false]
07-21 01:31:19.694  1522  1667 E GlobalSettingsRepoBase: globalgcsettings No matched key : rcs_contact_sync_in_switch_off
07-21 01:31:19.698  1522  1667 D ImsConstants: getInt(system/rcs_user_setting) : -1, package : null
07-21 01:31:19.699 16197 16197 I ZeroBattery_BroadcastReceiver: updateZeroBatteryContacts
07-21 01:31:19.699  1522  1667 E GlobalSettingsRepoBase: globalgcsettings No matched key : rcs_initial_contact_sync_before_regi
07-21 01:31:19.699  1522  1667 I ContactCache<0>: sendMessageContactSync: Try contact sync after 3 sec.
07-21 01:31:19.741  1005  1893 E AppSearchIcing: icing-search-engine.cc:988: Failed to delete Document. namespace: android$contacts/, uri: 3794080;Failed to find DocumentId by key: android$contacts/, 3794080;Key not found 10576363048358173134 in DynamicTrieKeyMapper /data/system_ce/0/appsearch/icing/document_dir/key_mapper_dir/key_mapper.Failed to delete Document. namespace: android$contacts/, uri: 3794080
07-21 01:31:19.741  1005  1893 W AppSearchIcing: icing-search-engine.cc:217: Error: 5, Message: Failed to delete Document. namespace: android$contacts/, uri: 3794080;Failed to find DocumentId by key: android$contacts/, 3794080;Key not found 10576363048358173134 in DynamicTrieKeyMapper /data/system_ce/0/appsearch/icing/document_dir/key_mapper_dir/key_mapper.
07-21 01:31:19.763 11272 13168 D ContactsProviderUtils: isMultiSimModel : true
07-21 01:31:19.767  1005  1022 D WindowManager: setImageForCustomStartingWindow: componentName={com.android.contacts/com.android.contacts.activities.PeopleActivity}, fd=null, imagePath=auto, imagePathQualifier=null
07-21 01:31:19.768 11272 13168 D ContactsProvider-ScreenCaptureManager: delete starting window - Contacts
07-21 01:31:19.862  1363  1363 I NearbySharing: The contact book (uri: content://com.android.contacts) has been modified. Debouncing sync.
07-21 01:31:19.863  1522  1667 I ContactCache: ===== Contact updated. =====
07-21 01:31:19.864  1522  1667 I RcsUtils: isDualRcsSettings: false
07-21 01:31:19.864  1522  1667 I SimManager: isLabSimCard: state [LOADED] isLabSim [false]
07-21 01:31:19.864  1522  1667 E GlobalSettingsRepoBase: globalgcsettings No matched key : rcs_contact_sync_in_switch_off
07-21 01:31:19.866  1522  1667 D ImsConstants: getInt(system/rcs_user_setting) : -1, package : null
07-21 01:31:19.867  1522  1667 E GlobalSettingsRepoBase: globalgcsettings No matched key : rcs_initial_contact_sync_before_regi
07-21 01:31:19.867  1522  1667 I ContactCache<0>: sendMessageContactSync: Try contact sync after 3 sec.
07-21 01:31:19.868 16197 16197 I ZeroBattery_BroadcastReceiver: updateZeroBatteryContacts
07-21 01:31:19.882  1005  1893 E AppSearchIcing: icing-search-engine.cc:988: Failed to delete Document. namespace: android$contacts/, uri: 3794081;Failed to find DocumentId by key: android$contacts/, 3794081;Key not found 15009430623333816373 in DynamicTrieKeyMapper /data/system_ce/0/appsearch/icing/document_dir/key_mapper_dir/key_mapper.Failed to delete Document. namespace: android$contacts/, uri: 3794081
07-21 01:31:19.882  1005  1893 W AppSearchIcing: icing-search-engine.cc:217: Error: 5, Message: Failed to delete Document. namespace: android$contacts/, uri: 3794081;Failed to find DocumentId by key: android$contacts/, 3794081;Key not found 15009430623333816373 in DynamicTrieKeyMapper /data/system_ce/0/appsearch/icing/document_dir/key_mapper_dir/key_mapper.
07-21 01:31:19.912 11272 13168 D ContactsProviderUtils: isMultiSimModel : true
07-21 01:31:19.914  1005  2756 D WindowManager: setImageForCustomStartingWindow: componentName={com.android.contacts/com.android.contacts.activities.PeopleActivity}, fd=null, imagePath=auto, imagePathQualifier=null
07-21 01:31:19.915 11272 13168 D ContactsProvider-ScreenCaptureManager: delete starting window - Contacts
07-21 01:31:20.022  1363  1363 I NearbySharing: The contact book (uri: content://com.android.contacts) has been modified. Debouncing sync.
07-21 01:31:20.023  1522  1667 I ContactCache: ===== Contact updated. =====
07-21 01:31:20.024  1522  1667 I RcsUtils: isDualRcsSettings: false
07-21 01:31:20.024  1522  1667 I SimManager: isLabSimCard: state [LOADED] isLabSim [false]
07-21 01:31:20.024  1522  1667 E GlobalSettingsRepoBase: globalgcsettings No matched key : rcs_contact_sync_in_switch_off
07-21 01:31:20.028 16197 16197 I ZeroBattery_BroadcastReceiver: updateZeroBatteryContacts
07-21 01:31:20.031  1522  1667 D ImsConstants: getInt(system/rcs_user_setting) : -1, package : null
07-21 01:31:20.032  1522  1667 E GlobalSettingsRepoBase: globalgcsettings No matched key : rcs_initial_contact_sync_before_regi
07-21 01:31:20.032  1522  1667 I ContactCache<0>: sendMessageContactSync: Try contact sync after 3 sec.
07-21 01:31:20.043  1005  1893 E AppSearchIcing: icing-search-engine.cc:988: Failed to delete Document. namespace: android$contacts/, uri: 3794082;Failed to find DocumentId by key: android$contacts/, 3794082;Key not found 18429001363970992509 in DynamicTrieKeyMapper /data/system_ce/0/appsearch/icing/document_dir/key_mapper_dir/key_mapper.Failed to delete Document. namespace: android$contacts/, uri: 3794082
07-21 01:31:20.043  1005  1893 W AppSearchIcing: icing-search-engine.cc:217: Error: 5, Message: Failed to delete Document. namespace: android$contacts/, uri: 3794082;Failed to find DocumentId by key: android$contacts/, 3794082;Key not found 18429001363970992509 in DynamicTrieKeyMapper /data/system_ce/0/appsearch/icing/document_dir/key_mapper_dir/key_mapper.
07-21 01:31:20.068 11272 12352 D ContactsProviderUtils: isMultiSimModel : true
07-21 01:31:20.070  1005  2756 D WindowManager: setImageForCustomStartingWindow: componentName={com.android.contacts/com.android.contacts.activities.PeopleActivity}, fd=null, imagePath=auto, imagePathQualifier=null
07-21 01:31:20.071 11272 12352 D ContactsProvider-ScreenCaptureManager: delete starting window - Contacts
07-21 01:31:20.183  1363  1363 I NearbySharing: The contact book (uri: content://com.android.contacts) has been modified. Debouncing sync.
07-21 01:31:20.184  1522  1667 I ContactCache: ===== Contact updated. =====
07-21 01:31:20.184  1522  1667 I RcsUtils: isDualRcsSettings: false
07-21 01:31:20.184  1522  1667 I SimManager: isLabSimCard: state [LOADED] isLabSim [false]
07-21 01:31:20.184  1522  1667 E GlobalSettingsRepoBase: globalgcsettings No matched key : rcs_contact_sync_in_switch_off
07-21 01:31:20.187  1522  1667 D ImsConstants: getInt(system/rcs_user_setting) : -1, package : null
07-21 01:31:20.187  1522  1667 E GlobalSettingsRepoBase: globalgcsettings No matched key : rcs_initial_contact_sync_before_regi
07-21 01:31:20.187  1522  1667 I ContactCache<0>: sendMessageContactSync: Try contact sync after 3 sec.
07-21 01:31:20.188 16197 16197 I ZeroBattery_BroadcastReceiver: updateZeroBatteryContacts
07-21 01:31:20.207  1005  1893 E AppSearchIcing: icing-search-engine.cc:988: Failed to delete Document. namespace: android$contacts/, uri: 3794083;Failed to find DocumentId by key: android$contacts/, 3794083;Key not found 13559971854138281511 in DynamicTrieKeyMapper /data/system_ce/0/appsearch/icing/document_dir/key_mapper_dir/key_mapper.Failed to delete Document. namespace: android$contacts/, uri: 3794083
07-21 01:31:20.207  1005  1893 W AppSearchIcing: icing-search-engine.cc:217: Error: 5, Message: Failed to delete Document. namespace: android$contacts/, uri: 3794083;Failed to find DocumentId by key: android$contacts/, 3794083;Key not found 13559971854138281511 in DynamicTrieKeyMapper /data/system_ce/0/appsearch/icing/document_dir/key_mapper_dir/key_mapper.
07-21 01:31:20.230 11272 12352 D ContactsProviderUtils: isMultiSimModel : true
07-21 01:31:20.232  1005  2751 D WindowManager: setImageForCustomStartingWindow: componentName={com.android.contacts/com.android.contacts.activities.PeopleActivity}, fd=null, imagePath=auto, imagePathQualifier=null
07-21 01:31:20.233 11272 12352 D ContactsProvider-ScreenCaptureManager: delete starting window - Contacts
07-21 01:31:20.327  1363  1363 I NearbySharing: The contact book (uri: content://com.android.contacts) has been modified. Debouncing sync.
07-21 01:31:20.328  1522  1667 I ContactCache: ===== Contact updated. =====
07-21 01:31:20.328  1522  1667 I RcsUtils: isDualRcsSettings: false
07-21 01:31:20.328  1522  1667 I SimManager: isLabSimCard: state [LOADED] isLabSim [false]
07-21 01:31:20.329  1522  1667 E GlobalSettingsRepoBase: globalgcsettings No matched key : rcs_contact_sync_in_switch_off
07-21 01:31:20.332 16197 16197 I ZeroBattery_BroadcastReceiver: updateZeroBatteryContacts
07-21 01:31:20.333  1522  1667 D ImsConstants: getInt(system/rcs_user_setting) : -1, package : null
07-21 01:31:20.333  1522  1667 E GlobalSettingsRepoBase: globalgcsettings No matched key : rcs_initial_contact_sync_before_regi
07-21 01:31:20.334  1522  1667 I ContactCache<0>: sendMessageContactSync: Try contact sync after 3 sec.
07-21 01:31:20.349  1005  1893 E AppSearchIcing: icing-search-engine.cc:988: Failed to delete Document. namespace: android$contacts/, uri: 3794084;Failed to find DocumentId by key: android$contacts/, 3794084;Key not found 4985362618084707341 in DynamicTrieKeyMapper /data/system_ce/0/appsearch/icing/document_dir/key_mapper_dir/key_mapper.Failed to delete Document. namespace: android$contacts/, uri: 3794084
07-21 01:31:20.349  1005  1893 W AppSearchIcing: icing-search-engine.cc:217: Error: 5, Message: Failed to delete Document. namespace: android$contacts/, uri: 3794084;Failed to find DocumentId by key: android$contacts/, 3794084;Key not found 4985362618084707341 in DynamicTrieKeyMapper /data/system_ce/0/appsearch/icing/document_dir/key_mapper_dir/key_mapper.
07-21 01:31:20.371 11272 12352 D ContactsProviderUtils: isMultiSimModel : true
07-21 01:31:20.373  1005  2756 D WindowManager: setImageForCustomStartingWindow: componentName={com.android.contacts/com.android.contacts.activities.PeopleActivity}, fd=null, imagePath=auto, imagePathQualifier=null
07-21 01:31:20.374 11272 12352 D ContactsProvider-ScreenCaptureManager: delete starting window - Contacts
07-21 01:31:20.479  1363  1363 I NearbySharing: The contact book (uri: content://com.android.contacts) has been modified. Debouncing sync.
07-21 01:31:20.480  1522  1667 I ContactCache: ===== Contact updated. =====
07-21 01:31:20.480  1522  1667 I RcsUtils: isDualRcsSettings: false
07-21 01:31:20.480  1522  1667 I SimManager: isLabSimCard: state [LOADED] isLabSim [false]
07-21 01:31:20.480  1522  1667 E GlobalSettingsRepoBase: globalgcsettings No matched key : rcs_contact_sync_in_switch_off
07-21 01:31:20.483  1522  1667 D ImsConstants: getInt(system/rcs_user_setting) : -1, package : null
07-21 01:31:20.483  1522  1667 E GlobalSettingsRepoBase: globalgcsettings No matched key : rcs_initial_contact_sync_before_regi
07-21 01:31:20.483  1522  1667 I ContactCache<0>: sendMessageContactSync: Try contact sync after 3 sec.
07-21 01:31:20.493 16197 16197 I ZeroBattery_BroadcastReceiver: updateZeroBatteryContacts
07-21 01:31:20.498  1005  1893 E AppSearchIcing: icing-search-engine.cc:988: Failed to delete Document. namespace: android$contacts/, uri: 3794085;Failed to find DocumentId by key: android$contacts/, 3794085;Key not found 16177718297388862042 in DynamicTrieKeyMapper /data/system_ce/0/appsearch/icing/document_dir/key_mapper_dir/key_mapper.Failed to delete Document. namespace: android$contacts/, uri: 3794085
07-21 01:31:20.498  1005  1893 W AppSearchIcing: icing-search-engine.cc:217: Error: 5, Message: Failed to delete Document. namespace: android$contacts/, uri: 3794085;Failed to find DocumentId by key: android$contacts/, 3794085;Key not found 16177718297388862042 in DynamicTrieKeyMapper /data/system_ce/0/appsearch/icing/document_dir/key_mapper_dir/key_mapper.
07-21 01:31:20.525 11272 12352 D ContactsProviderUtils: isMultiSimModel : true
07-21 01:31:20.527  1005  2756 D WindowManager: setImageForCustomStartingWindow: componentName={com.android.contacts/com.android.contacts.activities.PeopleActivity}, fd=null, imagePath=auto, imagePathQualifier=null
07-21 01:31:20.528 11272 12352 D ContactsProvider-ScreenCaptureManager: delete starting window - Contacts
07-21 01:31:20.552  1005  3938 D SSRM:TemperatureManager: SIOP:: , PST = 0 (W:30), BAT = 282
07-21 01:31:20.629  1363  1363 I NearbySharing: The contact book (uri: content://com.android.contacts) has been modified. Debouncing sync.
07-21 01:31:20.630  1522  1667 I ContactCache: ===== Contact updated. =====
07-21 01:31:20.630  1522  1667 I RcsUtils: isDualRcsSettings: false
07-21 01:31:20.630  1522  1667 I SimManager: isLabSimCard: state [LOADED] isLabSim [false]
07-21 01:31:20.630  1522  1667 E GlobalSettingsRepoBase: globalgcsettings No matched key : rcs_contact_sync_in_switch_off
07-21 01:31:20.634 16197 16197 I ZeroBattery_BroadcastReceiver: updateZeroBatteryContacts
07-21 01:31:20.636  1522  1667 D ImsConstants: getInt(system/rcs_user_setting) : -1, package : null
07-21 01:31:20.636  1522  1667 E GlobalSettingsRepoBase: globalgcsettings No matched key : rcs_initial_contact_sync_before_regi
07-21 01:31:20.636  1522  1667 I ContactCache<0>: sendMessageContactSync: Try contact sync after 3 sec.
07-21 01:31:20.647  1005  1893 E AppSearchIcing: icing-search-engine.cc:988: Failed to delete Document. namespace: android$contacts/, uri: 3794086;Failed to find DocumentId by key: android$contacts/, 3794086;Key not found 6952854710246476471 in DynamicTrieKeyMapper /data/system_ce/0/appsearch/icing/document_dir/key_mapper_dir/key_mapper.Failed to delete Document. namespace: android$contacts/, uri: 3794086
07-21 01:31:20.647  1005  1893 W AppSearchIcing: icing-search-engine.cc:217: Error: 5, Message: Failed to delete Document. namespace: android$contacts/, uri: 3794086;Failed to find DocumentId by key: android$contacts/, 3794086;Key not found 6952854710246476471 in DynamicTrieKeyMapper /data/system_ce/0/appsearch/icing/document_dir/key_mapper_dir/key_mapper.
07-21 01:31:20.687 11272 12352 D ContactsProviderUtils: isMultiSimModel : true
07-21 01:31:20.690  1005  2756 D WindowManager: setImageForCustomStartingWindow: componentName={com.android.contacts/com.android.contacts.activities.PeopleActivity}, fd=null, imagePath=auto, imagePathQualifier=null
07-21 01:31:20.691 11272 12352 D ContactsProvider-ScreenCaptureManager: delete starting window - Contacts
07-21 01:31:20.762   422   422 I io_stats: !@ 179,0 r 275240489 1731352969 w 36703586 340880488 d 2611770 38925756 f 10516195 3780910 iot 111113816 103649490 th 102400 0 0 pt 0 inp 0 0 917762.377
07-21 01:31:20.779  1363  1363 I NearbySharing: The contact book (uri: content://com.android.contacts) has been modified. Debouncing sync.
07-21 01:31:20.780  1522  1667 I ContactCache: ===== Contact updated. =====
07-21 01:31:20.780  1522  1667 I RcsUtils: isDualRcsSettings: false
07-21 01:31:20.780  1522  1667 I SimManager: isLabSimCard: state [LOADED] isLabSim [false]
07-21 01:31:20.781  1522  1667 E GlobalSettingsRepoBase: globalgcsettings No matched key : rcs_contact_sync_in_switch_off
07-21 01:31:20.784 16197 16197 I ZeroBattery_BroadcastReceiver: updateZeroBatteryContacts
07-21 01:31:20.786  1522  1667 D ImsConstants: getInt(system/rcs_user_setting) : -1, package : null
07-21 01:31:20.786  1522  1667 E GlobalSettingsRepoBase: globalgcsettings No matched key : rcs_initial_contact_sync_before_regi
07-21 01:31:20.786  1522  1667 I ContactCache<0>: sendMessageContactSync: Try contact sync after 3 sec.
07-21 01:31:20.802  1005  1893 E AppSearchIcing: icing-search-engine.cc:988: Failed to delete Document. namespace: android$contacts/, uri: 3794087;Failed to find DocumentId by key: android$contacts/, 3794087;Key not found 6207140194118628272 in DynamicTrieKeyMapper /data/system_ce/0/appsearch/icing/document_dir/key_mapper_dir/key_mapper.Failed to delete Document. namespace: android$contacts/, uri: 3794087
07-21 01:31:20.803  1005  1893 W AppSearchIcing: icing-search-engine.cc:217: Error: 5, Message: Failed to delete Document. namespace: android$contacts/, uri: 3794087;Failed to find DocumentId by key: android$contacts/, 3794087;Key not found 6207140194118628272 in DynamicTrieKeyMapper /data/system_ce/0/appsearch/icing/document_dir/key_mapper_dir/key_mapper.
07-21 01:31:20.822 11272 12352 D ContactsProviderUtils: isMultiSimModel : true
07-21 01:31:20.825  1005  2756 D WindowManager: setImageForCustomStartingWindow: componentName={com.android.contacts/com.android.contacts.activities.PeopleActivity}, fd=null, imagePath=auto, imagePathQualifier=null
07-21 01:31:20.825 11272 12352 D ContactsProvider-ScreenCaptureManager: delete starting window - Contacts
07-21 01:31:20.953  1363  1363 I NearbySharing: The contact book (uri: content://com.android.contacts) has been modified. Debouncing sync.
07-21 01:31:20.953  1522  1667 I ContactCache: ===== Contact updated. =====
07-21 01:31:20.953  1522  1667 I RcsUtils: isDualRcsSettings: false
07-21 01:31:20.954  1522  1667 I SimManager: isLabSimCard: state [LOADED] isLabSim [false]
07-21 01:31:20.954  1522  1667 E GlobalSettingsRepoBase: globalgcsettings No matched key : rcs_contact_sync_in_switch_off
07-21 01:31:20.957  1522  1667 D ImsConstants: getInt(system/rcs_user_setting) : -1, package : null
07-21 01:31:20.958  1522  1667 E GlobalSettingsRepoBase: globalgcsettings No matched key : rcs_initial_contact_sync_before_regi
07-21 01:31:20.958  1522  1667 I ContactCache<0>: sendMessageContactSync: Try contact sync after 3 sec.
07-21 01:31:20.959 16197 16197 I ZeroBattery_BroadcastReceiver: updateZeroBatteryContacts
07-21 01:31:20.973  1005  1893 E AppSearchIcing: icing-search-engine.cc:988: Failed to delete Document. namespace: android$contacts/, uri: 3794088;Failed to find DocumentId by key: android$contacts/, 3794088;Key not found 3389018077697907437 in DynamicTrieKeyMapper /data/system_ce/0/appsearch/icing/document_dir/key_mapper_dir/key_mapper.Failed to delete Document. namespace: android$contacts/, uri: 3794088
07-21 01:31:20.973  1005  1893 W AppSearchIcing: icing-search-engine.cc:217: Error: 5, Message: Failed to delete Document. namespace: android$contacts/, uri: 3794088;Failed to find DocumentId by key: android$contacts/, 3794088;Key not found 3389018077697907437 in DynamicTrieKeyMapper /data/system_ce/0/appsearch/icing/document_dir/key_mapper_dir/key_mapper.
07-21 01:31:20.996 11272 12352 D ContactsProviderUtils: isMultiSimModel : true
07-21 01:31:20.998  1005  2756 D WindowManager: setImageForCustomStartingWindow: componentName={com.android.contacts/com.android.contacts.activities.PeopleActivity}, fd=null, imagePath=auto, imagePathQualifier=null
07-21 01:31:20.999 11272 12352 D ContactsProvider-ScreenCaptureManager: delete starting window - Contacts
07-21 01:31:21.106  1363  1363 I NearbySharing: The contact book (uri: content://com.android.contacts) has been modified. Debouncing sync.
07-21 01:31:21.107  1522  1667 I ContactCache: ===== Contact updated. =====
07-21 01:31:21.107  1522  1667 I RcsUtils: isDualRcsSettings: false
07-21 01:31:21.107  1522  1667 I SimManager: isLabSimCard: state [LOADED] isLabSim [false]
07-21 01:31:21.108  1522  1667 E GlobalSettingsRepoBase: globalgcsettings No matched key : rcs_contact_sync_in_switch_off
07-21 01:31:21.112 16197 16197 I ZeroBattery_BroadcastReceiver: updateZeroBatteryContacts
07-21 01:31:21.112  1522  1667 D ImsConstants: getInt(system/rcs_user_setting) : -1, package : null
07-21 01:31:21.113  1522  1667 E GlobalSettingsRepoBase: globalgcsettings No matched key : rcs_initial_contact_sync_before_regi
07-21 01:31:21.113  1522  1667 I ContactCache<0>: sendMessageContactSync: Try contact sync after 3 sec.
07-21 01:31:21.113 11272 11276 I d.process.acore: Method exceeds compiler instruction limit: 20556 in android.database.Cursor com.android.providers.contacts.ContactsProvider2.queryLocal(android.net.Uri, java.lang.String[], java.lang.String, java.lang.String[], java.lang.String, long, android.os.CancellationSignal)
07-21 01:31:21.129  1005  1893 E AppSearchIcing: icing-search-engine.cc:988: Failed to delete Document. namespace: android$contacts/, uri: 3794089;Failed to find DocumentId by key: android$contacts/, 3794089;Key not found 16914417192283386068 in DynamicTrieKeyMapper /data/system_ce/0/appsearch/icing/document_dir/key_mapper_dir/key_mapper.Failed to delete Document. namespace: android$contacts/, uri: 3794089
07-21 01:31:21.129  1005  1893 W AppSearchIcing: icing-search-engine.cc:217: Error: 5, Message: Failed to delete Document. namespace: android$contacts/, uri: 3794089;Failed to find DocumentId by key: android$contacts/, 3794089;Key not found 16914417192283386068 in DynamicTrieKeyMapper /data/system_ce/0/appsearch/icing/document_dir/key_mapper_dir/key_mapper.
07-21 01:31:21.151 11272 12352 D ContactsProviderUtils: isMultiSimModel : true
07-21 01:31:21.152  1005  2756 D WindowManager: setImageForCustomStartingWindow: componentName={com.android.contacts/com.android.contacts.activities.PeopleActivity}, fd=null, imagePath=auto, imagePathQualifier=null
07-21 01:31:21.153 11272 12352 D ContactsProvider-ScreenCaptureManager: delete starting window - Contacts
07-21 01:31:21.199  3720  3724 I nu.bi.moya: Background concurrent copying GC freed 21MB AllocSpace bytes, 2(104KB) LOS objects, 49% free, 20MB/41MB, paused 213us,144us total 398.643ms
07-21 01:31:21.274  1363  1363 I NearbySharing: The contact book (uri: content://com.android.contacts) has been modified. Debouncing sync.
07-21 01:31:21.276  1522  1667 I ContactCache: ===== Contact updated. =====
07-21 01:31:21.276  1522  1667 I RcsUtils: isDualRcsSettings: false
07-21 01:31:21.276  1522  1667 I SimManager: isLabSimCard: state [LOADED] isLabSim [false]
07-21 01:31:21.276  1522  1667 E GlobalSettingsRepoBase: globalgcsettings No matched key : rcs_contact_sync_in_switch_off
07-21 01:31:21.279  1522  1667 D ImsConstants: getInt(system/rcs_user_setting) : -1, package : null
07-21 01:31:21.279  1522  1667 E GlobalSettingsRepoBase: globalgcsettings No matched key : rcs_initial_contact_sync_before_regi
07-21 01:31:21.279  1522  1667 I ContactCache<0>: sendMessageContactSync: Try contact sync after 3 sec.
07-21 01:31:21.281 16197 16197 I ZeroBattery_BroadcastReceiver: updateZeroBatteryContacts
07-21 01:31:21.296  1005  1893 E AppSearchIcing: icing-search-engine.cc:988: Failed to delete Document. namespace: android$contacts/, uri: 3794090;Failed to find DocumentId by key: android$contacts/, 3794090;Key not found 10641498880467541644 in DynamicTrieKeyMapper /data/system_ce/0/appsearch/icing/document_dir/key_mapper_dir/key_mapper.Failed to delete Document. namespace: android$contacts/, uri: 3794090
07-21 01:31:21.296  1005  1893 W AppSearchIcing: icing-search-engine.cc:217: Error: 5, Message: Failed to delete Document. namespace: android$contacts/, uri: 3794090;Failed to find DocumentId by key: android$contacts/, 3794090;Key not found 10641498880467541644 in DynamicTrieKeyMapper /data/system_ce/0/appsearch/icing/document_dir/key_mapper_dir/key_mapper.
07-21 01:31:21.318 11272 13168 D ContactsProviderUtils: isMultiSimModel : true
07-21 01:31:21.320  1005  1022 D WindowManager: setImageForCustomStartingWindow: componentName={com.android.contacts/com.android.contacts.activities.PeopleActivity}, fd=null, imagePath=auto, imagePathQualifier=null
07-21 01:31:21.320 11272 13168 D ContactsProvider-ScreenCaptureManager: delete starting window - Contacts
07-21 01:31:21.416 11272 11277 I d.process.acore: Background concurrent copying GC freed 4490KB AllocSpace bytes, 2(184KB) LOS objects, 49% free, 4541KB/9082KB, paused 196us,116us total 127.131ms
07-21 01:31:21.461  1363  1363 I NearbySharing: The contact book (uri: content://com.android.contacts) has been modified. Debouncing sync.
07-21 01:31:21.462  1522  1667 I ContactCache: ===== Contact updated. =====
07-21 01:31:21.462  1522  1667 I RcsUtils: isDualRcsSettings: false
07-21 01:31:21.462  1522  1667 I SimManager: isLabSimCard: state [LOADED] isLabSim [false]
07-21 01:31:21.462  1522  1667 E GlobalSettingsRepoBase: globalgcsettings No matched key : rcs_contact_sync_in_switch_off
07-21 01:31:21.466  1522  1667 D ImsConstants: getInt(system/rcs_user_setting) : -1, package : null
07-21 01:31:21.466  1522  1667 E GlobalSettingsRepoBase: globalgcsettings No matched key : rcs_initial_contact_sync_before_regi
07-21 01:31:21.466  1522  1667 I ContactCache<0>: sendMessageContactSync: Try contact sync after 3 sec.
07-21 01:31:21.468 16197 16197 I ZeroBattery_BroadcastReceiver: updateZeroBatteryContacts
07-21 01:31:21.481  1005  1893 E AppSearchIcing: icing-search-engine.cc:988: Failed to delete Document. namespace: android$contacts/, uri: 3794091;Failed to find DocumentId by key: android$contacts/, 3794091;Key not found 7363628393466570738 in DynamicTrieKeyMapper /data/system_ce/0/appsearch/icing/document_dir/key_mapper_dir/key_mapper.Failed to delete Document. namespace: android$contacts/, uri: 3794091
07-21 01:31:21.481  1005  1893 W AppSearchIcing: icing-search-engine.cc:217: Error: 5, Message: Failed to delete Document. namespace: android$contacts/, uri: 3794091;Failed to find DocumentId by key: android$contacts/, 3794091;Key not found 7363628393466570738 in DynamicTrieKeyMapper /data/system_ce/0/appsearch/icing/document_dir/key_mapper_dir/key_mapper.
07-21 01:31:21.505 11272 13168 D ContactsProviderUtils: isMultiSimModel : true
07-21 01:31:21.507  1005  1022 D WindowManager: setImageForCustomStartingWindow: componentName={com.android.contacts/com.android.contacts.activities.PeopleActivity}, fd=null, imagePath=auto, imagePathQualifier=null
07-21 01:31:21.507 11272 13168 D ContactsProvider-ScreenCaptureManager: delete starting window - Contacts
07-21 01:31:21.516  1240  1380 D MobileSignalController:Parveen: getSbInfo- typeIcon: 0 statusIcon: [visible=true,icon=2131233121,contentDescription=Phone three bars.]
07-21 01:31:21.517  1240  1240 D StatusBarSignalPolicy: setMobileDataIndicators: MobileDataIndicators[statusIcon=[visible=true,icon=2131233121,contentDescription=Phone three bars.],qsIcon=,statusType=0,qsType=0,activityIn=false,activityOut=false,typeContentDescription=4G,typeContentDescriptionHtml=4G,description=null,subId=3,roaming=false,showTriangle=true,dataActivity=0,roamingIcon=0]
07-21 01:31:21.517  1240  1240 D StatusBarSignalPolicy: MobileIconStates: mobile,  read=mobile[MobileIconState(subId=10, strengthId=2131233122, typeId=2131233045, visible=true, activityId=2131233096, roamingId=0, voiceNoServiceId=0, slotId=0), MobileIconState(subId=3, strengthId=2131233121, typeId=0, visible=true, activityId=0, roamingId=0, voiceNoServiceId=0, slotId=1)]
07-21 01:31:21.623  1363  1363 I NearbySharing: The contact book (uri: content://com.android.contacts) has been modified. Debouncing sync.
07-21 01:31:21.624  1522  1667 I ContactCache: ===== Contact updated. =====
07-21 01:31:21.624  1522  1667 I RcsUtils: isDualRcsSettings: false
07-21 01:31:21.624  1522  1667 I SimManager: isLabSimCard: state [LOADED] isLabSim [false]
07-21 01:31:21.624  1522  1667 E GlobalSettingsRepoBase: globalgcsettings No matched key : rcs_contact_sync_in_switch_off
07-21 01:31:21.629 16197 16197 I ZeroBattery_BroadcastReceiver: updateZeroBatteryContacts
07-21 01:31:21.629  1522  1667 D ImsConstants: getInt(system/rcs_user_setting) : -1, package : null
07-21 01:31:21.629  1522  1667 E GlobalSettingsRepoBase: globalgcsettings No matched key : rcs_initial_contact_sync_before_regi
07-21 01:31:21.629  1522  1667 I ContactCache<0>: sendMessageContactSync: Try contact sync after 3 sec.
07-21 01:31:21.643  1005  1893 E AppSearchIcing: icing-search-engine.cc:988: Failed to delete Document. namespace: android$contacts/, uri: 3794092;Failed to find DocumentId by key: android$contacts/, 3794092;Key not found 12220772433706463099 in DynamicTrieKeyMapper /data/system_ce/0/appsearch/icing/document_dir/key_mapper_dir/key_mapper.Failed to delete Document. namespace: android$contacts/, uri: 3794092
07-21 01:31:21.643  1005  1893 W AppSearchIcing: icing-search-engine.cc:217: Error: 5, Message: Failed to delete Document. namespace: android$contacts/, uri: 3794092;Failed to find DocumentId by key: android$contacts/, 3794092;Key not found 12220772433706463099 in DynamicTrieKeyMapper /data/system_ce/0/appsearch/icing/document_dir/key_mapper_dir/key_mapper.
07-21 01:31:21.671 11272 13168 D ContactsProviderUtils: isMultiSimModel : true
07-21 01:31:21.672  1005  1022 D WindowManager: setImageForCustomStartingWindow: componentName={com.android.contacts/com.android.contacts.activities.PeopleActivity}, fd=null, imagePath=auto, imagePathQualifier=null
07-21 01:31:21.673 11272 13168 D ContactsProvider-ScreenCaptureManager: delete starting window - Contacts
07-21 01:31:21.785  1363  1363 I NearbySharing: The contact book (uri: content://com.android.contacts) has been modified. Debouncing sync.
07-21 01:31:21.786  1522  1667 I ContactCache: ===== Contact updated. =====
07-21 01:31:21.786  1522  1667 I RcsUtils: isDualRcsSettings: false
07-21 01:31:21.786  1522  1667 I SimManager: isLabSimCard: state [LOADED] isLabSim [false]
07-21 01:31:21.786  1522  1667 E GlobalSettingsRepoBase: globalgcsettings No matched key : rcs_contact_sync_in_switch_off
07-21 01:31:21.792 16197 16197 I ZeroBattery_BroadcastReceiver: updateZeroBatteryContacts
07-21 01:31:21.793  1522  1667 D ImsConstants: getInt(system/rcs_user_setting) : -1, package : null
07-21 01:31:21.793  1522  1667 E GlobalSettingsRepoBase: globalgcsettings No matched key : rcs_initial_contact_sync_before_regi
07-21 01:31:21.793  1522  1667 I ContactCache<0>: sendMessageContactSync: Try contact sync after 3 sec.
07-21 01:31:21.807  1005  1893 E AppSearchIcing: icing-search-engine.cc:988: Failed to delete Document. namespace: android$contacts/, uri: 3794093;Failed to find DocumentId by key: android$contacts/, 3794093;Key not found 5931602979123127022 in DynamicTrieKeyMapper /data/system_ce/0/appsearch/icing/document_dir/key_mapper_dir/key_mapper.Failed to delete Document. namespace: android$contacts/, uri: 3794093
07-21 01:31:21.807  1005  1893 W AppSearchIcing: icing-search-engine.cc:217: Error: 5, Message: Failed to delete Document. namespace: android$contacts/, uri: 3794093;Failed to find DocumentId by key: android$contacts/, 3794093;Key not found 5931602979123127022 in DynamicTrieKeyMapper /data/system_ce/0/appsearch/icing/document_dir/key_mapper_dir/key_mapper.
07-21 01:31:21.837 11272 13174 D ContactsProviderUtils: isMultiSimModel : true
07-21 01:31:21.839  1005  2756 D WindowManager: setImageForCustomStartingWindow: componentName={com.android.contacts/com.android.contacts.activities.PeopleActivity}, fd=null, imagePath=auto, imagePathQualifier=null
07-21 01:31:21.840 11272 13174 D ContactsProvider-ScreenCaptureManager: delete starting window - Contacts
07-21 01:31:21.955  1363  1363 I NearbySharing: The contact book (uri: content://com.android.contacts) has been modified. Debouncing sync.
07-21 01:31:21.956  1522  1667 I ContactCache: ===== Contact updated. =====
07-21 01:31:21.956  1522  1667 I RcsUtils: isDualRcsSettings: false
07-21 01:31:21.957  1522  1667 I SimManager: isLabSimCard: state [LOADED] isLabSim [false]
07-21 01:31:21.957  1522  1667 E GlobalSettingsRepoBase: globalgcsettings No matched key : rcs_contact_sync_in_switch_off
07-21 01:31:21.961 16197 16197 I ZeroBattery_BroadcastReceiver: updateZeroBatteryContacts
07-21 01:31:21.962  1522  1667 D ImsConstants: getInt(system/rcs_user_setting) : -1, package : null
07-21 01:31:21.962  1522  1667 E GlobalSettingsRepoBase: globalgcsettings No matched key : rcs_initial_contact_sync_before_regi
07-21 01:31:21.962  1522  1667 I ContactCache<0>: sendMessageContactSync: Try contact sync after 3 sec.
07-21 01:31:21.976  1005  1893 E AppSearchIcing: icing-search-engine.cc:988: Failed to delete Document. namespace: android$contacts/, uri: 3794094;Failed to find DocumentId by key: android$contacts/, 3794094;Key not found 8486977056966165996 in DynamicTrieKeyMapper /data/system_ce/0/appsearch/icing/document_dir/key_mapper_dir/key_mapper.Failed to delete Document. namespace: android$contacts/, uri: 3794094
07-21 01:31:21.976  1005  1893 W AppSearchIcing: icing-search-engine.cc:217: Error: 5, Message: Failed to delete Document. namespace: android$contacts/, uri: 3794094;Failed to find DocumentId by key: android$contacts/, 3794094;Key not found 8486977056966165996 in DynamicTrieKeyMapper /data/system_ce/0/appsearch/icing/document_dir/key_mapper_dir/key_mapper.
07-21 01:31:21.994   657   687 W IMGMemtrackHAL: hal_get_memory: memtrack cache rebuild was required
07-21 01:31:21.996   657   687 E IMGMemtrackHAL: GetGraphicsMemtrackRecords: DbgFsParseDir for /d/ion failed (No such file or directory)
07-21 01:31:21.998 11272 13174 D ContactsProviderUtils: isMultiSimModel : true
07-21 01:31:21.999  1005  2718 D WindowManager: setImageForCustomStartingWindow: componentName={com.android.contacts/com.android.contacts.activities.PeopleActivity}, fd=null, imagePath=auto, imagePathQualifier=null
07-21 01:31:22.001 11272 13174 D ContactsProvider-ScreenCaptureManager: delete starting window - Contacts
07-21 01:31:22.102  1363  1363 I NearbySharing: The contact book (uri: content://com.android.contacts) has been modified. Debouncing sync.
07-21 01:31:22.103  1522  1667 I ContactCache: ===== Contact updated. =====
07-21 01:31:22.104  1522  1667 I RcsUtils: isDualRcsSettings: false
07-21 01:31:22.104  1522  1667 I SimManager: isLabSimCard: state [LOADED] isLabSim [false]
07-21 01:31:22.104  1522  1667 E GlobalSettingsRepoBase: globalgcsettings No matched key : rcs_contact_sync_in_switch_off
07-21 01:31:22.107  1522  1667 D ImsConstants: getInt(system/rcs_user_setting) : -1, package : null
