07-21 01:56:51.592   644  4559 D IMGGralloc: Gralloc Register  w:720, h:1600, f:0x101, usage:0xb00, ui64Stamp:5491741, sSize:4608000, line = 2444
07-21 01:56:51.597 23245 23264 I ExpoModulesCore:  AppContext was initialized
07-21 01:56:51.600  1363 23212 I AlarmManager: set [name: SystemMemoryMap-flp type: 2 triggerAtMillis: 9223372036854775806 windowMillis: -1 intervalMillis: 0]
07-21 01:56:51.601  1005  2718 D ActivityManager: Received BROADCAST intent 0xbe50a0e Key{broadcastIntent pkg=za.co.vanelo.guardflow.mobile intent=act=expo.modules.taskManager.TaskBroadcastReceiver dat= cmp=za.co.vanelo.guardflow.mobile/expo.modules.taskManager.TaskBroadcastReceiver flags=0x2000000 u=0} requestCode=5055 sent=0 from uid 10116
07-21 01:56:51.602  1363 23212 I SystemMemoryMap: (REDACTED) [flp] serialization complete (extras/values=%.2f/%.2fkb)
07-21 01:56:51.605 23245 23245 I TaskService: Handling intent with task name 'guardflow-authorised-location' and app scoping identifier 'za.co.vanelo.guardflow.mobile'.
07-21 01:56:51.608   644  4559 D IMGGralloc: Gralloc Register  w:720, h:1600, f:0x101, usage:0xb00, ui64Stamp:5491745, sSize:4608000, line = 2444
07-21 01:56:51.613  1240  1375 D IMGGralloc: Gralloc Free  w:720, h:1600, f:0x101, usage:0xb00, ui64Stamp:5491741 line = 2599
07-21 01:56:51.615  1005  2063 V WindowManager: Relayout Window{5256478 u0 Splash Screen za.co.vanelo.guardflow.mobile}: viewVisibility=8 req=720x1600 d0
07-21 01:56:51.618  1005  2761 D LocationManagerService: gps provider added registration from 10116/com.google.android.gms[fused_location_provider]/DEFB84DC -> Request[@+2s0ms HIGH_ACCURACY, minUpdateInterval=0, hiddenFromAppOps, WorkSource{10224 za.co.vanelo.guardflow.mobile}]
07-21 01:56:51.622   679   679 I Layer   : Layer [Splash Screen za.co.vanelo.guardflow.mobile#132639] hidden!! flag(1)
07-21 01:56:51.622  1005  1162 D GnssLocationProvider: setRequest ProviderRequest[@+2s0ms, HIGH_ACCURACY, WorkSource{10224 za.co.vanelo.guardflow.mobile}]
07-21 01:56:51.624   644  4559 D IMGGralloc: Gralloc Free  w:720, h:1600, f:0x101, usage:0xb00, ui64Stamp:5491745 line = 2599
07-21 01:56:51.624   644  4559 D IMGGralloc: Gralloc Free  w:720, h:1600, f:0x101, usage:0xb00, ui64Stamp:5491741 line = 2599
07-21 01:56:51.624   644  4559 D IMGGralloc: Gralloc Free  w:720, h:1600, f:0x101, usage:0xb00, ui64Stamp:5491670 line = 2599
07-21 01:56:51.625  1005  2063 V WindowManager: Relayout hash=5256478, pid=1240: mAttrs={(0,0)(fillxfill) sim={adjust=pan} ty=APPLICATION_STARTING fmt=TRANSLUCENT wanim=0x1030309 alpha=0.0
07-21 01:56:51.625  1005  2063 V WindowManager:   fl=NOT_FOCUSABLE NOT_TOUCHABLE LAYOUT_IN_SCREEN LAYOUT_INSET_DECOR ALT_FOCUSABLE_IM HARDWARE_ACCELERATED DRAWS_SYSTEM_BAR_BACKGROUNDS
07-21 01:56:51.625  1005  2063 V WindowManager:   pfl=SHOW_FOR_ALL_USERS USE_BLAST APPEARANCE_CONTROLLED FIT_INSETS_CONTROLLED
07-21 01:56:51.625  1005  2063 V WindowManager:   bhv=DEFAULT
07-21 01:56:51.625  1005  2063 V WindowManager:   fitSides=}
07-21 01:56:51.625  1005  1162 D GnssLocationProvider: mStarted =  false, isEnabled = true
07-21 01:56:51.625  1005  1162 D GnssLocationProvider: stopBatching
07-21 01:56:51.625  1005  1162 D GnssLocationProvider: startNavigating
07-21 01:56:51.626  1240  1352 D InsetsController: onStateChanged: InsetsState: {mDisplayFrame=Rect(0, 0 - 720, 1600), mDisplayCutout=DisplayCutout{insets=Rect(0, 45 - 0, 0) waterfall=Insets{left=0, top=0, right=0, bottom=0} boundingRect={Bounds=[Rect(0, 0 - 0, 0), Rect(272, 0 - 448, 45), Rect(0, 0 - 0, 0), Rect(0, 0 - 0, 0)]} cutoutPathParserInfo={CutoutPathParserInfo{displayWidth=720 displayHeight=1600 physicalDisplayWidth=720 physicalDisplayHeight=1600 density={2.0} cutoutSpec={M 0,0 H -44 V 22.5 H 44 V 0 H 0 Z @dp} rotation={0} scale={1.0} physicalPixelDisplaySizeRatio={1.0}}}}, mRoundedCorners=RoundedCorners{[RoundedCorner{position=TopLeft, radius=0, center=Point(0, 0)}, RoundedCorner{position=TopRight, radius=0, center=Point(0, 0)}, RoundedCorner{position=BottomRight, radius=0, center=Point(0, 0)}, RoundedCorner{position=BottomLeft, radius=0, center=Point(0, 0)}]}  mRoundedCornerFrame=Rect(0, 0 - 720, 1600), mPrivacyIndicatorBounds=PrivacyIndicatorBounds {static bounds=Rect(528, 0 - 692, 48) rotation=0}, mSources= { InsetsSource: {mType=ITYPE_STATUS_BAR, mFrame=[0,0][720,48], mVisible=true, mInsetsRoundedCornerFrame=false}, InsetsSource: {mType=ITYPE_NAVIGATION_BAR, mFrame=[0,1504][720,1600], mVisible=true, mInsetsRoundedCornerFrame=false}, InsetsSource: {mType=ITYPE_LEFT_GESTURES, mFrame=[0,0][0,1600], mVisible=true, mInsetsRoundedCornerFrame=false}, InsetsSource: {mType=ITYPE_RIGHT_GESTURES, mFrame=[720,0][720,1600], mVisible=true, mInsetsRoundedCornerFrame=false}, InsetsSource: {mType=ITYPE_TOP_MANDATORY_GESTURES, mFrame=[0,0][720,69], mVisible=true, mInsetsRoundedCornerFrame=false}, InsetsSource: {mType=ITYPE_BOTTOM_MANDATORY_GESTURES, mFrame=[0,1504][720,1600], mVisible=true, mInsetsRoundedCornerFrame=false}, InsetsSource: {mType=ITYPE_LEFT_DISPLAY_CUTOUT, mFrame=[0,0][-100000,1600], mVisible=true, mInsetsRoundedCornerFrame=false}, InsetsSource: {mType=ITYPE_TOP_DISPLAY_CUTOUT, mFrame=[0,0][720,45], mVisible=true, mInsetsRoundedCornerFrame=false}, InsetsSource: {mType=ITYPE_RIGHT_DISPLAY_CUTOUT, mFrame=[100000,0][720,1600], mVisible=true, mInsetsRoundedCornerFrame=false}, InsetsSource: {mType=ITYPE_BOTTOM_DISPLAY_CUTOUT, mFrame=[0,100000][720,1600], mVisible=true, mInsetsRoundedCornerFrame=false}, InsetsSource: {mType=ITYPE_TOP_TAPPABLE_ELEMENT, mFrame=[0,0][720,48], mVisible=true, mInsetsRoundedCornerFrame=false}, InsetsSource: {mType=ITYPE_BOTTOM_TAPPABLE_ELEMENT, mFrame=[0,1504][720,1600], mVisible=true, mInsetsRoundedCornerFrame=false}, InsetsSource: {mType=ITYPE_IME, mFrame=[0,0][0,0], mVisible=false, mInsetsRoundedCornerFrame=false} } host=Splash Screen za.co.vanelo.guardflow.mobile from=android.view.ViewRootImpl.relayoutWindow:8088
07-21 01:56:51.627  1005  1162 D GnssLocationProvider_ex: Data network status true
07-21 01:56:51.627  1005  1162 D CarrierConfigForGnss: isUsaCdmaMarket : false
07-21 01:56:51.627  1005  2063 D CoreBackPreview: Window{5256478 u0 Splash Screen za.co.vanelo.guardflow.mobile}: Setting back callback null
07-21 01:56:51.628  1005  2761 I WindowManager: Cancelling animation restarting=false, leash=Surface(name=Surface(name=1587697 za.co.vanelo.guardflow.mobile/za.co.vanelo.guardflow.mobile.MainActivity)/@0x6bf65fa - animation-leash of starting_reveal)/@0x7e94e08, caller=com.android.server.wm.SurfaceAnimator.cancelAnimation:289 com.android.server.wm.WindowContainer.cancelAnimation:2778 com.android.server.wm.WindowState.lambda$removeIfPossible$2:2555 
07-21 01:56:51.628   679   679 D SurfaceFlinger: Display 0 HWC layers:
07-21 01:56:51.628   679   679 D SurfaceFlinger:      DEVICE | 0xeb4dfdc0 | 0102 | RGBA_8888    |    0.0    0.0  720.0 1598.0 |    0    2  720 1600 | za.co.vanelo.guardflow.mobile/za.co.[...]guardflow.mobile.MainActivity#132646
07-21 01:56:51.628   679   679 D SurfaceFlinger:      DEVICE | 0xeb4df040 | 0100 | RGBA_8888    |    0.0    0.0  720.0   48.0 |    0    0  720   48 | StatusBar#68
07-21 01:56:51.628   679   679 D SurfaceFlinger:      DEVICE | 0xeb43e0c0 | 0100 | RGBA_8888    |    0.0    0.0  720.0   96.0 |    0 1504  720 1600 | NavigationBar0#64
07-21 01:56:51.628   679   679 D SurfaceFlinger: 
07-21 01:56:51.628  1005  2761 I WindowManager: Reparenting to original parent: Surface(name=ActivityRecord{f0c1b8c u0 za.co.vanelo.guardflow.mobile/.MainActivity})/@0x9ecc7ab, destroy=false, surface=Surface(name=1587697 za.co.vanelo.guardflow.mobile/za.co.vanelo.guardflow.mobile.MainActivity)/@0x6bf65fa, caller=com.android.server.wm.SurfaceAnimator.reset:446 com.android.server.wm.SurfaceAnimator.cancelAnimation:397 com.android.server.wm.SurfaceAnimator.cancelAnimation:289 
07-21 01:56:51.628  1005  2761 W InputManager-JNI: Input channel object '5256478 Splash Screen za.co.vanelo.guardflow.mobile (client)' was disposed without first being removed with the input manager!
07-21 01:56:51.629  1005  1162 D GnssLocationProvider_ex: Set SubIdForSuplNi to DD subID
07-21 01:56:51.629  1005  2761 I WindowManager: Destroying surface Surface(name=Splash Screen za.co.vanelo.guardflow.mobile)/@0x10e6d11 called by com.android.server.wm.WindowStateAnimator.destroySurface:733 com.android.server.wm.WindowStateAnimator.destroySurfaceLocked:398 com.android.server.wm.WindowState.removeImmediately:2490 com.android.server.wm.WindowState.removeIfPossible:2693 com.android.server.wm.WindowState.removeIfPossible:2539 com.android.server.wm.WindowManagerService.removeWindow:2064 com.android.server.wm.Session.remove:223 android.view.IWindowSession$Stub.onTransact:684 
07-21 01:56:51.629  1240  1834 D IMGGralloc: Gralloc Free  w:720, h:1600, f:0x101, usage:0xb00, ui64Stamp:5491745 line = 2599
07-21 01:56:51.630  1240  1834 D IMGGralloc: Gralloc Free  w:720, h:1600, f:0x101, usage:0xb00, ui64Stamp:5491670 line = 2599
07-21 01:56:51.630  1005  1162 D CarrierConfigForGnss: isKORMarket : false
07-21 01:56:51.630  1005  1162 D GnssLocationProvider: setting position_mode to MS_BASED
07-21 01:56:51.632   825   851 D GPS_HAL : gps_setPositionMode entry  mode: 1 recurrence: 0 interval: 1000 accuracy: 0 time: 0 
07-21 01:56:51.632   825   851 D GNSSMGT : gps_set_position_mode: enter
07-21 01:56:51.632   825   851 E GNSSMGT : gps_set_position_mode: optMode[255]
07-21 01:56:51.632   825   851 D GNSSMGT : gps_set_position_mode: mode[1], min_interval[1000]
07-21 01:56:51.632   825   851 D GNSSMGT : gps_sendData: enter, flag[0x208], comm_mode[2], sensorhub[0]
07-21 01:56:51.632   825   851 E GNSSMGT : gps_sendData: command will not send, because the gps engine is not working
07-21 01:56:51.632   825   851 D GNSSMGT : gps_set_position_mode: supl mode in config is msb
07-21 01:56:51.632   825   851 E GNSSMGT : gps_set_position_mode: nUseSecgpsConf 0, bEnable 0!
07-21 01:56:51.632   825   851 D GNSSMGT : CG_setPosMode: enter, aPosMethod 1
07-21 01:56:51.632   825   851 D GNSSMGT : gnss_lcssetPosMode: enter, aPosMethod[1]
07-21 01:56:51.633 23245 23264 W unknown:BridgelessReact: ReactHost{0}.getOrCreateReactInstanceTask(): Loading JS Bundle
07-21 01:56:51.633   825   851 D LCS_MGT : [MGT_execute]: recv instr(0xe108) of domain 'UP(0x01)' sid(2000) from GNSS!
07-21 01:56:51.633   825   851 D LCS_MGT : [LCSMGT_getDomain]: LCS supported domain is 'UP|CP(0x03)'
07-21 01:56:51.633   825   851 D LCS_MGT : [MGT_execute]: executing instr 'LCS_INSTR_SET_POS_METHOD(0xe108)' of domain 'UP(0x01)'
07-21 01:56:51.633   825   851 D LCS_MGT : [UPINSTR_execSetPosMethod]: Entry point
07-21 01:56:51.633   825   851 D LCS_MGT : [LCSMGT_sendAsyncEvent]: send event(0xa109), body maxsize(4)
07-21 01:56:51.633   825   851 E LCS_MGT : LCSMGT Version:AGNSS_W22.42.3_V1.7.23, android:V11(32bit), gcc:VAndroid (6573524 based on r383902b) Clang 11.0.2 (https://android.googlesource.com/toolchain/llvm-project b397f81060ce6d701042b782172ed13bee898b79), build time:Nov 22 2022, 10:48:59
07-21 01:56:51.633   825   851 D LCS_MGT : [INSTR_encapSetPosMethod]: Entry point
07-21 01:56:51.633 23245 23264 W unknown:BridgelessReact: ReactHost{0}.getOrCreateReactInstanceTask(): DevSupportManager.onNewReactContextCreated()
07-21 01:56:51.634   825  1396 D LCS_MGT : [LCSMGT_recvMBoxEvents]: recv event(0xa109)
07-21 01:56:51.634   825  1396 D LCS_MGT : [UPEVT_recvSetPosMethod]: Entry point
07-21 01:56:51.634   825   851 D GPS_HAL : gps_start entry
07-21 01:56:51.634   825   851 D GNSSMGT : GNSSMGT_W22.42.3_V1.7.23 Version:32bit, gcc:VAndroid (6573524 based on r383902b) Clang 11.0.2 (https://android.googlesource.com/toolchain/llvm-project b397f81060ce6d701042b782172ed13bee898b79), build time:Nov 22 2022, 10:48:56
07-21 01:56:51.634   825   851 E GNSSMGT : gps_start: enter
07-21 01:56:51.634 23245 23264 W unknown:BridgelessReact: ReactHost{0}.startSurface(surfaceId = 0): Execute
07-21 01:56:51.635   825   851 D GnssHAL_V_Gnss: statusCb: GNSS Callback_2_1 Interface called
07-21 01:56:51.635   825   851 D GnssHAL_V_Gnss: statusCb: GNSS Callback_2_1 Interface called
07-21 01:56:51.635   825   851 E GNSSMGT : gps_start: new ref after add is 1
07-21 01:56:51.635   825   851 D GNSSMGT : gps_start: powerState[8],started[0]
07-21 01:56:51.635   825   851 D GNSSMGT : setGnssCapability: enter, systemid[0]
07-21 01:56:51.635   825   851 D GNSSMGT : gnss_getcpmode get configXml mode[5]
07-21 01:56:51.635   825   851 D GNSSMGT : set_assdata: glonass assist data require.
07-21 01:56:51.635   825   851 D GNSSMGT : set_assdata: gnssNum[1]
07-21 01:56:51.635   825   851 D GNSSMGT : set_supl_version: supl version is 2, stk[00]
07-21 01:56:51.635   825   851 D GNSSMGT : gnss_lcschangserver: enter, Maj[2], Min[0], ServInd[0]
07-21 01:56:51.635 23245 23245 D CompatibilityChangeReporter: Compat change id reported: 194532703; UID 10224; state: ENABLED
07-21 01:56:51.635   825   851 D LCS_MGT : [MGT_execute]: recv instr(0xe104) of domain 'UP(0x01)' sid(2000) from GNSS!
07-21 01:56:51.635   825   851 D LCS_MGT : [LCSMGT_getDomain]: LCS supported domain is 'UP|CP(0x03)'
07-21 01:56:51.636   825   851 D LCS_MGT : [MGT_execute]: executing instr 'LCS_INSTR_SET_VERSION(0xe104)' of domain 'UP(0x01)'
07-21 01:56:51.636   825   851 D LCS_MGT : [UPINSTR_execSetVersion]: Entry point
07-21 01:56:51.636   825   851 D LCS_MGT : [LCSMGT_sendAsyncEvent]: send event(0xa103), body maxsize(4)
07-21 01:56:51.636   825   851 E LCS_MGT : LCSMGT Version:AGNSS_W22.42.3_V1.7.23, android:V11(32bit), gcc:VAndroid (6573524 based on r383902b) Clang 11.0.2 (https://android.googlesource.com/toolchain/llvm-project b397f81060ce6d701042b782172ed13bee898b79), build time:Nov 22 2022, 10:48:59
07-21 01:56:51.636   825   851 D LCS_MGT : [INSTR_encapUpSetVersion]: Entry point
07-21 01:56:51.637   825   851 D GNSSMGT : set_supl_param: supl server is supl.google.com
07-21 01:56:51.637 23245 23245 D AndroidRuntime: Shutting down VM
07-21 01:56:51.637   825   851 D GNSSMGT : set_supl_param: supl port is 7275
07-21 01:56:51.637   825   851 D GNSSMGT : gnss_lcshost_port: enter, host[supl.google.com], Port[7275]
07-21 01:56:51.637   825   851 D LCS_MGT : [MGT_execute]: recv instr(0xe105) of domain 'UP(0x01)' sid(2000) from GNSS!
07-21 01:56:51.637   825   851 D LCS_MGT : [LCSMGT_getDomain]: LCS supported domain is 'UP|CP(0x03)'
07-21 01:56:51.637   825   851 D LCS_MGT : [MGT_execute]: executing instr 'LCS_INSTR_SET_HSLP(0xe105)' of domain 'UP(0x01)'
07-21 01:56:51.637   825   851 D LCS_MGT : [UPINSTR_execSetAppHslp]: Entry point
07-21 01:56:51.637   825   851 D LCS_MGT : [LCSMGT_sendAsyncEvent]: send event(0xa104), body maxsize(12)
07-21 01:56:51.637   825   851 E LCS_MGT : LCSMGT Version:AGNSS_W22.42.3_V1.7.23, android:V11(32bit), gcc:VAndroid (6573524 based on r383902b) Clang 11.0.2 (https://android.googlesource.com/toolchain/llvm-project b397f81060ce6d701042b782172ed13bee898b79), build time:Nov 22 2022, 10:48:59
07-21 01:56:51.637   825   851 D LCS_MGT : [INSTR_encapUpSetAppHslp]: Entry point
07-21 01:56:51.637   825   851 D LCS_MGT : [INSTR_encapUpSetAppHslp]:allocate 'ptFqdn'(0xec8dca00), size(16 bytes)
07-21 01:56:51.637   825   851 D GNSSMGT : set_supl_param: ntime is 8
07-21 01:56:51.637   825  1396 D LCS_UP  : enter supl_RXN_setPosMode, setted posMode=1(2:MSA, 1:MSB, 0: standlone GPS)
07-21 01:56:51.637   825   851 D GNSSMGT : set_supl_param: vtime is 8
07-21 01:56:51.637   825   851 D GNSSMGT : set_supl_param: hash_v[0]
07-21 01:56:51.637   825   851 D GNSSMGT : set_supl_param: realtime_v[1]
07-21 01:56:51.637   825   851 D GNSSMGT : set_supl_param: quasirealtime_v[1]
07-21 01:56:51.638   825   851 D GNSSMGT : set_supl_param: batch_v[1]
07-21 01:56:51.638   825   851 D GNSSMGT : set_supl_param: maxNumPositions(60)
07-21 01:56:51.638   825  1396 D LCS_MGT : [LCSMGT_recvMBoxEvents]: recv event(0xa103)
07-21 01:56:51.638   825   851 D GNSSMGT : set_supl_param: maxNumMeasurements(60)
07-21 01:56:51.638   825   851 D GNSSMGT : set_supl_param: periodicMinInt(10)
07-21 01:56:51.638   825  1396 D LCS_MGT : [UPEVT_recvSetVersion]: Entry point
07-21 01:56:51.638   825   851 D GNSSMGT : set_supl_param: periodicMaxInt(60)
07-21 01:56:51.638   679   722 D IMGGralloc: Gralloc Free  w:720, h:1600, f:0x101, usage:0xb00, ui64Stamp:5491741 line = 2599
07-21 01:56:51.638   825  1417 D LCS_UP  : enter supl_handleNormalMsg
07-21 01:56:51.638   679   679 I Layer   : id=132638 removedFromDrawingState 5256478 Splash Screen za.co.vanelo.guardflow.mobile#132638 (127)
07-21 01:56:51.638   679   679 I Layer   : id=132639 removedFromDrawingState Splash Screen za.co.vanelo.guardflow.mobile#132639 (127)
07-21 01:56:51.638   679   679 I Layer   : id=132649 removedFromDrawingState Surface(name=1587697 za.co.vanelo.guardflow.mobile/za.co.vanelo.guardflow.mobile.MainActivity)/@0x6bf65fa - animation-leash of starting_reveal#132649 (127)
07-21 01:56:51.638   679   679 I Layer   : id=132639 removedFromDrawingState Splash Screen za.co.vanelo.guardflow.mobile#132639 (127)
07-21 01:56:51.638   679   679 I SurfaceFlinger: id=132638 Removed 5256478 Splash Screen za.co.vanelo.guardflow.mobile#132638 (127)
07-21 01:56:51.638   679   679 I SurfaceFlinger: id=132639 Removed Splash Screen za.co.vanelo.guardflow.mobile#132639 (127)
07-21 01:56:51.639   679   679 I Layer   : id=132638 Destroyed 5256478 Splash Screen za.co.vanelo.guardflow.mobile#132638
07-21 01:56:51.639   679   679 I Layer   : id=132639 Destroyed Splash Screen za.co.vanelo.guardflow.mobile#132639
07-21 01:56:51.640   679   722 D IMGGralloc: Gralloc Free  w:720, h:1600, f:0x101, usage:0xb00, ui64Stamp:5491745 line = 2599
--------- beginning of crash
07-21 01:56:51.640 23245 23245 E AndroidRuntime: FATAL EXCEPTION: main
07-21 01:56:51.640 23245 23245 E AndroidRuntime: Process: za.co.vanelo.guardflow.mobile, PID: 23245
07-21 01:56:51.640 23245 23245 E AndroidRuntime: java.lang.IllegalArgumentException: Error: requested job be persisted without holding RECEIVE_BOOT_COMPLETED permission.
07-21 01:56:51.640 23245 23245 E AndroidRuntime: 	at android.os.Parcel.createExceptionOrNull(Parcel.java:3037)
07-21 01:56:51.640 23245 23245 E AndroidRuntime: 	at android.os.Parcel.createException(Parcel.java:3017)
07-21 01:56:51.640 23245 23245 E AndroidRuntime: 	at android.os.Parcel.readException(Parcel.java:3000)
07-21 01:56:51.640 23245 23245 E AndroidRuntime: 	at android.os.Parcel.readException(Parcel.java:2942)
07-21 01:56:51.640 23245 23245 E AndroidRuntime: 	at android.app.job.IJobScheduler$Stub$Proxy.schedule(IJobScheduler.java:263)
07-21 01:56:51.640 23245 23245 E AndroidRuntime: 	at android.app.JobSchedulerImpl.schedule(JobSchedulerImpl.java:47)
07-21 01:56:51.640 23245 23245 E AndroidRuntime: 	at expo.modules.taskManager.TaskManagerUtils.updateOrScheduleJob(TaskManagerUtils.java:155)
07-21 01:56:51.640 23245 23245 E AndroidRuntime: 	at expo.modules.taskManager.TaskManagerUtils.scheduleJob(TaskManagerUtils.java:69)
07-21 01:56:51.640 23245 23245 E AndroidRuntime: 	at expo.modules.location.taskConsumers.LocationTaskConsumer.reportLocationsImmediately(LocationTaskConsumer.kt:265)
07-21 01:56:51.640 23245 23245 E AndroidRuntime: 	at expo.modules.location.taskConsumers.LocationTaskConsumer.handleLocationUpdate(LocationTaskConsumer.kt:106)
07-21 01:56:51.640 23245 23245 E AndroidRuntime: 	at expo.modules.location.taskConsumers.LocationTaskConsumer.didReceiveBroadcast$lambda$2(LocationTaskConsumer.kt:89)
07-21 01:56:51.640 23245 23245 E AndroidRuntime: 	at expo.modules.location.taskConsumers.LocationTaskConsumer.$r8$lambda$eAXAwdNoOJ5idYL__ZRVzS6P_y8(Unknown Source:0)
07-21 01:56:51.640 23245 23245 E AndroidRuntime: 	at expo.modules.location.taskConsumers.LocationTaskConsumer$$ExternalSyntheticLambda0.onComplete(D8$$SyntheticClass:0)
07-21 01:56:51.640 23245 23245 E AndroidRuntime: 	at com.google.android.gms.tasks.zzi.run(com.google.android.gms:play-services-tasks@@18.0.2:1)
07-21 01:56:51.640 23245 23245 E AndroidRuntime: 	at android.os.Handler.handleCallback(Handler.java:942)
07-21 01:56:51.640 23245 23245 E AndroidRuntime: 	at android.os.Handler.dispatchMessage(Handler.java:99)
07-21 01:56:51.640 23245 23245 E AndroidRuntime: 	at android.os.Looper.loopOnce(Looper.java:201)
07-21 01:56:51.640 23245 23245 E AndroidRuntime: 	at android.os.Looper.loop(Looper.java:288)
07-21 01:56:51.640 23245 23245 E AndroidRuntime: 	at android.app.ActivityThread.main(ActivityThread.java:8010)
07-21 01:56:51.640 23245 23245 E AndroidRuntime: 	at java.lang.reflect.Method.invoke(Native Method)
07-21 01:56:51.640 23245 23245 E AndroidRuntime: 	at com.android.internal.os.RuntimeInit$MethodAndArgsCaller.run(RuntimeInit.java:566)
07-21 01:56:51.640 23245 23245 E AndroidRuntime: 	at com.android.internal.os.ZygoteInit.main(ZygoteInit.java:957)
07-21 01:56:51.640 23245 23245 E AndroidRuntime: Caused by: android.os.RemoteException: Remote stack trace:
07-21 01:56:51.640 23245 23245 E AndroidRuntime: 	at com.android.server.job.JobSchedulerService$JobSchedulerStub.schedule(JobSchedulerService.java:3076)
07-21 01:56:51.640 23245 23245 E AndroidRuntime: 	at android.app.job.IJobScheduler$Stub.onTransact(IJobScheduler.java:153)
07-21 01:56:51.640 23245 23245 E AndroidRuntime: 	at android.os.Binder.execTransactInternal(Binder.java:1280)
07-21 01:56:51.640 23245 23245 E AndroidRuntime: 	at android.os.Binder.execTransact(Binder.java:1244)
07-21 01:56:51.640 23245 23245 E AndroidRuntime: 
07-21 01:56:51.645   679   722 D IMGGralloc: Gralloc Free  w:720, h:1600, f:0x101, usage:0xb00, ui64Stamp:5491670 line = 2599
07-21 01:56:51.648   825   851 D GNSSMGT : set_supl_param: ecid is 0
07-21 01:56:51.648   825   851 D GNSSMGT : set_supl_param: cerpath is /data/vendor/gnss/supl/spirentroot.cer
07-21 01:56:51.648   825   851 D GNSSMGT : set_supl_param: isTlsEnabled(1)
07-21 01:56:51.648   825   851 D GNSSMGT : gnss_lcsupcfgSetCapability: enter, pSetCapability[0xed0fe000]
07-21 01:56:51.648   825   851 D GNSSMGT : gnss_getcpmode get configXml mode[5]
07-21 01:56:51.648   825   851 D GNSSMGT : gnss_lcsupcfgSetCapability: capablility temp:0x5 cpmode :0x5
07-21 01:56:51.648   825   851 D GNSSMGT : gnss_lcsupcfgSetCapability: gps only, not set capbility,so don't config posMethodList
07-21 01:56:51.648   825   851 D GNSSMGT : gnss_lcsupcfgSetCapability: gnssID:0
07-21 01:56:51.648   825   851 D LCS_MGT : [MGT_execute]: recv instr(0xe107) of domain 'UP(0x01)' sid(2000) from GNSS!
07-21 01:56:51.648   825   851 D LCS_MGT : [LCSMGT_getDomain]: LCS supported domain is 'UP|CP(0x03)'
07-21 01:56:51.648   825   851 D LCS_MGT : [MGT_execute]: executing instr 'LCS_INSTR_SET_CAPABILITY(0xe107)' of domain 'UP(0x01)'
07-21 01:56:51.648   825   851 D LCS_MGT : [UPINSTR_execSetCapability]: Entry point
07-21 01:56:51.648   825   851 D LCS_MGT : [LCSMGT_sendAsyncEvent]: send event(0xa108), body maxsize(224)
07-21 01:56:51.648   825  1417 D LCS_UP  : [supl_handleNormalMsg]: receive mbox msg(0x1001)
07-21 01:56:51.648   825   851 E LCS_MGT : LCSMGT Version:AGNSS_W22.42.3_V1.7.23, android:V11(32bit), gcc:VAndroid (6573524 based on r383902b) Clang 11.0.2 (https://android.googlesource.com/toolchain/llvm-project b397f81060ce6d701042b782172ed13bee898b79), build time:Nov 22 2022, 10:48:59
07-21 01:56:51.648   825  1417 D LCS_UP  : supl_SessionRunning result 0 index 6
07-21 01:56:51.648   825  1417 D LCS_UP  : enter supl_setPosMode, isSessionRunning=0, pMsg->aPosMethod=1
07-21 01:56:51.648   825   851 D LCS_MGT : [INSTR_encapSetCapability]: Entry point
07-21 01:56:51.648   825  1417 D LCS_UP  : supl_setPosMode:set postionMode = MSB
07-21 01:56:51.648   825   851 D LCS_MGT : [INSTR_encapSetCapability]:allocate 'CgSetPosTechnologys_t'(0xec71120a), size(10 bytes)
07-21 01:56:51.648   825   851 D LCS_MGT : [INSTR_encapSetCapability]:allocate 'CgSetEventTriggerCap_t'(0xec711214), size(16 bytes)
07-21 01:56:51.648   825  1417 D LCS_UP  : enter supl_handleNetworkOrSETCapChange
07-21 01:56:51.648   825   851 D LCS_MGT : [INSTR_encapSetCapability]:allocate 'setReportingCap_t'(0xec711224), size(20 bytes)
07-21 01:56:51.648   825  1417 D LCS_UP  : enter supl_handleTlsRpt
07-21 01:56:51.648   825  1396 D LCS_UP  : enter supl_RXN_chgVersion, Maj 2, Min 0, ServInd 0
07-21 01:56:51.648  1005 23284 I DropBoxManagerService: add tag=data_app_crash isTagEnabled=true flags=0x2
07-21 01:56:51.649   825   851 D GNSSMGT : gps_daemon_cmd_send: enter, send_cmd is 2
07-21 01:56:51.649   825  1396 D LCS_MGT : [LCSMGT_recvMBoxEvents]: recv event(0xa104)
07-21 01:56:51.649   825  1417 D LCS_UP  : enter supl_handleNormalMsg
07-21 01:56:51.649   825  1396 D LCS_MGT : [UPEVT_recvSetAppHslp]: Entry point
07-21 01:56:51.649   825  1417 D LCS_UP  : [supl_handleNormalMsg]: receive mbox msg(0x1002)
07-21 01:56:51.649   825  1396 D LCS_UP  : enter supl_RXN_setH_SLP, hslpLen 15, fqdn supl.google.com,usPort 7275, IP 0x0
07-21 01:56:51.649   825  1396 D LCS_MGT : [LCSMGT_recvMBoxEvents]: recv event(0xa108)
07-21 01:56:51.649   825  1396 D LCS_MGT : [UPEVT_recvSetCapability]: Entry point
07-21 01:56:51.649   825  1396 D LCS_UP  : enter supl_SPRD_setGnssCapability, pCap 0xed3b101c
07-21 01:56:51.649  1005  1925 D Debug   : low && ship && 3rdparty app crash, do not dump
07-21 01:56:51.649   825  1417 D LCS_UP  : enter supl_setVersion, maj:2, min:0, servInd:0
07-21 01:56:51.649   825  1417 D LCS_UP  : supl_SessionRunning result 0 index 6
07-21 01:56:51.649   825  1417 D LCS_UP  : [supl_handleNormalMsg]: receive mbox msg(0x1003)
07-21 01:56:51.649   825  1417 D LCS_UP  : enter supl_setHslpInfo
07-21 01:56:51.649   825  1417 D LCS_UP  : supl_SessionRunning result 0 index 6
07-21 01:56:51.649   825  1417 D LCS_UP  : supl_setHslpInfo: isSessionRunning is 0
07-21 01:56:51.649   825  1417 D LCS_UP  : supl_setHslpInfo: set prov slp is supl.google.com:7275
07-21 01:56:51.649   825  1417 D LCS_UP  : [supl_handleNormalMsg]: receive mbox msg(0x1012)
07-21 01:56:51.649   825  1417 D LCS_UP  : enter supl_setGnssCapability ,set GNSS number is 1
07-21 01:56:51.649   825  1417 D LCS_UP  : [supl_setConfCapability]: Entry point.
07-21 01:56:51.649   825  1417 D LCS_UP  : [supl_setConfCapability]: otdoa isSupMsa 0 0
07-21 01:56:51.649   825  1417 D LCS_UP  : enter agps_setDefaultPosProtocolVersion
07-21 01:56:51.649   825  1417 D LCS_UP  : supl_setConfCapability, supportedGPSAssistanceData 0x135
07-21 01:56:51.649   825  1417 D LCS_UP  : [supl_setConfCapability]: notifTimeout: 8, notifVerifTimeout: 8
07-21 01:56:51.650   825  1417 D LCS_UP  : [supl_setConfCapability]: certification path including name is /data/vendor/gnss/supl/spirentroot.cer
07-21 01:56:51.650   825  1417 D LCS_UP  : [supl_setConfCapability]: isTlsEnabled = 1
07-21 01:56:51.650   825  1417 D LCS_UP  : supl_setGnssCapability: number of  GNSS(exluding GPS) is 1, AGNSS 1 1 1
07-21 01:56:51.650   825  1417 D LCS_UP  : supl_setGnssCapability:the support GNSS 0: 6 - GLONASS
07-21 01:56:51.650   825  1417 D LCS_UP  : enter supl_handleTlsRpt
07-21 01:56:51.650   825  1382 D GNSSMGT : gps_daemon_thread: cmd[2], s->started[0]
07-21 01:56:51.650   825  1382 D GnssHAL_V_Gnss: updateWakelock: GNSS HAL Wakelock acquired due to gps: 1, fused: 0
07-21 01:56:51.651  1005  1925 W ActivityTaskManager:   Force finishing activity za.co.vanelo.guardflow.mobile/.MainActivity
07-21 01:56:51.651  1005  1925 W WindowManager: Prepare app transition: mNextAppTransitionRequests=[TRANSIT_CLOSE], mNextAppTransitionFlags=TRANSIT_FLAG_KEYGUARD_GOING_AWAY_TO_LAUNCHER_WITH_IN_WINDOW_ANIMATIONS | TRANSIT_FLAG_APP_CRASHED, displayId: 0 Callers=com.android.server.wm.DisplayContent.prepareAppTransition:5312 com.android.server.wm.DisplayContent.requestTransitionAndLegacyPrepare:5328 com.android.server.wm.Task.finishTopCrashedActivityLocked:5322 com.android.server.wm.RootWindowContainer.lambda$finishTopCrashedActivities$17:2281 com.android.server.wm.RootWindowContainer$$ExternalSyntheticLambda19.accept:10 
07-21 01:56:51.651  1005 23284 W DropBoxManagerService: Dropping: data_app_crash (2477 > 0 bytes)
07-21 01:56:51.652   825  1382 D GNSSMGT : gnss_engine_choose: enter
07-21 01:56:51.652   825  1382 D GNSSMGT : gnss_engine_choose: switch img[16] ret:2
07-21 01:56:51.653   825  1382 D GNSSMGT : gnss_engine_ctrl: enter, ctl[1]
07-21 01:56:51.653   825  1382 D GNSSMGT : gnss_get_drv_status_direct: gnss poweron
07-21 01:56:51.653   825  1382 D GNSSMGT : gnss_get_drv_status: return ret[1]
07-21 01:56:51.653   825  1382 D GNSSMGT : gnss_engine_ctrl: it has already download and poweron now
07-21 01:56:51.653   825  1382 D GNSSMGT : gps_wakeupDevice: enter, sleepFlag[1], powerState[8], comm_mode[2]
07-21 01:56:51.653   825  1382 D GNSSMGT : gps_sendData: enter, flag[0x50], comm_mode[2], sensorhub[0]
07-21 01:56:51.653   825  1382 D GNSSMGT : gps_sendData: gnss_config_data success, flag[80]
07-21 01:56:51.653   825  1382 D GNSSMGT : gps_sendData: bSpreadOrbitEnable[1]
07-21 01:56:51.653   825  1382 E GNSSMGT : gps_sendData: type:0x1 subtype:0x20, len=4
07-21 01:56:51.653   825  1382 D GNSSMGT : read_slog_status: enter
07-21 01:56:51.653   825  1382 E GNSSMGT : read_slog_status: resp[OK OFF
07-21 01:56:51.653   825  1382 E GNSSMGT : ], strlen[7]
07-21 01:56:51.653   825  1382 E GNSSMGT : read_slog_status: slog close
07-21 01:56:51.653   825  1382 D GNSSMGT : gps_daemon_thread: bLogEnable[0],slog_switch[0],bPostEnable[0]
07-21 01:56:51.653   825  1382 D GNSSMGT : gps_sendData: enter, flag[0x206], comm_mode[2], sensorhub[0]
07-21 01:56:51.653   825  1382 D GNSSMGT : gps_sendData: gnss_config_data success, flag[518]
07-21 01:56:51.653   825  1382 D GNSSMGT : gps_sendData: open measurement report switch
07-21 01:56:51.653   825  1382 D GNSSMGT : gps_sendData: outtype[0xe]
07-21 01:56:51.653   825  1382 E GNSSMGT : gps_sendData: type:0x1 subtype:0xc, len=4
07-21 01:56:51.653   825  1381 E GNSSMGT : preprocessGnssLog: [gnss_log]:
07-21 01:56:51.653   825  1382 D GNSSMGT : gps_sendData: enter, flag[0x51], comm_mode[2], sensorhub[0]
07-21 01:56:51.653   825  1382 D GNSSMGT : gps_sendData: gnss_config_data success, flag[81]
07-21 01:56:51.653   825  1382 E GNSSMGT : gps_sendData: type:0x1 subtype:0x21, len=4
07-21 01:56:51.653   825  1382 D GNSSMGT : gnss_getcpmode get configXml mode[5]
07-21 01:56:51.653   825  1382 D GNSSMGT : gps_daemon_thread: startgps cp_mode 5
07-21 01:56:51.654   825  1382 D GNSSMGT : gps_sendData: enter, flag[0x205], comm_mode[2], sensorhub[0]
07-21 01:56:51.654   825  1382 D GNSSMGT : gps_sendData: gnss_config_data success, flag[517]
07-21 01:56:51.654   825  1382 D GNSSMGT : gnss_getcpmode get configXml mode[5]
07-21 01:56:51.654   825  1382 D GNSSMGT : gps_sendData: cp mode tempval 5
07-21 01:56:51.654   825  1382 E GNSSMGT : gps_sendData: type:0x1 subtype:0x1, len=4
07-21 01:56:51.654   825  1382 D GNSSMGT : gps_sendData: enter, flag[0x208], comm_mode[2], sensorhub[0]
07-21 01:56:51.654   825  1382 D GNSSMGT : gps_sendData: gnss_config_data success, flag[520]
07-21 01:56:51.654   825  1382 E GNSSMGT : gps_sendData: type:0x1 subtype:0xd, len=4
07-21 01:56:51.654   825  1382 D GNSSMGT : gps_daemon_thread: IDLE OFF count:966
07-21 01:56:51.654   825  1382 D GNSSMGT : gps_sendData: enter, flag[0x52], comm_mode[2], sensorhub[0]
07-21 01:56:51.654   825  1382 D GNSSMGT : gps_sendData: gnss_config_data success, flag[82]
07-21 01:56:51.654   825  1382 D GNSSMGT : gps_sendData: notify gnss cp of network status:1, agps_enable[1]
07-21 01:56:51.654   825  1382 E GNSSMGT : gps_sendData: type:0x1 subtype:0x22, len=4
07-21 01:56:51.654   825  1382 D GNSSMGT : test_gps_mode: enter, gps_mode = 0, s->cmcc = 0
07-21 01:56:51.654   825  1381 E GNSSMGT : preprocessGnssLog: [gnss_log]I
07-21 01:56:51.654   825  1382 D GNSSMGT : gps_daemon_thread: ptmp GPS_GLO GNSS_20A_W23.32.1 GE2-AA
07-21 01:56:51.654  1005  1925 V WindowManager: Changing focus from Window{1587697 u0 za.co.vanelo.guardflow.mobile/za.co.vanelo.guardflow.mobile.MainActivity} to null displayId=0 Callers=com.android.server.wm.RootWindowContainer.updateFocusedWindowLocked:490 com.android.server.wm.WindowManagerService.updateFocusedWindowLocked:6127 com.android.server.wm.ActivityTaskManagerService.setResumedActivityUncheckLocked:4734 com.android.server.wm.ActivityRecord.moveFocusableActivityToTop:3433 
07-21 01:56:51.654   825  1382 D GNSSMGT : gps_sendData: enter, flag[0x59], comm_mode[2], sensorhub[0]
07-21 01:56:51.654   825  1382 D GNSSMGT : gps_sendData: gnss_config_data success, flag[89]
07-21 01:56:51.654   825  1382 E GNSSMGT : gps_sendData: type:0x1 subtype:0xe, len=12
07-21 01:56:51.654   825  1382 D GNSSMGT : gps_sendMeasCorr: enter, flag[0x300], comm_mode[2]
07-21 01:56:51.654   825  1382 D GNSSMGT : gps_wakeupDevice: enter, sleepFlag[1], powerState[8], comm_mode[2]
07-21 01:56:51.654   825  1382 D GNSSMGT : gps_sendMeasCorr: require measurement corrections capabilities 
07-21 01:56:51.654   825  1381 E GNSSMGT : preprocessGnssLog: [gnss_log]=
07-21 01:56:51.654   825  1382 D GNSSMGT : gps_sendData: enter, flag[0x801], comm_mode[2], sensorhub[0]
07-21 01:56:51.654   825  1382 D GNSSMGT : gps_sendData: gnss_config_data success, flag[2049]
07-21 01:56:51.654   825  1382 D GNSSMGT : gnss_get_fl_workmod fl work mode[0]
07-21 01:56:51.654   825  1382 D GNSSMGT : gps_sendData: fl work mode tempval 0
07-21 01:56:51.654   825  1382 E GNSSMGT : gps_sendData: type:0x66 subtype:0x3b, len=4
07-21 01:56:51.654   825  1382 D GNSSMGT : gps_sendData: enter, flag[0x802], comm_mode[2], sensorhub[0]
07-21 01:56:51.654   825  1382 D GNSSMGT : gps_sendData: gnss_config_data success, flag[2050]
07-21 01:56:51.654   825  1382 D GNSSMGT : gnss_get_fl_vdr_workmod vdr mode[0]
07-21 01:56:51.654   825  1382 D GNSSMGT : gps_sendData: fl vdr work mode tempval 0
07-21 01:56:51.654   825  1382 E GNSSMGT : gps_sendData: type:0x66 subtype:0x3c, len=4
07-21 01:56:51.654   825  1382 E GNSSMGT : gps_setPowerState: enter, current state CP IDLED, set to new state: 5, new state name is CP WORKING
07-21 01:56:51.654   825  1382 D GNSSMGT : gps_setPowerState: power state changed to CP WORKING
07-21 01:56:51.654   825  1382 D GNSSMGT : gps_sendData: enter, flag[0x805], comm_mode[2], sensorhub[0]
07-21 01:56:51.654   825  1381 D GNSSMGT : cutString: enter, pline[0xda47f6b8]
07-21 01:56:51.654  1005  1925 D StatusBarManagerService: notifyRequestedSystemKey recent=false home=false
07-21 01:56:51.654   825  1382 D GNSSMGT : gps_sendData: gnss_config_data success, flag[2053]
07-21 01:56:51.655   825  1382 D GNSSMGT : gnss_get_QZSS_enable bQZSSEnable[0]
07-21 01:56:51.655   825  1382 D GNSSMGT : gps_sendData: gnss_get_QZSS_enable tempval = 0
07-21 01:56:51.655   825  1382 E GNSSMGT : gps_sendData: type:0x66 subtype:0x3e, len=1
07-21 01:56:51.655   825  1382 D GNSSMGT : gps_sendData: enter, flag[0x804], comm_mode[2], sensorhub[0]
07-21 01:56:51.655   825  1382 D GNSSMGT : gps_sendData: gnss_config_data success, flag[2052]
07-21 01:56:51.655   825  1382 D GNSSMGT : get_cp_idle_on_delay_second nIdleOnDelaySec[10]
07-21 01:56:51.655   825  1382 D GNSSMGT : gps_sendData: cp idle on delay seconds tempval 10
07-21 01:56:51.655   825  1382 E GNSSMGT : gps_sendData: type:0x1 subtype:0x33, len=4
07-21 01:56:51.655   825  1382 D GNSSMGT : gps_sendData: enter, flag[0x4], comm_mode[2], sensorhub[0]
07-21 01:56:51.655   825  1382 D GNSSMGT : gps_sendData: gnss_config_data success, flag[4]
07-21 01:56:51.655   825  1382 E GNSSMGT : gps_sendData: type:0x7 subtype:0x4, len=0
07-21 01:56:51.655   825  1382 D GNSSMGT : compute_abs_timeout: enter, ms[2000]
07-21 01:56:51.655  1005  1925 W WindowManager: Prepare app transition: mNextAppTransitionRequests=[TRANSIT_CLOSE, TRANSIT_CLOSE], mNextAppTransitionFlags=TRANSIT_FLAG_KEYGUARD_GOING_AWAY_TO_LAUNCHER_WITH_IN_WINDOW_ANIMATIONS | TRANSIT_FLAG_APP_CRASHED, displayId: 0 Callers=com.android.server.wm.DisplayContent.prepareAppTransition:5312 com.android.server.wm.DisplayContent.prepareAppTransition:5303 com.android.server.wm.ActivityRecord.finishIfPossible:3597 com.android.server.wm.ActivityRecord.finishIfPossible:3511 com.android.server.wm.Task.finishTopCrashedActivityLocked:5323 
07-21 01:56:51.657   782   782 E CPLOG_CONNMGR: process_reqs:  process_reqs:GET_LOG_STATE GNSS
07-21 01:56:51.657   782   782 E CPLOG_CONNMGR: ,len=19
07-21 01:56:51.657   782   782 E CPLOG_CONNMGR: get_fd: has connected already
07-21 01:56:51.657   782   782 E CPLOG_CONNMGR: process_reqs: get_fd fd = 13.
07-21 01:56:51.658   643   643 D IMGGralloc: GBuffer--------------(*format)=1
07-21 01:56:51.658   643   643 D IMGGralloc: Gralloc alloc start  w:720, h:1600, f:0x1, usage:0xb66, privUsage:0x0, line = 1672
07-21 01:56:51.658   784   784 E SLOGCP  : process_data: process_data start = GET_LOG_STATE GNSS
07-21 01:56:51.658   784   784 E SLOGCP  : , rlen=19
07-21 01:56:51.658   784   784 E SLOGCP  : process_req: token=GET_LOG_STATE GNSS
07-21 01:56:51.658   784   784 E SLOGCP  : , req= GNSS
07-21 01:56:51.658   784   784 E SLOGCP  : 
07-21 01:56:51.658   784   784 E SLOGCP  : proc_get_log_state: state: 0
07-21 01:56:51.658   784   784 E SLOGCP  : send_log_state_response: write done
07-21 01:56:51.658   782   782 E CPLOG_CONNMGR: process_reqs: get response: OK OFF
07-21 01:56:51.658   782   782 E CPLOG_CONNMGR: 
07-21 01:56:51.660   643   643 D IMGGralloc: Gralloc Alloc end  w:720, h:1600, f:0x1, usage:0xb66,iprivUsage:0x0,handle:0xec23e840, ui64Stamp:5491749, sSize:4608000, BufferName: screenshot, line = 2131
07-21 01:56:51.661   643   643 D IMGGralloc: Gralloc Free  w:720, h:1600, f:0x1, usage:0xb66, ui64Stamp:5491749 line = 2599
07-21 01:56:51.662   679  2117 D IMGGralloc: Gralloc Register  w:720, h:1600, f:0x1, usage:0xb66, ui64Stamp:5491749, sSize:4608000, line = 2444
07-21 01:56:51.663   679   679 I Layer   : id=132651 Destroyed Screenshot Parent#132651
07-21 01:56:51.667  1005  2063 D IMGGralloc: Gralloc Register  w:720, h:1600, f:0x1, usage:0xb66, ui64Stamp:5491749, sSize:4608000, line = 2444
07-21 01:56:51.667  1005  2063 D IMGGralloc: GBuffer--------------(*format)=1
07-21 01:56:51.670  1363  1580 W Settings: Setting airplane_mode_on has moved from android.provider.Settings.System to android.provider.Settings.Global, returning read-only value.
07-21 01:56:51.674  1005  1038 W BroadcastQueue: Background execution not allowed: receiving Intent { act=android.intent.action.DROPBOX_ENTRY_ADDED flg=0x10 (has extras) } to com.google.android.gms/.stats.service.DropBoxEntryAddedReceiver
07-21 01:56:51.677  4101 25876 D IMGGralloc: Gralloc Register  w:720, h:1600, f:0x1, usage:0xb66, ui64Stamp:5491749, sSize:4608000, line = 2444
07-21 01:56:51.677  4101 25876 D IMGGralloc: GBuffer--------------(*format)=1
07-21 01:56:51.679  1240  1833 D IMGGralloc: Gralloc Register  w:720, h:1600, f:0x1, usage:0xb66, ui64Stamp:5491749, sSize:4608000, line = 2444
07-21 01:56:51.679  1240  1833 D IMGGralloc: GBuffer--------------(*format)=1
07-21 01:56:51.679  1240  1833 E TaskStackListenerAbstract: onTaskSnapshotChanged called by Binder.getCallingPid() 0 android.app.ITaskStackListener$Stub.onTransact:522 android.os.Binder.execTransactInternal:1285 android.os.Binder.execTransact:1244 <bottom of call stack> 
07-21 01:56:51.679  1240  1833 D IMGGralloc: Gralloc Free  w:720, h:1600, f:0x1, usage:0xb66, ui64Stamp:5491749 line = 2599
07-21 01:56:51.681 23245 23265 D nativeloader: Load /data/app/~~lc20RCNk68Q5U2YH3pkzuA==/za.co.vanelo.guardflow.mobile-5Ta5umXRC4V8MDp-pocacw==/base.apk!/lib/armeabi-v7a/libexpo-modules-core.so using class loader ns clns-4 (caller=/data/app/~~lc20RCNk68Q5U2YH3pkzuA==/za.co.vanelo.guardflow.mobile-5Ta5umXRC4V8MDp-pocacw==/base.apk): ok
07-21 01:56:51.681  1363  1580 W Settings: Setting airplane_mode_on has moved from android.provider.Settings.System to android.provider.Settings.Global, returning read-only value.
07-21 01:56:51.681 23245 23245 I Process : Sending signal. PID: 23245 SIG: 9
07-21 01:56:51.682  1240  1263 D IMGGralloc: Gralloc Register  w:720, h:1600, f:0x1, usage:0xb66, ui64Stamp:5491749, sSize:4608000, line = 2444
07-21 01:56:51.682  1240  1263 D IMGGralloc: GBuffer--------------(*format)=1
07-21 01:56:51.682  1240  1834 D IMGGralloc: Gralloc Register  w:720, h:1600, f:0x1, usage:0xb66, ui64Stamp:5491749, sSize addr:0xb64b4a58, line = 2450
07-21 01:56:51.682  1005  2761 V ActivityManager: Changed top to ProcessRecord{96e37a8 4101:com.sec.android.app.launcher/u0a43}
07-21 01:56:51.682  1240  1834 D IMGGralloc: GBuffer--------------(*format)=1
07-21 01:56:51.682  1240  1240 D IMGGralloc: Gralloc Free  w:720, h:1600, f:0x1, usage:0xb66, ui64Stamp:5491749 line = 2599
07-21 01:56:51.684  1240  1240 D IMGGralloc: Gralloc Free  w:720, h:1600, f:0x1, usage:0xb66, ui64Stamp:5491749 line = 2599
07-21 01:56:51.688   679   679 D SurfaceFlinger: [input] inputWindowCommands.focusRequests size is 1
07-21 01:56:51.690   679   764 D SurfaceFlinger: [input] setFocusedWindow: <null>
07-21 01:56:51.717   825  1381 D GNSSMGT : gps_getPowerResponse: enter, subtype[0x5]
07-21 01:56:51.717   825  1381 E GNSSMGT : gps_setPowerState: enter, current state CP WORKING, set to new state: 6, new state name is CP WORKED
07-21 01:56:51.717   825  1381 D GNSSMGT : gps_setPowerState: power state changed to CP WORKED
07-21 01:56:51.717   825  1382 D GNSSMGT : gps_power_Statusync: idle off success
07-21 01:56:51.718  1363 23289 E DropBoxUtil: [AppErrors] null InputStream [CONTEXT service_id=254 ]
07-21 01:56:51.718  1363 23289 E DropBoxUtil: java.io.IOException: null InputStream
07-21 01:56:51.718  1363 23289 E DropBoxUtil: 	at dszo.c(:com.google.android.gms@262031060@26.20.31 (200300-919905943):182)
07-21 01:56:51.718  1363 23289 E DropBoxUtil: 	at dsxw.l(:com.google.android.gms@262031060@26.20.31 (200300-919905943):4)
07-21 01:56:51.718  1363 23289 E DropBoxUtil: 	at dsxk.apply(:com.google.android.gms@262031060@26.20.31 (200300-919905943):39)
07-21 01:56:51.718  1363 23289 E DropBoxUtil: 	at adcc.apply(:com.google.android.gms@262031060@26.20.31 (200300-919905943):5)
07-21 01:56:51.718  1363 23289 E DropBoxUtil: 	at adco.apply(:com.google.android.gms@262031060@26.20.31 (200300-919905943):45)
07-21 01:56:51.718  1363 23289 E DropBoxUtil: 	at elns.a(:com.google.android.gms@262031060@26.20.31 (200300-919905943):3)
07-21 01:56:51.718  1363 23289 E DropBoxUtil: 	at ewrk.a(:com.google.android.gms@262031060@26.20.31 (200300-919905943):17)
07-21 01:56:51.718  1363 23289 E DropBoxUtil: 	at fesb.d(:com.google.android.gms@262031060@26.20.31 (200300-919905943):3)
07-21 01:56:51.718  1363 23289 E DropBoxUtil: 	at fesd.run(:com.google.android.gms@262031060@26.20.31 (200300-919905943):47)
07-21 01:56:51.718  1363 23289 E DropBoxUtil: 	at fetq.execute(:com.google.android.gms@262031060@26.20.31 (200300-919905943):1)
07-21 01:56:51.718  1363 23289 E DropBoxUtil: 	at ferq.f(:com.google.android.gms@262031060@26.20.31 (200300-919905943):1)
07-21 01:56:51.718  1363 23289 E DropBoxUtil: 	at ferq.hr(:com.google.android.gms@262031060@26.20.31 (200300-919905943):38)
07-21 01:56:51.718  1363 23289 E DropBoxUtil: 	at elnk.a(:com.google.android.gms@262031060@26.20.31 (200300-919905943):39)
07-21 01:56:51.718  1363 23289 E DropBoxUtil: 	at ewrj.a(:com.google.android.gms@262031060@26.20.31 (200300-919905943):17)
07-21 01:56:51.718  1363 23289 E DropBoxUtil: 	at fetx.a(:com.google.android.gms@262031060@26.20.31 (200300-919905943):20)
07-21 01:56:51.718  1363 23289 E DropBoxUtil: 	at fewb.a(:com.google.android.gms@262031060@26.20.31 (200300-919905943):3)
07-21 01:56:51.718  1363 23289 E DropBoxUtil: 	at fevc.run(:com.google.android.gms@262031060@26.20.31 (200300-919905943):19)
07-21 01:56:51.718  1363 23289 E DropBoxUtil: 	at fewd.run(:com.google.android.gms@262031060@26.20.31 (200300-919905943):5)
07-21 01:56:51.718  1363 23289 E DropBoxUtil: 	at fetz.run(:com.google.android.gms@262031060@26.20.31 (200300-919905943):53)
07-21 01:56:51.718  1363 23289 E DropBoxUtil: 	at fetq.execute(:com.google.android.gms@262031060@26.20.31 (200300-919905943):1)
07-21 01:56:51.718  1363 23289 E DropBoxUtil: 	at fetz.execute(:com.google.android.gms@262031060@26.20.31 (200300-919905943):76)
07-21 01:56:51.718  1363 23289 E DropBoxUtil: 	at ferq.f(:com.google.android.gms@262031060@26.20.31 (200300-919905943):1)
07-21 01:56:51.718  1363 23289 E DropBoxUtil: 	at ferq.hr(:com.google.android.gms@262031060@26.20.31 (200300-919905943):38)
07-21 01:56:51.718  1363 23289 E DropBoxUtil: 	at feub.b(:com.google.android.gms@262031060@26.20.31 (200300-919905943):33)
07-21 01:56:51.718  1363 23289 E DropBoxUtil: 	at elno.i(:com.google.android.gms@262031060@26.20.31 (200300-919905943):26)
07-21 01:56:51.718  1363 23289 E DropBoxUtil: 	at elnw.a(:com.google.android.gms@262031060@26.20.31 (200300-919905943):10)
07-21 01:56:51.718  1363 23289 E DropBoxUtil: 	at ewrk.a(:com.google.android.gms@262031060@26.20.31 (200300-919905943):17)
07-21 01:56:51.718  1363 23289 E DropBoxUtil: 	at fesb.d(:com.google.android.gms@262031060@26.20.31 (200300-919905943):3)
07-21 01:56:51.718  1363 23289 E DropBoxUtil: 	at fesd.run(:com.google.android.gms@262031060@26.20.31 (200300-919905943):47)
07-21 01:56:51.718  1363 23289 E DropBoxUtil: 	at fetq.execute(:com.google.android.gms@262031060@26.20.31 (200300-919905943):1)
07-21 01:56:51.718  1363 23289 E DropBoxUtil: 	at ferq.f(:com.google.android.gms@262031060@26.20.31 (200300-919905943):1)
07-21 01:56:51.718  1363 23289 E DropBoxUtil: 	at ferq.hr(:com.google.android.gms@262031060@26.20.31 (200300-919905943):38)
07-21 01:56:51.718  1363 23289 E DropBoxUtil: 	at elnu.a(:com.google.android.gms@262031060@26.20.31 (200300-919905943):39)
07-21 01:56:51.718  1363 23289 E DropBoxUtil: 	at ewrj.a(:com.google.android.gms@262031060@26.20.31 (200300-919905943):17)
07-21 01:56:51.718  1363 23289 E DropBoxUtil: 	at fetx.a(:com.google.android.gms@262031060@26.20.31 (200300-919905943):20)
07-21 01:56:51.718  1363 23289 E DropBoxUtil: 	at fewb.a(:com.google.android.gms@262031060@26.20.31 (200300-919905943):3)
07-21 01:56:51.718  1363 23289 E DropBoxUtil: 	at fevc.run(:com.google.android.gms@262031060@26.20.31 (200300-919905943):19)
07-21 01:56:51.718  1363 23289 E DropBoxUtil: 	at fewd.run(:com.google.android.gms@262031060@26.20.31 (200300-919905943):5)
07-21 01:56:51.718  1363 23289 E DropBoxUtil: 	at fetz.run(:com.google.android.gms@262031060@26.20.31 (200300-919905943):53)
07-21 01:56:51.718  1363 23289 E DropBoxUtil: 	at fetq.execute(:com.google.android.gms@262031060@26.20.31 (200300-919905943):1)
07-21 01:56:51.718  1363 23289 E DropBoxUtil: 	at fetz.execute(:com.google.android.gms@262031060@26.20.31 (200300-919905943):76)
07-21 01:56:51.718  1363 23289 E DropBoxUtil: 	at ferq.f(:com.google.android.gms@262031060@26.20.31 (200300-919905943):1)
07-21 01:56:51.718  1363 23289 E DropBoxUtil: 	at ferq.hr(:com.google.android.gms@262031060@26.20.31 (200300-919905943):38)
07-21 01:56:51.718  1363 23289 E DropBoxUtil: 	at feub.b(:com.google.android.gms@262031060@26.20.31 (200300-919905943):33)
07-21 01:56:51.718  1363 23289 E DropBoxUtil: 	at eloc.c(:com.google.android.gms@262031060@26.20.31 (200300-919905943):62)
07-21 01:56:51.718  1363 23289 E DropBoxUtil: 	at eloc.b(:com.google.android.gms@262031060@26.20.31 (200300-919905943):18)
07-21 01:56:51.718  1363 23289 E DropBoxUtil: 	at dsxp.a(:com.google.android.gms@262031060@26.20.31 (200300-919905943):188)
07-21 01:56:51.718  1363 23289 E DropBoxUtil: 	at com.google.android.gms.stats.service.DropBoxEntryAddedChimeraService.a(:com.google.android.gms@262031060@26.20.31 (200300-919905943):198)
07-21 01:56:51.719  1363 23289 E DropBoxUtil: 	at com.google.android.gms.framework.tracing.wrapper.TracingIntentService.onHandleIntent(:com.google.android.gms@262031060@26.20.31 (200300-919905943):13)
07-21 01:56:51.719  1363 23289 E DropBoxUtil: 	at ynw.handleMessage(:com.google.android.gms@262031060@26.20.31 (200300-919905943):7)
07-21 01:56:51.719  1363 23289 E DropBoxUtil: 	at android.os.Handler.dispatchMessage(Handler.java:106)
07-21 01:56:51.719  1363 23289 E DropBoxUtil: 	at android.os.Looper.loopOnce(Looper.java:201)
07-21 01:56:51.719  1363 23289 E DropBoxUtil: 	at android.os.Looper.loop(Looper.java:288)
07-21 01:56:51.719  1363 23289 E DropBoxUtil: 	at android.os.HandlerThread.run(HandlerThread.java:67)
07-21 01:56:51.725  1363 23289 E DropBoxUtil: [AppDoctor] null InputStream [CONTEXT service_id=254 ]
07-21 01:56:51.725  1363 23289 E DropBoxUtil: java.io.IOException: null InputStream
07-21 01:56:51.725  1363 23289 E DropBoxUtil: 	at dszo.c(:com.google.android.gms@262031060@26.20.31 (200300-919905943):182)
07-21 01:56:51.725  1363 23289 E DropBoxUtil: 	at dsxw.l(:com.google.android.gms@262031060@26.20.31 (200300-919905943):4)
07-21 01:56:51.725  1363 23289 E DropBoxUtil: 	at dsxh.apply(:com.google.android.gms@262031060@26.20.31 (200300-919905943):37)
07-21 01:56:51.725  1363 23289 E DropBoxUtil: 	at dsxp.b(:com.google.android.gms@262031060@26.20.31 (200300-919905943):68)
07-21 01:56:51.725  1363 23289 E DropBoxUtil: 	at com.google.android.gms.stats.service.DropBoxEntryAddedChimeraService.a(:com.google.android.gms@262031060@26.20.31 (200300-919905943):202)
07-21 01:56:51.725  1363 23289 E DropBoxUtil: 	at com.google.android.gms.framework.tracing.wrapper.TracingIntentService.onHandleIntent(:com.google.android.gms@262031060@26.20.31 (200300-919905943):13)
07-21 01:56:51.725  1363 23289 E DropBoxUtil: 	at ynw.handleMessage(:com.google.android.gms@262031060@26.20.31 (200300-919905943):7)
07-21 01:56:51.725  1363 23289 E DropBoxUtil: 	at android.os.Handler.dispatchMessage(Handler.java:106)
07-21 01:56:51.725  1363 23289 E DropBoxUtil: 	at android.os.Looper.loopOnce(Looper.java:201)
07-21 01:56:51.725  1363 23289 E DropBoxUtil: 	at android.os.Looper.loop(Looper.java:288)
07-21 01:56:51.725  1363 23289 E DropBoxUtil: 	at android.os.HandlerThread.run(HandlerThread.java:67)
07-21 01:56:51.728  1522  1667 I PhoneStateTracker<0>: onCellInfoChanged: xxxxx
07-21 01:56:51.729  1522  1667 I ImsCallSessionManager: onCellInfoChanged, phoneId: 0
