07-21 01:11:24.705  1005  1494 D WindowManager: rotationForOrientation, orientationSource=ActivityRecord{ac99f9f u0 com.android.settings/.SubSettings} t1583}
07-21 01:11:24.706  1005  1494 V WindowManager: Computed rotation=ROTATION_0 (0) for display id=0 based on lastOrientation=SCREEN_ORIENTATION_PORTRAIT (1) and oldRotation=ROTATION_0 (0), caller=com.android.server.wm.DisplayContent.updateRotationUnchecked:1968 com.android.server.wm.WindowManagerService.updateRotationUnchecked:4344 com.android.server.wm.WindowManagerService.thawDisplayRotation:4285 com.android.server.wm.WindowManagerService.thawRotation:4249 android.view.IWindowManager$Stub.onTransact:2202 com.android.server.wm.WindowManagerService.onTransact:1457 
07-21 01:11:24.707  1005  1109 D InputReader: syncTouch: pointerCount 1 -> 1, touching ids 0x80000000 -> 0x80000000, hovering ids 0x00000000 -> 0x00000000, canceled ids 0x00000000
07-21 01:11:24.707  1005  1109 D InputReader: dispatchTouches action MOVE now(ns): 916566323672684
07-21 01:11:24.707  1005  1109 D InputReader: notifyMotion call dispatcher
07-21 01:11:24.715  1005  1109 D InputReader: syncTouch: pointerCount 1 -> 1, touching ids 0x80000000 -> 0x80000000, hovering ids 0x00000000 -> 0x00000000, canceled ids 0x00000000
07-21 01:11:24.716  1005  1109 D InputReader: dispatchTouches action MOVE now(ns): 916566332376992
07-21 01:11:24.716  1005  1109 D InputReader: notifyMotion call dispatcher
07-21 01:11:24.722   679  2117 I SurfaceFlinger: id=131596 createSurf, flag=80004, 61a52ef Splash Screen za.co.vanelo.guardflow.mobile#131596
07-21 01:11:24.723  1005  1109 D InputReader: syncTouch: pointerCount 1 -> 1, touching ids 0x80000000 -> 0x80000000, hovering ids 0x00000000 -> 0x00000000, canceled ids 0x00000000
07-21 01:11:24.723  1005  1109 D InputReader: dispatchTouches action MOVE now(ns): 916566339856492
07-21 01:11:24.723  1005  1109 D InputReader: notifyMotion call dispatcher
07-21 01:11:24.724  1005  1030 V ActivityManager: Changed top to null
07-21 01:11:24.727  1005  1028 V WindowManager: rotationForOrientation(orient=SCREEN_ORIENTATION_PORTRAIT (1), last=ROTATION_0 (0)); user=ROTATION_0 (0) 
07-21 01:11:24.727  1005  1028 D WindowManager: rotationForOrientation, orientationSource=ActivityRecord{7a21a64 u0 za.co.vanelo.guardflow.mobile/.MainActivity} t1585}
07-21 01:11:24.731  1005  1028 V WindowManager: Computed rotation=ROTATION_0 (0) for display id=0 based on lastOrientation=SCREEN_ORIENTATION_PORTRAIT (1) and oldRotation=ROTATION_0 (0), caller=com.android.server.wm.DisplayContent.updateRotationUnchecked:1968 com.android.server.wm.WindowManagerService.updateRotationUnchecked:4344 com.android.server.wm.WindowManagerService.updateRotation:4325 com.android.server.wm.DisplayRotation$SettingsObserver.onChange:1699 android.database.ContentObserver.onChange:154 android.database.ContentObserver.onChange:170 
07-21 01:11:24.731  1005  2751 I InputDispatcher: Delivering touch to (-1): action: 0x3, f=0x0, d=-2, '260e261', t=1 
07-21 01:11:24.732  1005  1109 D InputReader: syncTouch: pointerCount 1 -> 1, touching ids 0x80000000 -> 0x80000000, hovering ids 0x00000000 -> 0x00000000, canceled ids 0x00000000
07-21 01:11:24.732  1005  1109 D InputReader: dispatchTouches action MOVE now(ns): 916566348270184
07-21 01:11:24.732  1005  1109 D InputReader: notifyMotion call dispatcher
07-21 01:11:24.732  1005  1108 I InputDispatcher: Dropping event because there is no touched window on display 0 to receive it: MotionEvent
07-21 01:11:24.733   651   651 D PowerHAL: ###Enter interaction_other scene bgn###
07-21 01:11:24.733   651   651 D PowerHAL: Enter common_set_for_release_when_close: enable:1, duration: 500, /dev/cluster0_freq_max: 124F80
07-21 01:11:24.733   651   651 D PowerHAL: Enter common_set_for_release_when_close: enable:1, duration: 500, /dev/cluster0_freq_min: F4240
07-21 01:11:24.733   651   651 D PowerHAL: Enter common_set_for_release_when_close: enable:1, duration: 500, /dev/cluster1_freq_max: 186A00
07-21 01:11:24.733   651   651 D PowerHAL: Enter common_set_for_release_when_close: enable:1, duration: 500, /dev/cluster1_freq_min: 12B128
07-21 01:11:24.733   651   651 D PowerHAL: Enter devfreq_ddr_set: enable:1, duration: 500, /sys/class/devfreq/scene-frequency/sprd-governor/scene_boost_dfs: max
07-21 01:11:24.733   651   651 D PowerHAL: ###Enter interaction_other scene end###
07-21 01:11:24.733   651   651 D PowerHAL: ###Enter interaction_other scene bgn###
07-21 01:11:24.733   651   651 D PowerHAL: Enter common_set_for_release_when_close: enable:1, duration: 500, /dev/cluster0_freq_max: 124F80
07-21 01:11:24.733   651   651 D PowerHAL: Enter common_set_for_release_when_close: enable:1, duration: 500, /dev/cluster0_freq_min: F4240
07-21 01:11:24.733   651   651 D PowerHAL: Enter common_set_for_release_when_close: enable:1, duration: 500, /dev/cluster1_freq_max: 186A00
07-21 01:11:24.733   651   651 D PowerHAL: Enter common_set_for_release_when_close: enable:1, duration: 500, /dev/cluster1_freq_min: 12B128
07-21 01:11:24.733   651   651 D PowerHAL: Enter devfreq_ddr_set: enable:1, duration: 500, /sys/class/devfreq/scene-frequency/sprd-governor/scene_boost_dfs: max
07-21 01:11:24.734   651   651 D PowerHAL: ###Enter interaction_other scene end###
07-21 01:11:24.737  1240  1352 D InsetsController: onStateChanged: InsetsState: {mDisplayFrame=Rect(0, 0 - 720, 1600), mDisplayCutout=DisplayCutout{insets=Rect(0, 45 - 0, 0) waterfall=Insets{left=0, top=0, right=0, bottom=0} boundingRect={Bounds=[Rect(0, 0 - 0, 0), Rect(272, 0 - 448, 45), Rect(0, 0 - 0, 0), Rect(0, 0 - 0, 0)]} cutoutPathParserInfo={CutoutPathParserInfo{displayWidth=720 displayHeight=1600 physicalDisplayWidth=720 physicalDisplayHeight=1600 density={2.0} cutoutSpec={M 0,0 H -44 V 22.5 H 44 V 0 H 0 Z @dp} rotation={0} scale={1.0} physicalPixelDisplaySizeRatio={1.0}}}}, mRoundedCorners=RoundedCorners{[RoundedCorner{position=TopLeft, radius=0, center=Point(0, 0)}, RoundedCorner{position=TopRight, radius=0, center=Point(0, 0)}, RoundedCorner{position=BottomRight, radius=0, center=Point(0, 0)}, RoundedCorner{position=BottomLeft, radius=0, center=Point(0, 0)}]}  mRoundedCornerFrame=Rect(0, 0 - 720, 1600), mPrivacyIndicatorBounds=PrivacyIndicatorBounds {static bounds=Rect(528, 0 - 692, 48) rotation=0}, mSources= { InsetsSource: {mType=ITYPE_STATUS_BAR, mFrame=[0,0][720,48], mVisible=true, mInsetsRoundedCornerFrame=false}, InsetsSource: {mType=ITYPE_NAVIGATION_BAR, mFrame=[0,1504][720,1600], mVisible=true, mInsetsRoundedCornerFrame=false}, InsetsSource: {mType=ITYPE_LEFT_GESTURES, mFrame=[0,0][0,1600], mVisible=true, mInsetsRoundedCornerFrame=false}, InsetsSource: {mType=ITYPE_RIGHT_GESTURES, mFrame=[720,0][720,1600], mVisible=true, mInsetsRoundedCornerFrame=false}, InsetsSource: {mType=ITYPE_TOP_MANDATORY_GESTURES, mFrame=[0,0][720,69], mVisible=true, mInsetsRoundedCornerFrame=false}, InsetsSource: {mType=ITYPE_BOTTOM_MANDATORY_GESTURES, mFrame=[0,1504][720,1600], mVisible=true, mInsetsRoundedCornerFrame=false}, InsetsSource: {mType=ITYPE_LEFT_DISPLAY_CUTOUT, mFrame=[0,0][-100000,1600], mVisible=true, mInsetsRoundedCornerFrame=false}, InsetsSource: {mType=ITYPE_TOP_DISPLAY_CUTOUT, mFrame=[0,0][720,45], mVisible=true, mInsetsRoundedCornerFrame=false}, InsetsSource: {mType=ITYPE_RIGHT_DISPLAY_CUTOUT, mFrame=[100000,0][720,1600], mVisible=true, mInsetsRoundedCornerFrame=false}, InsetsSource: {mType=ITYPE_BOTTOM_DISPLAY_CUTOUT, mFrame=[0,100000][720,1600], mVisible=true, mInsetsRoundedCornerFrame=false}, InsetsSource: {mType=ITYPE_TOP_TAPPABLE_ELEMENT, mFrame=[0,0][720,48], mVisible=true, mInsetsRoundedCornerFrame=false}, InsetsSource: {mType=ITYPE_BOTTOM_TAPPABLE_ELEMENT, mFrame=[0,1504][720,1600], mVisible=true, mInsetsRoundedCornerFrame=false}, InsetsSource: {mType=ITYPE_IME, mFrame=[0,0][0,0], mVisible=false, mInsetsRoundedCornerFrame=false} } host=Splash Screen za.co.vanelo.guardflow.mobile from=android.view.ViewRootImpl.setView:1250
07-21 01:11:24.739 13702 13702 I Monkey  : ## Network stats: elapsed time=81ms (0ms mobile, 0ms wifi, 81ms not connected)
07-21 01:11:24.739  1005  2751 D CoreBackPreview: Window{61a52ef u0 Splash Screen za.co.vanelo.guardflow.mobile}: Setting back callback OnBackInvokedCallbackInfo{mCallback=android.window.IOnBackInvokedCallback$Stub$Proxy@e32f0b, mPriority=0}
07-21 01:11:24.740  1005  1109 D InputReader: syncTouch: pointerCount 1 -> 1, touching ids 0x80000000 -> 0x80000000, hovering ids 0x00000000 -> 0x00000000, canceled ids 0x00000000
07-21 01:11:24.740  1005  1109 D InputReader: dispatchTouches action MOVE now(ns): 916566356446261
07-21 01:11:24.740  1005  1109 D InputReader: notifyMotion call dispatcher
07-21 01:11:24.740  1005  1108 I InputDispatcher: Dropping event because there is no touched window on display 0 to receive it: MotionEvent
07-21 01:11:24.742 13719 13719 I uardflow.mobile: Using CollectorTypeCC GC.
07-21 01:11:24.744 13702 13702 I app_process: System.exit called, status: 0
07-21 01:11:24.744 13702 13702 I AndroidRuntime: VM exiting with result code 0.
07-21 01:11:24.747   649   962 D SensorHub: SPRD[453]batch::handle[1], flags[0], period_ns[66667000], timeout[100000000]
07-21 01:11:24.749  1005  1109 D InputReader: syncTouch: pointerCount 1 -> 1, touching ids 0x80000000 -> 0x80000000, hovering ids 0x00000000 -> 0x00000000, canceled ids 0x00000000
07-21 01:11:24.749  1005  1109 D InputReader: dispatchTouches action MOVE now(ns): 916566365755377
07-21 01:11:24.749  1005  1109 D InputReader: notifyMotion call dispatcher
07-21 01:11:24.749  1005  1108 I InputDispatcher: Dropping event because there is no touched window on display 0 to receive it: MotionEvent
07-21 01:11:24.750   649   962 D SensorHub: SPRD[381]setEnable::handle[1], enabled[1]
07-21 01:11:24.757  1005  1109 D InputReader: syncTouch: pointerCount 1 -> 1, touching ids 0x80000000 -> 0x80000000, hovering ids 0x00000000 -> 0x00000000, canceled ids 0x00000000
07-21 01:11:24.757  1005  1109 D InputReader: dispatchTouches action MOVE now(ns): 916566373823031
07-21 01:11:24.757  1005  1109 D InputReader: notifyMotion call dispatcher
07-21 01:11:24.757  1005  2751 V WindowManager: Relayout Window{61a52ef u0 Splash Screen za.co.vanelo.guardflow.mobile}: viewVisibility=0 req=720x1600 d0
07-21 01:11:24.757  1005  1108 I InputDispatcher: Dropping event because there is no touched window on display 0 to receive it: MotionEvent
07-21 01:11:24.758   679   718 I SurfaceFlinger: id=131597 createSurf, flag=40004, Splash Screen za.co.vanelo.guardflow.mobile#131597
07-21 01:11:24.759  1005  2751 D WindowManager: makeSurface duration=1 name=Splash Screen za.co.vanelo.guardflow.mobile
07-21 01:11:24.766  1005  2751 V WindowManager: Changing focus from Window{260e261 u0 com.android.settings/com.android.settings.SubSettings} to null displayId=0 Callers=com.android.server.wm.RootWindowContainer.updateFocusedWindowLocked:490 com.android.server.wm.WindowManagerService.updateFocusedWindowLocked:6127 com.android.server.wm.WindowManagerService.relayoutWindow:2496 com.android.server.wm.Session.relayout:261 
07-21 01:11:24.766  1005  1109 D InputReader: syncTouch: pointerCount 1 -> 1, touching ids 0x80000000 -> 0x80000000, hovering ids 0x00000000 -> 0x00000000, canceled ids 0x00000000
07-21 01:11:24.766  1005  1109 D InputReader: dispatchTouches action MOVE now(ns): 916566382512261
07-21 01:11:24.766  1005  1109 D InputReader: notifyMotion call dispatcher
07-21 01:11:24.766  1005  1108 I InputDispatcher: Dropping event because there is no touched window on display 0 to receive it: MotionEvent
07-21 01:11:24.766  1005  2751 D StatusBarManagerService: notifyRequestedSystemKey recent=false home=false
07-21 01:11:24.767 13719 13719 D nativeloader: Load libframework-connectivity-tiramisu-jni.so using APEX ns com_android_tethering for caller /apex/com.android.tethering/javalib/framework-connectivity-t.jar: ok
07-21 01:11:24.773  1005  1109 D InputReader: syncTouch: pointerCount 1 -> 1, touching ids 0x80000000 -> 0x80000000, hovering ids 0x00000000 -> 0x00000000, canceled ids 0x00000000
07-21 01:11:24.773  1005  1109 D InputReader: dispatchTouches action MOVE now(ns): 916566389868954
07-21 01:11:24.773  1005  1109 D InputReader: notifyMotion call dispatcher
07-21 01:11:24.773  1005  1108 I InputDispatcher: Dropping event because there is no touched window on display 0 to receive it: MotionEvent
07-21 01:11:24.776  1005  2751 V WindowManager: Relayout hash=61a52ef, pid=1240: mAttrs={(0,0)(fillxfill) sim={adjust=pan} ty=APPLICATION_STARTING fmt=TRANSLUCENT wanim=0x1030309
07-21 01:11:24.776  1005  2751 V WindowManager:   fl=NOT_FOCUSABLE NOT_TOUCHABLE LAYOUT_IN_SCREEN LAYOUT_INSET_DECOR ALT_FOCUSABLE_IM HARDWARE_ACCELERATED DRAWS_SYSTEM_BAR_BACKGROUNDS
07-21 01:11:24.776  1005  2751 V WindowManager:   pfl=SHOW_FOR_ALL_USERS USE_BLAST APPEARANCE_CONTROLLED FIT_INSETS_CONTROLLED
07-21 01:11:24.776  1005  2751 V WindowManager:   apr=LIGHT_STATUS_BARS LIGHT_NAVIGATION_BARS
07-21 01:11:24.776  1005  2751 V WindowManager:   bhv=DEFAULT
07-21 01:11:24.776  1005  2751 V WindowManager:   fitSides=}
07-21 01:11:24.777  1005  2064 D ActivityManager: attachApplicationLocked() app=ProcessRecord{4811182 13719:za.co.vanelo.guardflow.mobile/u0a224} app.isolatedEntryPoint=null instr2=null
07-21 01:11:24.781  1005  1109 D InputReader: syncTouch: pointerCount 1 -> 1, touching ids 0x80000000 -> 0x80000000, hovering ids 0x00000000 -> 0x00000000, canceled ids 0x00000000
07-21 01:11:24.782  1005  1109 D InputReader: dispatchTouches action MOVE now(ns): 916566398161107
07-21 01:11:24.782  1005  1109 D InputReader: notifyMotion call dispatcher
07-21 01:11:24.782  1005  1108 I InputDispatcher: Dropping event because there is no touched window on display 0 to receive it: MotionEvent
07-21 01:11:24.783   643   643 D IMGGralloc: GBuffer--------------(*format)=1
07-21 01:11:24.783   643   643 D IMGGralloc: Gralloc alloc start  w:720, h:1600, f:0x1, usage:0x900, privUsage:0x0, line = 1672
07-21 01:11:24.784   643   643 D IMGGralloc: Gralloc Alloc end  w:720, h:1600, f:0x101, usage:0x900,iprivUsage:0x0,handle:0xec23e840, ui64Stamp:5481529, sSize:4608000, BufferName: VRI[mobile]#4740(BLAST Consumer)4740, line = 2131
07-21 01:11:24.785   643   643 D IMGGralloc: Gralloc Free  w:720, h:1600, f:0x101, usage:0x900, ui64Stamp:5481529 line = 2599
07-21 01:11:24.785  1240 13730 D IMGGralloc: Gralloc Register  w:720, h:1600, f:0x101, usage:0x900, ui64Stamp:5481529, sSize:4608000, line = 2444
07-21 01:11:24.786  1240 13730 D IMGGralloc: Gralloc Free  w:720, h:1600, f:0x101, usage:0x900, ui64Stamp:5481529 line = 2599
07-21 01:11:24.786   643   643 D IMGGralloc: GBuffer--------------(*format)=1
07-21 01:11:24.786   643   643 D IMGGralloc: Gralloc alloc start  w:720, h:1600, f:0x1, usage:0xb00, privUsage:0x0, line = 1672
07-21 01:11:24.788   643   643 D IMGGralloc: Gralloc Alloc end  w:720, h:1600, f:0x101, usage:0xb00,iprivUsage:0x0,handle:0xec23e840, ui64Stamp:5481533, sSize:4608000, BufferName: VRI[mobile]#4740(BLAST Consumer)4740, line = 2131
07-21 01:11:24.789   643   643 D IMGGralloc: Gralloc Free  w:720, h:1600, f:0x101, usage:0xb00, ui64Stamp:5481533 line = 2599
07-21 01:11:24.789  1240  1375 D IMGGralloc: Gralloc Register  w:720, h:1600, f:0x101, usage:0xb00, ui64Stamp:5481533, sSize:4608000, line = 2444
07-21 01:11:24.790   643   643 D IMGGralloc: GBuffer--------------(*format)=1
07-21 01:11:24.790   643   643 D IMGGralloc: Gralloc alloc start  w:720, h:1600, f:0x1, usage:0x900, privUsage:0x0, line = 1672
07-21 01:11:24.790  1005  1109 D InputReader: syncTouch: pointerCount 1 -> 1, touching ids 0x80000000 -> 0x80000000, hovering ids 0x00000000 -> 0x00000000, canceled ids 0x00000000
07-21 01:11:24.790  1005  1109 D InputReader: dispatchTouches action MOVE now(ns): 916566406699415
07-21 01:11:24.790  1005  1109 D InputReader: notifyMotion call dispatcher
07-21 01:11:24.790  1005  1108 I InputDispatcher: Dropping event because there is no touched window on display 0 to receive it: MotionEvent
07-21 01:11:24.791   643   643 D IMGGralloc: Gralloc Alloc end  w:720, h:1600, f:0x101, usage:0x900,iprivUsage:0x0,handle:0xec23e840, ui64Stamp:5481537, sSize:4608000, BufferName: VRI[mobile]#4740(BLAST Consumer)4740, line = 2131
07-21 01:11:24.791   643   643 D IMGGralloc: Gralloc Free  w:720, h:1600, f:0x101, usage:0x900, ui64Stamp:5481537 line = 2599
07-21 01:11:24.792  1240 13730 D IMGGralloc: Gralloc Register  w:720, h:1600, f:0x101, usage:0x900, ui64Stamp:5481537, sSize:4608000, line = 2444
07-21 01:11:24.792   643   643 D IMGGralloc: GBuffer--------------(*format)=1
07-21 01:11:24.792   643   643 D IMGGralloc: Gralloc alloc start  w:720, h:1600, f:0x1, usage:0x900, privUsage:0x0, line = 1672
07-21 01:11:24.795  1240  1375 I BLASTBufferQueue: [VRI[mobile]#4740](f:0,a:0) onFrameAvailable the first frame is available
07-21 01:11:24.797   643   643 D IMGGralloc: Gralloc Alloc end  w:720, h:1600, f:0x101, usage:0x900,iprivUsage:0x0,handle:0xec23e840, ui64Stamp:5481548, sSize:4608000, BufferName: VRI[mobile]#4740(BLAST Consumer)4740, line = 2131
07-21 01:11:24.797   679   895 D IMGGralloc: Gralloc Register  w:720, h:1600, f:0x101, usage:0xb00, ui64Stamp:5481533, sSize:4608000, line = 2444
07-21 01:11:24.797   643   643 D IMGGralloc: Gralloc Free  w:720, h:1600, f:0x101, usage:0x900, ui64Stamp:5481548 line = 2599
07-21 01:11:24.798   679   895 D IMGGralloc: GBuffer--------------(*format)=1
07-21 01:11:24.798  1240  1375 W Parcel  : Expecting binder but got null!
07-21 01:11:24.798  1005  1109 D InputReader: syncTouch: pointerCount 1 -> 1, touching ids 0x80000000 -> 0x80000000, hovering ids 0x00000000 -> 0x00000000, canceled ids 0x00000000
07-21 01:11:24.798  1005  1109 D InputReader: dispatchTouches action MOVE now(ns): 916566414870723
07-21 01:11:24.798  1005  1109 D InputReader: notifyMotion call dispatcher
07-21 01:11:24.799  1005  1108 I InputDispatcher: Dropping event because there is no touched window on display 0 to receive it: MotionEvent
07-21 01:11:24.799  1240 13730 D IMGGralloc: Gralloc Register  w:720, h:1600, f:0x101, usage:0x900, ui64Stamp:5481548, sSize:4608000, line = 2444
07-21 01:11:24.800  1005  2064 V WindowManager: rotationForOrientation(orient=SCREEN_ORIENTATION_PORTRAIT (1), last=ROTATION_0 (0)); user=ROTATION_0 (0) 
07-21 01:11:24.801  1005  2064 D WindowManager: rotationForOrientation, orientationSource=ActivityRecord{7a21a64 u0 za.co.vanelo.guardflow.mobile/.MainActivity} t1585}
07-21 01:11:24.802  1005  2064 V WindowManager: Computed rotation=ROTATION_0 (0) for display id=0 based on lastOrientation=SCREEN_ORIENTATION_PORTRAIT (1) and oldRotation=ROTATION_0 (0), caller=com.android.server.wm.DisplayRotation.updateOrientation:395 com.android.server.wm.DisplayContent.updateOrientation:1600 com.android.server.wm.DisplayContent.updateOrientation:1534 com.android.server.wm.RootWindowContainer.ensureVisibilityAndConfig:1804 com.android.server.wm.ActivityTaskSupervisor.realStartActivityLocked:817 com.android.server.wm.RootWindowContainer$AttachApplicationHelper.test:3673 
07-21 01:11:24.807  1005  2064 W WindowManager: Execute app transition: mNextAppTransitionRequests=[TRANSIT_OPEN, TRANSIT_OPEN], mNextAppTransitionFlags=, displayId: 0 Callers=com.android.server.wm.RootWindowContainer.executeAppTransitionForAllDisplay:2219 com.android.server.wm.ActivityTaskSupervisor.reportResumedActivityLocked:1917 com.android.server.wm.ActivityRecord.completeResumeLocked:6181 com.android.server.wm.Task.minimalResumeActivityLocked:4805 com.android.server.wm.ActivityTaskSupervisor.realStartActivityLocked:983 
07-21 01:11:24.807  1005  1109 D InputReader: syncTouch: pointerCount 1 -> 1, touching ids 0x80000000 -> 0x80000000, hovering ids 0x00000000 -> 0x00000000, canceled ids 0x00000000
07-21 01:11:24.807  1005  1109 D InputReader: dispatchTouches action MOVE now(ns): 916566423318069
07-21 01:11:24.807  1005  1109 D InputReader: notifyMotion call dispatcher
07-21 01:11:24.807  1005  1108 I InputDispatcher: Dropping event because there is no touched window on display 0 to receive it: MotionEvent
07-21 01:11:24.807  1005  2751 D WindowManager: finishDrawingWindow: Window{61a52ef u0 Splash Screen za.co.vanelo.guardflow.mobile} mDrawState=DRAW_PENDING
07-21 01:11:24.807  1005  1030 V ActivityManager: Changed top to ProcessRecord{4811182 13719:za.co.vanelo.guardflow.mobile/u0a224}
07-21 01:11:24.808 13719 13719 D ActivityThread: handleBindApplication()++ app=za.co.vanelo.guardflow.mobile
07-21 01:11:24.809  1005  1031 D WindowManager: performShow logReadyForDisplay  mToken.waitingToShow:true isTransitionSet:true
07-21 01:11:24.810 13719 13719 D CompatibilityChangeReporter: Compat change id reported: 171979766; UID 10224; state: ENABLED
07-21 01:11:24.812  1005  1031 D WindowManager: Loading animation for app transition. transit=TRANSIT_OLD_TASK_OPEN enter=false frame=Rect(0, 0 - 720, 1459) insets=Rect(0, 0 - 0, 0) surfaceInsets=Rect(0, 0 - 0, 0)
07-21 01:11:24.815  1005  1109 D InputReader: syncTouch: pointerCount 1 -> 1, touching ids 0x80000000 -> 0x80000000, hovering ids 0x00000000 -> 0x00000000, canceled ids 0x00000000
07-21 01:11:24.815  1005  1109 D InputReader: dispatchTouches action MOVE now(ns): 916566431429992
07-21 01:11:24.815  1005  1109 D InputReader: notifyMotion call dispatcher
07-21 01:11:24.815  1005  1108 I InputDispatcher: Dropping event because there is no touched window on display 0 to receive it: MotionEvent
07-21 01:11:24.816  1005  1031 I WindowManager: Reparenting to leash, surface=Surface(name=Task=1583)/@0x767ec6f, leashParent=Surface(name=DefaultTaskDisplayArea)/@0x600bb5c, caller=com.android.server.wm.SurfaceAnimator.startAnimation:206 com.android.server.wm.WindowContainer.startAnimation:2756 com.android.server.wm.WindowContainer$AnimationRunnerBuilder.lambda$build$4$com-android-server-wm-WindowContainer$AnimationRunnerBuilder:3901 
07-21 01:11:24.816   679   895 I SurfaceFlinger: id=131598 createSurf, flag=24000, Surface(name=Task=1583)/@0x767ec6f - animation-leash of app_transition#131598
07-21 01:11:24.817  1005  1030 I ActivityManager: Changes in 10224 19 to 2, 0 to 15 Caller=com.android.server.am.OomAdjuster.performUpdateOomAdjLSP:485 com.android.server.am.OomAdjuster.performUpdateOomAdjLSP:587 com.android.server.am.OomAdjuster.updateOomAdjLSP:556 com.android.server.am.OomAdjuster.updateOomAdjLocked:538 com.android.server.am.ActivityManagerService.updateOomAdjLocked:16044 com.android.server.am.ProcessRecord.updateProcessInfo:1405 com.android.server.wm.WindowProcessController$$ExternalSyntheticLambda8.accept:20 
07-21 01:11:24.817  1005  1031 D WindowManager: makeSurface duration=1 leash=Surface(name=Surface(name=Task=1583)/@0x767ec6f - animation-leash of app_transition)/@0x2889b3d
07-21 01:11:24.817  1005  1031 D WindowManager: Loading animation for app transition. transit=TRANSIT_OLD_TASK_OPEN enter=true frame=Rect(0, 0 - 720, 1600) insets=Rect(0, 48 - 0, 96) surfaceInsets=Rect(0, 0 - 0, 0)
07-21 01:11:24.819  1005  1031 I WindowManager: Reparenting to leash, surface=Surface(name=Task=1585)/@0x1e07483, leashParent=Surface(name=DefaultTaskDisplayArea)/@0x600bb5c, caller=com.android.server.wm.SurfaceAnimator.startAnimation:206 com.android.server.wm.WindowContainer.startAnimation:2756 com.android.server.wm.WindowContainer$AnimationRunnerBuilder.lambda$build$4$com-android-server-wm-WindowContainer$AnimationRunnerBuilder:3901 
07-21 01:11:24.819   679   895 I SurfaceFlinger: id=131599 createSurf, flag=24004, Surface(name=Task=1585)/@0x1e07483 - animation-leash of app_transition#131599
07-21 01:11:24.820  1005  1031 D WindowManager: makeSurface duration=1 leash=Surface(name=Surface(name=Task=1585)/@0x1e07483 - animation-leash of app_transition)/@0xfe8ae39
07-21 01:11:24.821   643   643 D IMGGralloc: GBuffer--------------(*format)=1
07-21 01:11:24.821   643   643 D IMGGralloc: Gralloc alloc start  w:720, h:1600, f:0x1, usage:0xb66, privUsage:0x0, line = 1672
07-21 01:11:24.823  1005  1109 D InputReader: syncTouch: pointerCount 1 -> 1, touching ids 0x80000000 -> 0x80000000, hovering ids 0x00000000 -> 0x00000000, canceled ids 0x00000000
07-21 01:11:24.824  1005  1109 D InputReader: dispatchTouches action MOVE now(ns): 916566440311915
07-21 01:11:24.824  1005  1109 D InputReader: notifyMotion call dispatcher
07-21 01:11:24.824  1005  1108 I InputDispatcher: Dropping event because there is no touched window on display 0 to receive it: MotionEvent
07-21 01:11:24.824   643   643 D IMGGralloc: Gralloc Alloc end  w:720, h:1600, f:0x1, usage:0xb66,iprivUsage:0x0,handle:0xec23e840, ui64Stamp:5481552, sSize:4608000, BufferName: screenshot, line = 2131
07-21 01:11:24.825   643   643 D IMGGralloc: Gralloc Free  w:720, h:1600, f:0x1, usage:0xb66, ui64Stamp:5481552 line = 2599
07-21 01:11:24.826   679   895 D IMGGralloc: Gralloc Register  w:720, h:1600, f:0x1, usage:0xb66, ui64Stamp:5481552, sSize:4608000, line = 2444
07-21 01:11:24.827   679   679 I Layer   : id=131600 Destroyed Screenshot Parent#131600
07-21 01:11:24.829   651   651 D PowerHAL: ###Enter interaction_other scene bgn###
07-21 01:11:24.829   651   651 D PowerHAL: Enter common_set_for_release_when_close: enable:1, duration: 500, /dev/cluster0_freq_max: 124F80
07-21 01:11:24.830   651   651 D PowerHAL: Enter common_set_for_release_when_close: enable:1, duration: 500, /dev/cluster0_freq_min: F4240
07-21 01:11:24.830   651   651 D PowerHAL: Enter common_set_for_release_when_close: enable:1, duration: 500, /dev/cluster1_freq_max: 186A00
07-21 01:11:24.830   651   651 D PowerHAL: Enter common_set_for_release_when_close: enable:1, duration: 500, /dev/cluster1_freq_min: 12B128
07-21 01:11:24.830   651   651 D PowerHAL: Enter devfreq_ddr_set: enable:1, duration: 500, /sys/class/devfreq/scene-frequency/sprd-governor/scene_boost_dfs: max
07-21 01:11:24.830   651   651 D PowerHAL: ###Enter interaction_other scene end###
07-21 01:11:24.830  1005  1494 D IMGGralloc: Gralloc Register  w:720, h:1600, f:0x1, usage:0xb66, ui64Stamp:5481552, sSize:4608000, line = 2444
07-21 01:11:24.830  1005  1494 D IMGGralloc: GBuffer--------------(*format)=1
07-21 01:11:24.832  1005  1109 D InputReader: syncTouch: pointerCount 1 -> 1, touching ids 0x80000000 -> 0x80000000, hovering ids 0x00000000 -> 0x00000000, canceled ids 0x00000000
07-21 01:11:24.832  1005  1109 D InputReader: dispatchTouches action MOVE now(ns): 916566448538723
07-21 01:11:24.832  1005  1109 D InputReader: notifyMotion call dispatcher
07-21 01:11:24.832  1005  1108 I InputDispatcher: Dropping event because there is no touched window on display 0 to receive it: MotionEvent
07-21 01:11:24.833   651   651 D PowerHAL: ###Enter interaction_other scene bgn###
07-21 01:11:24.833   651   651 D PowerHAL: Enter common_set_for_release_when_close: enable:1, duration: 500, /dev/cluster0_freq_max: 124F80
07-21 01:11:24.833   651   651 D PowerHAL: Enter common_set_for_release_when_close: enable:1, duration: 500, /dev/cluster0_freq_min: F4240
07-21 01:11:24.833   651   651 D PowerHAL: Enter common_set_for_release_when_close: enable:1, duration: 500, /dev/cluster1_freq_max: 186A00
07-21 01:11:24.833   651   651 D PowerHAL: Enter common_set_for_release_when_close: enable:1, duration: 500, /dev/cluster1_freq_min: 12B128
07-21 01:11:24.833   651   651 D PowerHAL: Enter devfreq_ddr_set: enable:1, duration: 500, /sys/class/devfreq/scene-frequency/sprd-governor/scene_boost_dfs: max
07-21 01:11:24.833   651   651 D PowerHAL: ###Enter interaction_other scene end###
07-21 01:11:24.833  1240  2095 D IMGGralloc: Gralloc Register  w:720, h:1600, f:0x1, usage:0xb66, ui64Stamp:5481552, sSize:4608000, line = 2444
07-21 01:11:24.833  1240  2095 D IMGGralloc: GBuffer--------------(*format)=1
07-21 01:11:24.834  1240  1240 D IMGGralloc: Gralloc Free  w:720, h:1600, f:0x1, usage:0xb66, ui64Stamp:5481552 line = 2599
07-21 01:11:24.835  1240  1833 D IMGGralloc: Gralloc Register  w:720, h:1600, f:0x1, usage:0xb66, ui64Stamp:5481552, sSize addr:0xb64f3198, line = 2450
07-21 01:11:24.835   651   651 D PowerHAL: ###Enter interaction_other scene bgn###
07-21 01:11:24.835  1240  1833 D IMGGralloc: GBuffer--------------(*format)=1
07-21 01:11:24.835  1005  1031 I WindowManager: Cancelling animation restarting=true, leash=Surface(name=Surface(name=eacbb4a StatusBar)/@0xa5e1fc4 - animation-leash of insets_animation)/@0x3b95568, caller=com.android.server.wm.SurfaceAnimator.startAnimation:193 com.android.server.wm.WindowContainer.startAnimation:2756 com.android.server.wm.WindowContainer.startAnimation:2763 
07-21 01:11:24.835  1240  1263 D IMGGralloc: Gralloc Register  w:720, h:1600, f:0x1, usage:0xb66, ui64Stamp:5481552, sSize addr:0xb64f3198, line = 2450
07-21 01:11:24.835  1240  1263 D IMGGralloc: GBuffer--------------(*format)=1
07-21 01:11:24.835  1005  1031 I WindowManager: Reparenting to original parent: Surface(name=WindowToken{b0478b5 type=2000 android.os.BinderProxy@599439f})/@0xd596ead, destroy=false, surface=Surface(name=eacbb4a StatusBar)/@0xa5e1fc4, caller=com.android.server.wm.SurfaceAnimator.reset:446 com.android.server.wm.SurfaceAnimator.cancelAnimation:397 com.android.server.wm.SurfaceAnimator.startAnimation:193 
07-21 01:11:24.835  1240  1240 D IMGGralloc: Gralloc Free  w:720, h:1600, f:0x1, usage:0xb66, ui64Stamp:5481552 line = 2599
07-21 01:11:24.835  1240  1833 E TaskStackListenerAbstract: onTaskSnapshotChanged called by Binder.getCallingPid() 0 android.app.ITaskStackListener$Stub.onTransact:522 android.os.Binder.execTransactInternal:1285 android.os.Binder.execTransact:1244 <bottom of call stack> 
07-21 01:11:24.836  1240  1833 D IMGGralloc: Gralloc Free  w:720, h:1600, f:0x1, usage:0xb66, ui64Stamp:5481552 line = 2599
07-21 01:11:24.836  1005  1031 I WindowManager: Reparenting to leash, surface=Surface(name=eacbb4a StatusBar)/@0xa5e1fc4, leashParent=Surface(name=WindowToken{b0478b5 type=2000 android.os.BinderProxy@599439f})/@0xd596ead, caller=com.android.server.wm.SurfaceAnimator.startAnimation:206 com.android.server.wm.WindowContainer.startAnimation:2756 com.android.server.wm.WindowContainer.startAnimation:2763 
07-21 01:11:24.836  4101  8957 D IMGGralloc: Gralloc Register  w:720, h:1600, f:0x1, usage:0xb66, ui64Stamp:5481552, sSize:4608000, line = 2444
07-21 01:11:24.836  4101  8957 D IMGGralloc: GBuffer--------------(*format)=1
07-21 01:11:24.836   679  2117 I SurfaceFlinger: id=131601 createSurf, flag=24000, Surface(name=eacbb4a StatusBar)/@0xa5e1fc4 - animation-leash of insets_animation#131601
07-21 01:11:24.836   651   651 D PowerHAL: Enter common_set_for_release_when_close: enable:1, duration: 500, /dev/cluster0_freq_max: 124F80
07-21 01:11:24.836   651   651 D PowerHAL: Enter common_set_for_release_when_close: enable:1, duration: 500, /dev/cluster0_freq_min: F4240
07-21 01:11:24.836   651   651 D PowerHAL: Enter common_set_for_release_when_close: enable:1, duration: 500, /dev/cluster1_freq_max: 186A00
07-21 01:11:24.836   651   651 D PowerHAL: Enter common_set_for_release_when_close: enable:1, duration: 500, /dev/cluster1_freq_min: 12B128
07-21 01:11:24.836   651   651 D PowerHAL: Enter devfreq_ddr_set: enable:1, duration: 500, /sys/class/devfreq/scene-frequency/sprd-governor/scene_boost_dfs: max
07-21 01:11:24.836   651   651 D PowerHAL: ###Enter interaction_other scene end###
07-21 01:11:24.837  1005  1031 D WindowManager: makeSurface duration=1 leash=Surface(name=Surface(name=eacbb4a StatusBar)/@0xa5e1fc4 - animation-leash of insets_animation)/@0x84e322c
07-21 01:11:24.837  1005  1031 I WindowManager: Cancelling animation restarting=true, leash=Surface(name=Surface(name=f480b0e NavigationBar0)/@0xd988d73 - animation-leash of insets_animation)/@0x78dea67, caller=com.android.server.wm.SurfaceAnimator.startAnimation:193 com.android.server.wm.WindowContainer.startAnimation:2756 com.android.server.wm.WindowContainer.startAnimation:2763 
07-21 01:11:24.838  1005  1031 I WindowManager: Reparenting to original parent: Surface(name=WindowToken{9a1e10 type=2019 android.os.BinderProxy@11464c2})/@0xeff7430, destroy=false, surface=Surface(name=f480b0e NavigationBar0)/@0xd988d73, caller=com.android.server.wm.SurfaceAnimator.reset:446 com.android.server.wm.SurfaceAnimator.cancelAnimation:397 com.android.server.wm.SurfaceAnimator.startAnimation:193 
07-21 01:11:24.838   422   422 I io_stats: !@ 179,0 r 275080397 1728853045 w 36684544 340717136 d 2611770 38925756 f 10513296 3780461 iot 111056636 103597804 th 102400 0 0 pt 0 inp 0 0 916566.453
07-21 01:11:24.838  1005  1031 I WindowManager: Reparenting to leash, surface=Surface(name=f480b0e NavigationBar0)/@0xd988d73, leashParent=Surface(name=WindowToken{9a1e10 type=2019 android.os.BinderProxy@11464c2})/@0xeff7430, caller=com.android.server.wm.SurfaceAnimator.startAnimation:206 com.android.server.wm.WindowContainer.startAnimation:2756 com.android.server.wm.WindowContainer.startAnimation:2763 
07-21 01:11:24.838   679  2117 I SurfaceFlinger: id=131602 createSurf, flag=24000, Surface(name=f480b0e NavigationBar0)/@0xd988d73 - animation-leash of insets_animation#131602
07-21 01:11:24.839  1005  1031 D WindowManager: makeSurface duration=1 leash=Surface(name=Surface(name=f480b0e NavigationBar0)/@0xd988d73 - animation-leash of insets_animation)/@0xdf5228a
07-21 01:11:24.840  1005  1031 D WindowManager: updateSystemBarAttributes: displayId=0, win=Window{61a52ef u0 Splash Screen za.co.vanelo.guardflow.mobile}, navColorWin=Window{61a52ef u0 Splash Screen za.co.vanelo.guardflow.mobile}, behavior=1, appearance=24, statusBarAppearanceRegions=[AppearanceRegion{LIGHT_STATUS_BARS bounds=[0,0][720,1600]}], requestedVisibilities=, from=com.android.server.wm.DisplayPolicy.finishPostLayoutPolicyLw:1801 com.android.server.wm.DisplayContent.applySurfaceChangesTransaction:4684 com.android.server.wm.RootWindowContainer.applySurfaceChangesTransaction:1053 
07-21 01:11:24.840  1005  1109 D InputReader: syncTouch: pointerCount 1 -> 1, touching ids 0x80000000 -> 0x80000000, hovering ids 0x00000000 -> 0x00000000, canceled ids 0x00000000
07-21 01:11:24.840  1005  1109 D InputReader: dispatchTouches action MOVE now(ns): 916566456562723
07-21 01:11:24.840  1005  1109 D InputReader: notifyMotion call dispatcher
07-21 01:11:24.840  1005  1108 I InputDispatcher: Dropping event because there is no touched window on display 0 to receive it: MotionEvent
07-21 01:11:24.841   679  2117 I SurfaceFlinger: id=131603 createSurf, flag=80000, 262bf6 ActivityRecordInputSink za.co.vanelo.guardflow.mobile/.MainActivity#131603
07-21 01:11:24.846   679   679 I Layer   : sf layer Visibility: (BufferStateLayer)layer name =Splash Screen za.co.vanelo.guardflow.mobile#131597, isVisible=0 (Hiddenflag = 1, Alpha = 1.000000, [BufferInfo.mBuffer||mSidebandStream] = 2)
07-21 01:11:24.846   679   679 I Layer   : sf layer not visible reason: parentlayer(61a52ef Splash Screen za.co.vanelo.guardflow.mobile#131596) Hiddenflag = 1
07-21 01:11:24.846   679   679 I Layer   : Layer [Splash Screen za.co.vanelo.guardflow.mobile#131597] hidden!! flag(0)
07-21 01:11:24.847   679   679 I Layer   : id=131587 removedFromDrawingState Surface(name=eacbb4a StatusBar)/@0xa5e1fc4 - animation-leash of insets_animation#131587 (123)
07-21 01:11:24.847   679   679 I Layer   : id=131588 removedFromDrawingState Surface(name=f480b0e NavigationBar0)/@0xd988d73 - animation-leash of insets_animation#131588 (123)
07-21 01:11:24.849  1005  1109 D InputReader: syncTouch: pointerCount 1 -> 1, touching ids 0x80000000 -> 0x80000000, hovering ids 0x00000000 -> 0x00000000, canceled ids 0x00000000
07-21 01:11:24.849  1005  1109 D InputReader: dispatchTouches action MOVE now(ns): 916566465741454
07-21 01:11:24.849  1005  1109 D InputReader: notifyMotion call dispatcher
07-21 01:11:24.850  1005  1108 I InputDispatcher: Dropping event because there is no touched window on display 0 to receive it: MotionEvent
07-21 01:11:24.851  1005  3938 E ActivityManager: Sending non-protected broadcast com.samsung.intent.action.AUTOROTATION from system 1005:system/1000 pkg android
07-21 01:11:24.851  1005  3938 E ActivityManager: java.lang.Throwable
07-21 01:11:24.851  1005  3938 E ActivityManager: 	at com.android.server.am.ActivityManagerService.checkBroadcastFromSystem(ActivityManagerService.java:13979)
07-21 01:11:24.851  1005  3938 E ActivityManager: 	at com.android.server.am.ActivityManagerService.broadcastIntentLocked(ActivityManagerService.java:14707)
07-21 01:11:24.851  1005  3938 E ActivityManager: 	at com.android.server.am.ActivityManagerService.broadcastIntentLocked(ActivityManagerService.java:13997)
07-21 01:11:24.851  1005  3938 E ActivityManager: 	at com.android.server.am.ActivityManagerService.broadcastIntentWithFeature(ActivityManagerService.java:14866)
07-21 01:11:24.851  1005  3938 E ActivityManager: 	at android.app.ContextImpl.sendStickyBroadcastAsUser(ContextImpl.java:1668)
07-21 01:11:24.851  1005  3938 E ActivityManager: 	at com.android.server.ssrm.fgapps.GovernorA01Go.updateParameterByScenario(GovernorA01Go.java:161)
07-21 01:11:24.851  1005  3938 E ActivityManager: 	at com.android.server.ssrm.fgapps.AbsGovernor.update(AbsGovernor.java:188)
07-21 01:11:24.851  1005  3938 E ActivityManager: 	at com.android.server.ssrm.fgapps.GovernorA01Go.onFgAppChanged(GovernorA01Go.java:149)
07-21 01:11:24.851  1005  3938 E ActivityManager: 	at com.android.server.ssrm.fgapps.FgAppListener.onFgAppChangedImpl(FgAppListener.java:92)
07-21 01:11:24.851  1005  3938 E ActivityManager: 	at com.android.server.ssrm.fgapps.FgAppListener.notifyFgAppChanged(FgAppListener.java:77)
07-21 01:11:24.851  1005  3938 E ActivityManager: 	at com.android.server.ssrm.Monitor.onForegroundAppChanged(Monitor.java:1263)
07-21 01:11:24.851  1005  3938 E ActivityManager: 	at com.android.server.ssrm.Monitor$1.handleMessage(Monitor.java:426)
07-21 01:11:24.851  1005  3938 E ActivityManager: 	at android.os.Handler.dispatchMessage(Handler.java:106)
07-21 01:11:24.851  1005  3938 E ActivityManager: 	at android.os.Looper.loopOnce(Looper.java:201)
07-21 01:11:24.851  1005  3938 E ActivityManager: 	at android.os.Looper.loop(Looper.java:288)
07-21 01:11:24.851  1005  3938 E ActivityManager: 	at android.os.HandlerThread.run(HandlerThread.java:67)
07-21 01:11:24.852   679  2117 I SurfaceFlinger: id=131588 Removed Surface(name=f480b0e NavigationBar0)/@0xd988d73 - animation-leash of insets_animation#131588 (123)
07-21 01:11:24.853   679   895 I SurfaceFlinger: id=131587 Removed Surface(name=eacbb4a StatusBar)/@0xa5e1fc4 - animation-leash of insets_animation#131587 (123)
07-21 01:11:24.857  1005  1109 D InputReader: syncTouch: pointerCount 1 -> 1, touching ids 0x80000000 -> 0x80000000, hovering ids 0x00000000 -> 0x00000000, canceled ids 0x00000000
07-21 01:11:24.857  1005  1109 D InputReader: dispatchTouches action MOVE now(ns): 916566473446684
07-21 01:11:24.857  1005  1109 D InputReader: notifyMotion call dispatcher
07-21 01:11:24.857  1005  1108 I InputDispatcher: Dropping event because there is no touched window on display 0 to receive it: MotionEvent
07-21 01:11:24.862   679   679 I Layer   : id=131588 Destroyed Surface(name=f480b0e NavigationBar0)/@0xd988d73 - animation-leash of insets_animation#131588
07-21 01:11:24.862   679   679 I Layer   : id=131587 Destroyed Surface(name=eacbb4a StatusBar)/@0xa5e1fc4 - animation-leash of insets_animation#131587
07-21 01:11:24.865  1005  1109 D InputReader: syncTouch: pointerCount 1 -> 1, touching ids 0x80000000 -> 0x80000000, hovering ids 0x00000000 -> 0x00000000, canceled ids 0x00000000
07-21 01:11:24.866  1005  1109 D InputReader: dispatchTouches action MOVE now(ns): 916566482364261
07-21 01:11:24.866  1005  1109 D InputReader: notifyMotion call dispatcher
07-21 01:11:24.866  1005  1108 I InputDispatcher: Dropping event because there is no touched window on display 0 to receive it: MotionEvent
07-21 01:11:24.868   679   679 D SurfaceFlinger: Display 0 HWC layers:
07-21 01:11:24.868   679   679 D SurfaceFlinger:  SOLID_COLOR |              | 0000 |  Unknown  |    0.0    0.0    0.0    0.0 |    0    0  720 1600 | DefaultTaskDisplayArea#8
07-21 01:11:24.868   679   679 D SurfaceFlinger:      DEVICE | 0xeb4df940 | 0102 | RGBA_8888    |   28.0    0.0  720.0 1600.0 |    0    0  692 1600 | com.android.settings/com.android.settings.SubSettings#131552
07-21 01:11:24.868   679   679 D SurfaceFlinger:      DEVICE | 0xeb4df040 | 0100 | RGBA_8888    |    0.0    0.0  720.0   48.0 |    0    0  720   48 | StatusBar#68
07-21 01:11:24.868   679   679 D SurfaceFlinger:      DEVICE | 0xeb4df100 | 0100 | RGBA_8888    |    0.0    0.0  720.0   96.0 |    0 1504  720 1600 | NavigationBar0#64
07-21 01:11:24.868   679   679 D SurfaceFlinger: 
07-21 01:11:24.873  1005  1109 D InputReader: syncTouch: pointerCount 1 -> 1, touching ids 0x80000000 -> 0x80000000, hovering ids 0x00000000 -> 0x00000000, canceled ids 0x00000000
07-21 01:11:24.874  1005  1109 D InputReader: dispatchTouches action MOVE now(ns): 916566490096954
07-21 01:11:24.874  1005  1109 D InputReader: notifyMotion call dispatcher
07-21 01:11:24.874  1005  1108 I InputDispatcher: Dropping event because there is no touched window on display 0 to receive it: MotionEvent
07-21 01:11:24.881   644 19852 D IMGGralloc: Gralloc Register  w:720, h:1600, f:0x101, usage:0xb00, ui64Stamp:5481533, sSize:4608000, line = 2444
07-21 01:11:24.882  1005  1109 D InputReader: syncTouch: pointerCount 1 -> 1, touching ids 0x80000000 -> 0x80000000, hovering ids 0x00000000 -> 0x00000000, canceled ids 0x00000000
07-21 01:11:24.882  1005  1109 D InputReader: dispatchTouches action MOVE now(ns): 916566498223107
07-21 01:11:24.882  1005  1109 D InputReader: notifyMotion call dispatcher
07-21 01:11:24.882  1005  1108 I InputDispatcher: Dropping event because there is no touched window on display 0 to receive it: MotionEvent
07-21 01:11:24.883   679   679 D SurfaceFlinger: Display 0 HWC layers:
07-21 01:11:24.883   679   679 D SurfaceFlinger:  SOLID_COLOR |              | 0000 |  Unknown  |    0.0    0.0    0.0    0.0 |    0    0  720 1600 | DefaultTaskDisplayArea#8
07-21 01:11:24.883   679   679 D SurfaceFlinger:      DEVICE | 0xeb43e000 | 0102 | RGBA_8888    |   71.0    0.0  720.0 1600.0 |    0    0  649 1600 | com.android.settings/com.android.settings.SubSettings#131552
07-21 01:11:24.883   679   679 D SurfaceFlinger:      DEVICE | 0xeb4dfc40 | 0100 | RGBA_8888    |    0.0    0.0   35.0 1600.0 |  685    0  720 1600 | Splash Screen za.co.vanelo.guardflow.mobile#131597
07-21 01:11:24.883   679   679 D SurfaceFlinger:      DEVICE | 0xeb4df040 | 0100 | RGBA_8888    |    0.0    0.0  720.0   48.0 |    0    0  720   48 | StatusBar#68
07-21 01:11:24.883   679   679 D SurfaceFlinger:      DEVICE | 0xeb4df100 | 0100 | RGBA_8888    |    0.0    0.0  720.0   96.0 |    0 1504  720 1600 | NavigationBar0#64
07-21 01:11:24.883   679   679 D SurfaceFlinger: 
07-21 01:11:24.890  1005  1109 D InputReader: syncTouch: pointerCount 1 -> 1, touching ids 0x80000000 -> 0x80000000, hovering ids 0x00000000 -> 0x00000000, canceled ids 0x00000000
07-21 01:11:24.890  1005  1109 D InputReader: dispatchTouches action MOVE now(ns): 916566506729761
07-21 01:11:24.890  1005  1109 D InputReader: notifyMotion call dispatcher
07-21 01:11:24.890  1005  1108 I InputDispatcher: Dropping event because there is no touched window on display 0 to receive it: MotionEvent
07-21 01:11:24.898  1005  1109 D InputReader: syncTouch: pointerCount 1 -> 1, touching ids 0x80000000 -> 0x80000000, hovering ids 0x00000000 -> 0x00000000, canceled ids 0x00000000
07-21 01:11:24.898  1005  1109 D InputReader: dispatchTouches action MOVE now(ns): 916566514938761
07-21 01:11:24.898  1005  1109 D InputReader: notifyMotion call dispatcher
07-21 01:11:24.899  1005  1108 I InputDispatcher: Dropping event because there is no touched window on display 0 to receive it: MotionEvent
07-21 01:11:24.907  1005  1109 D InputReader: syncTouch: pointerCount 1 -> 1, touching ids 0x80000000 -> 0x80000000, hovering ids 0x00000000 -> 0x00000000, canceled ids 0x00000000
07-21 01:11:24.907  1005  1109 D InputReader: dispatchTouches action MOVE now(ns): 916566523427107
07-21 01:11:24.907  1005  1109 D InputReader: notifyMotion call dispatcher
07-21 01:11:24.907  1005  1108 I InputDispatcher: Dropping event because there is no touched window on display 0 to receive it: MotionEvent
07-21 01:11:24.915  1005  1109 D InputReader: syncTouch: pointerCount 1 -> 1, touching ids 0x80000000 -> 0x80000000, hovering ids 0x00000000 -> 0x00000000, canceled ids 0x00000000
07-21 01:11:24.915  1005  1109 D InputReader: dispatchTouches action MOVE now(ns): 916566531616453
07-21 01:11:24.915  1005  1109 D InputReader: notifyMotion call dispatcher
07-21 01:11:24.915  1005  1108 I InputDispatcher: Dropping event because there is no touched window on display 0 to receive it: MotionEvent
07-21 01:11:24.923  1005  1109 D InputReader: syncTouch: pointerCount 1 -> 1, touching ids 0x80000000 -> 0x80000000, hovering ids 0x00000000 -> 0x00000000, canceled ids 0x00000000
07-21 01:11:24.924  1005  1109 D InputReader: dispatchTouches action MOVE now(ns): 916566540162915
07-21 01:11:24.924  1005  1109 D InputReader: notifyMotion call dispatcher
07-21 01:11:24.924  1005  1108 I InputDispatcher: Dropping event because there is no touched window on display 0 to receive it: MotionEvent
07-21 01:11:24.932  1005  1109 D InputReader: syncTouch: pointerCount 1 -> 1, touching ids 0x80000000 -> 0x80000000, hovering ids 0x00000000 -> 0x00000000, canceled ids 0x00000000
07-21 01:11:24.932  1005  1109 D InputReader: dispatchTouches action MOVE now(ns): 916566548348915
07-21 01:11:24.932  1005  1109 D InputReader: notifyMotion call dispatcher
07-21 01:11:24.932  1005  1108 I InputDispatcher: Dropping event because there is no touched window on display 0 to receive it: MotionEvent
07-21 01:11:24.944 13719 13719 D nativeloader: Configuring clns-4 for other apk /data/app/~~Vv5A2xtovkXua1dzj7lnCA==/za.co.vanelo.guardflow.mobile-fT8nbh9macC9lfwZFYuUXQ==/base.apk. target_sdk_version=36, uses_libraries=, library_path=/data/app/~~Vv5A2xtovkXua1dzj7lnCA==/za.co.vanelo.guardflow.mobile-fT8nbh9macC9lfwZFYuUXQ==/lib/arm:/data/app/~~Vv5A2xtovkXua1dzj7lnCA==/za.co.vanelo.guardflow.mobile-fT8nbh9macC9lfwZFYuUXQ==/base.apk!/lib/armeabi-v7a, permitted_path=/data:/mnt/expand:/data/user/0/za.co.vanelo.guardflow.mobile
07-21 01:11:24.949  1005  1109 D InputReader: syncTouch: pointerCount 1 -> 1, touching ids 0x80000000 -> 0x80000000, hovering ids 0x00000000 -> 0x00000000, canceled ids 0x00000000
07-21 01:11:24.949  1005  1109 D InputReader: dispatchTouches action MOVE now(ns): 916566565412569
07-21 01:11:24.949  1005  1109 D InputReader: notifyMotion call dispatcher
07-21 01:11:24.949  1005  1108 I InputDispatcher: Dropping event because there is no touched window on display 0 to receive it: MotionEvent
07-21 01:11:24.949   651   651 D PowerHAL: ###Enter interaction_other scene bgn###
07-21 01:11:24.949   651   651 D PowerHAL: Enter common_set_for_release_when_close: enable:1, duration: 500, /dev/cluster0_freq_max: 124F80
07-21 01:11:24.950   651   651 D PowerHAL: Enter common_set_for_release_when_close: enable:1, duration: 500, /dev/cluster0_freq_min: F4240
07-21 01:11:24.950   651   651 D PowerHAL: Enter common_set_for_release_when_close: enable:1, duration: 500, /dev/cluster1_freq_max: 186A00
07-21 01:11:24.950   651   651 D PowerHAL: Enter common_set_for_release_when_close: enable:1, duration: 500, /dev/cluster1_freq_min: 12B128
07-21 01:11:24.950  1240  1240 D NotificationStatusIcon: applyNotificationIconsTint
07-21 01:11:24.950   651   651 D PowerHAL: Enter devfreq_ddr_set: enable:1, duration: 500, /sys/class/devfreq/scene-frequency/sprd-governor/scene_boost_dfs: max
07-21 01:11:24.950   651   651 D PowerHAL: ###Enter interaction_other scene end###
07-21 01:11:24.950   651   651 D PowerHAL: ###Enter interaction_other scene bgn###
07-21 01:11:24.950   651   651 D PowerHAL: Enter common_set_for_release_when_close: enable:1, duration: 500, /dev/cluster0_freq_max: 124F80
07-21 01:11:24.950   651   651 D PowerHAL: Enter common_set_for_release_when_close: enable:1, duration: 500, /dev/cluster0_freq_min: F4240
07-21 01:11:24.950   651   651 D PowerHAL: Enter common_set_for_release_when_close: enable:1, duration: 500, /dev/cluster1_freq_max: 186A00
07-21 01:11:24.950   651   651 D PowerHAL: Enter common_set_for_release_when_close: enable:1, duration: 500, /dev/cluster1_freq_min: 12B128
07-21 01:11:24.950   651   651 D PowerHAL: Enter devfreq_ddr_set: enable:1, duration: 500, /sys/class/devfreq/scene-frequency/sprd-governor/scene_boost_dfs: max
07-21 01:11:24.950   651   651 D PowerHAL: ###Enter interaction_other scene end###
07-21 01:11:24.957  1005  1109 D InputReader: syncTouch: pointerCount 1 -> 1, touching ids 0x80000000 -> 0x80000000, hovering ids 0x00000000 -> 0x00000000, canceled ids 0x00000000
07-21 01:11:24.957  1005  1109 D InputReader: dispatchTouches action MOVE now(ns): 916566573564223
07-21 01:11:24.957  1005  1109 D InputReader: notifyMotion call dispatcher
07-21 01:11:24.957  1005  1108 I InputDispatcher: Dropping event because there is no touched window on display 0 to receive it: MotionEvent
07-21 01:11:24.958 13719 13719 D nativeloader: Load libframework-connectivity-jni.so using APEX ns com_android_tethering for caller /apex/com.android.tethering/javalib/framework-connectivity.jar: ok
07-21 01:11:24.961 13719 13719 V GraphicsEnvironment: ANGLE Developer option for 'za.co.vanelo.guardflow.mobile' set to: 'default'
07-21 01:11:24.961 13719 13719 V GraphicsEnvironment: ANGLE GameManagerService for za.co.vanelo.guardflow.mobile: false
07-21 01:11:24.962 13719 13719 V GraphicsEnvironment: Neither updatable production driver nor prerelease driver is supported.
