07-21 01:11:26.613 13719 13737 D IMGGralloc: Gralloc Register  w:720, h:1600, f:0x101, usage:0xb00, ui64Stamp:5481642, sSize:4608000, line = 2444
07-21 01:11:26.614 13719 13767 I cr_LibraryLoader: Successfully loaded native library
07-21 01:11:26.616   644 19852 D IMGGralloc: Gralloc Register  w:720, h:1600, f:0x101, usage:0xb00, ui64Stamp:5481628, sSize:4608000, line = 2444
07-21 01:11:26.617 13719 13767 I cr_CachingUmaRecorder: Flushed 44 samples from 20 histograms, 0 samples were dropped.
07-21 01:11:26.619   679   718 D IMGGralloc: Gralloc Register  w:720, h:1600, f:0x101, usage:0xb00, ui64Stamp:5481642, sSize:4608000, line = 2444
07-21 01:11:26.620   679   718 D IMGGralloc: GBuffer--------------(*format)=1
07-21 01:11:26.633   644 19852 D IMGGralloc: Gralloc Register  w:720, h:1600, f:0x101, usage:0xb00, ui64Stamp:5481642, sSize:4608000, line = 2444
07-21 01:11:26.730  1005  1193 D NetdEventListenerService: DNS Requested by : 196, 10224
07-21 01:11:26.730  1005  1193 D NetdEventListenerService: DNS Requested by : 196, 10224
07-21 01:11:26.733 13719 13767 D TrafficStats: tagSocket(113) with statsTag=0xffffffff, statsUid=-1
07-21 01:11:26.733 13719 13768 D TrafficStats: tagSocket(118) with statsTag=0xffffffff, statsUid=-1
07-21 01:11:26.845   422   422 I io_stats: !@ 179,0 r 275082155 1728894521 w 36684556 340717356 d 2611770 38925756 f 10513297 3780462 iot 111057040 103598177 th 102400 0 0 pt 0 inp 0 0 916568.459
07-21 01:11:27.467 13719 13768 D nativeloader: Load /data/app/~~Vv5A2xtovkXua1dzj7lnCA==/za.co.vanelo.guardflow.mobile-fT8nbh9macC9lfwZFYuUXQ==/base.apk!/lib/armeabi-v7a/libzstd-kmp.so using class loader ns clns-4 (caller=/data/app/~~Vv5A2xtovkXua1dzj7lnCA==/za.co.vanelo.guardflow.mobile-fT8nbh9macC9lfwZFYuUXQ==/base.apk!classes2.dex): ok
07-21 01:11:27.511 13719 13744 W unknown:ReactNative: StatusBarModule: Ignored status bar change, current activity is edge-to-edge.
07-21 01:11:27.941  1240  1380 D MobileSignalController(1/3): updateTelephonySignalStrength: hasService=true ss=SignalStrength:{mCdma=Invalid,mGsm=Invalid,mWcdma=Invalid,mTdscdma=Invalid,mLte=CellSignalStrengthLte: rssi=-81 rsrp=-81 rsrq=-9 rssnr=5 cqiTableIndex=2147483647 cqi=15 ta=2147483647 level=4 parametersUseForLevel=0,mNr=Invalid,SignalBarInfo{ lteLevel=4 },rat=14,primary=CellSignalStrengthLte} displayInfo=TelephonyDisplayInfo {network=LTE, override=NONE}
07-21 01:11:27.941  1240  1380 D MobileSignalController(1/3): mCurrentState.signalStrength
07-21 01:11:27.941  4021  4046 I EPDG -- SIM0 [SMARTCELLULAR]: onSignalStrengthsChanged: SignalStrength:{mCdma=Invalid,mGsm=Invalid,mWcdma=Invalid,mTdscdma=Invalid,mLte=CellSignalStrengthLte: rssi=-81 rsrp=-81 rsrq=-9 rssnr=5 cqiTableIndex=2147483647 cqi=15 ta=2147483647 level=4 parametersUseForLevel=0,mNr=Invalid,SignalBarInfo{ lteLevel=4 },rat=14,primary=CellSignalStrengthLte}
07-21 01:11:27.941  1240  1380 D networkType: networkType = 13
07-21 01:11:27.941  1240  1380 D MobileSignalController(1/3): updateTelephonySignalStrength: iconGroup=IconGroup(4G) dataConnected=true displayInfo=TelephonyDisplayInfo {network=LTE, override=NONE}
07-21 01:11:27.943  1240  1380 D MobileSignalController:Parveen: getSbInfo- typeIcon: 2131233045 statusIcon: [visible=true,icon=2131233122,contentDescription=Phone signal full.]
07-21 01:11:27.944  1240  1240 D StatusBarSignalPolicy: setMobileDataIndicators: MobileDataIndicators[statusIcon=[visible=true,icon=2131233122,contentDescription=Phone signal full.],qsIcon=[visible=true,icon=2131233122,contentDescription=Phone signal full.],statusType=2131233045,qsType=2131233045,activityIn=true,activityOut=true,typeContentDescription=4G,typeContentDescriptionHtml=4G,description=TelkomSA,subId=10,roaming=false,showTriangle=true,dataActivity=2131233096,roamingIcon=0]
07-21 01:11:27.944  1240  1380 D NetworkController: onReceive: intent=Intent { act=android.intent.action.SIG_STR flg=0x10 (has extras) }
07-21 01:11:27.944  1240  1240 D StatusBarSignalPolicy: MobileIconStates: mobile,  read=mobile[MobileIconState(subId=10, strengthId=2131233122, typeId=2131233045, visible=true, activityId=2131233096, roamingId=0, voiceNoServiceId=0, slotId=0), MobileIconState(subId=3, strengthId=2131233121, typeId=0, visible=true, activityId=0, roamingId=0, voiceNoServiceId=0, slotId=1)]
07-21 01:11:28.023 13719 13744 W unknown:ReactNative: StatusBarModule: Ignored status bar change, current activity is edge-to-edge.
07-21 01:11:28.264 13719 13744 W unknown:ReactNative: StatusBarModule: Ignored status bar change, current activity is edge-to-edge.
07-21 01:11:28.294 13719 13719 D CompatibilityChangeReporter: Compat change id reported: 171228096; UID 10224; state: ENABLED
07-21 01:11:28.295 13719 13744 W unknown:ReactNative: StatusBarModule: Ignored status bar change, current activity is edge-to-edge.
07-21 01:11:28.855   422   422 I io_stats: !@ 179,0 r 275082258 1728895637 w 36684685 340718168 d 2611770 38925756 f 10513396 3780465 iot 111057100 103598240 th 102400 0 0 pt 0 inp 0 0 916570.469
07-21 01:11:29.278  1240  1380 D MobileSignalController(1/3): updateTelephonySignalStrength: hasService=true ss=SignalStrength:{mCdma=Invalid,mGsm=Invalid,mWcdma=Invalid,mTdscdma=Invalid,mLte=CellSignalStrengthLte: rssi=-81 rsrp=-77 rsrq=-9 rssnr=8 cqiTableIndex=2147483647 cqi=15 ta=2147483647 level=4 parametersUseForLevel=0,mNr=Invalid,SignalBarInfo{ lteLevel=4 },rat=14,primary=CellSignalStrengthLte} displayInfo=TelephonyDisplayInfo {network=LTE, override=NONE}
07-21 01:11:29.278  1240  1380 D MobileSignalController(1/3): mCurrentState.signalStrength
07-21 01:11:29.278  1240  1380 D networkType: networkType = 13
07-21 01:11:29.279  1240  1380 D MobileSignalController(1/3): updateTelephonySignalStrength: iconGroup=IconGroup(4G) dataConnected=true displayInfo=TelephonyDisplayInfo {network=LTE, override=NONE}
07-21 01:11:29.279  4021  4046 I EPDG -- SIM0 [SMARTCELLULAR]: onSignalStrengthsChanged: SignalStrength:{mCdma=Invalid,mGsm=Invalid,mWcdma=Invalid,mTdscdma=Invalid,mLte=CellSignalStrengthLte: rssi=-81 rsrp=-77 rsrq=-9 rssnr=8 cqiTableIndex=2147483647 cqi=15 ta=2147483647 level=4 parametersUseForLevel=0,mNr=Invalid,SignalBarInfo{ lteLevel=4 },rat=14,primary=CellSignalStrengthLte}
07-21 01:11:29.279  1240  1380 D MobileSignalController:Parveen: getSbInfo- typeIcon: 2131233045 statusIcon: [visible=true,icon=2131233122,contentDescription=Phone signal full.]
07-21 01:11:29.280  1240  1380 D NetworkController: onReceive: intent=Intent { act=android.intent.action.SIG_STR flg=0x10 (has extras) }
07-21 01:11:29.280  1240  1240 D StatusBarSignalPolicy: setMobileDataIndicators: MobileDataIndicators[statusIcon=[visible=true,icon=2131233122,contentDescription=Phone signal full.],qsIcon=[visible=true,icon=2131233122,contentDescription=Phone signal full.],statusType=2131233045,qsType=2131233045,activityIn=true,activityOut=true,typeContentDescription=4G,typeContentDescriptionHtml=4G,description=TelkomSA,subId=10,roaming=false,showTriangle=true,dataActivity=2131233096,roamingIcon=0]
07-21 01:11:29.281  1240  1240 D StatusBarSignalPolicy: MobileIconStates: mobile,  read=mobile[MobileIconState(subId=10, strengthId=2131233122, typeId=2131233045, visible=true, activityId=2131233096, roamingId=0, voiceNoServiceId=0, slotId=0), MobileIconState(subId=3, strengthId=2131233121, typeId=0, visible=true, activityId=0, roamingId=0, voiceNoServiceId=0, slotId=1)]
07-21 01:11:30.697 13719 13792 D ProfileInstaller: Skipping profile installation for za.co.vanelo.guardflow.mobile
07-21 01:11:30.865   422   422 I io_stats: !@ 179,0 r 275082284 1728895785 w 36684791 340719716 d 2611770 38925756 f 10513426 3780471 iot 111057148 103598282 th 102400 0 0 pt 0 inp 0 0 916572.480
07-21 01:11:31.008  4021  4052 I EPDG -- SIM1 [EpdgHandler]: Event received: MONITOR_CROSS_SIM_HYSTERESIS_COMPLETE cid - 0
07-21 01:11:31.008  4021  4052 I EPDG -- SIM1 [EpdgHandler]: Event received: CROSS_SIM_CONDITION_CHANGED cid - 0
07-21 01:11:31.008  4021  4052 I EPDG -- SIM1 [CrossSimCallingManager]: handleCrossSimConditionChangeEvent : event CROSS_SIM_SIGNAL_LEVEL_CHANGE status 0 mIsCrossSimRequirementMet true
07-21 01:11:31.019  4021  4046 I EPDG -- SIM0 [SMARTCELLULAR]: onSignalStrengthsChanged: SignalStrength:{mCdma=Invalid,mGsm=Invalid,mWcdma=Invalid,mTdscdma=Invalid,mLte=CellSignalStrengthLte: rssi=-79 rsrp=-79 rsrq=-9 rssnr=9 cqiTableIndex=2147483647 cqi=15 ta=2147483647 level=4 parametersUseForLevel=0,mNr=Invalid,SignalBarInfo{ lteLevel=4 },rat=14,primary=CellSignalStrengthLte}
07-21 01:11:31.019  1240  1380 D MobileSignalController(1/3): updateTelephonySignalStrength: hasService=true ss=SignalStrength:{mCdma=Invalid,mGsm=Invalid,mWcdma=Invalid,mTdscdma=Invalid,mLte=CellSignalStrengthLte: rssi=-79 rsrp=-79 rsrq=-9 rssnr=9 cqiTableIndex=2147483647 cqi=15 ta=2147483647 level=4 parametersUseForLevel=0,mNr=Invalid,SignalBarInfo{ lteLevel=4 },rat=14,primary=CellSignalStrengthLte} displayInfo=TelephonyDisplayInfo {network=LTE, override=NONE}
07-21 01:11:31.019  1240  1380 D MobileSignalController(1/3): mCurrentState.signalStrength
07-21 01:11:31.019  1240  1380 D networkType: networkType = 13
07-21 01:11:31.020  1240  1380 D MobileSignalController(1/3): updateTelephonySignalStrength: iconGroup=IconGroup(4G) dataConnected=true displayInfo=TelephonyDisplayInfo {network=LTE, override=NONE}
07-21 01:11:31.020  1240  1380 D MobileSignalController:Parveen: getSbInfo- typeIcon: 2131233045 statusIcon: [visible=true,icon=2131233122,contentDescription=Phone signal full.]
07-21 01:11:31.021  1240  1380 D NetworkController: onReceive: intent=Intent { act=android.intent.action.SIG_STR flg=0x10 (has extras) }
07-21 01:11:31.021  1240  1240 D StatusBarSignalPolicy: setMobileDataIndicators: MobileDataIndicators[statusIcon=[visible=true,icon=2131233122,contentDescription=Phone signal full.],qsIcon=[visible=true,icon=2131233122,contentDescription=Phone signal full.],statusType=2131233045,qsType=2131233045,activityIn=true,activityOut=true,typeContentDescription=4G,typeContentDescriptionHtml=4G,description=TelkomSA,subId=10,roaming=false,showTriangle=true,dataActivity=2131233096,roamingIcon=0]
07-21 01:11:31.021  1240  1240 D StatusBarSignalPolicy: MobileIconStates: mobile,  read=mobile[MobileIconState(subId=10, strengthId=2131233122, typeId=2131233045, visible=true, activityId=2131233096, roamingId=0, voiceNoServiceId=0, slotId=0), MobileIconState(subId=3, strengthId=2131233121, typeId=0, visible=true, activityId=0, roamingId=0, voiceNoServiceId=0, slotId=1)]
07-21 01:11:32.606  1240  1380 D MobileSignalController:Parveen: getSbInfo- typeIcon: 2131233045 statusIcon: [visible=true,icon=2131233122,contentDescription=Phone signal full.]
07-21 01:11:32.607  1240  1240 D StatusBarSignalPolicy: setMobileDataIndicators: MobileDataIndicators[statusIcon=[visible=true,icon=2131233122,contentDescription=Phone signal full.],qsIcon=[visible=true,icon=2131233122,contentDescription=Phone signal full.],statusType=2131233045,qsType=2131233045,activityIn=false,activityOut=false,typeContentDescription=4G,typeContentDescriptionHtml=4G,description=TelkomSA,subId=10,roaming=false,showTriangle=true,dataActivity=2131233097,roamingIcon=0]
07-21 01:11:32.607  1240  1240 D StatusBarSignalPolicy: MobileIconStates: mobile,  read=mobile[MobileIconState(subId=10, strengthId=2131233122, typeId=2131233045, visible=true, activityId=2131233097, roamingId=0, voiceNoServiceId=0, slotId=0), MobileIconState(subId=3, strengthId=2131233121, typeId=0, visible=true, activityId=0, roamingId=0, voiceNoServiceId=0, slotId=1)]
07-21 01:11:32.626  1240  1380 D MobileSignalController:Parveen: getSbInfo- typeIcon: 0 statusIcon: [visible=true,icon=2131233121,contentDescription=Phone three bars.]
07-21 01:11:32.628  1240  1240 D StatusBarSignalPolicy: setMobileDataIndicators: MobileDataIndicators[statusIcon=[visible=true,icon=2131233121,contentDescription=Phone three bars.],qsIcon=,statusType=0,qsType=0,activityIn=false,activityOut=false,typeContentDescription=4G,typeContentDescriptionHtml=4G,description=null,subId=3,roaming=false,showTriangle=true,dataActivity=0,roamingIcon=0]
07-21 01:11:32.628  1240  1240 D StatusBarSignalPolicy: MobileIconStates: mobile,  read=mobile[MobileIconState(subId=10, strengthId=2131233122, typeId=2131233045, visible=true, activityId=2131233097, roamingId=0, voiceNoServiceId=0, slotId=0), MobileIconState(subId=3, strengthId=2131233121, typeId=0, visible=true, activityId=0, roamingId=0, voiceNoServiceId=0, slotId=1)]
07-21 01:11:32.875   422   422 I io_stats: !@ 179,0 r 275082285 1728895789 w 36684791 340719716 d 2611770 38925756 f 10513426 3780471 iot 111057148 103598283 th 102400 0 0 pt 0 inp 0 0 916574.490
07-21 01:11:33.539  1240  1380 D MobileSignalController(1/3): updateTelephonySignalStrength: hasService=true ss=SignalStrength:{mCdma=Invalid,mGsm=Invalid,mWcdma=Invalid,mTdscdma=Invalid,mLte=CellSignalStrengthLte: rssi=-79 rsrp=-79 rsrq=-9 rssnr=8 cqiTableIndex=2147483647 cqi=8 ta=2147483647 level=4 parametersUseForLevel=0,mNr=Invalid,SignalBarInfo{ lteLevel=4 },rat=14,primary=CellSignalStrengthLte} displayInfo=TelephonyDisplayInfo {network=LTE, override=NONE}
07-21 01:11:33.539  1240  1380 D MobileSignalController(1/3): mCurrentState.signalStrength
07-21 01:11:33.539  1240  1380 D networkType: networkType = 13
07-21 01:11:33.539  4021  4046 I EPDG -- SIM0 [SMARTCELLULAR]: onSignalStrengthsChanged: SignalStrength:{mCdma=Invalid,mGsm=Invalid,mWcdma=Invalid,mTdscdma=Invalid,mLte=CellSignalStrengthLte: rssi=-79 rsrp=-79 rsrq=-9 rssnr=8 cqiTableIndex=2147483647 cqi=8 ta=2147483647 level=4 parametersUseForLevel=0,mNr=Invalid,SignalBarInfo{ lteLevel=4 },rat=14,primary=CellSignalStrengthLte}
07-21 01:11:33.539  1240  1380 D MobileSignalController(1/3): updateTelephonySignalStrength: iconGroup=IconGroup(4G) dataConnected=true displayInfo=TelephonyDisplayInfo {network=LTE, override=NONE}
07-21 01:11:33.540  1240  1380 D MobileSignalController:Parveen: getSbInfo- typeIcon: 2131233045 statusIcon: [visible=true,icon=2131233122,contentDescription=Phone signal full.]
07-21 01:11:33.541  1240  1380 D NetworkController: onReceive: intent=Intent { act=android.intent.action.SIG_STR flg=0x10 (has extras) }
07-21 01:11:33.541  1240  1240 D StatusBarSignalPolicy: setMobileDataIndicators: MobileDataIndicators[statusIcon=[visible=true,icon=2131233122,contentDescription=Phone signal full.],qsIcon=[visible=true,icon=2131233122,contentDescription=Phone signal full.],statusType=2131233045,qsType=2131233045,activityIn=false,activityOut=false,typeContentDescription=4G,typeContentDescriptionHtml=4G,description=TelkomSA,subId=10,roaming=false,showTriangle=true,dataActivity=2131233097,roamingIcon=0]
07-21 01:11:33.541  1240  1240 D StatusBarSignalPolicy: MobileIconStates: mobile,  read=mobile[MobileIconState(subId=10, strengthId=2131233122, typeId=2131233045, visible=true, activityId=2131233097, roamingId=0, voiceNoServiceId=0, slotId=0), MobileIconState(subId=3, strengthId=2131233121, typeId=0, visible=true, activityId=0, roamingId=0, voiceNoServiceId=0, slotId=1)]
07-21 01:11:33.619  1240  1240 D Tile.HotspotTile:  onHotspotChanged : true devices =1
07-21 01:11:33.619  1240  1380 D Tile.HotspotTile:  onDataSaverChanged : false
07-21 01:11:33.622  1240  1240 D Tile.HotspotTile:  onDataSaverChanged : false
07-21 01:11:33.624  1240  1380 D Tile.HotspotTile:  isBlockedByOthers : SPRINT_EXTENSION = -1
07-21 01:11:33.625  1240  1380 D Tile.HotspotTile:  isBlockedByOthers : SPRINT_EXTENSION = -1
07-21 01:11:33.627  1240  1380 D Tile.HotspotTile:  isBlockedByOthers : SPRINT_EXTENSION = -1
07-21 01:11:33.628  1240  1380 D Tile.HotspotTile:  isBlockedByOthers : SPRINT_EXTENSION = -1
07-21 01:11:33.629  1240  1240 D Tile.UiModeNightTile: onPowerSaveChanged : false
07-21 01:11:33.630  1240  1380 D Tile.HotspotTile:  isBlockedByOthers : SPRINT_EXTENSION = -1
07-21 01:11:33.632  1240  1380 D Tile.UiModeNightTile: handleUpdateState : state true, powerSave false
07-21 01:11:33.632  1240  1380 D Tile.UiModeNightTile: handleUpdateState : state true, powerSave false
07-21 01:11:33.638  1240  1380 D MobileSignalController:Parveen: getSbInfo- typeIcon: 2131233045 statusIcon: [visible=true,icon=2131233122,contentDescription=Phone signal full.]
07-21 01:11:33.639  1240  1240 D StatusBarSignalPolicy: setMobileDataIndicators: MobileDataIndicators[statusIcon=[visible=true,icon=2131233122,contentDescription=Phone signal full.],qsIcon=[visible=true,icon=2131233122,contentDescription=Phone signal full.],statusType=2131233045,qsType=2131233045,activityIn=true,activityOut=true,typeContentDescription=4G,typeContentDescriptionHtml=4G,description=TelkomSA,subId=10,roaming=false,showTriangle=true,dataActivity=2131233096,roamingIcon=0]
07-21 01:11:33.639  1240  1240 D StatusBarSignalPolicy: MobileIconStates: mobile,  read=mobile[MobileIconState(subId=10, strengthId=2131233122, typeId=2131233045, visible=true, activityId=2131233096, roamingId=0, voiceNoServiceId=0, slotId=0), MobileIconState(subId=3, strengthId=2131233121, typeId=0, visible=true, activityId=0, roamingId=0, voiceNoServiceId=0, slotId=1)]
07-21 01:11:33.653  1240  1380 D MobileSignalController:Parveen: getSbInfo- typeIcon: 0 statusIcon: [visible=true,icon=2131233121,contentDescription=Phone three bars.]
07-21 01:11:33.655  1240  1240 D StatusBarSignalPolicy: setMobileDataIndicators: MobileDataIndicators[statusIcon=[visible=true,icon=2131233121,contentDescription=Phone three bars.],qsIcon=,statusType=0,qsType=0,activityIn=false,activityOut=false,typeContentDescription=4G,typeContentDescriptionHtml=4G,description=null,subId=3,roaming=false,showTriangle=true,dataActivity=0,roamingIcon=0]
07-21 01:11:33.655  1240  1240 D StatusBarSignalPolicy: MobileIconStates: mobile,  read=mobile[MobileIconState(subId=10, strengthId=2131233122, typeId=2131233045, visible=true, activityId=2131233096, roamingId=0, voiceNoServiceId=0, slotId=0), MobileIconState(subId=3, strengthId=2131233121, typeId=0, visible=true, activityId=0, roamingId=0, voiceNoServiceId=0, slotId=1)]
07-21 01:11:34.270  1005  3938 D SSRM:TemperatureManager: SIOP:: , PST = 0 (W:30), BAT = 290
07-21 01:11:34.687 13292 13316 D CompatibilityChangeReporter: Compat change id reported: 150939131; UID 10206; state: ENABLED
07-21 01:11:34.885   422   422 I io_stats: !@ 179,0 r 275082380 1728896809 w 36684791 340719716 d 2611770 38925756 f 10513426 3780471 iot 111057168 103598301 th 102400 0 0 pt 0 inp 0 0 916576.500
07-21 01:11:35.667   647   647 E android.hardware.power.stats@1.0-service-mock: Failed to getEnergyData
07-21 01:11:36.306   435 13766 I keystore2: keystore2::watchdog: Watchdog thread idle -> terminating. Have a great day.
07-21 01:11:36.700  1240  1380 D MobileSignalController:Parveen: getSbInfo- typeIcon: 2131233045 statusIcon: [visible=true,icon=2131233122,contentDescription=Phone signal full.]
07-21 01:11:36.701  1240  1240 D StatusBarSignalPolicy: setMobileDataIndicators: MobileDataIndicators[statusIcon=[visible=true,icon=2131233122,contentDescription=Phone signal full.],qsIcon=[visible=true,icon=2131233122,contentDescription=Phone signal full.],statusType=2131233045,qsType=2131233045,activityIn=false,activityOut=false,typeContentDescription=4G,typeContentDescriptionHtml=4G,description=TelkomSA,subId=10,roaming=false,showTriangle=true,dataActivity=2131233097,roamingIcon=0]
07-21 01:11:36.701  1240  1240 D StatusBarSignalPolicy: MobileIconStates: mobile,  read=mobile[MobileIconState(subId=10, strengthId=2131233122, typeId=2131233045, visible=true, activityId=2131233097, roamingId=0, voiceNoServiceId=0, slotId=0), MobileIconState(subId=3, strengthId=2131233121, typeId=0, visible=true, activityId=0, roamingId=0, voiceNoServiceId=0, slotId=1)]
07-21 01:11:36.719   679   679 I SurfaceFlinger: SFWD update time=916578335813407
07-21 01:11:36.721  1240  1380 D MobileSignalController:Parveen: getSbInfo- typeIcon: 0 statusIcon: [visible=true,icon=2131233121,contentDescription=Phone three bars.]
07-21 01:11:36.722  1240  1240 D StatusBarSignalPolicy: setMobileDataIndicators: MobileDataIndicators[statusIcon=[visible=true,icon=2131233121,contentDescription=Phone three bars.],qsIcon=,statusType=0,qsType=0,activityIn=false,activityOut=false,typeContentDescription=4G,typeContentDescriptionHtml=4G,description=null,subId=3,roaming=false,showTriangle=true,dataActivity=0,roamingIcon=0]
07-21 01:11:36.722  1240  1240 D StatusBarSignalPolicy: MobileIconStates: mobile,  read=mobile[MobileIconState(subId=10, strengthId=2131233122, typeId=2131233045, visible=true, activityId=2131233097, roamingId=0, voiceNoServiceId=0, slotId=0), MobileIconState(subId=3, strengthId=2131233121, typeId=0, visible=true, activityId=0, roamingId=0, voiceNoServiceId=0, slotId=1)]
07-21 01:11:36.895   422   422 I io_stats: !@ 179,0 r 275082392 1728897205 w 36684792 340719776 d 2611770 38925756 f 10513426 3780471 iot 111057180 103598307 th 102400 0 0 pt 0 inp 0 0 916578.510
07-21 01:11:37.726  1240  1380 D MobileSignalController:Parveen: getSbInfo- typeIcon: 2131233045 statusIcon: [visible=true,icon=2131233122,contentDescription=Phone signal full.]
07-21 01:11:37.727  1240  1240 D StatusBarSignalPolicy: setMobileDataIndicators: MobileDataIndicators[statusIcon=[visible=true,icon=2131233122,contentDescription=Phone signal full.],qsIcon=[visible=true,icon=2131233122,contentDescription=Phone signal full.],statusType=2131233045,qsType=2131233045,activityIn=true,activityOut=true,typeContentDescription=4G,typeContentDescriptionHtml=4G,description=TelkomSA,subId=10,roaming=false,showTriangle=true,dataActivity=2131233096,roamingIcon=0]
07-21 01:11:37.727  1240  1240 D StatusBarSignalPolicy: MobileIconStates: mobile,  read=mobile[MobileIconState(subId=10, strengthId=2131233122, typeId=2131233045, visible=true, activityId=2131233096, roamingId=0, voiceNoServiceId=0, slotId=0), MobileIconState(subId=3, strengthId=2131233121, typeId=0, visible=true, activityId=0, roamingId=0, voiceNoServiceId=0, slotId=1)]
07-21 01:11:37.752  1240  1380 D MobileSignalController:Parveen: getSbInfo- typeIcon: 0 statusIcon: [visible=true,icon=2131233121,contentDescription=Phone three bars.]
07-21 01:11:37.753  1240  1240 D StatusBarSignalPolicy: setMobileDataIndicators: MobileDataIndicators[statusIcon=[visible=true,icon=2131233121,contentDescription=Phone three bars.],qsIcon=,statusType=0,qsType=0,activityIn=false,activityOut=false,typeContentDescription=4G,typeContentDescriptionHtml=4G,description=null,subId=3,roaming=false,showTriangle=true,dataActivity=0,roamingIcon=0]
07-21 01:11:37.753  1240  1240 D StatusBarSignalPolicy: MobileIconStates: mobile,  read=mobile[MobileIconState(subId=10, strengthId=2131233122, typeId=2131233045, visible=true, activityId=2131233096, roamingId=0, voiceNoServiceId=0, slotId=0), MobileIconState(subId=3, strengthId=2131233121, typeId=0, visible=true, activityId=0, roamingId=0, voiceNoServiceId=0, slotId=1)]
07-21 01:11:38.906   422   422 I io_stats: !@ 179,0 r 275082393 1728897209 w 36684792 340719776 d 2611770 38925756 f 10513426 3780471 iot 111057180 103598308 th 102400 0 0 pt 0 inp 0 0 916580.520
