07-21 01:31:15.634   679  1209 I SurfaceFlinger: id=132206 Removed Surface(name=WallpaperWindowToken{af09d8d token=android.os.Binder@eeb3e24})/@0x33c1ae2 - animation-leash of window_animation#132206 (125)
07-21 01:31:15.634  4101  4109 W System  : A resource failed to call release. 
07-21 01:31:15.635   679  1209 I SurfaceFlinger: id=132161 Removed Surface(name=WallpaperWindowToken{af09d8d token=android.os.Binder@eeb3e24})/@0x33c1ae2 - animation-leash of window_animation#132161 (125)
07-21 01:31:15.636  1005  2756 V WindowManager: Changing focus from null to Window{bf8267b u0 com.sec.android.app.launcher/com.android.launcher3.infra.activity.Launcher} displayId=0 Callers=com.android.server.wm.RootWindowContainer.updateFocusedWindowLocked:490 com.android.server.wm.WindowManagerService.updateFocusedWindowLocked:6127 com.android.server.wm.WindowManagerService.relayoutWindow:2496 com.android.server.wm.Session.relayout:261 
07-21 01:31:15.637  1005  2756 I WindowManager: Cancelling animation restarting=true, leash=Surface(name=Surface(name=eacbb4a StatusBar)/@0xa5e1fc4 - animation-leash of insets_animation)/@0x7e5f352, caller=com.android.server.wm.SurfaceAnimator.startAnimation:193 com.android.server.wm.WindowContainer.startAnimation:2756 com.android.server.wm.WindowContainer.startAnimation:2763 
07-21 01:31:15.638  1005  2756 I WindowManager: Reparenting to original parent: Surface(name=WindowToken{b0478b5 type=2000 android.os.BinderProxy@599439f})/@0xd596ead, destroy=false, surface=Surface(name=eacbb4a StatusBar)/@0xa5e1fc4, caller=com.android.server.wm.SurfaceAnimator.reset:446 com.android.server.wm.SurfaceAnimator.cancelAnimation:397 com.android.server.wm.SurfaceAnimator.startAnimation:193 
07-21 01:31:15.638  1005  2756 I WindowManager: Reparenting to leash, surface=Surface(name=eacbb4a StatusBar)/@0xa5e1fc4, leashParent=Surface(name=WindowToken{b0478b5 type=2000 android.os.BinderProxy@599439f})/@0xd596ead, caller=com.android.server.wm.SurfaceAnimator.startAnimation:206 com.android.server.wm.WindowContainer.startAnimation:2756 com.android.server.wm.WindowContainer.startAnimation:2763 
07-21 01:31:15.639   679  1209 I SurfaceFlinger: id=132259 createSurf, flag=24000, Surface(name=eacbb4a StatusBar)/@0xa5e1fc4 - animation-leash of insets_animation#132259
07-21 01:31:15.640  1005  2756 D WindowManager: makeSurface duration=2 leash=Surface(name=Surface(name=eacbb4a StatusBar)/@0xa5e1fc4 - animation-leash of insets_animation)/@0x3d5f2be
07-21 01:31:15.641  1005  2756 I WindowManager: Cancelling animation restarting=true, leash=Surface(name=Surface(name=f480b0e NavigationBar0)/@0xd988d73 - animation-leash of insets_animation)/@0x3703720, caller=com.android.server.wm.SurfaceAnimator.startAnimation:193 com.android.server.wm.WindowContainer.startAnimation:2756 com.android.server.wm.WindowContainer.startAnimation:2763 
07-21 01:31:15.641  1005  1022 D ActivityManager: Received SERVICE intent 0xe7a0c8b Key{startService pkg=com.google.android.gms/network_location_provider intent=act=com.google.android.gms.location.util.nlp.RESULT cat=[targeted_intent_op_prefix:.location.util.nlp.NlpInternalApi$NlpReceiverIntentOperation] cmp=com.google.android.gms/.chimera.PersistentIntentOperationService flags=0x2000000 u=0} requestCode=2 from uid 10116
07-21 01:31:15.641  1005  2756 I WindowManager: Reparenting to original parent: Surface(name=WindowToken{9a1e10 type=2019 android.os.BinderProxy@11464c2})/@0xeff7430, destroy=false, surface=Surface(name=f480b0e NavigationBar0)/@0xd988d73, caller=com.android.server.wm.SurfaceAnimator.reset:446 com.android.server.wm.SurfaceAnimator.cancelAnimation:397 com.android.server.wm.SurfaceAnimator.startAnimation:193 
07-21 01:31:15.642  4101  4109 W System  : A resource failed to call release. 
07-21 01:31:15.642  1005  2756 I WindowManager: Reparenting to leash, surface=Surface(name=f480b0e NavigationBar0)/@0xd988d73, leashParent=Surface(name=WindowToken{9a1e10 type=2019 android.os.BinderProxy@11464c2})/@0xeff7430, caller=com.android.server.wm.SurfaceAnimator.startAnimation:206 com.android.server.wm.WindowContainer.startAnimation:2756 com.android.server.wm.WindowContainer.startAnimation:2763 
07-21 01:31:15.642   679  1209 I SurfaceFlinger: id=132074 Removed Surface(name=Task=1)/@0x43b05cf - animation-leash of app_transition#132074 (126)
07-21 01:31:15.643   679  1209 I SurfaceFlinger: id=132260 createSurf, flag=24000, Surface(name=f480b0e NavigationBar0)/@0xd988d73 - animation-leash of insets_animation#132260
07-21 01:31:15.643  1005  2756 D WindowManager: makeSurface duration=1 leash=Surface(name=Surface(name=f480b0e NavigationBar0)/@0xd988d73 - animation-leash of insets_animation)/@0x768de3b
07-21 01:31:15.645  1005  2756 D WindowManager: updateSystemBarAttributes: displayId=0, win=Window{bf8267b u0 com.sec.android.app.launcher/com.android.launcher3.infra.activity.Launcher}, navColorWin=null, behavior=1, appearance=0, statusBarAppearanceRegions=[AppearanceRegion{ bounds=[0,0][720,1600]}], requestedVisibilities=ITYPE_STATUS_BAR: visible, ITYPE_IME: invisible, ITYPE_CLIMATE_BAR: visible, from=com.android.server.wm.DisplayPolicy.focusChangedLw:2266 com.android.server.wm.DisplayContent.updateFocusedWindowLocked:3668 com.android.server.wm.RootWindowContainer.updateFocusedWindowLocked:490 
07-21 01:31:15.645  1005  2756 D StatusBarManagerService: notifyRequestedSystemKey recent=false home=false
07-21 01:31:15.647   679   679 I Layer   : id=132206 Destroyed Surface(name=WallpaperWindowToken{af09d8d token=android.os.Binder@eeb3e24})/@0x33c1ae2 - animation-leash of window_animation#132206
07-21 01:31:15.647   679   679 I Layer   : id=132161 Destroyed Surface(name=WallpaperWindowToken{af09d8d token=android.os.Binder@eeb3e24})/@0x33c1ae2 - animation-leash of window_animation#132161
07-21 01:31:15.647   679   679 I Layer   : id=132074 Destroyed Surface(name=Task=1)/@0x43b05cf - animation-leash of app_transition#132074
07-21 01:31:15.648   679   679 I Layer   : id=132150 Destroyed Surface(name=Task=1)/@0x43b05cf - animation-leash of app_transition#132150
07-21 01:31:15.648   679   679 I Layer   : id=132073 Destroyed Surface(name=Task=1587)/@0xbe5fb6d - animation-leash of app_transition#132073
07-21 01:31:15.648   679   679 I Layer   : id=132149 Destroyed Surface(name=Task=1598)/@0x4692940 - animation-leash of app_transition#132149
07-21 01:31:15.655  1005  2756 V WindowManager: Relayout hash=bf8267b, pid=4101: mAttrs={(0,0)(fillxfill) sim={adjust=nothing forwardNavigation} layoutInDisplayCutoutMode=shortEdges ty=BASE_APPLICATION fmt=TRANSPARENT wanim=0x10302f4
07-21 01:31:15.655  1005  2756 V WindowManager:   fl=LAYOUT_IN_SCREEN LAYOUT_INSET_DECOR SHOW_WALLPAPER SPLIT_TOUCH HARDWARE_ACCELERATED DRAWS_SYSTEM_BAR_BACKGROUNDS
07-21 01:31:15.655  1005  2756 V WindowManager:   pfl=NO_MOVE_ANIMATION FORCE_DRAW_STATUS_BAR_BACKGROUND USE_BLAST FIT_INSETS_CONTROLLED
07-21 01:31:15.655  1005  2756 V WindowManager:   vsysui=LAYOUT_STABLE LAYOUT_HIDE_NAVIGATION LAYOUT_FULLSCREEN
07-21 01:31:15.655  1005  2756 V WindowManager:   bhv=DEFAULT
07-21 01:31:15.655  1005  2756 V WindowManager:   fitSides=}
07-21 01:31:15.662   643   643 D IMGGralloc: GBuffer--------------(*format)=1
07-21 01:31:15.662   643   643 D IMGGralloc: Gralloc alloc start  w:720, h:1600, f:0x1, usage:0x900, privUsage:0x0, line = 1672
07-21 01:31:15.666   643   643 D IMGGralloc: Gralloc Alloc end  w:720, h:1600, f:0x101, usage:0x900,iprivUsage:0x0,handle:0xec23e840, ui64Stamp:5485060, sSize:4608000, BufferName: VRI[Launcher]#1852(BLAST Consumer)1852, line = 2131
07-21 01:31:15.667   643   643 D IMGGralloc: Gralloc Free  w:720, h:1600, f:0x101, usage:0x900, ui64Stamp:5485060 line = 2599
07-21 01:31:15.667  4101 16330 D IMGGralloc: Gralloc Register  w:720, h:1600, f:0x101, usage:0x900, ui64Stamp:5485060, sSize:4608000, line = 2444
07-21 01:31:15.668   643   643 D IMGGralloc: GBuffer--------------(*format)=1
07-21 01:31:15.668   643   643 D IMGGralloc: Gralloc alloc start  w:720, h:1600, f:0x1, usage:0x900, privUsage:0x0, line = 1672
07-21 01:31:15.670   643   643 D IMGGralloc: Gralloc Alloc end  w:720, h:1600, f:0x101, usage:0x900,iprivUsage:0x0,handle:0xec23e840, ui64Stamp:5485063, sSize:4608000, BufferName: VRI[Launcher]#1852(BLAST Consumer)1852, line = 2131
07-21 01:31:15.671   643   643 D IMGGralloc: Gralloc Free  w:720, h:1600, f:0x101, usage:0x900, ui64Stamp:5485063 line = 2599
07-21 01:31:15.671  4101 16330 D IMGGralloc: Gralloc Register  w:720, h:1600, f:0x101, usage:0x900, ui64Stamp:5485063, sSize:4608000, line = 2444
07-21 01:31:15.672   643   643 D IMGGralloc: GBuffer--------------(*format)=1
07-21 01:31:15.672   643   643 D IMGGralloc: Gralloc alloc start  w:720, h:1600, f:0x1, usage:0x900, privUsage:0x0, line = 1672
07-21 01:31:15.675   643   643 D IMGGralloc: Gralloc Alloc end  w:720, h:1600, f:0x101, usage:0x900,iprivUsage:0x0,handle:0xec23e840, ui64Stamp:5485066, sSize:4608000, BufferName: VRI[Launcher]#1852(BLAST Consumer)1852, line = 2131
07-21 01:31:15.675  4101 16330 D IMGGralloc: Gralloc Register  w:720, h:1600, f:0x101, usage:0x900, ui64Stamp:5485066, sSize:4608000, line = 2444
07-21 01:31:15.676  1005  1022 V LocationManagerService: passive provider registration 1000/android[SensorNotificationService]/11945F04 dropped delivery - too close
07-21 01:31:15.677   643   643 D IMGGralloc: Gralloc Free  w:720, h:1600, f:0x101, usage:0x900, ui64Stamp:5485066 line = 2599
07-21 01:31:15.680   679   679 I Layer   : id=132254 removedFromDrawingState Surface(name=f480b0e NavigationBar0)/@0xd988d73 - animation-leash of insets_animation#132254 (121)
07-21 01:31:15.680   679   679 I Layer   : id=59 removedFromDrawingState f480b0e NavigationBar0#59 (121)
07-21 01:31:15.681   679   679 I Layer   : id=64 removedFromDrawingState NavigationBar0#64 (121)
07-21 01:31:15.681   679   679 I Layer   : id=132253 removedFromDrawingState Surface(name=eacbb4a StatusBar)/@0xa5e1fc4 - animation-leash of insets_animation#132253 (121)
07-21 01:31:15.681   679   679 I Layer   : id=59 addToCurrentState f480b0e NavigationBar0#59 (121)
07-21 01:31:15.681   679   679 I Layer   : id=64 addToCurrentState NavigationBar0#64 (121)
07-21 01:31:15.681   679   679 D SurfaceFlinger: [input] inputWindowCommands.focusRequests size is 1
07-21 01:31:15.681   679   679 I SurfaceFlinger: id=132254 Removed Surface(name=f480b0e NavigationBar0)/@0xd988d73 - animation-leash of insets_animation#132254 (121)
07-21 01:31:15.681   679   679 I SurfaceFlinger: id=132253 Removed Surface(name=eacbb4a StatusBar)/@0xa5e1fc4 - animation-leash of insets_animation#132253 (121)
07-21 01:31:15.682   679   679 I Layer   : id=132253 Destroyed Surface(name=eacbb4a StatusBar)/@0xa5e1fc4 - animation-leash of insets_animation#132253
07-21 01:31:15.682   679   679 I Layer   : id=132254 Destroyed Surface(name=f480b0e NavigationBar0)/@0xd988d73 - animation-leash of insets_animation#132254
07-21 01:31:15.683   679   764 D SurfaceFlinger: [input] setFocusedWindow: bf8267b com.sec.android.app.launcher/com.android.launcher3.infra.activity.Launcher
07-21 01:31:15.737  3720  3724 I nu.bi.moya: Background concurrent copying GC freed 20MB AllocSpace bytes, 0(0B) LOS objects, 49% free, 20MB/41MB, paused 215us,145us total 499.271ms
07-21 01:31:15.954   825   851 D GPS_HAL : gps_injectLocation enter
07-21 01:31:15.954   825   851 D GNSSMGT : gnssmgt_injectLocation: enter
07-21 01:31:15.954   825   851 D GNSSMGT : gps_inject_location: enter
07-21 01:31:15.955  1005  1031 W WindowManager: Failed to deliver inset state change to w=Window{8c186a1 u0 za.co.vanelo.guardflow.mobile/za.co.vanelo.guardflow.mobile.MainActivity EXITING}
07-21 01:31:15.955  1005  1031 W WindowManager: android.os.DeadObjectException
07-21 01:31:15.955  1005  1031 W WindowManager: 	at android.os.BinderProxy.transactNative(Native Method)
07-21 01:31:15.955  1005  1031 W WindowManager: 	at android.os.BinderProxy.transact(BinderProxy.java:584)
07-21 01:31:15.955  1005  1031 W WindowManager: 	at android.view.IWindow$Stub$Proxy.insetsControlChanged(IWindow.java:473)
07-21 01:31:15.955  1005  1031 W WindowManager: 	at com.android.server.wm.WindowState.notifyInsetsControlChanged(WindowState.java:4089)
07-21 01:31:15.955  1005  1031 W WindowManager: 	at com.android.server.wm.InsetsStateController.lambda$notifyPendingInsetsControlChanged$5$com-android-server-wm-InsetsStateController(InsetsStateController.java:387)
07-21 01:31:15.955  1005  1031 W WindowManager: 	at com.android.server.wm.InsetsStateController$$ExternalSyntheticLambda4.run(Unknown Source:2)
07-21 01:31:15.955  1005  1031 W WindowManager: 	at com.android.server.wm.WindowAnimator.executeAfterPrepareSurfacesRunnables(WindowAnimator.java:345)
07-21 01:31:15.955  1005  1031 W WindowManager: 	at com.android.server.wm.WindowAnimator.animate(WindowAnimator.java:226)
07-21 01:31:15.955  1005  1031 W WindowManager: 	at com.android.server.wm.WindowAnimator.lambda$new$1$com-android-server-wm-WindowAnimator(WindowAnimator.java:106)
07-21 01:31:15.955  1005  1031 W WindowManager: 	at com.android.server.wm.WindowAnimator$$ExternalSyntheticLambda1.doFrame(Unknown Source:2)
07-21 01:31:15.955  1005  1031 W WindowManager: 	at android.view.Choreographer$CallbackRecord.run(Choreographer.java:1229)
07-21 01:31:15.955  1005  1031 W WindowManager: 	at android.view.Choreographer$CallbackRecord.run(Choreographer.java:1239)
07-21 01:31:15.955  1005  1031 W WindowManager: 	at android.view.Choreographer.doCallbacks(Choreographer.java:899)
07-21 01:31:15.955  1005  1031 W WindowManager: 	at android.view.Choreographer.doFrame(Choreographer.java:827)
07-21 01:31:15.955  1005  1031 W WindowManager: 	at android.view.Choreographer$FrameDisplayEventReceiver.run(Choreographer.java:1214)
07-21 01:31:15.955  1005  1031 W WindowManager: 	at android.os.Handler.handleCallback(Handler.java:942)
07-21 01:31:15.955  1005  1031 W WindowManager: 	at android.os.Handler.dispatchMessage(Handler.java:99)
07-21 01:31:15.955  1005  1031 W WindowManager: 	at android.os.Looper.loopOnce(Looper.java:201)
07-21 01:31:15.955  1005  1031 W WindowManager: 	at android.os.Looper.loop(Looper.java:288)
07-21 01:31:15.955  1005  1031 W WindowManager: 	at android.os.HandlerThread.run(HandlerThread.java:67)
07-21 01:31:15.955  1005  1031 W WindowManager: 	at com.android.server.ServiceThread.run(ServiceThread.java:44)
07-21 01:31:15.955  1005  1162 W Looper  : Slow dispatch took 294ms LocationProviderManagerThread h=android.os.Handler c=com.android.internal.listeners.ListenerExecutor$$ExternalSyntheticLambda0@65950ed m=0
07-21 01:31:15.960  1005  1030 W ActivityTaskManager: Activity top resumed state loss timeout for ActivityRecord{430c9a5 u0 za.co.vanelo.guardflow.mobile/.MainActivity} t1601 f} isExiting}
07-21 01:31:15.997   825  1382 D GNSSMGT : gpsSaveEphRam2Flash: Save ephemeris data  to flash success 
07-21 01:31:15.998   825  1382 E GNSSMGT : gps_setPowerState: enter, current state CP WORKED, set to new state: 7, new state name is CP IDLING
07-21 01:31:15.998   825  1382 D GNSSMGT : gps_setPowerState: power state changed to CP IDLING
07-21 01:31:15.998   825  1382 D GNSSMGT : send_idle_on: enter
07-21 01:31:15.998   825  1382 D GNSSMGT : gps_sendData: enter, flag[0x2], comm_mode[2], sensorhub[0]
07-21 01:31:15.998   825  1382 D GNSSMGT : gps_sendData: gnss_config_data success, flag[2]
07-21 01:31:15.998   825  1382 E GNSSMGT : gps_sendData: type:0x7 subtype:0x3, len=0
07-21 01:31:15.998   825  1382 D GNSSMGT : compute_abs_timeout: enter, ms[2000]
07-21 01:31:15.998   825  1381 D GNSSMGT : cutString: enter, pline[0xda47f6b8]
07-21 01:31:15.999   825  1381 D GNSSMGT : cutString: enter, pline[0xda47f6b8]
07-21 01:31:16.000  1363  1363 I NearbySharing: The contact book (uri: content://com.android.contacts) has been modified. Debouncing sync.
07-21 01:31:16.001  1522  1667 I ContactCache: ===== Contact updated. =====
07-21 01:31:16.001  1522  1667 I RcsUtils: isDualRcsSettings: false
07-21 01:31:16.001  1522  1667 I SimManager: isLabSimCard: state [LOADED] isLabSim [false]
07-21 01:31:16.001  1522  1667 E GlobalSettingsRepoBase: globalgcsettings No matched key : rcs_contact_sync_in_switch_off
07-21 01:31:16.001  1005  1921 D ActivityManager: Received BROADCAST intent 0x1bcd5fb Key{broadcastIntent pkg=za.co.vanelo.guardflow.mobile intent=act=expo.modules.taskManager.TaskBroadcastReceiver dat= cmp=za.co.vanelo.guardflow.mobile/expo.modules.taskManager.TaskBroadcastReceiver flags=0x2000000 u=0} requestCode=5055 sent=0 from uid 10116
07-21 01:31:16.002  1005  1038 D StorageManagerService: getExternalStorageMountMode: uid=10224 packageName=za.co.vanelo.guardflow.mobile
07-21 01:31:16.003  1005  1038 D CompatibilityChangeReporter: Compat change id reported: 135634846; UID 10224; state: DISABLED
07-21 01:31:16.005  1005  1039 D CompatibilityChangeReporter: Compat change id reported: 143937733; UID 10224; state: ENABLED
07-21 01:31:16.007  4101 16322 D IMGGralloc: Gralloc Free  w:720, h:1600, f:0x101, usage:0x900, ui64Stamp:5485066 line = 2599
07-21 01:31:16.008  1522  1667 D ImsConstants: getInt(system/rcs_user_setting) : -1, package : null
07-21 01:31:16.008   643   643 D IMGGralloc: GBuffer--------------(*format)=1
07-21 01:31:16.008  1522  1667 E GlobalSettingsRepoBase: globalgcsettings No matched key : rcs_initial_contact_sync_before_regi
07-21 01:31:16.008   643   643 D IMGGralloc: Gralloc alloc start  w:720, h:1600, f:0x1, usage:0xb00, privUsage:0x0, line = 1672
07-21 01:31:16.008  1522  1667 I ContactCache<0>: sendMessageContactSync: Try contact sync after 3 sec.
07-21 01:31:16.012   643   643 D IMGGralloc: Gralloc Alloc end  w:720, h:1600, f:0x101, usage:0xb00,iprivUsage:0x0,handle:0xec23e840, ui64Stamp:5485068, sSize:4608000, BufferName: VRI[Launcher]#1852(BLAST Consumer)1852, line = 2131
07-21 01:31:16.012   643   643 D IMGGralloc: Gralloc Free  w:720, h:1600, f:0x101, usage:0xb00, ui64Stamp:5485068 line = 2599
07-21 01:31:16.013  4101 16322 D IMGGralloc: Gralloc Register  w:720, h:1600, f:0x101, usage:0xb00, ui64Stamp:5485068, sSize:4608000, line = 2444
07-21 01:31:16.016  4101 16322 D IMGGralloc: Gralloc Free  w:360, h:800, f:0x1, usage:0x100, ui64Stamp:5484391 line = 2599
07-21 01:31:16.016  4101 16322 D IMGGralloc: Gralloc Free  w:720, h:1600, f:0x1, usage:0xb66, ui64Stamp:5484369 line = 2599
07-21 01:31:16.028   825  1381 D GNSSMGT : cutString: enter, pline[0xda47f6b8]
07-21 01:31:16.028   825  1381 D GNSSMGT : gps_getPowerResponse: enter, subtype[0x3]
07-21 01:31:16.028   825  1381 E GNSSMGT : gps_setPowerState: enter, current state CP IDLING, set to new state: 8, new state name is CP IDLED
07-21 01:31:16.028   825  1381 D GNSSMGT : gps_setPowerState: power state changed to CP IDLED
07-21 01:31:16.028   825  1382 D GNSSMGT : gps_power_Statusync: idle on success!
07-21 01:31:16.028   825  1382 D GNSSMGT : agps_release_data_conn: enter, supldata[0], connected[1]
07-21 01:31:16.028   825  1382 D GNSSMGT : agps_release_data_conn:  it hasn't request supl data connection  ,so don't need  release
07-21 01:31:16.028   825  1382 D GnssHAL_V_Gnss: updateWakelock: GNSS HAL Wakelock released
07-21 01:31:16.033  1005  2718 V LocationManagerService: passive provider registration 1000/android[SensorNotificationService]/11945F04 dropped delivery - too close
07-21 01:31:16.035  1005  1022 D ActivityManager: Received BROADCAST intent 0x1bcd5fb Key{broadcastIntent pkg=za.co.vanelo.guardflow.mobile intent=act=expo.modules.taskManager.TaskBroadcastReceiver dat= cmp=za.co.vanelo.guardflow.mobile/expo.modules.taskManager.TaskBroadcastReceiver flags=0x2000000 u=0} requestCode=5055 sent=0 from uid 10116
07-21 01:31:16.040  1005  1893 E AppSearchIcing: icing-search-engine.cc:988: Failed to delete Document. namespace: android$contacts/, uri: 3794059;Failed to find DocumentId by key: android$contacts/, 3794059;Key not found 5710117160012017234 in DynamicTrieKeyMapper /data/system_ce/0/appsearch/icing/document_dir/key_mapper_dir/key_mapper.Failed to delete Document. namespace: android$contacts/, uri: 3794059
07-21 01:31:16.040  1005  1893 W AppSearchIcing: icing-search-engine.cc:217: Error: 5, Message: Failed to delete Document. namespace: android$contacts/, uri: 3794059;Failed to find DocumentId by key: android$contacts/, 3794059;Key not found 5710117160012017234 in DynamicTrieKeyMapper /data/system_ce/0/appsearch/icing/document_dir/key_mapper_dir/key_mapper.
07-21 01:31:16.040   629   629 D Zygote  : Forked child process 16331
07-21 01:31:16.041  1005  1039 I ActivityManager: Start proc 16331:za.co.vanelo.guardflow.mobile/u0a224 for broadcast {za.co.vanelo.guardflow.mobile/expo.modules.taskManager.TaskBroadcastReceiver}
07-21 01:31:16.043  4101 16322 I BLASTBufferQueue: [VRI[Launcher]#1852](f:0,a:0) onFrameAvailable the first frame is available
07-21 01:31:16.044   679  2117 D IMGGralloc: Gralloc Register  w:720, h:1600, f:0x101, usage:0xb00, ui64Stamp:5485068, sSize:4608000, line = 2444
07-21 01:31:16.044   679  2117 D IMGGralloc: GBuffer--------------(*format)=1
07-21 01:31:16.046  1005  2756 D WindowManager: finishDrawingWindow: Window{bf8267b u0 com.sec.android.app.launcher/com.android.launcher3.infra.activity.Launcher} mDrawState=DRAW_PENDING
07-21 01:31:16.047  4101 16322 D IMGGralloc: Gralloc Free  w:720, h:1600, f:0x101, usage:0x900, ui64Stamp:5485063 line = 2599
07-21 01:31:16.048  1005  1031 V WindowManager: Setting visibility of Window{ecbf47 u0 com.android.systemui.ImageWallpaper}: true, caller=com.android.server.wm.WindowContainer.sendAppVisibilityToClients:1204 com.android.server.wm.WindowToken.setClientVisible:399 com.android.server.wm.WallpaperWindowToken.setVisible:153 com.android.server.wm.WallpaperWindowToken.commitVisibility:195 com.android.server.wm.WallpaperWindowToken.setVisibility:180 
07-21 01:31:16.048   679   722 D IMGGralloc: Gralloc Free  w:720, h:1600, f:0x1, usage:0xb66, ui64Stamp:5485056 line = 2599
07-21 01:31:16.053   643   643 D IMGGralloc: GBuffer--------------(*format)=1
07-21 01:31:16.053   643   643 D IMGGralloc: Gralloc alloc start  w:720, h:1600, f:0x1, usage:0xb00, privUsage:0x0, line = 1672
07-21 01:31:16.055  1005  1031 D WindowManager: Loading animation for app transition. transit=TRANSIT_OLD_CRASHING_ACTIVITY_CLOSE enter=false frame=Rect(0, 0 - 720, 1459) insets=Rect(0, 0 - 0, 0) surfaceInsets=Rect(0, 0 - 0, 0)
07-21 01:31:16.055  1005  1031 D WindowManager: Loading animation for app transition. transit=TRANSIT_OLD_CRASHING_ACTIVITY_CLOSE enter=true frame=Rect(0, 0 - 720, 1600) insets=Rect(0, 48 - 0, 96) surfaceInsets=Rect(0, 0 - 0, 0)
07-21 01:31:16.056  1005  1031 V WindowManager: Setting visibility of Window{8c186a1 u0 za.co.vanelo.guardflow.mobile/za.co.vanelo.guardflow.mobile.MainActivity EXITING}: false, caller=com.android.server.wm.WindowContainer.sendAppVisibilityToClients:1204 com.android.server.wm.WindowToken.setClientVisible:399 com.android.server.wm.ActivityRecord.setClientVisible:6788 com.android.server.wm.ActivityRecord.onAnimationFinished:7589 com.android.server.wm.ActivityRecord.postApplyAnimation:5487 
07-21 01:31:16.057   643   643 D IMGGralloc: Gralloc Alloc end  w:720, h:1600, f:0x101, usage:0xb00,iprivUsage:0x0,handle:0xec23e840, ui64Stamp:5485087, sSize:4608000, BufferName: VRI[Launcher]#1852(BLAST Consumer)1852, line = 2131
07-21 01:31:16.057  1005  1031 W WindowManager: Exception thrown during dispatchAppVisibility Window{8c186a1 u0 za.co.vanelo.guardflow.mobile/za.co.vanelo.guardflow.mobile.MainActivity EXITING}
07-21 01:31:16.057  1005  1031 W WindowManager: android.os.DeadObjectException
07-21 01:31:16.057  1005  1031 W WindowManager: 	at android.os.BinderProxy.transactNative(Native Method)
07-21 01:31:16.057  1005  1031 W WindowManager: 	at android.os.BinderProxy.transact(BinderProxy.java:584)
07-21 01:31:16.057  1005  1031 W WindowManager: 	at android.view.IWindow$Stub$Proxy.dispatchAppVisibility(IWindow.java:536)
07-21 01:31:16.057  1005  1031 W WindowManager: 	at com.android.server.wm.WindowState.sendAppVisibilityToClients(WindowState.java:3563)
07-21 01:31:16.057  1005  1031 W WindowManager: 	at com.android.server.wm.WindowContainer.sendAppVisibilityToClients(WindowContainer.java:1204)
07-21 01:31:16.057  1005  1031 W WindowManager: 	at com.android.server.wm.WindowToken.setClientVisible(WindowToken.java:399)
07-21 01:31:16.057  1005  1031 W WindowManager: 	at com.android.server.wm.ActivityRecord.setClientVisible(ActivityRecord.java:6788)
07-21 01:31:16.057  1005  1031 W WindowManager: 	at com.android.server.wm.ActivityRecord.onAnimationFinished(ActivityRecord.java:7589)
07-21 01:31:16.057  1005  1031 W WindowManager: 	at com.android.server.wm.ActivityRecord.postApplyAnimation(ActivityRecord.java:5487)
07-21 01:31:16.057  1005  1031 W WindowManager: 	at com.android.server.wm.ActivityRecord.commitVisibility(ActivityRecord.java:5459)
07-21 01:31:16.057  1005  1031 W WindowManager: 	at com.android.server.wm.ActivityRecord.commitVisibility(ActivityRecord.java:5463)
07-21 01:31:16.057  1005  1031 W WindowManager: 	at com.android.server.wm.AppTransitionController.handleClosingApps(AppTransitionController.java:1109)
07-21 01:31:16.057  1005  1031 W WindowManager: 	at com.android.server.wm.AppTransitionController.handleAppTransitionReady(AppTransitionController.java:287)
07-21 01:31:16.057  1005  1031 W WindowManager: 	at com.android.server.wm.RootWindowContainer.checkAppTransitionReady(RootWindowContainer.java:1007)
07-21 01:31:16.057  1005  1031 W WindowManager: 	at com.android.server.wm.RootWindowContainer.performSurfacePlacementNoTrace(RootWindowContainer.java:869)
07-21 01:31:16.057  1005  1031 W WindowManager: 	at com.android.server.wm.RootWindowContainer.performSurfacePlacement(RootWindowContainer.java:806)
07-21 01:31:16.057  1005  1031 W WindowManager: 	at com.android.server.wm.WindowSurfacePlacer.performSurfacePlacementLoop(WindowSurfacePlacer.java:177)
07-21 01:31:16.057  1005  1031 W WindowManager: 	at com.android.server.wm.WindowSurfacePlacer.performSurfacePlacement(WindowSurfacePlacer.java:126)
07-21 01:31:16.057  1005  1031 W WindowManager: 	at com.android.server.wm.WindowSurfacePlacer.performSurfacePlacement(WindowSurfacePlacer.java:115)
07-21 01:31:16.057  1005  1031 W WindowManager: 	at com.android.server.wm.WindowSurfacePlacer$Traverser.run(WindowSurfacePlacer.java:57)
07-21 01:31:16.057  1005  1031 W WindowManager: 	at android.os.Handler.handleCallback(Handler.java:942)
07-21 01:31:16.057  1005  1031 W WindowManager: 	at android.os.Handler.dispatchMessage(Handler.java:99)
07-21 01:31:16.057  1005  1031 W WindowManager: 	at android.os.Looper.loopOnce(Looper.java:201)
07-21 01:31:16.057  1005  1031 W WindowManager: 	at android.os.Looper.loop(Looper.java:288)
07-21 01:31:16.057  1005  1031 W WindowManager: 	at android.os.HandlerThread.run(HandlerThread.java:67)
07-21 01:31:16.057  1005  1031 W WindowManager: 	at com.android.server.ServiceThread.run(ServiceThread.java:44)
07-21 01:31:16.057   643   643 D IMGGralloc: Gralloc Free  w:720, h:1600, f:0x101, usage:0xb00, ui64Stamp:5485087 line = 2599
07-21 01:31:16.058  4101 16322 D IMGGralloc: Gralloc Register  w:720, h:1600, f:0x101, usage:0xb00, ui64Stamp:5485087, sSize:4608000, line = 2444
07-21 01:31:16.060  1005  1031 E WindowManager: win=Window{8c186a1 u0 za.co.vanelo.guardflow.mobile/za.co.vanelo.guardflow.mobile.MainActivity EXITING} destroySurfaces: appStopped=false win.mWindowRemovalAllowed=true win.mRemoveOnExit=true win.mViewVisibility=0 caller=com.android.server.wm.ActivityRecord.destroySurfaces:5759 com.android.server.wm.ActivityRecord.destroySurfaces:5740 com.android.server.wm.WindowState.onExitAnimationDone:5193 com.android.server.wm.ActivityRecord$$ExternalSyntheticLambda9.accept:2 java.util.ArrayList.forEach:1613 com.android.server.wm.ActivityRecord.onAnimationFinished:7610 com.android.server.wm.ActivityRecord.postApplyAnimation:5487 
07-21 01:31:16.060  1005  1031 I WindowManager: Destroying surface Surface(name=za.co.vanelo.guardflow.mobile/za.co.vanelo.guardflow.mobile.MainActivity)/@0xb3d4f5d called by com.android.server.wm.WindowStateAnimator.destroySurface:733 com.android.server.wm.WindowStateAnimator.destroySurfaceLocked:398 com.android.server.wm.WindowState.destroySurfaceUnchecked:3661 com.android.server.wm.WindowState.destroySurface:3635 com.android.server.wm.ActivityRecord.destroySurfaces:5759 com.android.server.wm.ActivityRecord.destroySurfaces:5740 com.android.server.wm.WindowState.onExitAnimationDone:5193 com.android.server.wm.ActivityRecord$$ExternalSyntheticLambda9.accept:2 
07-21 01:31:16.062  1005  1031 I WindowManager: Cancelling animation restarting=true, leash=Surface(name=Surface(name=a34637a InputMethod)/@0x9ae1521 - animation-leash of insets_animation)/@0xf2afc14, caller=com.android.server.wm.SurfaceAnimator.startAnimation:193 com.android.server.wm.WindowContainer.startAnimation:2756 com.android.server.wm.WindowContainer.startAnimation:2763 
07-21 01:31:16.062  1005  1031 I WindowManager: Reparenting to original parent: Surface(name=WindowToken{94d0595 type=2011 android.os.Binder@aa7a14c})/@0x2153d46, destroy=false, surface=Surface(name=a34637a InputMethod)/@0x9ae1521, caller=com.android.server.wm.SurfaceAnimator.reset:446 com.android.server.wm.SurfaceAnimator.cancelAnimation:397 com.android.server.wm.SurfaceAnimator.startAnimation:193 
07-21 01:31:16.063  1005  1031 I WindowManager: Reparenting to leash, surface=Surface(name=a34637a InputMethod)/@0x9ae1521, leashParent=Surface(name=WindowToken{94d0595 type=2011 android.os.Binder@aa7a14c})/@0x2153d46, caller=com.android.server.wm.SurfaceAnimator.startAnimation:206 com.android.server.wm.WindowContainer.startAnimation:2756 com.android.server.wm.WindowContainer.startAnimation:2763 
07-21 01:31:16.064   679  2117 I SurfaceFlinger: id=132261 createSurf, flag=24004, Surface(name=a34637a InputMethod)/@0x9ae1521 - animation-leash of insets_animation#132261
07-21 01:31:16.065   679   679 I Layer   : sf layer Visibility: (BufferStateLayer)layer name =com.android.systemui.ImageWallpaper#72, isVisible=0 (Hiddenflag = 0, Alpha = 1.000000, [BufferInfo.mBuffer||mSidebandStream] = 0)
07-21 01:31:16.065  1005  1031 D WindowManager: makeSurface duration=2 leash=Surface(name=Surface(name=a34637a InputMethod)/@0x9ae1521 - animation-leash of insets_animation)/@0x49995a3
07-21 01:31:16.065   679   679 I Layer   : id=132252 removedFromDrawingState za.co.vanelo.guardflow.mobile/za.co.vanelo.guardflow.mobile.MainActivity#132252 (120)
07-21 01:31:16.066  1005  1031 D ActivityTaskManager: mStartingWindow and mStartingData is null for token=ActivityRecord{f7146c2 u0 com.sec.android.app.launcher/com.android.launcher3.infra.activity.Launcher} t4}
07-21 01:31:16.067   679   719 D IMGGralloc: Gralloc Register  w:720, h:1600, f:0x101, usage:0xb00, ui64Stamp:5485087, sSize:4608000, line = 2444
07-21 01:31:16.067   644 19852 D IMGGralloc: Gralloc Free  w:720, h:1600, f:0x101, usage:0xb00, ui64Stamp:5485022 line = 2599
07-21 01:31:16.067   679   719 D IMGGralloc: GBuffer--------------(*format)=1
07-21 01:31:16.068   644 19852 D IMGGralloc: Gralloc Register  w:720, h:1600, f:0x102, usage:0xb00, ui64Stamp:5421333, sSize:4608000, line = 2444
07-21 01:31:16.071   679   679 D SurfaceFlinger: Display 0 HWC layers:
07-21 01:31:16.071   679   679 D SurfaceFlinger:      DEVICE | 0xeb4ded40 | 0100 | RGBx_8888    |    0.0    0.0  720.0 1600.0 |    0    0  720 1600 | Wallpaper BBQ wrapper#73
07-21 01:31:16.071   679   679 D SurfaceFlinger:      DEVICE | 0xeb4df400 | 0100 | RGBA_8888    |    0.0    0.0  720.0   48.0 |    0    0  720   48 | StatusBar#68
07-21 01:31:16.071   679   679 D SurfaceFlinger:      DEVICE | 0xeb4df100 | 0100 | RGBA_8888    |    0.0    0.0  720.0   96.0 |    0 1504  720 1600 | NavigationBar0#64
07-21 01:31:16.071   679   679 D SurfaceFlinger: 
07-21 01:31:16.074  1005  1030 W ActivityManager: setHasOverlayUi called on unknown pid: 16266
07-21 01:31:16.074 11272 13302 D ContactsProviderUtils: isMultiSimModel : true
07-21 01:31:16.074  1005  2718 V WindowManager: Relayout Window{ecbf47 u0 com.android.systemui.ImageWallpaper}: viewVisibility=0 req=720x1600 d0
07-21 01:31:16.075  1005  1022 D WindowManager: setImageForCustomStartingWindow: componentName={com.android.contacts/com.android.contacts.activities.PeopleActivity}, fd=null, imagePath=auto, imagePathQualifier=null
07-21 01:31:16.076 11272 13302 D ContactsProvider-ScreenCaptureManager: delete starting window - Contacts
07-21 01:31:16.081   679   679 I Layer   : Layer [za.co.vanelo.guardflow.mobile/za.co.vanelo.guardflow.mobile.MainActivity#132252] hidden!! flag(1)
07-21 01:31:16.081   679   679 I Layer   : id=132251 removedFromDrawingState 8c186a1 za.co.vanelo.guardflow.mobile/za.co.vanelo.guardflow.mobile.MainActivity#132251 (120)
07-21 01:31:16.082   679   679 I Layer   : id=132256 removedFromDrawingState Surface(name=a34637a InputMethod)/@0x9ae1521 - animation-leash of insets_animation#132256 (120)
07-21 01:31:16.082   679   679 I Layer   : sf layer Visibility: (BufferStateLayer)layer name =com.sec.android.app.launcher/com.android.launcher3.infra.activity.Launcher#132258, isVisible=0 (Hiddenflag = 1, Alpha = 1.000000, [BufferInfo.mBuffer||mSidebandStream] = 2)
07-21 01:31:16.082   679   679 I Layer   : sf layer not visible reason: parentlayer(bf8267b com.sec.android.app.launcher/com.android.launcher3.infra.activity.Launcher#30982) Hiddenflag = 1
07-21 01:31:16.082   679   679 I Layer   : Layer [com.sec.android.app.launcher/com.android.launcher3.infra.activity.Launcher#132258] hidden!! flag(0)
07-21 01:31:16.082   679   679 I SurfaceFlinger: id=132252 Removed za.co.vanelo.guardflow.mobile/za.co.vanelo.guardflow.mobile.MainActivity#132252 (120)
07-21 01:31:16.082   679   679 I SurfaceFlinger: id=132251 Removed 8c186a1 za.co.vanelo.guardflow.mobile/za.co.vanelo.guardflow.mobile.MainActivity#132251 (120)
07-21 01:31:16.082   679   679 I SurfaceFlinger: id=132256 Removed Surface(name=a34637a InputMethod)/@0x9ae1521 - animation-leash of insets_animation#132256 (120)
07-21 01:31:16.083   679   679 E ClientCache: failed to get buffer, invalid process token
07-21 01:31:16.083   679   679 E BpTransactionCompletedListener: Failed to transact (-32)
07-21 01:31:16.083   679   679 I Layer   : id=132252 Destroyed za.co.vanelo.guardflow.mobile/za.co.vanelo.guardflow.mobile.MainActivity#132252
07-21 01:31:16.083   679   679 I Layer   : id=132251 Destroyed 8c186a1 za.co.vanelo.guardflow.mobile/za.co.vanelo.guardflow.mobile.MainActivity#132251
07-21 01:31:16.083   679   679 I Layer   : id=132256 Destroyed Surface(name=a34637a InputMethod)/@0x9ae1521 - animation-leash of insets_animation#132256
07-21 01:31:16.085   679   718 I SurfaceFlinger: id=132250 Removed c858f0f ActivityRecordInputSink za.co.vanelo.guardflow.mobile/.MainActivity#132250 (117)
07-21 01:31:16.086   644 19852 D IMGGralloc: Gralloc Register  w:720, h:1600, f:0x101, usage:0xb00, ui64Stamp:5485087, sSize:4608000, line = 2444
07-21 01:31:16.088   679   719 I SurfaceFlinger: id=132262 createSurf, flag=24004, Task=1601#132262
07-21 01:31:16.088  4101  4101 D InputMethodManager: prepareNavigationBarInfo() DecorView@2f41ba9[Launcher]
07-21 01:31:16.089  4101  4101 D InputMethodManager: getNavigationBarColor() Fail
07-21 01:31:16.088  1005  2718 V WindowManager: Relayout hash=ecbf47, pid=1240: mAttrs={(0,0)(720x1600) gr=TOP START CENTER layoutInDisplayCutoutMode=always ty=WALLPAPER fmt=RGBX_8888 wanim=0x103031a
07-21 01:31:16.088  1005  2718 V WindowManager:   fl=NOT_FOCUSABLE NOT_TOUCHABLE LAYOUT_IN_SCREEN LAYOUT_NO_LIMITS SCALED LAYOUT_INSET_DECOR
07-21 01:31:16.088  1005  2718 V WindowManager:   pfl=WANTS_OFFSET_NOTIFICATIONS SHOW_FOR_ALL_USERS USE_BLAST
07-21 01:31:16.088  1005  2718 V WindowManager:   bhv=DEFAULT}
07-21 01:31:16.089   679   679 D SurfaceFlinger: Display 0 HWC layers:
07-21 01:31:16.089   679   679 D SurfaceFlinger:      DEVICE | 0xeb4ded40 | 0100 | RGBx_8888    |    0.0    0.0  720.0 1600.0 |    0    0  720 1600 | Wallpaper BBQ wrapper#73
07-21 01:31:16.089   679   679 D SurfaceFlinger:      DEVICE | 0xeb4df940 | 0100 | RGBA_8888    |    0.0    0.0  720.0 1600.0 |    0    0  720 1600 | com.sec.android.app.launcher/com.and[...]cher3.infra.activity.Launcher#132258
07-21 01:31:16.089   679   679 D SurfaceFlinger:      DEVICE | 0xeb4df400 | 0100 | RGBA_8888    |    0.0    0.0  720.0   48.0 |    0    0  720   48 | StatusBar#68
07-21 01:31:16.089   679   679 D SurfaceFlinger:      DEVICE | 0xeb4df100 | 0100 | RGBA_8888    |    0.0    0.0  720.0   96.0 |    0 1504  720 1600 | NavigationBar0#64
07-21 01:31:16.089   679   679 D SurfaceFlinger: 
07-21 01:31:16.090   679   722 D IMGGralloc: Gralloc Free  w:720, h:1600, f:0x101, usage:0xb00, ui64Stamp:5485022 line = 2599
07-21 01:31:16.092  1005  1031 D ActivityTaskManager: mStartingWindow and mStartingData is null for token=ActivityRecord{f7146c2 u0 com.sec.android.app.launcher/com.android.launcher3.infra.activity.Launcher} t4}
07-21 01:31:16.094 16331 16331 I uardflow.mobile: Using CollectorTypeCC GC.
07-21 01:31:16.095   679  2117 I SurfaceFlinger: id=132235 Removed Surface(name=a34637a InputMethod)/@0x9ae1521 - animation-leash of insets_animation#132235 (118)
07-21 01:31:16.098   679   679 I Layer   : id=132243 removedFromDrawingState ActivityRecord{430c9a5 u0 za.co.vanelo.guardflow.mobile/.MainActivity}#132243 (118)
07-21 01:31:16.098   679   679 I Layer   : id=132250 removedFromDrawingState c858f0f ActivityRecordInputSink za.co.vanelo.guardflow.mobile/.MainActivity#132250 (118)
07-21 01:31:16.098   679   679 I Layer   : id=132242 removedFromDrawingState Task=1601#132242 (118)
07-21 01:31:16.098   679   679 I Layer   : id=132262 removedFromDrawingState Task=1601#132262 (118)
07-21 01:31:16.098   679   679 I SurfaceFlinger: id=132243 Removed ActivityRecord{430c9a5 u0 za.co.vanelo.guardflow.mobile/.MainActivity}#132243 (118)
07-21 01:31:16.098   679   679 I SurfaceFlinger: id=132262 Removed Task=1601#132262 (118)
07-21 01:31:16.099   679   679 I Layer   : id=132262 Destroyed Task=1601#132262
07-21 01:31:16.099   679   679 I Layer   : id=132235 Destroyed Surface(name=a34637a InputMethod)/@0x9ae1521 - animation-leash of insets_animation#132235
07-21 01:31:16.099   679   679 I Layer   : id=132243 Destroyed ActivityRecord{430c9a5 u0 za.co.vanelo.guardflow.mobile/.MainActivity}#132243
07-21 01:31:16.099   679   679 I Layer   : id=132250 Destroyed c858f0f ActivityRecordInputSink za.co.vanelo.guardflow.mobile/.MainActivity#132250
07-21 01:31:16.100  1005  2751 D InputMethodManagerService: isImeSwitcherDisabledPackage : false
07-21 01:31:16.104  1005  2751 D InputMethodManagerService: shouldShowImeSwitcherLocked : checking vis : 3
07-21 01:31:16.106 31809 31809 I GoogleInputMethodService: GoogleInputMethodService.onFinishInput():2276 
07-21 01:31:16.108  1005  2751 I WindowManager: Cancelling animation restarting=true, leash=Surface(name=Surface(name=a34637a InputMethod)/@0x9ae1521 - animation-leash of insets_animation)/@0x49995a3, caller=com.android.server.wm.SurfaceAnimator.startAnimation:193 com.android.server.wm.WindowContainer.startAnimation:2756 com.android.server.wm.WindowContainer.startAnimation:2763 
07-21 01:31:16.109  1005  2751 I WindowManager: Reparenting to original parent: Surface(name=WindowToken{94d0595 type=2011 android.os.Binder@aa7a14c})/@0x2153d46, destroy=false, surface=Surface(name=a34637a InputMethod)/@0x9ae1521, caller=com.android.server.wm.SurfaceAnimator.reset:446 com.android.server.wm.SurfaceAnimator.cancelAnimation:397 com.android.server.wm.SurfaceAnimator.startAnimation:193 
07-21 01:31:16.109  1005  2751 I WindowManager: Reparenting to leash, surface=Surface(name=a34637a InputMethod)/@0x9ae1521, leashParent=Surface(name=WindowToken{94d0595 type=2011 android.os.Binder@aa7a14c})/@0x2153d46, caller=com.android.server.wm.SurfaceAnimator.startAnimation:206 com.android.server.wm.WindowContainer.startAnimation:2756 com.android.server.wm.WindowContainer.startAnimation:2763 
07-21 01:31:16.110   679  2117 I SurfaceFlinger: id=132263 createSurf, flag=24004, Surface(name=a34637a InputMethod)/@0x9ae1521 - animation-leash of insets_animation#132263
07-21 01:31:16.110 31809 15866 I Module  : DeviceLockedStatusModuleProvider$Module.updateDeviceLockedStatusInternal():129 repeatCheckTimes = 0, locked = false
07-21 01:31:16.110  1005  2751 D WindowManager: makeSurface duration=0 leash=Surface(name=Surface(name=a34637a InputMethod)/@0x9ae1521 - animation-leash of insets_animation)/@0x919d3b8
07-21 01:31:16.112 31809 31809 I GoogleInputMethodService: GoogleInputMethodService.onStartInput():1460 onStartInput(EditorInfo{EditorInfo{packageName=com.sec.android.app.launcher, inputType=0, inputTypeString=NULL, enableLearning=false, autoCorrection=false, autoComplete=false, imeOptions=0, privateImeOptions=null, actionName=UNSPECIFIED, actionLabel=null, initialSelStart=-1, initialSelEnd=-1, initialCapsMode=0, label=null, fieldId=2131296341, fieldName=null, extras=Bundle[EMPTY_PARCEL], hintText=null, hintLocales=[]}}, false)
07-21 01:31:16.112 31809 31809 I LatinIMEBase: LatinIMEBase.updateInputViewCoverNavigation():317 Update input view padding, isNavbarOverInputWindow=false, bottom inset=96
07-21 01:31:16.115   679   679 I Layer   : id=132261 removedFromDrawingState Surface(name=a34637a InputMethod)/@0x9ae1521 - animation-leash of insets_animation#132261 (115)
07-21 01:31:16.116 31809 15736 I Module  : DeviceLockedStatusModuleProvider$Module.updateDeviceLockedStatusInternal():129 repeatCheckTimes = 1, locked = false
07-21 01:31:16.117  1005  2751 D InputMethodManagerService: isImeSwitcherDisabledPackage : false
07-21 01:31:16.121 16331 16331 D nativeloader: Load libframework-connectivity-tiramisu-jni.so using APEX ns com_android_tethering for caller /apex/com.android.tethering/javalib/framework-connectivity-t.jar: ok
07-21 01:31:16.140  1005  2751 D ActivityManager: attachApplicationLocked() app=ProcessRecord{926d9b3 16331:za.co.vanelo.guardflow.mobile/u0a224} app.isolatedEntryPoint=null instr2=null
07-21 01:31:16.161 16331 16331 D ActivityThread: handleBindApplication()++ app=za.co.vanelo.guardflow.mobile
07-21 01:31:16.162 16331 16331 D CompatibilityChangeReporter: Compat change id reported: 171979766; UID 10224; state: ENABLED
07-21 01:31:16.181 16331 16331 D nativeloader: Configuring clns-4 for other apk /data/app/~~Vv5A2xtovkXua1dzj7lnCA==/za.co.vanelo.guardflow.mobile-fT8nbh9macC9lfwZFYuUXQ==/base.apk. target_sdk_version=36, uses_libraries=, library_path=/data/app/~~Vv5A2xtovkXua1dzj7lnCA==/za.co.vanelo.guardflow.mobile-fT8nbh9macC9lfwZFYuUXQ==/lib/arm:/data/app/~~Vv5A2xtovkXua1dzj7lnCA==/za.co.vanelo.guardflow.mobile-fT8nbh9macC9lfwZFYuUXQ==/base.apk!/lib/armeabi-v7a, permitted_path=/data:/mnt/expand:/data/user/0/za.co.vanelo.guardflow.mobile
07-21 01:31:16.187 16331 16331 I uardflow.mobile: Waiting for a blocking GC ClassLinker
07-21 01:31:16.205 16331 16331 I uardflow.mobile: WaitForGcToComplete blocked ClassLinker on CollectorTransition for 17.946ms
07-21 01:31:16.221 16331 16331 D nativeloader: Load libframework-connectivity-jni.so using APEX ns com_android_tethering for caller /apex/com.android.tethering/javalib/framework-connectivity.jar: ok
07-21 01:31:16.226 16331 16331 V GraphicsEnvironment: ANGLE Developer option for 'za.co.vanelo.guardflow.mobile' set to: 'default'
07-21 01:31:16.227 16331 16331 V GraphicsEnvironment: ANGLE GameManagerService for za.co.vanelo.guardflow.mobile: false
07-21 01:31:16.227 16331 16331 V GraphicsEnvironment: Neither updatable production driver nor prerelease driver is supported.
07-21 01:31:16.230 16331 16331 D ActivityThread: handleBindApplication data=AppBindData{appInfo=ApplicationInfo{f272370 za.co.vanelo.guardflow.mobile}} appContext=android.app.ContextImpl@91666e9 appContext.mOpPackageName=za.co.vanelo.guardflow.mobile appContext.mBasePackageName=za.co.vanelo.guardflow.mobile appContext.mPackageInfo=android.app.LoadedApk@31aff6e data.restrictedBackupMode= false data.providers= [ContentProviderInfo{name=za.co.vanelo.guardflow.mobile.androidx-startup className=androidx.startup.InitializationProvider}, ContentProviderInfo{name=za.co.vanelo.guardflow.mobile.FileSystemFileProvider className=expo.modules.filesystem.FileSystemFileProvider}]
07-21 01:31:16.231 16331 16331 D LoadedApk: LoadedApk::makeApplication() appContext.mOpPackageName=za.co.vanelo.guardflow.mobile appContext.mBasePackageName=za.co.vanelo.guardflow.mobile
07-21 01:31:16.232 16331 16331 D NetworkSecurityConfig: No Network Security Config specified, using platform default
07-21 01:31:16.232 16331 16331 D NetworkSecurityConfig: No Network Security Config specified, using platform default
07-21 01:31:16.263 16331 16331 D ActivityThread: handleBindApplication() --
07-21 01:31:16.267  1363  1363 I NearbySharing: The contact book (uri: content://com.android.contacts) has been modified. Debouncing sync.
07-21 01:31:16.268 16331 16331 W SoLoader: Initializing SoLoader: 0
07-21 01:31:16.269  1522  1667 I ContactCache: ===== Contact updated. =====
07-21 01:31:16.269  1522  1667 I RcsUtils: isDualRcsSettings: false
07-21 01:31:16.269  1522  1667 I SimManager: isLabSimCard: state [LOADED] isLabSim [false]
07-21 01:31:16.269  1522  1667 E GlobalSettingsRepoBase: globalgcsettings No matched key : rcs_contact_sync_in_switch_off
07-21 01:31:16.270 16331 16331 W SoLoader: Recording new base apk path: /data/app/~~Vv5A2xtovkXua1dzj7lnCA==/za.co.vanelo.guardflow.mobile-fT8nbh9macC9lfwZFYuUXQ==/base.apk
07-21 01:31:16.270 16331 16331 W SoLoader: Previously recorded 0 base apk paths.
07-21 01:31:16.273  1522  1667 D ImsConstants: getInt(system/rcs_user_setting) : -1, package : null
07-21 01:31:16.273  1522  1667 E GlobalSettingsRepoBase: globalgcsettings No matched key : rcs_initial_contact_sync_before_regi
07-21 01:31:16.273  1522  1667 I ContactCache<0>: sendMessageContactSync: Try contact sync after 3 sec.
07-21 01:31:16.274 16331 16331 I SoLoader: Preparing SO source: DirectorySoSource[root = /system/lib flags = 2]
07-21 01:31:16.275 16331 16331 I SoLoader: Preparing SO source: DirectorySoSource[root = /vendor/lib flags = 2]
07-21 01:31:16.275 16331 16331 I SoLoader: Preparing SO source: DirectApkSoSource[root = [/data/app/~~Vv5A2xtovkXua1dzj7lnCA==/za.co.vanelo.guardflow.mobile-fT8nbh9macC9lfwZFYuUXQ==/base.apk!/lib/armeabi-v7a]]
07-21 01:31:16.287  1005  1893 E AppSearchIcing: icing-search-engine.cc:988: Failed to delete Document. namespace: android$contacts/, uri: 3794060;Failed to find DocumentId by key: android$contacts/, 3794060;Key not found 16790681241549593840 in DynamicTrieKeyMapper /data/system_ce/0/appsearch/icing/document_dir/key_mapper_dir/key_mapper.Failed to delete Document. namespace: android$contacts/, uri: 3794060
07-21 01:31:16.287  1005  1893 W AppSearchIcing: icing-search-engine.cc:217: Error: 5, Message: Failed to delete Document. namespace: android$contacts/, uri: 3794060;Failed to find DocumentId by key: android$contacts/, 3794060;Key not found 16790681241549593840 in DynamicTrieKeyMapper /data/system_ce/0/appsearch/icing/document_dir/key_mapper_dir/key_mapper.
07-21 01:31:16.287 16331 16331 I SoLoader: Preparing SO source: ApplicationSoSource[DirectorySoSource[root = /data/app/~~Vv5A2xtovkXua1dzj7lnCA==/za.co.vanelo.guardflow.mobile-fT8nbh9macC9lfwZFYuUXQ==/lib/arm flags = 0]]
07-21 01:31:16.288 16331 16331 I SoLoader: init finish: 4 SO sources prepared
07-21 01:31:16.288 16331 16331 W SoLoader: SoLoader initialized: 8
07-21 01:31:16.322 11272 13168 D ContactsProviderUtils: isMultiSimModel : true
07-21 01:31:16.325  1005  2718 D WindowManager: setImageForCustomStartingWindow: componentName={com.android.contacts/com.android.contacts.activities.PeopleActivity}, fd=null, imagePath=auto, imagePathQualifier=null
07-21 01:31:16.325 11272 13168 D ContactsProvider-ScreenCaptureManager: delete starting window - Contacts
07-21 01:31:16.341 16331 16331 D nativeloader: Load /data/app/~~Vv5A2xtovkXua1dzj7lnCA==/za.co.vanelo.guardflow.mobile-fT8nbh9macC9lfwZFYuUXQ==/base.apk!/lib/armeabi-v7a/libc++_shared.so using class loader ns clns-4 (caller=/data/app/~~Vv5A2xtovkXua1dzj7lnCA==/za.co.vanelo.guardflow.mobile-fT8nbh9macC9lfwZFYuUXQ==/base.apk): ok
07-21 01:31:16.359 16331 16331 D nativeloader: Load /data/app/~~Vv5A2xtovkXua1dzj7lnCA==/za.co.vanelo.guardflow.mobile-fT8nbh9macC9lfwZFYuUXQ==/base.apk!/lib/armeabi-v7a/libjsi.so using class loader ns clns-4 (caller=/data/app/~~Vv5A2xtovkXua1dzj7lnCA==/za.co.vanelo.guardflow.mobile-fT8nbh9macC9lfwZFYuUXQ==/base.apk): ok
07-21 01:31:16.374 16331 16331 D nativeloader: Load /data/app/~~Vv5A2xtovkXua1dzj7lnCA==/za.co.vanelo.guardflow.mobile-fT8nbh9macC9lfwZFYuUXQ==/base.apk!/lib/armeabi-v7a/libfbjni.so using class loader ns clns-4 (caller=/data/app/~~Vv5A2xtovkXua1dzj7lnCA==/za.co.vanelo.guardflow.mobile-fT8nbh9macC9lfwZFYuUXQ==/base.apk): ok
07-21 01:31:16.388  1240  1380 D MobileSignalController:Parveen: getSbInfo- typeIcon: 0 statusIcon: [visible=true,icon=2131233121,contentDescription=Phone three bars.]
07-21 01:31:16.389  1240  1240 D StatusBarSignalPolicy: setMobileDataIndicators: MobileDataIndicators[statusIcon=[visible=true,icon=2131233121,contentDescription=Phone three bars.],qsIcon=,statusType=0,qsType=0,activityIn=false,activityOut=false,typeContentDescription=4G,typeContentDescriptionHtml=4G,description=null,subId=3,roaming=false,showTriangle=true,dataActivity=0,roamingIcon=0]
07-21 01:31:16.389  1240  1240 D StatusBarSignalPolicy: MobileIconStates: mobile,  read=mobile[MobileIconState(subId=10, strengthId=2131233122, typeId=2131233045, visible=true, activityId=2131233096, roamingId=0, voiceNoServiceId=0, slotId=0), MobileIconState(subId=3, strengthId=2131233121, typeId=0, visible=true, activityId=0, roamingId=0, voiceNoServiceId=0, slotId=1)]
