07-21 01:11:25.410  1005  2751 V WindowManager: Relayout hash=f09afbf, pid=13719: mAttrs={(0,0)(fillxfill) sim={adjust=resize forwardNavigation} layoutInDisplayCutoutMode=always ty=BASE_APPLICATION wanim=0x1030309
07-21 01:11:25.410  1005  2751 V WindowManager:   fl=LAYOUT_IN_SCREEN LAYOUT_INSET_DECOR SPLIT_TOUCH HARDWARE_ACCELERATED DRAWS_SYSTEM_BAR_BACKGROUNDS
07-21 01:11:25.410  1005  2751 V WindowManager:   pfl=NO_MOVE_ANIMATION FORCE_DRAW_STATUS_BAR_BACKGROUND USE_BLAST APPEARANCE_CONTROLLED FIT_INSETS_CONTROLLED
07-21 01:11:25.410  1005  2751 V WindowManager:   vsysui=LAYOUT_STABLE
07-21 01:11:25.410  1005  2751 V WindowManager:   bhv=DEFAULT
07-21 01:11:25.410  1005  2751 V WindowManager:   fitSides=}
07-21 01:11:25.412   679   679 I Layer   : id=131601 removedFromDrawingState Surface(name=eacbb4a StatusBar)/@0xa5e1fc4 - animation-leash of insets_animation#131601 (121)
07-21 01:11:25.413   679   679 I Layer   : id=131602 removedFromDrawingState Surface(name=f480b0e NavigationBar0)/@0xd988d73 - animation-leash of insets_animation#131602 (121)
07-21 01:11:25.413   679   679 I SurfaceFlinger: id=131601 Removed Surface(name=eacbb4a StatusBar)/@0xa5e1fc4 - animation-leash of insets_animation#131601 (121)
07-21 01:11:25.413   679   679 I SurfaceFlinger: id=131602 Removed Surface(name=f480b0e NavigationBar0)/@0xd988d73 - animation-leash of insets_animation#131602 (121)
07-21 01:11:25.414   679   679 I Layer   : id=131601 Destroyed Surface(name=eacbb4a StatusBar)/@0xa5e1fc4 - animation-leash of insets_animation#131601
07-21 01:11:25.414   679   679 I Layer   : id=131602 Destroyed Surface(name=f480b0e NavigationBar0)/@0xd988d73 - animation-leash of insets_animation#131602
07-21 01:11:25.429   679   679 D SurfaceFlinger: [input] inputWindowCommands.focusRequests size is 1
07-21 01:11:25.432   679   764 D SurfaceFlinger: [input] setFocusedWindow: f09afbf za.co.vanelo.guardflow.mobile/za.co.vanelo.guardflow.mobile.MainActivity
07-21 01:11:25.451   679  1209 E HWComposer: getSupportedContentTypes: getSupportedContentTypes failed for display 0: Unsupported (8)
07-21 01:11:25.459   376   376 I servicemanager: Could not find android.hardware.graphics.allocator.IAllocator/default in the VINTF manifest.
07-21 01:11:25.460   643   643 D IMGGralloc: GBuffer--------------(*format)=1
07-21 01:11:25.460   643   643 D IMGGralloc: Gralloc alloc start  w:720, h:1600, f:0x1, usage:0x900, privUsage:0x0, line = 1672
07-21 01:11:25.461   643   643 D IMGGralloc: Gralloc Alloc end  w:720, h:1600, f:0x101, usage:0x900,iprivUsage:0x0,handle:0xec23e840, ui64Stamp:5481583, sSize:4608000, BufferName: VRI[MainActivity]#0(BLAST Consumer)0, line = 2131
07-21 01:11:25.462   643   643 D IMGGralloc: Gralloc Free  w:720, h:1600, f:0x101, usage:0x900, ui64Stamp:5481583 line = 2599
07-21 01:11:25.462 13719 13746 D IMGGralloc: Gralloc Register  w:720, h:1600, f:0x101, usage:0x900, ui64Stamp:5481583, sSize:4608000, line = 2444
07-21 01:11:25.463 13719 13746 D IMGGralloc: Gralloc Free  w:720, h:1600, f:0x101, usage:0x900, ui64Stamp:5481583 line = 2599
07-21 01:11:25.463   643   643 D IMGGralloc: GBuffer--------------(*format)=1
07-21 01:11:25.463   643   643 D IMGGralloc: Gralloc alloc start  w:720, h:1600, f:0x1, usage:0xb00, privUsage:0x0, line = 1672
07-21 01:11:25.466   643   643 D IMGGralloc: Gralloc Alloc end  w:720, h:1600, f:0x101, usage:0xb00,iprivUsage:0x0,handle:0xec23e840, ui64Stamp:5481587, sSize:4608000, BufferName: VRI[MainActivity]#0(BLAST Consumer)0, line = 2131
07-21 01:11:25.466   643   643 D IMGGralloc: Gralloc Free  w:720, h:1600, f:0x101, usage:0xb00, ui64Stamp:5481587 line = 2599
07-21 01:11:25.467 13719 13737 D IMGGralloc: Gralloc Register  w:720, h:1600, f:0x101, usage:0xb00, ui64Stamp:5481587, sSize:4608000, line = 2444
07-21 01:11:25.467   643   643 D IMGGralloc: GBuffer--------------(*format)=1
07-21 01:11:25.467   643   643 D IMGGralloc: Gralloc alloc start  w:720, h:1600, f:0x1, usage:0x900, privUsage:0x0, line = 1672
07-21 01:11:25.468   643   643 D IMGGralloc: Gralloc Alloc end  w:720, h:1600, f:0x101, usage:0x900,iprivUsage:0x0,handle:0xec23e840, ui64Stamp:5481590, sSize:4608000, BufferName: VRI[MainActivity]#0(BLAST Consumer)0, line = 2131
07-21 01:11:25.469   643   643 D IMGGralloc: Gralloc Free  w:720, h:1600, f:0x101, usage:0x900, ui64Stamp:5481590 line = 2599
07-21 01:11:25.469 13719 13746 D IMGGralloc: Gralloc Register  w:720, h:1600, f:0x101, usage:0x900, ui64Stamp:5481590, sSize:4608000, line = 2444
07-21 01:11:25.469   643   643 D IMGGralloc: GBuffer--------------(*format)=1
07-21 01:11:25.469   643   643 D IMGGralloc: Gralloc alloc start  w:720, h:1600, f:0x1, usage:0x900, privUsage:0x0, line = 1672
07-21 01:11:25.472   643   643 D IMGGralloc: Gralloc Alloc end  w:720, h:1600, f:0x101, usage:0x900,iprivUsage:0x0,handle:0xec23e840, ui64Stamp:5481592, sSize:4608000, BufferName: VRI[MainActivity]#0(BLAST Consumer)0, line = 2131
07-21 01:11:25.472   643   643 D IMGGralloc: Gralloc Free  w:720, h:1600, f:0x101, usage:0x900, ui64Stamp:5481592 line = 2599
07-21 01:11:25.473 13719 13746 D IMGGralloc: Gralloc Register  w:720, h:1600, f:0x101, usage:0x900, ui64Stamp:5481592, sSize:4608000, line = 2444
07-21 01:11:25.501 13719 13737 I BLASTBufferQueue: [VRI[MainActivity]#0](f:0,a:0) onFrameAvailable the first frame is available
07-21 01:11:25.502   679  1209 D IMGGralloc: Gralloc Register  w:720, h:1600, f:0x101, usage:0xb00, ui64Stamp:5481587, sSize:4608000, line = 2444
07-21 01:11:25.502   679  1209 D IMGGralloc: GBuffer--------------(*format)=1
07-21 01:11:25.505 13719 13737 W Parcel  : Expecting binder but got null!
07-21 01:11:25.506  1005  2751 D WindowManager: finishDrawingWindow: Window{f09afbf u0 za.co.vanelo.guardflow.mobile/za.co.vanelo.guardflow.mobile.MainActivity} mDrawState=DRAW_PENDING
07-21 01:11:25.514  1005  1031 I WindowManager: Reparenting to leash, surface=Surface(name=f09afbf za.co.vanelo.guardflow.mobile/za.co.vanelo.guardflow.mobile.MainActivity)/@0x5aacb24, leashParent=Surface(name=ActivityRecord{7a21a64 u0 za.co.vanelo.guardflow.mobile/.MainActivity})/@0x575a68d, caller=com.android.server.wm.SurfaceAnimator.startAnimation:206 com.android.server.wm.WindowContainer.startAnimation:2756 com.android.server.wm.WindowContainer.startAnimation:2763 
07-21 01:11:25.514   679   719 I SurfaceFlinger: id=131608 createSurf, flag=24000, Surface(name=f09afbf za.co.vanelo.guardflow.mobile/za.co.vanelo.guardflow.mobile.MainActivity)/@0x5aacb24 - animation-leash of starting_reveal#131608
07-21 01:11:25.515  1005  1031 D WindowManager: makeSurface duration=1 leash=Surface(name=Surface(name=f09afbf za.co.vanelo.guardflow.mobile/za.co.vanelo.guardflow.mobile.MainActivity)/@0x5aacb24 - animation-leash of starting_reveal)/@0x9e51042
07-21 01:11:25.518   651   651 D PowerHAL: ###Exit launch scene bgn###
07-21 01:11:25.518   651   651 D PowerHAL: Enter common_set_for_release_when_close: enable:0, duration: 0, /dev/cluster0_freq_max: 124F80
07-21 01:11:25.518   651   651 D PowerHAL: Enter common_set_for_release_when_close: enable:0, duration: 0, /dev/cluster0_freq_min: 124F80
07-21 01:11:25.518  1005  2751 W ActivityTaskManager: Request to remove task ignored for non-existent task 1584
07-21 01:11:25.519   651   651 D PowerHAL: Set /dev/cluster0_freq_min: F4240
07-21 01:11:25.519   651   651 D PowerHAL: Enter common_set_for_release_when_close: enable:0, duration: 0, /dev/cluster1_freq_max: 186A00
07-21 01:11:25.519   651   651 D PowerHAL: Enter common_set_for_release_when_close: enable:0, duration: 0, /dev/cluster1_freq_min: 186A00
07-21 01:11:25.520   651   651 D PowerHAL: Set /dev/cluster1_freq_min: 12B128
07-21 01:11:25.520   651   651 D PowerHAL: Enter devfreq_ddr_set: enable:0, duration: 0, /sys/class/devfreq/scene-frequency/sprd-governor/scene_boost_dfs: max
07-21 01:11:25.520   651   651 D PowerHAL: ###Exit launch scene end###
07-21 01:11:25.522  1005  1031 D ActivityTaskManager: mStartingWindow and mStartingData is null for token=ActivityRecord{7a21a64 u0 za.co.vanelo.guardflow.mobile/.MainActivity} t1585}
07-21 01:11:25.523  1005  1027 I ActivityTaskManager: Displayed za.co.vanelo.guardflow.mobile/.MainActivity: +874ms
07-21 01:11:25.529   679   679 I Layer   : sf layer Visibility: (BufferStateLayer)layer name =za.co.vanelo.guardflow.mobile/za.co.vanelo.guardflow.mobile.MainActivity#131605, isVisible=1 (Hiddenflag = 0, Alpha = 1.000000, [BufferInfo.mBuffer||mSidebandStream] = 2)
07-21 01:11:25.529   679   679 I Layer   : Layer [za.co.vanelo.guardflow.mobile/za.co.vanelo.guardflow.mobile.MainActivity#131605] hidden!! flag(0)
07-21 01:11:25.530  1005  2751 V WindowManager: Relayout Window{61a52ef u0 Splash Screen za.co.vanelo.guardflow.mobile}: viewVisibility=0 req=720x1600 d0
07-21 01:11:25.532  1005  2751 D WindowManager: updateSystemBarAttributes: displayId=0, win=Window{f09afbf u0 za.co.vanelo.guardflow.mobile/za.co.vanelo.guardflow.mobile.MainActivity}, navColorWin=Window{61a52ef u0 Splash Screen za.co.vanelo.guardflow.mobile}, behavior=1, appearance=0, statusBarAppearanceRegions=[AppearanceRegion{ bounds=[0,0][720,1600]}], requestedVisibilities=, from=com.android.server.wm.DisplayPolicy.finishPostLayoutPolicyLw:1801 com.android.server.wm.DisplayContent.applySurfaceChangesTransaction:4684 com.android.server.wm.RootWindowContainer.applySurfaceChangesTransaction:1053 
07-21 01:11:25.532   644 19852 D IMGGralloc: Gralloc Register  w:720, h:1600, f:0x101, usage:0xb00, ui64Stamp:5481587, sSize:4608000, line = 2444
07-21 01:11:25.533  1240  1240 D NotificationStatusIcon: applyNotificationIconsTint
07-21 01:11:25.534  1005  2064 V WindowManager: Relayout Window{260e261 u0 com.android.settings/com.android.settings.SubSettings}: viewVisibility=8 req=720x1600 d0
07-21 01:11:25.535   679   679 D SurfaceFlinger: Display 0 HWC layers:
07-21 01:11:25.535   679   679 D SurfaceFlinger:      DEVICE | 0xeb4dff40 | 0102 | RGBA_8888    |    0.0    0.0  720.0 1600.0 |    0    0  720 1600 | za.co.vanelo.guardflow.mobile/za.co.[...]guardflow.mobile.MainActivity#131605
07-21 01:11:25.535   679   679 D SurfaceFlinger:      DEVICE | 0xeb4dfc40 | 0100 | RGBA_8888    |    0.0    0.0  720.0 1600.0 |    0    0  720 1600 | Splash Screen za.co.vanelo.guardflow.mobile#131597
07-21 01:11:25.535   679   679 D SurfaceFlinger:      DEVICE | 0xeb4df400 | 0100 | RGBA_8888    |    0.0    0.0  720.0   48.0 |    0    0  720   48 | StatusBar#68
07-21 01:11:25.535   679   679 D SurfaceFlinger:      DEVICE | 0xeb4dfdc0 | 0100 | RGBA_8888    |    0.0    0.0  720.0   96.0 |    0 1504  720 1600 | NavigationBar0#64
07-21 01:11:25.535   679   679 D SurfaceFlinger: 
07-21 01:11:25.536 13719 13719 D InputMethodManager: prepareNavigationBarInfo() DecorView@c8ba485[MainActivity]
07-21 01:11:25.536 13719 13719 D InputMethodManager: getNavigationBarColor() Fail
07-21 01:11:25.538  1005  2751 V WindowManager: Relayout hash=61a52ef, pid=1240: mAttrs={(0,0)(fillxfill) sim={adjust=pan} ty=APPLICATION_STARTING fmt=TRANSLUCENT wanim=0x1030309
07-21 01:11:25.538  1005  2751 V WindowManager:   fl=NOT_FOCUSABLE NOT_TOUCHABLE LAYOUT_IN_SCREEN LAYOUT_INSET_DECOR ALT_FOCUSABLE_IM HARDWARE_ACCELERATED DRAWS_SYSTEM_BAR_BACKGROUNDS
07-21 01:11:25.538  1005  2751 V WindowManager:   pfl=SHOW_FOR_ALL_USERS USE_BLAST APPEARANCE_CONTROLLED FIT_INSETS_CONTROLLED
07-21 01:11:25.538  1005  2751 V WindowManager:   bhv=DEFAULT
07-21 01:11:25.538  1005  2751 V WindowManager:   fitSides=}
07-21 01:11:25.539  1005  1494 D CompatibilityChangeReporter: Compat change id reported: 214016041; UID 10224; state: ENABLED
07-21 01:11:25.541  1240  1375 D IMGGralloc: Gralloc Free  w:720, h:1600, f:0x101, usage:0x900, ui64Stamp:5481548 line = 2599
07-21 01:11:25.541   643   643 D IMGGralloc: GBuffer--------------(*format)=1
07-21 01:11:25.542   643   643 D IMGGralloc: Gralloc alloc start  w:720, h:1600, f:0x1, usage:0xb00, privUsage:0x0, line = 1672
07-21 01:11:25.542  1005  2064 V WindowManager: Relayout hash=260e261, pid=10892: mAttrs={(0,0)(fillxfill) sim={adjust=pan} ty=BASE_APPLICATION wanim=0x10302f4
07-21 01:11:25.542  1005  2064 V WindowManager:   fl=LAYOUT_IN_SCREEN LAYOUT_INSET_DECOR SPLIT_TOUCH HARDWARE_ACCELERATED DRAWS_SYSTEM_BAR_BACKGROUNDS
07-21 01:11:25.542  1005  2064 V WindowManager:   pfl=NO_MOVE_ANIMATION FORCE_DRAW_STATUS_BAR_BACKGROUND USE_BLAST FIT_INSETS_CONTROLLED
07-21 01:11:25.542  1005  2064 V WindowManager:   vsysui=LAYOUT_STABLE LAYOUT_FULLSCREEN
07-21 01:11:25.542  1005  2064 V WindowManager:   bhv=DEFAULT
07-21 01:11:25.542  1005  2064 V WindowManager:   fitSides=}
07-21 01:11:25.546   643   643 D IMGGralloc: Gralloc Alloc end  w:720, h:1600, f:0x101, usage:0xb00,iprivUsage:0x0,handle:0xec23e840, ui64Stamp:5481616, sSize:4608000, BufferName: VRI[mobile]#4740(BLAST Consumer)4740, line = 2131
07-21 01:11:25.546   643   643 D IMGGralloc: Gralloc Free  w:720, h:1600, f:0x101, usage:0xb00, ui64Stamp:5481616 line = 2599
07-21 01:11:25.547  1240  1375 D IMGGralloc: Gralloc Register  w:720, h:1600, f:0x101, usage:0xb00, ui64Stamp:5481616, sSize:4608000, line = 2444
07-21 01:11:25.550  1005  2064 D InputMethodManagerService: isImeSwitcherDisabledPackage : false
07-21 01:11:25.550  1005  2064 D InputMethodManagerService: shouldShowImeSwitcherLocked : checking vis : 3
07-21 01:11:25.552 31809 31809 I GoogleInputMethodService: GoogleInputMethodService.onFinishInput():2276 
07-21 01:11:25.553  1005  1494 I WindowManager: Cancelling animation restarting=true, leash=Surface(name=Surface(name=a34637a InputMethod)/@0x9ae1521 - animation-leash of insets_animation)/@0x823e310, caller=com.android.server.wm.SurfaceAnimator.startAnimation:193 com.android.server.wm.WindowContainer.startAnimation:2756 com.android.server.wm.WindowContainer.startAnimation:2763 
07-21 01:11:25.554  1005  1494 I WindowManager: Reparenting to original parent: Surface(name=WindowToken{94d0595 type=2011 android.os.Binder@aa7a14c})/@0x2153d46, destroy=false, surface=Surface(name=a34637a InputMethod)/@0x9ae1521, caller=com.android.server.wm.SurfaceAnimator.reset:446 com.android.server.wm.SurfaceAnimator.cancelAnimation:397 com.android.server.wm.SurfaceAnimator.startAnimation:193 
07-21 01:11:25.554  1005  1494 I WindowManager: Reparenting to leash, surface=Surface(name=a34637a InputMethod)/@0x9ae1521, leashParent=Surface(name=WindowToken{94d0595 type=2011 android.os.Binder@aa7a14c})/@0x2153d46, caller=com.android.server.wm.SurfaceAnimator.startAnimation:206 com.android.server.wm.WindowContainer.startAnimation:2756 com.android.server.wm.WindowContainer.startAnimation:2763 
07-21 01:11:25.555   679   895 I SurfaceFlinger: id=131609 createSurf, flag=24004, Surface(name=a34637a InputMethod)/@0x9ae1521 - animation-leash of insets_animation#131609
07-21 01:11:25.555 31809 31809 I GoogleInputMethodService: GoogleInputMethodService.onStartInput():1460 onStartInput(EditorInfo{EditorInfo{packageName=za.co.vanelo.guardflow.mobile, inputType=0, inputTypeString=NULL, enableLearning=false, autoCorrection=false, autoComplete=false, imeOptions=0, privateImeOptions=null, actionName=UNSPECIFIED, actionLabel=null, initialSelStart=-1, initialSelEnd=-1, initialCapsMode=0, label=null, fieldId=-1, fieldName=null, extras=Bundle[EMPTY_PARCEL], hintText=null, hintLocales=[]}}, false)
07-21 01:11:25.555 31809 31809 I LatinIMEBase: LatinIMEBase.updateInputViewCoverNavigation():317 Update input view padding, isNavbarOverInputWindow=false, bottom inset=96
07-21 01:11:25.556  1005  1494 D WindowManager: makeSurface duration=0 leash=Surface(name=Surface(name=a34637a InputMethod)/@0x9ae1521 - animation-leash of insets_animation)/@0x92a5abc
07-21 01:11:25.558   679   895 D IMGGralloc: Gralloc Register  w:720, h:1600, f:0x101, usage:0xb00, ui64Stamp:5481616, sSize:4608000, line = 2444
07-21 01:11:25.558  1240  1375 D IMGGralloc: Gralloc Free  w:720, h:1600, f:0x101, usage:0x900, ui64Stamp:5481537 line = 2599
07-21 01:11:25.558   679   895 D IMGGralloc: GBuffer--------------(*format)=1
07-21 01:11:25.559   643   643 D IMGGralloc: GBuffer--------------(*format)=1
07-21 01:11:25.559   643   643 D IMGGralloc: Gralloc alloc start  w:720, h:1600, f:0x1, usage:0xb00, privUsage:0x0, line = 1672
07-21 01:11:25.563 13719 13719 D InsetsController: onStateChanged: InsetsState: {mDisplayFrame=Rect(0, 0 - 720, 1600), mDisplayCutout=DisplayCutout{insets=Rect(0, 45 - 0, 0) waterfall=Insets{left=0, top=0, right=0, bottom=0} boundingRect={Bounds=[Rect(0, 0 - 0, 0), Rect(272, 0 - 448, 45), Rect(0, 0 - 0, 0), Rect(0, 0 - 0, 0)]} cutoutPathParserInfo={CutoutPathParserInfo{displayWidth=720 displayHeight=1600 physicalDisplayWidth=720 physicalDisplayHeight=1600 density={2.0} cutoutSpec={M 0,0 H -44 V 22.5 H 44 V 0 H 0 Z @dp} rotation={0} scale={1.0} physicalPixelDisplaySizeRatio={1.0}}}}, mRoundedCorners=RoundedCorners{[RoundedCorner{position=TopLeft, radius=0, center=Point(0, 0)}, RoundedCorner{position=TopRight, radius=0, center=Point(0, 0)}, RoundedCorner{position=BottomRight, radius=0, center=Point(0, 0)}, RoundedCorner{position=BottomLeft, radius=0, center=Point(0, 0)}]}  mRoundedCornerFrame=Rect(0, 0 - 720, 1600), mPrivacyIndicatorBounds=PrivacyIndicatorBounds {static bounds=Rect(528, 0 - 692, 48) rotation=0}, mSources= { InsetsSource: {mType=ITYPE_STATUS_BAR, mFrame=[0,0][720,48], mVisible=true, mInsetsRoundedCornerFrame=false}, InsetsSource: {mType=ITYPE_NAVIGATION_BAR, mFrame=[0,1504][720,1600], mVisible=true, mInsetsRoundedCornerFrame=false}, InsetsSource: {mType=ITYPE_LEFT_GESTURES, mFrame=[0,0][0,1600], mVisible=true, mInsetsRoundedCornerFrame=false}, InsetsSource: {mType=ITYPE_RIGHT_GESTURES, mFrame=[720,0][720,1600], mVisible=true, mInsetsRoundedCornerFrame=false}, InsetsSource: {mType=ITYPE_TOP_MANDATORY_GESTURES, mFrame=[0,0][720,69], mVisible=true, mInsetsRoundedCornerFrame=false}, InsetsSource: {mType=ITYPE_BOTTOM_MANDATORY_GESTURES, mFrame=[0,1504][720,1600], mVisible=true, mInsetsRoundedCornerFrame=false}, InsetsSource: {mType=ITYPE_LEFT_DISPLAY_CUTOUT, mFrame=[0,0][-100000,1600], mVisible=true, mInsetsRoundedCornerFrame=false}, InsetsSource: {mType=ITYPE_TOP_DISPLAY_CUTOUT, mFrame=[0,0][720,45], mVisible=true, mInsetsRoundedCornerFrame=false}, InsetsSource: {mType=ITYPE_RIGHT_DISPLAY_CUTOUT, mFrame=[100000,0][720,1600], mVisible=true, mInsetsRoundedCornerFrame=false}, InsetsSource: {mType=ITYPE_BOTTOM_DISPLAY_CUTOUT, mFrame=[0,100000][720,1600], mVisible=true, mInsetsRoundedCornerFrame=false}, InsetsSource: {mType=ITYPE_TOP_TAPPABLE_ELEMENT, mFrame=[0,0][720,48], mVisible=true, mInsetsRoundedCornerFrame=false}, InsetsSource: {mType=ITYPE_BOTTOM_TAPPABLE_ELEMENT, mFrame=[0,1504][720,1600], mVisible=true, mInsetsRoundedCornerFrame=false}, InsetsSource: {mType=ITYPE_IME, mFrame=[0,0][0,0], mVisible=false, mInsetsRoundedCornerFrame=false} } host=za.co.vanelo.guardflow.mobile/za.co.vanelo.guardflow.mobile.MainActivity from=android.view.ViewRootImpl$ViewRootHandler.handleMessageImpl:5529
07-21 01:11:25.563   679   679 I Layer   : id=131566 removedFromDrawingState Surface(name=a34637a InputMethod)/@0x9ae1521 - animation-leash of insets_animation#131566 (121)
07-21 01:11:25.563   679   679 I SurfaceFlinger: id=131566 Removed Surface(name=a34637a InputMethod)/@0x9ae1521 - animation-leash of insets_animation#131566 (121)
07-21 01:11:25.564  1005  1494 E WindowManager: win=Window{260e261 u0 com.android.settings/com.android.settings.SubSettings} destroySurfaces: appStopped=true win.mWindowRemovalAllowed=false win.mRemoveOnExit=false win.mViewVisibility=8 caller=com.android.server.wm.ActivityRecord.destroySurfaces:5759 com.android.server.wm.ActivityRecord.destroySurfaces:5740 com.android.server.wm.ActivityRecord.notifyAppStopped:5804 com.android.server.wm.ActivityRecord.activityStopped:6346 com.android.server.wm.ActivityClientController.activityStopped:232 android.app.IActivityClientController$Stub.onTransact:589 com.android.server.wm.ActivityClientController.onTransact:140 
07-21 01:11:25.564   679   679 I Layer   : id=131566 Destroyed Surface(name=a34637a InputMethod)/@0x9ae1521 - animation-leash of insets_animation#131566
07-21 01:11:25.564   643   643 D IMGGralloc: Gralloc Alloc end  w:720, h:1600, f:0x101, usage:0xb00,iprivUsage:0x0,handle:0xec23e840, ui64Stamp:5481626, sSize:4608000, BufferName: VRI[mobile]#4740(BLAST Consumer)4740, line = 2131
07-21 01:11:25.564  1005  1494 I WindowManager: Destroying surface Surface(name=com.android.settings/com.android.settings.SubSettings)/@0x8161a45 called by com.android.server.wm.WindowStateAnimator.destroySurface:733 com.android.server.wm.WindowStateAnimator.destroySurfaceLocked:398 com.android.server.wm.WindowState.destroySurfaceUnchecked:3661 com.android.server.wm.WindowState.destroySurface:3635 com.android.server.wm.ActivityRecord.destroySurfaces:5759 com.android.server.wm.ActivityRecord.destroySurfaces:5740 com.android.server.wm.ActivityRecord.notifyAppStopped:5804 com.android.server.wm.ActivityRecord.activityStopped:6346 
07-21 01:11:25.565  1240  1375 D IMGGralloc: Gralloc Register  w:720, h:1600, f:0x101, usage:0xb00, ui64Stamp:5481626, sSize:4608000, line = 2444
07-21 01:11:25.566  1005  1494 D ActivityTaskManager: mStartingWindow and mStartingData is null for token=ActivityRecord{ac99f9f u0 com.android.settings/.SubSettings} t1583}
07-21 01:11:25.567   644 19852 D IMGGralloc: Gralloc Register  w:720, h:1600, f:0x101, usage:0xb00, ui64Stamp:5481616, sSize:4608000, line = 2444
07-21 01:11:25.567  1005  2064 D InputMethodManagerService: isImeSwitcherDisabledPackage : false
07-21 01:11:25.568   643   643 D IMGGralloc: Gralloc Free  w:720, h:1600, f:0x101, usage:0xb00, ui64Stamp:5481626 line = 2599
07-21 01:11:25.569 31809 13758 I Module  : DeviceLockedStatusModuleProvider$Module.updateDeviceLockedStatusInternal():129 repeatCheckTimes = 0, locked = false
07-21 01:11:25.572 31809 13758 I Module  : DeviceLockedStatusModuleProvider$Module.updateDeviceLockedStatusInternal():129 repeatCheckTimes = 1, locked = false
07-21 01:11:25.574   679   718 D IMGGralloc: Gralloc Register  w:720, h:1600, f:0x101, usage:0xb00, ui64Stamp:5481626, sSize:4608000, line = 2444
07-21 01:11:25.575   679   718 D IMGGralloc: GBuffer--------------(*format)=1
07-21 01:11:25.579   679   679 I Layer   : id=131552 removedFromDrawingState com.android.settings/com.android.settings.SubSettings#131552 (120)
07-21 01:11:25.580   679   679 I SurfaceFlinger: id=131552 Removed com.android.settings/com.android.settings.SubSettings#131552 (120)
07-21 01:11:25.581   679   679 D IMGGralloc: Gralloc Free  w:720, h:1600, f:0x101, usage:0xb00, ui64Stamp:5481338 line = 2599
07-21 01:11:25.582   679   679 I Layer   : id=131552 Destroyed com.android.settings/com.android.settings.SubSettings#131552
07-21 01:11:25.587 13719 13742 I ExpoModulesCore: ✅ AppContext was initialized
07-21 01:11:25.588 31809 13761 I SystemSettingsModule: SystemSettingsModule$inputSessionListener$1.onFinishInput():34 Settings app closed, reloading all system settings
07-21 01:11:25.590   679   722 D IMGGralloc: Gralloc Free  w:720, h:1600, f:0x101, usage:0xb00, ui64Stamp:5481349 line = 2599
07-21 01:11:25.591 31809 13761 I SystemSettings: SystemSettings.reloadAllSettings():224 Reload all system settings
07-21 01:11:25.591  1005  2751 V WindowManager: Relayout Window{61a52ef u0 Splash Screen za.co.vanelo.guardflow.mobile}: viewVisibility=8 req=720x1600 d0
07-21 01:11:25.593 31809 13761 I SystemSettings: SystemSettings.updateFlagValue():265 Update flag: system_setting_secure_high_text_contrast_enabled = false
07-21 01:11:25.593 31809 13761 I SystemSettings: SystemSettings.updateFlagValue():265 Update flag: system_setting_secure_ime_switcher_in_navbar_enabled = true
07-21 01:11:25.595 31809 13761 I SystemSettings: SystemSettings.updateFlagValue():265 Update flag: system_setting_system_device_font_scale = 1.0
07-21 01:11:25.595 31809 13761 I SystemSettings: SystemSettings.updateFlagValue():265 Update flag: system_setting_secure_accessibility_button_targets = 
07-21 01:11:25.596   679   679 I Layer   : Layer [Splash Screen za.co.vanelo.guardflow.mobile#131597] hidden!! flag(1)
07-21 01:11:25.597 31809 13761 I SystemSettings: SystemSettings.updateFlagValue():265 Update flag: system_setting_system_font_scale = 0.8500000238418579
07-21 01:11:25.598  1005  2751 V WindowManager: Relayout hash=61a52ef, pid=1240: mAttrs={(0,0)(fillxfill) sim={adjust=pan} ty=APPLICATION_STARTING fmt=TRANSLUCENT wanim=0x1030309 alpha=0.0
07-21 01:11:25.598  1005  2751 V WindowManager:   fl=NOT_FOCUSABLE NOT_TOUCHABLE LAYOUT_IN_SCREEN LAYOUT_INSET_DECOR ALT_FOCUSABLE_IM HARDWARE_ACCELERATED DRAWS_SYSTEM_BAR_BACKGROUNDS
07-21 01:11:25.598  1005  2751 V WindowManager:   pfl=SHOW_FOR_ALL_USERS USE_BLAST APPEARANCE_CONTROLLED FIT_INSETS_CONTROLLED
07-21 01:11:25.598  1005  2751 V WindowManager:   bhv=DEFAULT
07-21 01:11:25.598  1005  2751 V WindowManager:   fitSides=}
07-21 01:11:25.598   644 19852 D IMGGralloc: Gralloc Free  w:720, h:1600, f:0x101, usage:0xb00, ui64Stamp:5481616 line = 2599
07-21 01:11:25.599   644 19852 D IMGGralloc: Gralloc Free  w:720, h:1600, f:0x101, usage:0xb00, ui64Stamp:5481533 line = 2599
07-21 01:11:25.600  1240  1352 D InsetsController: onStateChanged: InsetsState: {mDisplayFrame=Rect(0, 0 - 720, 1600), mDisplayCutout=DisplayCutout{insets=Rect(0, 45 - 0, 0) waterfall=Insets{left=0, top=0, right=0, bottom=0} boundingRect={Bounds=[Rect(0, 0 - 0, 0), Rect(272, 0 - 448, 45), Rect(0, 0 - 0, 0), Rect(0, 0 - 0, 0)]} cutoutPathParserInfo={CutoutPathParserInfo{displayWidth=720 displayHeight=1600 physicalDisplayWidth=720 physicalDisplayHeight=1600 density={2.0} cutoutSpec={M 0,0 H -44 V 22.5 H 44 V 0 H 0 Z @dp} rotation={0} scale={1.0} physicalPixelDisplaySizeRatio={1.0}}}}, mRoundedCorners=RoundedCorners{[RoundedCorner{position=TopLeft, radius=0, center=Point(0, 0)}, RoundedCorner{position=TopRight, radius=0, center=Point(0, 0)}, RoundedCorner{position=BottomRight, radius=0, center=Point(0, 0)}, RoundedCorner{position=BottomLeft, radius=0, center=Point(0, 0)}]}  mRoundedCornerFrame=Rect(0, 0 - 720, 1600), mPrivacyIndicatorBounds=PrivacyIndicatorBounds {static bounds=Rect(528, 0 - 692, 48) rotation=0}, mSources= { InsetsSource: {mType=ITYPE_STATUS_BAR, mFrame=[0,0][720,48], mVisible=true, mInsetsRoundedCornerFrame=false}, InsetsSource: {mType=ITYPE_NAVIGATION_BAR, mFrame=[0,1504][720,1600], mVisible=true, mInsetsRoundedCornerFrame=false}, InsetsSource: {mType=ITYPE_LEFT_GESTURES, mFrame=[0,0][0,1600], mVisible=true, mInsetsRoundedCornerFrame=false}, InsetsSource: {mType=ITYPE_RIGHT_GESTURES, mFrame=[720,0][720,1600], mVisible=true, mInsetsRoundedCornerFrame=false}, InsetsSource: {mType=ITYPE_TOP_MANDATORY_GESTURES, mFrame=[0,0][720,69], mVisible=true, mInsetsRoundedCornerFrame=false}, InsetsSource: {mType=ITYPE_BOTTOM_MANDATORY_GESTURES, mFrame=[0,1504][720,1600], mVisible=true, mInsetsRoundedCornerFrame=false}, InsetsSource: {mType=ITYPE_LEFT_DISPLAY_CUTOUT, mFrame=[0,0][-100000,1600], mVisible=true, mInsetsRoundedCornerFrame=false}, InsetsSource: {mType=ITYPE_TOP_DISPLAY_CUTOUT, mFrame=[0,0][720,45], mVisible=true, mInsetsRoundedCornerFrame=false}, InsetsSource: {mType=ITYPE_RIGHT_DISPLAY_CUTOUT, mFrame=[100000,0][720,1600], mVisible=true, mInsetsRoundedCornerFrame=false}, InsetsSource: {mType=ITYPE_BOTTOM_DISPLAY_CUTOUT, mFrame=[0,100000][720,1600], mVisible=true, mInsetsRoundedCornerFrame=false}, InsetsSource: {mType=ITYPE_TOP_TAPPABLE_ELEMENT, mFrame=[0,0][720,48], mVisible=true, mInsetsRoundedCornerFrame=false}, InsetsSource: {mType=ITYPE_BOTTOM_TAPPABLE_ELEMENT, mFrame=[0,1504][720,1600], mVisible=true, mInsetsRoundedCornerFrame=false}, InsetsSource: {mType=ITYPE_IME, mFrame=[0,0][0,0], mVisible=false, mInsetsRoundedCornerFrame=false} } host=Splash Screen za.co.vanelo.guardflow.mobile from=android.view.ViewRootImpl.relayoutWindow:8088
07-21 01:11:25.601  1005  1494 D CoreBackPreview: Window{61a52ef u0 Splash Screen za.co.vanelo.guardflow.mobile}: Setting back callback null
07-21 01:11:25.603   679   679 D SurfaceFlinger: Display 0 HWC layers:
07-21 01:11:25.603   679   679 D SurfaceFlinger:      DEVICE | 0xeb4dff40 | 0102 | RGBA_8888    |    0.0    0.0  720.0 1591.0 |    0    9  720 1600 | za.co.vanelo.guardflow.mobile/za.co.[...]guardflow.mobile.MainActivity#131605
07-21 01:11:25.603   679   679 D SurfaceFlinger:      DEVICE | 0xeb4deec0 | 0100 | RGBA_8888    |    0.0    0.0  720.0   48.0 |    0    0  720   48 | StatusBar#68
07-21 01:11:25.603   679   679 D SurfaceFlinger:      DEVICE | 0xeb4df280 | 0100 | RGBA_8888    |    0.0    0.0  720.0   96.0 |    0 1504  720 1600 | NavigationBar0#64
07-21 01:11:25.603   679   679 D SurfaceFlinger: 
07-21 01:11:25.604  1240  2095 D IMGGralloc: Gralloc Free  w:720, h:1600, f:0x101, usage:0xb00, ui64Stamp:5481616 line = 2599
07-21 01:11:25.605  1005  2751 I WindowManager: Cancelling animation restarting=false, leash=Surface(name=Surface(name=f09afbf za.co.vanelo.guardflow.mobile/za.co.vanelo.guardflow.mobile.MainActivity)/@0x5aacb24 - animation-leash of starting_reveal)/@0x9e51042, caller=com.android.server.wm.SurfaceAnimator.cancelAnimation:289 com.android.server.wm.WindowContainer.cancelAnimation:2778 com.android.server.wm.WindowState.lambda$removeIfPossible$2:2555 
07-21 01:11:25.605  1005  2751 I WindowManager: Reparenting to original parent: Surface(name=ActivityRecord{7a21a64 u0 za.co.vanelo.guardflow.mobile/.MainActivity})/@0x575a68d, destroy=false, surface=Surface(name=f09afbf za.co.vanelo.guardflow.mobile/za.co.vanelo.guardflow.mobile.MainActivity)/@0x5aacb24, caller=com.android.server.wm.SurfaceAnimator.reset:446 com.android.server.wm.SurfaceAnimator.cancelAnimation:397 com.android.server.wm.SurfaceAnimator.cancelAnimation:289 
07-21 01:11:25.606  1005  2751 W InputManager-JNI: Input channel object '61a52ef Splash Screen za.co.vanelo.guardflow.mobile (client)' was disposed without first being removed with the input manager!
07-21 01:11:25.606  1005  2751 I WindowManager: Destroying surface Surface(name=Splash Screen za.co.vanelo.guardflow.mobile)/@0xa645ecb called by com.android.server.wm.WindowStateAnimator.destroySurface:733 com.android.server.wm.WindowStateAnimator.destroySurfaceLocked:398 com.android.server.wm.WindowState.removeImmediately:2490 com.android.server.wm.WindowState.removeIfPossible:2693 com.android.server.wm.WindowState.removeIfPossible:2539 com.android.server.wm.WindowManagerService.removeWindow:2064 com.android.server.wm.Session.remove:223 android.view.IWindowSession$Stub.onTransact:684 
07-21 01:11:25.613   679   679 I Layer   : id=131596 removedFromDrawingState 61a52ef Splash Screen za.co.vanelo.guardflow.mobile#131596 (119)
07-21 01:11:25.613   679   679 I Layer   : id=131597 removedFromDrawingState Splash Screen za.co.vanelo.guardflow.mobile#131597 (119)
07-21 01:11:25.613   679   679 I Layer   : id=131608 removedFromDrawingState Surface(name=f09afbf za.co.vanelo.guardflow.mobile/za.co.vanelo.guardflow.mobile.MainActivity)/@0x5aacb24 - animation-leash of starting_reveal#131608 (119)
07-21 01:11:25.613   679   679 I Layer   : id=131597 removedFromDrawingState Splash Screen za.co.vanelo.guardflow.mobile#131597 (119)
07-21 01:11:25.613   679   679 I SurfaceFlinger: id=131596 Removed 61a52ef Splash Screen za.co.vanelo.guardflow.mobile#131596 (119)
07-21 01:11:25.614   679   679 I Layer   : id=131596 Destroyed 61a52ef Splash Screen za.co.vanelo.guardflow.mobile#131596
07-21 01:11:25.618  1240  2095 D IMGGralloc: Gralloc Free  w:720, h:1600, f:0x101, usage:0xb00, ui64Stamp:5481626 line = 2599
07-21 01:11:25.619  1240  2095 D IMGGralloc: Gralloc Free  w:720, h:1600, f:0x101, usage:0xb00, ui64Stamp:5481533 line = 2599
07-21 01:11:25.620   679   895 I SurfaceFlinger: id=131597 Removed Splash Screen za.co.vanelo.guardflow.mobile#131597 (118)
07-21 01:11:25.630   679   679 D IMGGralloc: Gralloc Free  w:720, h:1600, f:0x101, usage:0xb00, ui64Stamp:5481616 line = 2599
07-21 01:11:25.631   679   679 I Layer   : id=131597 Destroyed Splash Screen za.co.vanelo.guardflow.mobile#131597
07-21 01:11:25.631   679   722 D IMGGralloc: Gralloc Free  w:720, h:1600, f:0x101, usage:0xb00, ui64Stamp:5481626 line = 2599
07-21 01:11:25.636   679   722 D IMGGralloc: Gralloc Free  w:720, h:1600, f:0x101, usage:0xb00, ui64Stamp:5481533 line = 2599
07-21 01:11:25.642 13719 13742 W unknown:BridgelessReact: ReactHost{0}.getOrCreateReactInstanceTask(): Loading JS Bundle
07-21 01:11:25.644 13719 13742 W unknown:BridgelessReact: ReactHost{0}.getOrCreateReactInstanceTask(): DevSupportManager.onNewReactContextCreated()
07-21 01:11:25.645 13719 13742 W unknown:BridgelessReact: ReactHost{0}.startSurface(surfaceId = 0): Execute
07-21 01:11:25.645 13719 13719 W unknown:BridgelessReact: ReactHost{0}.ReactContext.onHostResume()
07-21 01:11:25.646 13719 13719 W unknown:BridgelessReact: ReactHost{0}.getOrCreateReactInstanceTask(): Executing ReactInstanceEventListeners
07-21 01:11:25.726 13719 13743 D nativeloader: Load /data/app/~~Vv5A2xtovkXua1dzj7lnCA==/za.co.vanelo.guardflow.mobile-fT8nbh9macC9lfwZFYuUXQ==/base.apk!/lib/armeabi-v7a/libexpo-modules-core.so using class loader ns clns-4 (caller=/data/app/~~Vv5A2xtovkXua1dzj7lnCA==/za.co.vanelo.guardflow.mobile-fT8nbh9macC9lfwZFYuUXQ==/base.apk): ok
07-21 01:11:25.731 13719 13743 W BridgelessReactContext: [WARNING] Bridgeless doesn't support CatalystInstance. Accessing an API that's not part of the new architecture is not encouraged usage.
07-21 01:11:25.752   651   673 D PowerHAL: ##Timing deboost
07-21 01:11:25.752   651   673 D PowerHAL: Enter common_set_for_release_when_close: enable:0, duration: 0, /dev/cluster1_freq_max: 
07-21 01:11:25.752   651   673 D PowerHAL: ALL cluster1_freq_max requests has been handled
07-21 01:11:25.752   651   673 D PowerHAL: ##Timing deboost
07-21 01:11:25.752   651   673 D PowerHAL: Enter devfreq_ddr_set: enable:0, duration: 0, /sys/class/devfreq/scene-frequency/sprd-governor/scene_boost_dfs: 
07-21 01:11:25.752   651   673 D PowerHAL: ##Timing deboost
07-21 01:11:25.752   651   673 D PowerHAL: Enter common_set_for_release_when_close: enable:0, duration: 0, /dev/cluster0_freq_max: 
07-21 01:11:25.752 13719 13743 I ExpoModulesCore: ✅ JSI interop was installed
07-21 01:11:25.752   651   673 D PowerHAL: ALL cluster0_freq_max requests has been handled
07-21 01:11:25.753   651   673 D PowerHAL: ##Timing deboost
07-21 01:11:25.753   651   673 D PowerHAL: Enter common_set_for_release_when_close: enable:0, duration: 0, /dev/cluster0_freq_min: 
07-21 01:11:25.753   651   673 D PowerHAL: ALL cluster0_freq_min requests has been handled
07-21 01:11:25.753   651   673 D PowerHAL: ##Timing deboost
07-21 01:11:25.753   651   673 D PowerHAL: Enter common_set_for_release_when_close: enable:0, duration: 0, /dev/cluster1_freq_min: 
07-21 01:11:25.753   651   673 D PowerHAL: ALL cluster1_freq_min requests has been handled
07-21 01:11:25.760  1005  1494 D CompatibilityChangeReporter: Compat change id reported: 161145287; UID 10224; state: DISABLED
07-21 01:11:25.800 13719 13743 I ExpoModulesCore: ✅ Constants were exported
07-21 01:11:25.800  1005  1494 I ActivityManager: Changes in 10116 5 to 3, 8 to 15 Caller=com.android.server.am.OomAdjuster.updateOomAdjInnerLSP:949 com.android.server.am.OomAdjuster.performUpdateOomAdjPendingTargetsLocked:805 com.android.server.am.OomAdjuster.updateOomAdjPendingTargetsLocked:785 com.android.server.am.ActivityManagerService.updateOomAdjPendingTargetsLocked:16013 com.android.server.am.ActiveServices.bindServiceLocked:3019 com.android.server.am.ActivityManagerService.bindServiceInstance:13080 com.android.server.am.ActivityManagerService.bindServiceInstance:13036 
07-21 01:11:25.837 13719 13743 W unknown:ViewManagerPropertyUpdater: Could not find generated setter for class expo.modules.kotlin.views.GroupViewManagerWrapper
07-21 01:11:25.848 13719 13743 W unknown:ViewManagerPropertyUpdater: Could not find generated setter for class com.facebook.react.uimanager.LayoutShadowNode
07-21 01:11:25.877 13719 13743 W unknown:ViewManagerPropertyUpdater: Could not find generated setter for class com.facebook.react.views.safeareaview.ReactSafeAreaViewManager
07-21 01:11:25.884  1363  2494 I FontLog : (REDACTED) Received query %s, URI %s
07-21 01:11:25.884  1363  2494 I FontLog : (REDACTED) Query [%s] resolved to %s
07-21 01:11:25.888  1363  2494 I FontLog : (REDACTED) Fetch %s end status %s
07-21 01:11:25.889 13719 13743 W unknown:ViewManagerPropertyUpdater: Could not find generated setter for class com.facebook.react.views.modal.ReactModalHostManager
07-21 01:11:25.893  1363  2494 I FontLog : (REDACTED) Pulling font file for id = %d, cache size = %d
07-21 01:11:25.902 13719 13743 W unknown:ViewManagerPropertyUpdater: Could not find generated setter for class com.facebook.react.views.progressbar.ReactProgressBarViewManager
07-21 01:11:25.906  1363  2494 I FontLog : (REDACTED) Pulling font file for id = %d, cache size = %d
07-21 01:11:25.916 13719 13743 W unknown:ViewManagerPropertyUpdater: Could not find generated setter for class com.facebook.react.views.scroll.ReactHorizontalScrollViewManager
07-21 01:11:25.933 13719 13743 W unknown:ViewManagerPropertyUpdater: Could not find generated setter for class com.facebook.react.views.image.ReactImageManager
07-21 01:11:25.947 13719 13743 W unknown:ViewManagerPropertyUpdater: Could not find generated setter for class com.facebook.react.views.text.ReactTextViewManager
07-21 01:11:25.965 13719 13743 W unknown:ViewManagerPropertyUpdater: Could not find generated setter for class com.facebook.react.views.scroll.ReactHorizontalScrollContainerViewManager
07-21 01:11:25.982 13719 13743 W unknown:ViewManagerPropertyUpdater: Could not find generated setter for class com.facebook.react.views.unimplementedview.ReactUnimplementedViewManager
07-21 01:11:25.999 13719 13743 W unknown:ViewManagerPropertyUpdater: Could not find generated setter for class com.facebook.react.views.scroll.ReactScrollViewManager
07-21 01:11:25.999  1240  1380 D MobileSignalController(1/3): updateTelephonySignalStrength: hasService=true ss=SignalStrength:{mCdma=Invalid,mGsm=Invalid,mWcdma=Invalid,mTdscdma=Invalid,mLte=CellSignalStrengthLte: rssi=-109 rsrp=-105 rsrq=-8 rssnr=0 cqiTableIndex=2147483647 cqi=0 ta=2147483647 level=3 parametersUseForLevel=0,mNr=Invalid,SignalBarInfo{ lteLevel=2 },rat=14,primary=CellSignalStrengthLte} displayInfo=TelephonyDisplayInfo {network=LTE, override=NONE}
07-21 01:11:25.999  1240  1380 D MobileSignalController(1/3): mCurrentState.signalStrength
07-21 01:11:26.000  4021  4046 I EPDG -- SIM1 [SMARTCELLULAR]: onSignalStrengthsChanged: SignalStrength:{mCdma=Invalid,mGsm=Invalid,mWcdma=Invalid,mTdscdma=Invalid,mLte=CellSignalStrengthLte: rssi=-109 rsrp=-105 rsrq=-8 rssnr=0 cqiTableIndex=2147483647 cqi=0 ta=2147483647 level=3 parametersUseForLevel=0,mNr=Invalid,SignalBarInfo{ lteLevel=2 },rat=14,primary=CellSignalStrengthLte}
07-21 01:11:26.000  1240  1380 D networkType: networkType = 13
07-21 01:11:26.000  1240  1380 D MobileSignalController(1/3): updateTelephonySignalStrength: iconGroup=IconGroup(4G) dataConnected=false displayInfo=TelephonyDisplayInfo {network=LTE, override=NONE}
07-21 01:11:26.002  1240  1380 D MobileSignalController:Parveen: getSbInfo- typeIcon: 0 statusIcon: [visible=true,icon=2131233121,contentDescription=Phone three bars.]
07-21 01:11:26.003  1240  1380 D NetworkController: onReceive: intent=Intent { act=android.intent.action.SIG_STR flg=0x10 (has extras) }
07-21 01:11:26.003  1240  1240 D StatusBarSignalPolicy: setMobileDataIndicators: MobileDataIndicators[statusIcon=[visible=true,icon=2131233121,contentDescription=Phone three bars.],qsIcon=,statusType=0,qsType=0,activityIn=false,activityOut=false,typeContentDescription=4G,typeContentDescriptionHtml=4G,description=null,subId=3,roaming=false,showTriangle=true,dataActivity=0,roamingIcon=0]
07-21 01:11:26.003  1240  1240 D StatusBarSignalPolicy: MobileIconStates: mobile,  read=mobile[MobileIconState(subId=10, strengthId=2131233122, typeId=2131233045, visible=true, activityId=2131233096, roamingId=0, voiceNoServiceId=0, slotId=0), MobileIconState(subId=3, strengthId=2131233121, typeId=0, visible=true, activityId=0, roamingId=0, voiceNoServiceId=0, slotId=1)]
07-21 01:11:26.005  4021  4154 I EPDG -- SIM1 [SMARTCELLULAR]: DataSIM OutOfService area or Roaming -> Data SIM ROVE OUT
07-21 01:11:26.025 13719 13743 W unknown:ViewManagerPropertyUpdater: Could not find generated setter for class com.facebook.react.views.view.ReactViewManager
07-21 01:11:26.037 13719 13743 W unknown:ViewManagerPropertyUpdater: Could not find generated setter for class com.facebook.react.views.drawer.ReactDrawerLayoutManager
07-21 01:11:26.054 13719 13743 W unknown:ViewManagerPropertyUpdater: Could not find generated setter for class com.facebook.react.views.switchview.ReactSwitchManager
07-21 01:11:26.078 13719 13743 W unknown:ViewManagerPropertyUpdater: Could not find generated setter for class com.facebook.react.views.swiperefresh.SwipeRefreshLayoutManager
07-21 01:11:26.093 13719 13743 W unknown:ViewManagerPropertyUpdater: Could not find generated setter for class com.facebook.react.views.textinput.ReactTextInputManager
07-21 01:11:26.115 13719 13743 W unknown:ViewManagerPropertyUpdater: Could not find generated setter for class com.facebook.react.views.text.SelectableTextViewManager
07-21 01:11:26.125 13719 13743 W unknown:ViewManagerPropertyUpdater: Could not find generated setter for class com.facebook.react.views.virtual.view.ReactVirtualViewManager
07-21 01:11:26.169 13719 13743 I ReactNativeJS: Running "main"
07-21 01:11:26.180 13719 13743 W ReactNativeJS: SafeAreaView has been deprecated and will be removed in a future release. Please use 'react-native-safe-area-context' instead. See https://github.com/AppAndFlow/react-native-safe-area-context
07-21 01:11:26.206 13719 13719 D CompatibilityChangeReporter: Compat change id reported: 210923482; UID 10224; state: ENABLED
07-21 01:11:26.243 13719 13744 W unknown:ReactNative: StatusBarModule: Ignored status bar change, current activity is edge-to-edge.
07-21 01:11:26.244 13719 13744 W unknown:ReactNative: StatusBarModule: Ignored status bar change, current activity is edge-to-edge.
07-21 01:11:26.254 13719 13744 W unknown:ReactNative: StatusBarModule: Ignored status bar change, current activity is edge-to-edge.
07-21 01:11:26.278   436   436 E TrustyKeymaster: succeeded to send cmd (4) to com.android.trusty.keymaster with rc(387). errno: Success
07-21 01:11:26.279   436   436 E TrustyKeymaster: Getting response size (28)
07-21 01:11:26.280   435 23155 I keystore2: keystore2::security_level: In create_operation. Success to create IKeystoreOperation. 10224, None
07-21 01:11:26.282   436   436 D android.hardware.keymaster@4.1-impl.unisoc.trusty: There have 1st rounds to send, left:39, total:39
07-21 01:11:26.282   436   436 E TrustyKeymaster: succeeded to send cmd (8) to com.android.trusty.keymaster with rc(148). errno: Success
07-21 01:11:26.283   436   436 E TrustyKeymaster: Getting response size (51)
07-21 01:11:26.284   436   436 E TrustyKeymaster: succeeded to send cmd (12) to com.android.trusty.keymaster with rc(113). errno: Success
07-21 01:11:26.285   436   436 E TrustyKeymaster: Getting response size (24)
07-21 01:11:26.298   436   436 E TrustyKeymaster: succeeded to send cmd (4) to com.android.trusty.keymaster with rc(387). errno: Success
07-21 01:11:26.299   436   436 E TrustyKeymaster: Getting response size (28)
07-21 01:11:26.300   435 23155 I keystore2: keystore2::security_level: In create_operation. Success to create IKeystoreOperation. 10224, None
07-21 01:11:26.301   436   436 D android.hardware.keymaster@4.1-impl.unisoc.trusty: There have 1st rounds to send, left:80, total:80
07-21 01:11:26.301   436   436 E TrustyKeymaster: succeeded to send cmd (8) to com.android.trusty.keymaster with rc(189). errno: Success
07-21 01:11:26.302   436   436 E TrustyKeymaster: Getting response size (92)
07-21 01:11:26.303   436   436 E TrustyKeymaster: succeeded to send cmd (12) to com.android.trusty.keymaster with rc(113). errno: Success
07-21 01:11:26.304   436   436 E TrustyKeymaster: Getting response size (24)
07-21 01:11:26.329 13719 13744 W unknown:ReactNative: StatusBarModule: Ignored status bar change, current activity is edge-to-edge.
07-21 01:11:26.380 13719 13767 I WebViewFactory: Loading com.google.android.webview version 150.0.7871.46 (code 787104600)
07-21 01:11:26.390 13719 13737 D IMGGralloc: Gralloc Free  w:720, h:1600, f:0x101, usage:0x900, ui64Stamp:5481592 line = 2599
07-21 01:11:26.391   643   643 D IMGGralloc: GBuffer--------------(*format)=1
07-21 01:11:26.391   643   643 D IMGGralloc: Gralloc alloc start  w:720, h:1600, f:0x1, usage:0xb00, privUsage:0x0, line = 1672
07-21 01:11:26.393 13719 13767 D ApplicationLoaders: Returning zygote-cached class loader: /system/framework/android.test.base.jar
07-21 01:11:26.394   643   643 D IMGGralloc: Gralloc Alloc end  w:720, h:1600, f:0x101, usage:0xb00,iprivUsage:0x0,handle:0xec23e840, ui64Stamp:5481628, sSize:4608000, BufferName: VRI[MainActivity]#0(BLAST Consumer)0, line = 2131
07-21 01:11:26.394   643   643 D IMGGralloc: Gralloc Free  w:720, h:1600, f:0x101, usage:0xb00, ui64Stamp:5481628 line = 2599
07-21 01:11:26.394 13719 13737 D IMGGralloc: Gralloc Register  w:720, h:1600, f:0x101, usage:0xb00, ui64Stamp:5481628, sSize:4608000, line = 2444
07-21 01:11:26.401  1005  1494 V WindowManager: Relayout Window{f09afbf u0 za.co.vanelo.guardflow.mobile/za.co.vanelo.guardflow.mobile.MainActivity}: viewVisibility=0 req=720x1600 d0
07-21 01:11:26.402 13719 13743 W ExpoModulesCore: Introspectable data is missing for class expo.modules.location.records.LocationTaskOptions. Falling back to reflection-based conversion, which may have performance implications. To fix this, ensure that the Record class is properly annotated with expo.modules.kotlin.types.Introspectable and that the necessary metadata is available at runtime.
07-21 01:11:26.404  1005  1494 D WindowManager: updateSystemBarAttributes: displayId=0, win=Window{f09afbf u0 za.co.vanelo.guardflow.mobile/za.co.vanelo.guardflow.mobile.MainActivity}, navColorWin=Window{f09afbf u0 za.co.vanelo.guardflow.mobile/za.co.vanelo.guardflow.mobile.MainActivity}, behavior=2, appearance=0, statusBarAppearanceRegions=[AppearanceRegion{ bounds=[0,0][720,1600]}], requestedVisibilities=, from=com.android.server.wm.DisplayPolicy.finishPostLayoutPolicyLw:1801 com.android.server.wm.DisplayContent.applySurfaceChangesTransaction:4684 com.android.server.wm.RootWindowContainer.applySurfaceChangesTransaction:1053 
07-21 01:11:26.407 13719 13767 D nativeloader: Configuring clns-5 for other apk /data/app/~~G7CQdxASCbFBFVNcYzqN4g==/com.google.android.webview-yCKPEzoJg2IrL0p0yClB3A==/base.apk. target_sdk_version=36, uses_libraries=, library_path=/data/app/~~G7CQdxASCbFBFVNcYzqN4g==/com.google.android.webview-yCKPEzoJg2IrL0p0yClB3A==/lib/arm:/data/app/~~G7CQdxASCbFBFVNcYzqN4g==/com.google.android.webview-yCKPEzoJg2IrL0p0yClB3A==/base.apk!/lib/armeabi-v7a, permitted_path=/data:/mnt/expand
07-21 01:11:26.414  1005  1494 V WindowManager: Relayout hash=f09afbf, pid=13719: mAttrs={(0,0)(fillxfill) sim={adjust=resize} layoutInDisplayCutoutMode=always ty=BASE_APPLICATION wanim=0x1030309
07-21 01:11:26.414  1005  1494 V WindowManager:   fl=LAYOUT_IN_SCREEN LAYOUT_INSET_DECOR SPLIT_TOUCH HARDWARE_ACCELERATED DRAWS_SYSTEM_BAR_BACKGROUNDS
07-21 01:11:26.414  1005  1494 V WindowManager:   pfl=NO_MOVE_ANIMATION FORCE_DRAW_STATUS_BAR_BACKGROUND USE_BLAST APPEARANCE_CONTROLLED FIT_INSETS_CONTROLLED
07-21 01:11:26.414  1005  1494 V WindowManager:   vsysui=LAYOUT_STABLE IMMERSIVE_STICKY
07-21 01:11:26.414  1005  1494 V WindowManager:   bhv=SHOW_TRANSIENT_BARS_BY_SWIPE
07-21 01:11:26.414  1005  1494 V WindowManager:   fitSides=}
07-21 01:11:26.458 13719 13724 I uardflow.mobile: Background concurrent copying GC freed 595KB AllocSpace bytes, 7(188KB) LOS objects, 49% free, 5023KB/10046KB, paused 286us,116us total 170.425ms
07-21 01:11:26.552 13719 13767 I cr_WVCFactoryProvider: version=150.0.7871.46 (787104600) minSdkVersion=29 multiprocess=true packageId=127 splits=<none>
07-21 01:11:26.571 13719 13767 D nativeloader: Load /data/app/~~G7CQdxASCbFBFVNcYzqN4g==/com.google.android.webview-yCKPEzoJg2IrL0p0yClB3A==/base.apk!/lib/armeabi-v7a/libwebviewchromium.so using class loader ns clns-5 (caller=/data/app/~~G7CQdxASCbFBFVNcYzqN4g==/com.google.android.webview-yCKPEzoJg2IrL0p0yClB3A==/base.apk): ok
07-21 01:11:26.577 13719 13767 D nativeloader: Load /system/lib/libwebviewchromium_plat_support.so using class loader ns clns-5 (caller=/data/app/~~G7CQdxASCbFBFVNcYzqN4g==/com.google.android.webview-yCKPEzoJg2IrL0p0yClB3A==/base.apk): ok
07-21 01:11:26.582 13719 13773 I chromium: [0721/011126.582659:INFO:android_webview/browser/variations/variations_seed_loader.cc:67] Failed to open file for reading.: No such file or directory (2)
07-21 01:11:26.583 13719 13773 I chromium: [0721/011126.583268:INFO:android_webview/browser/variations/variations_seed_loader.cc:67] Failed to open file for reading.: No such file or directory (2)
07-21 01:11:26.608   679   718 D IMGGralloc: Gralloc Register  w:720, h:1600, f:0x101, usage:0xb00, ui64Stamp:5481628, sSize:4608000, line = 2444
07-21 01:11:26.608 13719 13737 D IMGGralloc: Gralloc Free  w:720, h:1600, f:0x101, usage:0x900, ui64Stamp:5481590 line = 2599
07-21 01:11:26.608   679   718 D IMGGralloc: GBuffer--------------(*format)=1
07-21 01:11:26.609   643   643 D IMGGralloc: GBuffer--------------(*format)=1
07-21 01:11:26.609   643   643 D IMGGralloc: Gralloc alloc start  w:720, h:1600, f:0x1, usage:0xb00, privUsage:0x0, line = 1672
07-21 01:11:26.613   643   643 D IMGGralloc: Gralloc Alloc end  w:720, h:1600, f:0x101, usage:0xb00,iprivUsage:0x0,handle:0xec23e840, ui64Stamp:5481642, sSize:4608000, BufferName: VRI[MainActivity]#0(BLAST Consumer)0, line = 2131
07-21 01:11:26.613   643   643 D IMGGralloc: Gralloc Free  w:720, h:1600, f:0x101, usage:0xb00, ui64Stamp:5481642 line = 2599
