07-21 01:56:51.851   679   895 I SurfaceFlinger: id=132657 createSurf, flag=24004, Surface(name=a34637a InputMethod)/@0x9ae1521 - animation-leash of insets_animation#132657
07-21 01:56:51.851  1005  1023 D WindowManager: makeSurface duration=0 leash=Surface(name=Surface(name=a34637a InputMethod)/@0x9ae1521 - animation-leash of insets_animation)/@0xbeeb4dc
07-21 01:56:51.852 31809 22966 I Module  : DeviceLockedStatusModuleProvider$Module.updateDeviceLockedStatusInternal():129 repeatCheckTimes = 1, locked = false
07-21 01:56:51.855  1005  1023 D InputMethodManagerService: isImeSwitcherDisabledPackage : false
07-21 01:56:51.855   679   679 I Layer   : id=132637 removedFromDrawingState ActivityRecord{f0c1b8c u0 za.co.vanelo.guardflow.mobile/.MainActivity}#132637 (126)
07-21 01:56:51.855   679   679 I Layer   : id=132644 removedFromDrawingState 88d6ede ActivityRecordInputSink za.co.vanelo.guardflow.mobile/.MainActivity#132644 (126)
07-21 01:56:51.855   679   679 I Layer   : id=132636 removedFromDrawingState Task=1611#132636 (126)
07-21 01:56:51.855   679   679 I Layer   : id=132656 removedFromDrawingState Task=1611#132656 (126)
07-21 01:56:51.856   679   679 I Layer   : id=132655 removedFromDrawingState Surface(name=a34637a InputMethod)/@0x9ae1521 - animation-leash of insets_animation#132655 (126)
07-21 01:56:51.856   679   679 I SurfaceFlinger: id=132637 Removed ActivityRecord{f0c1b8c u0 za.co.vanelo.guardflow.mobile/.MainActivity}#132637 (126)
07-21 01:56:51.856   679   679 I SurfaceFlinger: id=132656 Removed Task=1611#132656 (126)
07-21 01:56:51.857   679   679 I Layer   : id=132629 Destroyed Surface(name=a34637a InputMethod)/@0x9ae1521 - animation-leash of insets_animation#132629
07-21 01:56:51.857   679   679 I Layer   : id=132637 Destroyed ActivityRecord{f0c1b8c u0 za.co.vanelo.guardflow.mobile/.MainActivity}#132637
07-21 01:56:51.857   679   679 I Layer   : id=132644 Destroyed 88d6ede ActivityRecordInputSink za.co.vanelo.guardflow.mobile/.MainActivity#132644
07-21 01:56:51.857   679   679 I Layer   : id=132656 Destroyed Task=1611#132656
07-21 01:56:51.862  1005  1030 W ActivityManager: setHasOverlayUi called on unknown pid: 23245
07-21 01:56:51.864  1005  1583 D ActivityManager: Received BROADCAST intent 0xbe50a0e Key{broadcastIntent pkg=za.co.vanelo.guardflow.mobile intent=act=expo.modules.taskManager.TaskBroadcastReceiver dat= cmp=za.co.vanelo.guardflow.mobile/expo.modules.taskManager.TaskBroadcastReceiver flags=0x2000000 u=0} requestCode=5055 sent=0 from uid 10116
07-21 01:56:51.864 23291 23291 D ActivityThread: handleBindApplication()++ app=za.co.vanelo.guardflow.mobile
07-21 01:56:51.865 23291 23291 D CompatibilityChangeReporter: Compat change id reported: 171979766; UID 10224; state: ENABLED
07-21 01:56:51.876   825  1381 D GNSSMGT : cutString: enter, pline[0xda47f6b8]
07-21 01:56:51.877   825  1381 D GNSSMGT : gps_getPowerResponse: enter, subtype[0x3]
07-21 01:56:51.877   825  1381 E GNSSMGT : gps_setPowerState: enter, current state CP IDLING, set to new state: 8, new state name is CP IDLED
07-21 01:56:51.877   825  1381 D GNSSMGT : gps_setPowerState: power state changed to CP IDLED
07-21 01:56:51.877   825  1382 D GNSSMGT : gps_power_Statusync: idle on success!
07-21 01:56:51.877   825  1382 D GNSSMGT : agps_release_data_conn: enter, supldata[0], connected[1]
07-21 01:56:51.877   825  1382 D GNSSMGT : agps_release_data_conn:  it hasn't request supl data connection  ,so don't need  release
07-21 01:56:51.877   825  1382 D GnssHAL_V_Gnss: updateWakelock: GNSS HAL Wakelock released
07-21 01:56:51.898 23291 23291 D nativeloader: Configuring clns-4 for other apk /data/app/~~lc20RCNk68Q5U2YH3pkzuA==/za.co.vanelo.guardflow.mobile-5Ta5umXRC4V8MDp-pocacw==/base.apk. target_sdk_version=36, uses_libraries=, library_path=/data/app/~~lc20RCNk68Q5U2YH3pkzuA==/za.co.vanelo.guardflow.mobile-5Ta5umXRC4V8MDp-pocacw==/lib/arm:/data/app/~~lc20RCNk68Q5U2YH3pkzuA==/za.co.vanelo.guardflow.mobile-5Ta5umXRC4V8MDp-pocacw==/base.apk!/lib/armeabi-v7a, permitted_path=/data:/mnt/expand:/data/user/0/za.co.vanelo.guardflow.mobile
07-21 01:56:51.914 23291 23291 D nativeloader: Load libframework-connectivity-jni.so using APEX ns com_android_tethering for caller /apex/com.android.tethering/javalib/framework-connectivity.jar: ok
07-21 01:56:51.919 23291 23291 V GraphicsEnvironment: ANGLE Developer option for 'za.co.vanelo.guardflow.mobile' set to: 'default'
07-21 01:56:51.919 23291 23291 V GraphicsEnvironment: ANGLE GameManagerService for za.co.vanelo.guardflow.mobile: false
07-21 01:56:51.920 23291 23291 V GraphicsEnvironment: Neither updatable production driver nor prerelease driver is supported.
07-21 01:56:51.923 23291 23291 D ActivityThread: handleBindApplication data=AppBindData{appInfo=ApplicationInfo{f272370 za.co.vanelo.guardflow.mobile}} appContext=android.app.ContextImpl@91666e9 appContext.mOpPackageName=za.co.vanelo.guardflow.mobile appContext.mBasePackageName=za.co.vanelo.guardflow.mobile appContext.mPackageInfo=android.app.LoadedApk@31aff6e data.restrictedBackupMode= false data.providers= [ContentProviderInfo{name=za.co.vanelo.guardflow.mobile.androidx-startup className=androidx.startup.InitializationProvider}, ContentProviderInfo{name=za.co.vanelo.guardflow.mobile.FileSystemFileProvider className=expo.modules.filesystem.FileSystemFileProvider}]
07-21 01:56:51.924 23291 23291 D LoadedApk: LoadedApk::makeApplication() appContext.mOpPackageName=za.co.vanelo.guardflow.mobile appContext.mBasePackageName=za.co.vanelo.guardflow.mobile
07-21 01:56:51.924 23291 23291 D NetworkSecurityConfig: No Network Security Config specified, using platform default
07-21 01:56:51.924 23291 23291 D NetworkSecurityConfig: No Network Security Config specified, using platform default
07-21 01:56:51.953 23291 23291 D ActivityThread: handleBindApplication() --
07-21 01:56:51.958 23291 23291 W SoLoader: Initializing SoLoader: 0
07-21 01:56:51.960 23291 23291 W SoLoader: Recording new base apk path: /data/app/~~lc20RCNk68Q5U2YH3pkzuA==/za.co.vanelo.guardflow.mobile-5Ta5umXRC4V8MDp-pocacw==/base.apk
07-21 01:56:51.960 23291 23291 W SoLoader: Previously recorded 0 base apk paths.
07-21 01:56:51.963 23291 23291 I SoLoader: Preparing SO source: DirectorySoSource[root = /system/lib flags = 2]
07-21 01:56:51.963 23291 23291 I SoLoader: Preparing SO source: DirectorySoSource[root = /vendor/lib flags = 2]
07-21 01:56:51.963 23291 23291 I SoLoader: Preparing SO source: DirectApkSoSource[root = [/data/app/~~lc20RCNk68Q5U2YH3pkzuA==/za.co.vanelo.guardflow.mobile-5Ta5umXRC4V8MDp-pocacw==/base.apk!/lib/armeabi-v7a]]
07-21 01:56:51.974 23291 23291 I SoLoader: Preparing SO source: ApplicationSoSource[DirectorySoSource[root = /data/app/~~lc20RCNk68Q5U2YH3pkzuA==/za.co.vanelo.guardflow.mobile-5Ta5umXRC4V8MDp-pocacw==/lib/arm flags = 0]]
07-21 01:56:51.975 23291 23291 I SoLoader: init finish: 4 SO sources prepared
07-21 01:56:51.976 23291 23291 W SoLoader: SoLoader initialized: 8
07-21 01:56:52.027 23291 23291 D nativeloader: Load /data/app/~~lc20RCNk68Q5U2YH3pkzuA==/za.co.vanelo.guardflow.mobile-5Ta5umXRC4V8MDp-pocacw==/base.apk!/lib/armeabi-v7a/libc++_shared.so using class loader ns clns-4 (caller=/data/app/~~lc20RCNk68Q5U2YH3pkzuA==/za.co.vanelo.guardflow.mobile-5Ta5umXRC4V8MDp-pocacw==/base.apk): ok
07-21 01:56:52.043 23291 23291 D nativeloader: Load /data/app/~~lc20RCNk68Q5U2YH3pkzuA==/za.co.vanelo.guardflow.mobile-5Ta5umXRC4V8MDp-pocacw==/base.apk!/lib/armeabi-v7a/libjsi.so using class loader ns clns-4 (caller=/data/app/~~lc20RCNk68Q5U2YH3pkzuA==/za.co.vanelo.guardflow.mobile-5Ta5umXRC4V8MDp-pocacw==/base.apk): ok
07-21 01:56:52.057 23291 23291 D nativeloader: Load /data/app/~~lc20RCNk68Q5U2YH3pkzuA==/za.co.vanelo.guardflow.mobile-5Ta5umXRC4V8MDp-pocacw==/base.apk!/lib/armeabi-v7a/libfbjni.so using class loader ns clns-4 (caller=/data/app/~~lc20RCNk68Q5U2YH3pkzuA==/za.co.vanelo.guardflow.mobile-5Ta5umXRC4V8MDp-pocacw==/base.apk): ok
07-21 01:56:52.067   422   422 I io_stats: !@ 179,0 r 275697361 1738460477 w 36757578 341656356 d 2611778 38942140 f 10531622 3783609 iot 111319748 103843978 th 102400 0 0 pt 0 inp 0 0 919293.682
07-21 01:56:52.070 23291 23291 D nativeloader: Load /data/app/~~lc20RCNk68Q5U2YH3pkzuA==/za.co.vanelo.guardflow.mobile-5Ta5umXRC4V8MDp-pocacw==/base.apk!/lib/armeabi-v7a/libreactnative.so using class loader ns clns-4 (caller=/data/app/~~lc20RCNk68Q5U2YH3pkzuA==/za.co.vanelo.guardflow.mobile-5Ta5umXRC4V8MDp-pocacw==/base.apk): ok
07-21 01:56:52.070 23291 23291 D jni_lib_merge: Entering merged library JNI_OnLoad.
07-21 01:56:52.070 23291 23291 D jni_lib_merge: Preparing 13 pre-merged libs (including stub)
07-21 01:56:52.070 23291 23291 D jni_lib_merge: Preparing to register libfabricjni_so.  onload_func: 0xe613f22d
07-21 01:56:52.070 23291 23291 D jni_lib_merge: Preparing to register libreact_devsupportjni_so.  onload_func: 0xe61d8aad
07-21 01:56:52.070 23291 23291 D jni_lib_merge: Preparing to register libreact_featureflagsjni_so.  onload_func: 0xe61e6339
07-21 01:56:52.070 23291 23291 D jni_lib_merge: Preparing to register libreact_newarchdefaults_so.  onload_func: 0xe620fcad
07-21 01:56:52.070 23291 23291 D jni_lib_merge: Preparing to register libreact_tracingjni_so.  onload_func: 0xe62c09ad
07-21 01:56:52.070 23291 23291 D jni_lib_merge: Preparing to register libreactnativeblob_so.  onload_func: 0xe62c44e9
07-21 01:56:52.070 23291 23291 D jni_lib_merge: Preparing to register libreactnativejni_so.  onload_func: 0xe62cc459
07-21 01:56:52.070 23291 23291 D jni_lib_merge: Preparing to register libreactnativejni_common_so.  onload_func: 0xe62ce5e1
07-21 01:56:52.070 23291 23291 D jni_lib_merge: Preparing to register librninstance_so.  onload_func: 0xe62e8ded
07-21 01:56:52.070 23291 23291 D jni_lib_merge: Preparing to register libturbomodulejsijni_so.  onload_func: 0xe635dfd9
07-21 01:56:52.071 23291 23291 D jni_lib_merge: Preparing to register libuimanagerjni_so.  onload_func: 0xe6362a9d
07-21 01:56:52.071 23291 23291 D jni_lib_merge: Preparing to register libyoga_so.  onload_func: 0xe6367a39
07-21 01:56:52.071 23291 23291 D jni_lib_merge: About to register 12 actual methods.
07-21 01:56:52.091 23291 23291 D nativeloader: Load /data/app/~~lc20RCNk68Q5U2YH3pkzuA==/za.co.vanelo.guardflow.mobile-5Ta5umXRC4V8MDp-pocacw==/base.apk!/lib/armeabi-v7a/libappmodules.so using class loader ns clns-4 (caller=/data/app/~~lc20RCNk68Q5U2YH3pkzuA==/za.co.vanelo.guardflow.mobile-5Ta5umXRC4V8MDp-pocacw==/base.apk): ok
07-21 01:56:52.153  1005  1030 W ActivityTaskManager: Activity top resumed state loss timeout for ActivityRecord{f0c1b8c u0 za.co.vanelo.guardflow.mobile/.MainActivity} t-1 f}}
07-21 01:56:52.159 23291 23291 I TaskService: Registered task with name 'guardflow-authorised-location' for app with scoping identifier 'za.co.vanelo.guardflow.mobile'.
07-21 01:56:52.164 23291 23291 D CompatibilityChangeReporter: Compat change id reported: 160794467; UID 10224; state: ENABLED
07-21 01:56:52.184 23291 23291 W LocationTaskConsumer: Foreground location task cannot be started while the app is in the background!
07-21 01:56:52.191 23291 23291 I TaskService: Handling intent with task name 'guardflow-authorised-location' and app scoping identifier 'za.co.vanelo.guardflow.mobile'.
07-21 01:56:52.196 23291 23291 I TaskService: Handling intent with task name 'guardflow-authorised-location' and app scoping identifier 'za.co.vanelo.guardflow.mobile'.
07-21 01:56:52.199 23291 23291 D CompatibilityChangeReporter: Compat change id reported: 194532703; UID 10224; state: ENABLED
07-21 01:56:52.201 23291 23291 D AndroidRuntime: Shutting down VM
07-21 01:56:52.202 23291 23291 E AndroidRuntime: FATAL EXCEPTION: main
07-21 01:56:52.202 23291 23291 E AndroidRuntime: Process: za.co.vanelo.guardflow.mobile, PID: 23291
07-21 01:56:52.202 23291 23291 E AndroidRuntime: java.lang.RuntimeException: Unable to start receiver expo.modules.taskManager.TaskBroadcastReceiver: java.lang.IllegalArgumentException: Error: requested job be persisted without holding RECEIVE_BOOT_COMPLETED permission.
07-21 01:56:52.202 23291 23291 E AndroidRuntime: 	at android.app.ActivityThread.handleReceiver(ActivityThread.java:4362)
07-21 01:56:52.202 23291 23291 E AndroidRuntime: 	at android.app.ActivityThread.-$$Nest$mhandleReceiver(Unknown Source:0)
07-21 01:56:52.202 23291 23291 E AndroidRuntime: 	at android.app.ActivityThread$H.handleMessage(ActivityThread.java:2165)
07-21 01:56:52.202 23291 23291 E AndroidRuntime: 	at android.os.Handler.dispatchMessage(Handler.java:106)
07-21 01:56:52.202 23291 23291 E AndroidRuntime: 	at android.os.Looper.loopOnce(Looper.java:201)
07-21 01:56:52.202 23291 23291 E AndroidRuntime: 	at android.os.Looper.loop(Looper.java:288)
07-21 01:56:52.202 23291 23291 E AndroidRuntime: 	at android.app.ActivityThread.main(ActivityThread.java:8010)
07-21 01:56:52.202 23291 23291 E AndroidRuntime: 	at java.lang.reflect.Method.invoke(Native Method)
07-21 01:56:52.202 23291 23291 E AndroidRuntime: 	at com.android.internal.os.RuntimeInit$MethodAndArgsCaller.run(RuntimeInit.java:566)
07-21 01:56:52.202 23291 23291 E AndroidRuntime: 	at com.android.internal.os.ZygoteInit.main(ZygoteInit.java:957)
07-21 01:56:52.202 23291 23291 E AndroidRuntime: Caused by: java.lang.IllegalArgumentException: Error: requested job be persisted without holding RECEIVE_BOOT_COMPLETED permission.
07-21 01:56:52.202 23291 23291 E AndroidRuntime: 	at android.os.Parcel.createExceptionOrNull(Parcel.java:3037)
07-21 01:56:52.202 23291 23291 E AndroidRuntime: 	at android.os.Parcel.createException(Parcel.java:3017)
07-21 01:56:52.202 23291 23291 E AndroidRuntime: 	at android.os.Parcel.readException(Parcel.java:3000)
07-21 01:56:52.202 23291 23291 E AndroidRuntime: 	at android.os.Parcel.readException(Parcel.java:2942)
07-21 01:56:52.202 23291 23291 E AndroidRuntime: 	at android.app.job.IJobScheduler$Stub$Proxy.schedule(IJobScheduler.java:263)
07-21 01:56:52.202 23291 23291 E AndroidRuntime: 	at android.app.JobSchedulerImpl.schedule(JobSchedulerImpl.java:47)
07-21 01:56:52.202 23291 23291 E AndroidRuntime: 	at expo.modules.taskManager.TaskManagerUtils.updateOrScheduleJob(TaskManagerUtils.java:155)
07-21 01:56:52.202 23291 23291 E AndroidRuntime: 	at expo.modules.taskManager.TaskManagerUtils.scheduleJob(TaskManagerUtils.java:69)
07-21 01:56:52.202 23291 23291 E AndroidRuntime: 	at expo.modules.location.taskConsumers.LocationTaskConsumer.reportLocationsImmediately(LocationTaskConsumer.kt:265)
07-21 01:56:52.202 23291 23291 E AndroidRuntime: 	at expo.modules.location.taskConsumers.LocationTaskConsumer.handleLocationUpdate(LocationTaskConsumer.kt:106)
07-21 01:56:52.202 23291 23291 E AndroidRuntime: 	at expo.modules.location.taskConsumers.LocationTaskConsumer.didReceiveBroadcast(LocationTaskConsumer.kt:85)
07-21 01:56:52.202 23291 23291 E AndroidRuntime: 	at expo.modules.taskManager.TaskService.handleIntent(TaskService.java:325)
07-21 01:56:52.202 23291 23291 E AndroidRuntime: 	at expo.modules.taskManager.TaskBroadcastReceiver.onReceive(TaskBroadcastReceiver.java:15)
07-21 01:56:52.202 23291 23291 E AndroidRuntime: 	at android.app.ActivityThread.handleReceiver(ActivityThread.java:4353)
07-21 01:56:52.202 23291 23291 E AndroidRuntime: 	... 9 more
07-21 01:56:52.208  1005 23305 I DropBoxManagerService: add tag=data_app_crash isTagEnabled=true flags=0x2
07-21 01:56:52.209  1005  1023 D Debug   : low && ship && 3rdparty app crash, do not dump
07-21 01:56:52.209  1005  1023 W ActivityManager: Process za.co.vanelo.guardflow.mobile has crashed too many times, killing! Reason: crashed quickly
07-21 01:56:52.210  1005 23305 W DropBoxManagerService: Dropping: data_app_crash (2430 > 0 bytes)
07-21 01:56:52.211  1005  1023 W AppStandbyController: Tried to restrict recently used app: za.co.vanelo.guardflow.mobile due to 1540
07-21 01:56:52.212  1005  1023 I ActivityManager: Killing 23291:za.co.vanelo.guardflow.mobile/u0a224 (adj 905): crash
07-21 01:56:52.215  1005  1038 W BroadcastQueue: Background execution not allowed: receiving Intent { act=android.intent.action.DROPBOX_ENTRY_ADDED flg=0x10 (has extras) } to com.google.android.gms/.stats.service.DropBoxEntryAddedReceiver
07-21 01:56:52.236  1363 23306 E DropBoxUtil: [AppErrors] null InputStream [CONTEXT service_id=254 ]
07-21 01:56:52.236  1363 23306 E DropBoxUtil: java.io.IOException: null InputStream
07-21 01:56:52.236  1363 23306 E DropBoxUtil: 	at dszo.c(:com.google.android.gms@262031060@26.20.31 (200300-919905943):182)
07-21 01:56:52.236  1363 23306 E DropBoxUtil: 	at dsxw.l(:com.google.android.gms@262031060@26.20.31 (200300-919905943):4)
07-21 01:56:52.236  1363 23306 E DropBoxUtil: 	at dsxk.apply(:com.google.android.gms@262031060@26.20.31 (200300-919905943):39)
07-21 01:56:52.236  1363 23306 E DropBoxUtil: 	at adcc.apply(:com.google.android.gms@262031060@26.20.31 (200300-919905943):5)
07-21 01:56:52.236  1363 23306 E DropBoxUtil: 	at adco.apply(:com.google.android.gms@262031060@26.20.31 (200300-919905943):45)
07-21 01:56:52.236  1363 23306 E DropBoxUtil: 	at elns.a(:com.google.android.gms@262031060@26.20.31 (200300-919905943):3)
07-21 01:56:52.236  1363 23306 E DropBoxUtil: 	at ewrk.a(:com.google.android.gms@262031060@26.20.31 (200300-919905943):17)
07-21 01:56:52.236  1363 23306 E DropBoxUtil: 	at fesb.d(:com.google.android.gms@262031060@26.20.31 (200300-919905943):3)
07-21 01:56:52.236  1363 23306 E DropBoxUtil: 	at fesd.run(:com.google.android.gms@262031060@26.20.31 (200300-919905943):47)
07-21 01:56:52.236  1363 23306 E DropBoxUtil: 	at fetq.execute(:com.google.android.gms@262031060@26.20.31 (200300-919905943):1)
07-21 01:56:52.236  1363 23306 E DropBoxUtil: 	at ferq.f(:com.google.android.gms@262031060@26.20.31 (200300-919905943):1)
07-21 01:56:52.236  1363 23306 E DropBoxUtil: 	at ferq.hr(:com.google.android.gms@262031060@26.20.31 (200300-919905943):38)
07-21 01:56:52.236  1363 23306 E DropBoxUtil: 	at elnk.a(:com.google.android.gms@262031060@26.20.31 (200300-919905943):39)
07-21 01:56:52.236  1363 23306 E DropBoxUtil: 	at ewrj.a(:com.google.android.gms@262031060@26.20.31 (200300-919905943):17)
07-21 01:56:52.236  1363 23306 E DropBoxUtil: 	at fetx.a(:com.google.android.gms@262031060@26.20.31 (200300-919905943):20)
07-21 01:56:52.236  1363 23306 E DropBoxUtil: 	at fewb.a(:com.google.android.gms@262031060@26.20.31 (200300-919905943):3)
07-21 01:56:52.236  1363 23306 E DropBoxUtil: 	at fevc.run(:com.google.android.gms@262031060@26.20.31 (200300-919905943):19)
07-21 01:56:52.236  1363 23306 E DropBoxUtil: 	at fewd.run(:com.google.android.gms@262031060@26.20.31 (200300-919905943):5)
07-21 01:56:52.236  1363 23306 E DropBoxUtil: 	at fetz.run(:com.google.android.gms@262031060@26.20.31 (200300-919905943):53)
07-21 01:56:52.236  1363 23306 E DropBoxUtil: 	at fetq.execute(:com.google.android.gms@262031060@26.20.31 (200300-919905943):1)
07-21 01:56:52.236  1363 23306 E DropBoxUtil: 	at fetz.execute(:com.google.android.gms@262031060@26.20.31 (200300-919905943):76)
07-21 01:56:52.236  1363 23306 E DropBoxUtil: 	at ferq.f(:com.google.android.gms@262031060@26.20.31 (200300-919905943):1)
07-21 01:56:52.236  1363 23306 E DropBoxUtil: 	at ferq.hr(:com.google.android.gms@262031060@26.20.31 (200300-919905943):38)
07-21 01:56:52.236  1363 23306 E DropBoxUtil: 	at feub.b(:com.google.android.gms@262031060@26.20.31 (200300-919905943):33)
07-21 01:56:52.236  1363 23306 E DropBoxUtil: 	at elno.i(:com.google.android.gms@262031060@26.20.31 (200300-919905943):26)
07-21 01:56:52.236  1363 23306 E DropBoxUtil: 	at elnw.a(:com.google.android.gms@262031060@26.20.31 (200300-919905943):10)
07-21 01:56:52.236  1363 23306 E DropBoxUtil: 	at ewrk.a(:com.google.android.gms@262031060@26.20.31 (200300-919905943):17)
07-21 01:56:52.236  1363 23306 E DropBoxUtil: 	at fesb.d(:com.google.android.gms@262031060@26.20.31 (200300-919905943):3)
07-21 01:56:52.236  1363 23306 E DropBoxUtil: 	at fesd.run(:com.google.android.gms@262031060@26.20.31 (200300-919905943):47)
07-21 01:56:52.236  1363 23306 E DropBoxUtil: 	at fetq.execute(:com.google.android.gms@262031060@26.20.31 (200300-919905943):1)
07-21 01:56:52.236  1363 23306 E DropBoxUtil: 	at ferq.f(:com.google.android.gms@262031060@26.20.31 (200300-919905943):1)
07-21 01:56:52.236  1363 23306 E DropBoxUtil: 	at ferq.hr(:com.google.android.gms@262031060@26.20.31 (200300-919905943):38)
07-21 01:56:52.236  1363 23306 E DropBoxUtil: 	at elnu.a(:com.google.android.gms@262031060@26.20.31 (200300-919905943):39)
07-21 01:56:52.236  1363 23306 E DropBoxUtil: 	at ewrj.a(:com.google.android.gms@262031060@26.20.31 (200300-919905943):17)
07-21 01:56:52.236  1363 23306 E DropBoxUtil: 	at fetx.a(:com.google.android.gms@262031060@26.20.31 (200300-919905943):20)
07-21 01:56:52.236  1363 23306 E DropBoxUtil: 	at fewb.a(:com.google.android.gms@262031060@26.20.31 (200300-919905943):3)
07-21 01:56:52.236  1363 23306 E DropBoxUtil: 	at fevc.run(:com.google.android.gms@262031060@26.20.31 (200300-919905943):19)
07-21 01:56:52.236  1363 23306 E DropBoxUtil: 	at fewd.run(:com.google.android.gms@262031060@26.20.31 (200300-919905943):5)
07-21 01:56:52.236  1363 23306 E DropBoxUtil: 	at fetz.run(:com.google.android.gms@262031060@26.20.31 (200300-919905943):53)
07-21 01:56:52.236  1363 23306 E DropBoxUtil: 	at fetq.execute(:com.google.android.gms@262031060@26.20.31 (200300-919905943):1)
07-21 01:56:52.236  1363 23306 E DropBoxUtil: 	at fetz.execute(:com.google.android.gms@262031060@26.20.31 (200300-919905943):76)
07-21 01:56:52.236  1363 23306 E DropBoxUtil: 	at ferq.f(:com.google.android.gms@262031060@26.20.31 (200300-919905943):1)
07-21 01:56:52.236  1363 23306 E DropBoxUtil: 	at ferq.hr(:com.google.android.gms@262031060@26.20.31 (200300-919905943):38)
07-21 01:56:52.236  1363 23306 E DropBoxUtil: 	at feub.b(:com.google.android.gms@262031060@26.20.31 (200300-919905943):33)
07-21 01:56:52.236  1363 23306 E DropBoxUtil: 	at eloc.c(:com.google.android.gms@262031060@26.20.31 (200300-919905943):62)
07-21 01:56:52.236  1363 23306 E DropBoxUtil: 	at eloc.b(:com.google.android.gms@262031060@26.20.31 (200300-919905943):18)
07-21 01:56:52.236  1363 23306 E DropBoxUtil: 	at dsxp.a(:com.google.android.gms@262031060@26.20.31 (200300-919905943):188)
07-21 01:56:52.236  1363 23306 E DropBoxUtil: 	at com.google.android.gms.stats.service.DropBoxEntryAddedChimeraService.a(:com.google.android.gms@262031060@26.20.31 (200300-919905943):198)
07-21 01:56:52.236  1363 23306 E DropBoxUtil: 	at com.google.android.gms.framework.tracing.wrapper.TracingIntentService.onHandleIntent(:com.google.android.gms@262031060@26.20.31 (200300-919905943):13)
07-21 01:56:52.236  1363 23306 E DropBoxUtil: 	at ynw.handleMessage(:com.google.android.gms@262031060@26.20.31 (200300-919905943):7)
07-21 01:56:52.236  1363 23306 E DropBoxUtil: 	at android.os.Handler.dispatchMessage(Handler.java:106)
07-21 01:56:52.236  1363 23306 E DropBoxUtil: 	at android.os.Looper.loopOnce(Looper.java:201)
07-21 01:56:52.236  1363 23306 E DropBoxUtil: 	at android.os.Looper.loop(Looper.java:288)
07-21 01:56:52.236  1363 23306 E DropBoxUtil: 	at android.os.HandlerThread.run(HandlerThread.java:67)
07-21 01:56:52.239  1363 23306 E DropBoxUtil: [AppDoctor] null InputStream [CONTEXT service_id=254 ]
07-21 01:56:52.239  1363 23306 E DropBoxUtil: java.io.IOException: null InputStream
07-21 01:56:52.239  1363 23306 E DropBoxUtil: 	at dszo.c(:com.google.android.gms@262031060@26.20.31 (200300-919905943):182)
07-21 01:56:52.239  1363 23306 E DropBoxUtil: 	at dsxw.l(:com.google.android.gms@262031060@26.20.31 (200300-919905943):4)
07-21 01:56:52.239  1363 23306 E DropBoxUtil: 	at dsxh.apply(:com.google.android.gms@262031060@26.20.31 (200300-919905943):37)
07-21 01:56:52.239  1363 23306 E DropBoxUtil: 	at dsxp.b(:com.google.android.gms@262031060@26.20.31 (200300-919905943):68)
07-21 01:56:52.239  1363 23306 E DropBoxUtil: 	at com.google.android.gms.stats.service.DropBoxEntryAddedChimeraService.a(:com.google.android.gms@262031060@26.20.31 (200300-919905943):202)
07-21 01:56:52.239  1363 23306 E DropBoxUtil: 	at com.google.android.gms.framework.tracing.wrapper.TracingIntentService.onHandleIntent(:com.google.android.gms@262031060@26.20.31 (200300-919905943):13)
07-21 01:56:52.239  1363 23306 E DropBoxUtil: 	at ynw.handleMessage(:com.google.android.gms@262031060@26.20.31 (200300-919905943):7)
07-21 01:56:52.239  1363 23306 E DropBoxUtil: 	at android.os.Handler.dispatchMessage(Handler.java:106)
07-21 01:56:52.239  1363 23306 E DropBoxUtil: 	at android.os.Looper.loopOnce(Looper.java:201)
07-21 01:56:52.239  1363 23306 E DropBoxUtil: 	at android.os.Looper.loop(Looper.java:288)
07-21 01:56:52.239  1363 23306 E DropBoxUtil: 	at android.os.HandlerThread.run(HandlerThread.java:67)
07-21 01:56:52.269  1005  1230 V ActivityManager: Got obituary of 23291:za.co.vanelo.guardflow.mobile
07-21 01:56:52.269   629   629 I Zygote  : Process 23291 exited due to signal 9 (Killed)
07-21 01:56:52.272  1005  1041 I libprocessgroup: Successfully killed process cgroup uid 10224 pid 23291 in 59ms
07-21 01:56:52.308  4101 16322 W OpenGLRenderer: Incorrectly called buildLayer on View: ShortcutAndWidgetContainer, destroying layer...
07-21 01:56:53.360  4101 16322 D IMGGralloc: Gralloc Free  w:720, h:1600, f:0x101, usage:0x900, ui64Stamp:5491755 line = 2599
07-21 01:56:53.361   643   643 D IMGGralloc: GBuffer--------------(*format)=1
07-21 01:56:53.361   643   643 D IMGGralloc: Gralloc alloc start  w:720, h:1600, f:0x1, usage:0xb00, privUsage:0x0, line = 1672
07-21 01:56:53.365   643   643 D IMGGralloc: Gralloc Alloc end  w:720, h:1600, f:0x101, usage:0xb00,iprivUsage:0x0,handle:0xec23e840, ui64Stamp:5491768, sSize:4608000, BufferName: VRI[Launcher]#1858(BLAST Consumer)1858, line = 2131
07-21 01:56:53.365   643   643 D IMGGralloc: Gralloc Free  w:720, h:1600, f:0x101, usage:0xb00, ui64Stamp:5491768 line = 2599
07-21 01:56:53.365  4101 16322 D IMGGralloc: Gralloc Register  w:720, h:1600, f:0x101, usage:0xb00, ui64Stamp:5491768, sSize:4608000, line = 2444
07-21 01:56:53.374   679  1209 D IMGGralloc: Gralloc Register  w:720, h:1600, f:0x101, usage:0xb00, ui64Stamp:5491768, sSize:4608000, line = 2444
07-21 01:56:53.374   679  1209 D IMGGralloc: GBuffer--------------(*format)=1
07-21 01:56:53.394   644  4559 D IMGGralloc: Gralloc Register  w:720, h:1600, f:0x101, usage:0xb00, ui64Stamp:5491768, sSize:4608000, line = 2444
07-21 01:56:53.410   644  4559 D IMGGralloc: Gralloc Register  w:720, h:1600, f:0x101, usage:0xb00, ui64Stamp:5491763, sSize:4608000, line = 2444
07-21 01:56:53.888  1005  3938 D SSRM:TemperatureManager: SIOP:: , PST = 0 (W:30), BAT = 311
07-21 01:56:54.074   422   422 I io_stats: !@ 179,0 r 275697375 1738460577 w 36757594 341656472 d 2611778 38942140 f 10531622 3783609 iot 111319752 103843985 th 102400 0 0 pt 0 inp 0 0 919295.689
07-21 01:56:55.264  4021  4046 I EPDG -- SIM1 [SMARTCELLULAR]: onSignalStrengthsChanged: SignalStrength:{mCdma=Invalid,mGsm=Invalid,mWcdma=Invalid,mTdscdma=Invalid,mLte=CellSignalStrengthLte: rssi=-87 rsrp=-86 rsrq=-6 rssnr=17 cqiTableIndex=2147483647 cqi=0 ta=2147483647 level=4 parametersUseForLevel=0,mNr=Invalid,SignalBarInfo{ lteLevel=4 },rat=14,primary=CellSignalStrengthLte}
07-21 01:56:55.264  1240  1380 D MobileSignalController(1/3): updateTelephonySignalStrength: hasService=true ss=SignalStrength:{mCdma=Invalid,mGsm=Invalid,mWcdma=Invalid,mTdscdma=Invalid,mLte=CellSignalStrengthLte: rssi=-87 rsrp=-86 rsrq=-6 rssnr=17 cqiTableIndex=2147483647 cqi=0 ta=2147483647 level=4 parametersUseForLevel=0,mNr=Invalid,SignalBarInfo{ lteLevel=4 },rat=14,primary=CellSignalStrengthLte} displayInfo=TelephonyDisplayInfo {network=LTE, override=NONE}
07-21 01:56:55.264  1240  1380 D MobileSignalController(1/3): mCurrentState.signalStrength
07-21 01:56:55.264  1240  1380 D networkType: networkType = 13
07-21 01:56:55.264  1240  1380 D MobileSignalController(1/3): updateTelephonySignalStrength: iconGroup=IconGroup(4G) dataConnected=false displayInfo=TelephonyDisplayInfo {network=LTE, override=NONE}
07-21 01:56:55.267  1240  1380 D MobileSignalController:Parveen: getSbInfo- typeIcon: 0 statusIcon: [visible=true,icon=2131233122,contentDescription=Phone signal full.]
07-21 01:56:55.268  1240  1240 D StatusBarSignalPolicy: setMobileDataIndicators: MobileDataIndicators[statusIcon=[visible=true,icon=2131233122,contentDescription=Phone signal full.],qsIcon=,statusType=0,qsType=0,activityIn=false,activityOut=false,typeContentDescription=4G,typeContentDescriptionHtml=4G,description=null,subId=3,roaming=false,showTriangle=true,dataActivity=0,roamingIcon=0]
07-21 01:56:55.268  1240  1380 D NetworkController: onReceive: intent=Intent { act=android.intent.action.SIG_STR flg=0x10 (has extras) }
07-21 01:56:55.268  1240  1240 D StatusBarSignalPolicy: MobileIconStates: mobile,  read=mobile[MobileIconState(subId=10, strengthId=2131233122, typeId=2131233045, visible=true, activityId=2131233096, roamingId=0, voiceNoServiceId=0, slotId=0), MobileIconState(subId=3, strengthId=2131233122, typeId=0, visible=true, activityId=0, roamingId=0, voiceNoServiceId=0, slotId=1)]
07-21 01:56:55.269  4021  4154 I EPDG -- SIM1 [SMARTCELLULAR]: DataSIM OutOfService area or Roaming -> Data SIM ROVE OUT
07-21 01:56:55.664 23307 23307 D ip_monitor-774: 192.168.127.209 dev wlan0 lladdr f6:9b:fa:82:01:c3 STALE
07-21 01:56:57.378  1240  1380 D MobileSignalController:Parveen: getSbInfo- typeIcon: 2131233045 statusIcon: [visible=true,icon=2131233122,contentDescription=Phone signal full.]
07-21 01:56:57.379  1240  1240 D StatusBarSignalPolicy: setMobileDataIndicators: MobileDataIndicators[statusIcon=[visible=true,icon=2131233122,contentDescription=Phone signal full.],qsIcon=[visible=true,icon=2131233122,contentDescription=Phone signal full.],statusType=2131233045,qsType=2131233045,activityIn=false,activityOut=false,typeContentDescription=4G,typeContentDescriptionHtml=4G,description=TelkomSA,subId=10,roaming=false,showTriangle=true,dataActivity=2131233097,roamingIcon=0]
07-21 01:56:57.380  1240  1240 D StatusBarSignalPolicy: MobileIconStates: mobile,  read=mobile[MobileIconState(subId=10, strengthId=2131233122, typeId=2131233045, visible=true, activityId=2131233097, roamingId=0, voiceNoServiceId=0, slotId=0), MobileIconState(subId=3, strengthId=2131233122, typeId=0, visible=true, activityId=0, roamingId=0, voiceNoServiceId=0, slotId=1)]
07-21 01:56:57.400  1240  1380 D MobileSignalController:Parveen: getSbInfo- typeIcon: 0 statusIcon: [visible=true,icon=2131233122,contentDescription=Phone signal full.]
07-21 01:56:57.401  1240  1240 D StatusBarSignalPolicy: setMobileDataIndicators: MobileDataIndicators[statusIcon=[visible=true,icon=2131233122,contentDescription=Phone signal full.],qsIcon=,statusType=0,qsType=0,activityIn=false,activityOut=false,typeContentDescription=4G,typeContentDescriptionHtml=4G,description=null,subId=3,roaming=false,showTriangle=true,dataActivity=0,roamingIcon=0]
07-21 01:56:57.401  1240  1240 D StatusBarSignalPolicy: MobileIconStates: mobile,  read=mobile[MobileIconState(subId=10, strengthId=2131233122, typeId=2131233045, visible=true, activityId=2131233097, roamingId=0, voiceNoServiceId=0, slotId=0), MobileIconState(subId=3, strengthId=2131233122, typeId=0, visible=true, activityId=0, roamingId=0, voiceNoServiceId=0, slotId=1)]
07-21 01:56:57.504   824   840 I ThermalCvtGovernor: board-bck(default) curTemp: 37910 tripTemp: 48000 setPollingDelay: 6000
07-21 01:56:59.243   657   687 E IMGMemtrackHAL: GetGraphicsMemtrackRecords: DbgFsParseDir for /d/ion failed (No such file or directory)
07-21 01:57:00.002  1240  1240 D KeyguardUpdateMonitor: received broadcast android.intent.action.TIME_TICK
07-21 01:57:00.004  1240  1240 D KeyguardUpdateMonitor: handleTimeUpdate
07-21 01:57:00.105   422   422 I io_stats: !@ 179,0 r 275697389 1738460693 w 36757615 341656792 d 2611778 38942140 f 10531622 3783609 iot 111319768 103843996 th 102400 0 0 pt 0 inp 0 0 919301.719
07-21 01:57:00.459  1240  1380 D MobileSignalController:Parveen: getSbInfo- typeIcon: 2131233045 statusIcon: [visible=true,icon=2131233122,contentDescription=Phone signal full.]
07-21 01:57:00.460  1240  1240 D StatusBarSignalPolicy: setMobileDataIndicators: MobileDataIndicators[statusIcon=[visible=true,icon=2131233122,contentDescription=Phone signal full.],qsIcon=[visible=true,icon=2131233122,contentDescription=Phone signal full.],statusType=2131233045,qsType=2131233045,activityIn=true,activityOut=true,typeContentDescription=4G,typeContentDescriptionHtml=4G,description=TelkomSA,subId=10,roaming=false,showTriangle=true,dataActivity=2131233096,roamingIcon=0]
07-21 01:57:00.461  1240  1240 D StatusBarSignalPolicy: MobileIconStates: mobile,  read=mobile[MobileIconState(subId=10, strengthId=2131233122, typeId=2131233045, visible=true, activityId=2131233096, roamingId=0, voiceNoServiceId=0, slotId=0), MobileIconState(subId=3, strengthId=2131233122, typeId=0, visible=true, activityId=0, roamingId=0, voiceNoServiceId=0, slotId=1)]
07-21 01:57:00.481  1240  1380 D MobileSignalController:Parveen: getSbInfo- typeIcon: 0 statusIcon: [visible=true,icon=2131233122,contentDescription=Phone signal full.]
07-21 01:57:00.482  1240  1240 D StatusBarSignalPolicy: setMobileDataIndicators: MobileDataIndicators[statusIcon=[visible=true,icon=2131233122,contentDescription=Phone signal full.],qsIcon=,statusType=0,qsType=0,activityIn=false,activityOut=false,typeContentDescription=4G,typeContentDescriptionHtml=4G,description=null,subId=3,roaming=false,showTriangle=true,dataActivity=0,roamingIcon=0]
07-21 01:57:00.482  1240  1240 D StatusBarSignalPolicy: MobileIconStates: mobile,  read=mobile[MobileIconState(subId=10, strengthId=2131233122, typeId=2131233045, visible=true, activityId=2131233096, roamingId=0, voiceNoServiceId=0, slotId=0), MobileIconState(subId=3, strengthId=2131233122, typeId=0, visible=true, activityId=0, roamingId=0, voiceNoServiceId=0, slotId=1)]
07-21 01:57:00.488   679   679 I SurfaceFlinger: SFWD update time=919302104846766
07-21 01:57:00.860 22194 22289 E PlayCommon: [2505] Metalog directories were deleted unexpectedly, recreating...
07-21 01:57:00.909 22478 22500 D CompatibilityChangeReporter: Compat change id reported: 150939131; UID 10206; state: ENABLED
07-21 01:57:02.115   422   422 I io_stats: !@ 179,0 r 275697475 1738462537 w 36757615 341656792 d 2611778 38942140 f 10531622 3783609 iot 111319788 103844014 th 102400 0 0 pt 0 inp 0 0 919303.730
07-21 01:57:02.506  1240  1380 D MobileSignalController:Parveen: getSbInfo- typeIcon: 2131233045 statusIcon: [visible=true,icon=2131233122,contentDescription=Phone signal full.]
07-21 01:57:02.507  1240  1240 D StatusBarSignalPolicy: setMobileDataIndicators: MobileDataIndicators[statusIcon=[visible=true,icon=2131233122,contentDescription=Phone signal full.],qsIcon=[visible=true,icon=2131233122,contentDescription=Phone signal full.],statusType=2131233045,qsType=2131233045,activityIn=false,activityOut=false,typeContentDescription=4G,typeContentDescriptionHtml=4G,description=TelkomSA,subId=10,roaming=false,showTriangle=true,dataActivity=2131233097,roamingIcon=0]
07-21 01:57:02.507  1240  1240 D StatusBarSignalPolicy: MobileIconStates: mobile,  read=mobile[MobileIconState(subId=10, strengthId=2131233122, typeId=2131233045, visible=true, activityId=2131233097, roamingId=0, voiceNoServiceId=0, slotId=0), MobileIconState(subId=3, strengthId=2131233122, typeId=0, visible=true, activityId=0, roamingId=0, voiceNoServiceId=0, slotId=1)]
07-21 01:57:02.517   657   687 W IMGMemtrackHAL: hal_get_memory: memtrack cache rebuild was required
07-21 01:57:02.518   657   687 E IMGMemtrackHAL: GetGraphicsMemtrackRecords: DbgFsParseDir for /d/ion failed (No such file or directory)
07-21 01:57:02.529  1240  1380 D MobileSignalController:Parveen: getSbInfo- typeIcon: 0 statusIcon: [visible=true,icon=2131233122,contentDescription=Phone signal full.]
07-21 01:57:02.530  1240  1240 D StatusBarSignalPolicy: setMobileDataIndicators: MobileDataIndicators[statusIcon=[visible=true,icon=2131233122,contentDescription=Phone signal full.],qsIcon=,statusType=0,qsType=0,activityIn=false,activityOut=false,typeContentDescription=4G,typeContentDescriptionHtml=4G,description=null,subId=3,roaming=false,showTriangle=true,dataActivity=0,roamingIcon=0]
07-21 01:57:02.530  1240  1240 D StatusBarSignalPolicy: MobileIconStates: mobile,  read=mobile[MobileIconState(subId=10, strengthId=2131233122, typeId=2131233045, visible=true, activityId=2131233097, roamingId=0, voiceNoServiceId=0, slotId=0), MobileIconState(subId=3, strengthId=2131233122, typeId=0, visible=true, activityId=0, roamingId=0, voiceNoServiceId=0, slotId=1)]
07-21 01:57:03.303  1240  1380 D MobileSignalController(1/3): updateTelephonySignalStrength: hasService=true ss=SignalStrength:{mCdma=Invalid,mGsm=Invalid,mWcdma=Invalid,mTdscdma=Invalid,mLte=CellSignalStrengthLte: rssi=-73 rsrp=-72 rsrq=-10 rssnr=9 cqiTableIndex=2147483647 cqi=13 ta=2147483647 level=4 parametersUseForLevel=0,mNr=Invalid,SignalBarInfo{ lteLevel=4 },rat=14,primary=CellSignalStrengthLte} displayInfo=TelephonyDisplayInfo {network=LTE, override=NONE}
07-21 01:57:03.303  1240  1380 D MobileSignalController(1/3): mCurrentState.signalStrength
07-21 01:57:03.303  1240  1380 D networkType: networkType = 13
07-21 01:57:03.304  1240  1380 D MobileSignalController(1/3): updateTelephonySignalStrength: iconGroup=IconGroup(4G) dataConnected=true displayInfo=TelephonyDisplayInfo {network=LTE, override=NONE}
07-21 01:57:03.304  1240  1380 D MobileSignalController:Parveen: getSbInfo- typeIcon: 2131233045 statusIcon: [visible=true,icon=2131233122,contentDescription=Phone signal full.]
07-21 01:57:03.305  1240  1240 D StatusBarSignalPolicy: setMobileDataIndicators: MobileDataIndicators[statusIcon=[visible=true,icon=2131233122,contentDescription=Phone signal full.],qsIcon=[visible=true,icon=2131233122,contentDescription=Phone signal full.],statusType=2131233045,qsType=2131233045,activityIn=false,activityOut=false,typeContentDescription=4G,typeContentDescriptionHtml=4G,description=TelkomSA,subId=10,roaming=false,showTriangle=true,dataActivity=2131233097,roamingIcon=0]
07-21 01:57:03.306  1240  1240 D StatusBarSignalPolicy: MobileIconStates: mobile,  read=mobile[MobileIconState(subId=10, strengthId=2131233122, typeId=2131233045, visible=true, activityId=2131233097, roamingId=0, voiceNoServiceId=0, slotId=0), MobileIconState(subId=3, strengthId=2131233122, typeId=0, visible=true, activityId=0, roamingId=0, voiceNoServiceId=0, slotId=1)]
07-21 01:57:03.306  1240  1380 D NetworkController: onReceive: intent=Intent { act=android.intent.action.SIG_STR flg=0x10 (has extras) }
07-21 01:57:03.308  4021  4046 I EPDG -- SIM0 [SMARTCELLULAR]: onSignalStrengthsChanged: SignalStrength:{mCdma=Invalid,mGsm=Invalid,mWcdma=Invalid,mTdscdma=Invalid,mLte=CellSignalStrengthLte: rssi=-73 rsrp=-72 rsrq=-10 rssnr=9 cqiTableIndex=2147483647 cqi=13 ta=2147483647 level=4 parametersUseForLevel=0,mNr=Invalid,SignalBarInfo{ lteLevel=4 },rat=14,primary=CellSignalStrengthLte}
07-21 01:57:03.896  1005  3938 D SSRM:TemperatureManager: SIOP:: , PST = 0 (W:30), BAT = 311
07-21 01:57:04.125   422   422 I io_stats: !@ 179,0 r 275698027 1738467425 w 36757616 341656800 d 2611778 38942140 f 10531622 3783609 iot 111319900 103844102 th 102400 0 0 pt 0 inp 0 0 919305.740
07-21 01:57:04.554  1240  1380 D MobileSignalController:Parveen: getSbInfo- typeIcon: 2131233045 statusIcon: [visible=true,icon=2131233122,contentDescription=Phone signal full.]
07-21 01:57:04.555  1240  1240 D StatusBarSignalPolicy: setMobileDataIndicators: MobileDataIndicators[statusIcon=[visible=true,icon=2131233122,contentDescription=Phone signal full.],qsIcon=[visible=true,icon=2131233122,contentDescription=Phone signal full.],statusType=2131233045,qsType=2131233045,activityIn=true,activityOut=true,typeContentDescription=4G,typeContentDescriptionHtml=4G,description=TelkomSA,subId=10,roaming=false,showTriangle=true,dataActivity=2131233096,roamingIcon=0]
07-21 01:57:04.555  1240  1240 D StatusBarSignalPolicy: MobileIconStates: mobile,  read=mobile[MobileIconState(subId=10, strengthId=2131233122, typeId=2131233045, visible=true, activityId=2131233096, roamingId=0, voiceNoServiceId=0, slotId=0), MobileIconState(subId=3, strengthId=2131233122, typeId=0, visible=true, activityId=0, roamingId=0, voiceNoServiceId=0, slotId=1)]
07-21 01:57:04.577  1240  1380 D MobileSignalController:Parveen: getSbInfo- typeIcon: 0 statusIcon: [visible=true,icon=2131233122,contentDescription=Phone signal full.]
07-21 01:57:04.577  1240  1240 D StatusBarSignalPolicy: setMobileDataIndicators: MobileDataIndicators[statusIcon=[visible=true,icon=2131233122,contentDescription=Phone signal full.],qsIcon=,statusType=0,qsType=0,activityIn=false,activityOut=false,typeContentDescription=4G,typeContentDescriptionHtml=4G,description=null,subId=3,roaming=false,showTriangle=true,dataActivity=0,roamingIcon=0]
07-21 01:57:04.578  1240  1240 D StatusBarSignalPolicy: MobileIconStates: mobile,  read=mobile[MobileIconState(subId=10, strengthId=2131233122, typeId=2131233045, visible=true, activityId=2131233096, roamingId=0, voiceNoServiceId=0, slotId=0), MobileIconState(subId=3, strengthId=2131233122, typeId=0, visible=true, activityId=0, roamingId=0, voiceNoServiceId=0, slotId=1)]
07-21 01:57:04.624 23309 23309 D ip_monitor-774: 192.168.127.209 dev wlan0 lladdr f6:9b:fa:82:01:c3 PROBE
07-21 01:57:04.661 23310 23310 D ip_monitor-774: 192.168.127.209 dev wlan0 lladdr f6:9b:fa:82:01:c3 REACHABLE
07-21 01:57:05.940  1363 23283 I GmsCoreXrpcWrapper: (REDACTED) Returning a channel provider with trafficStatsTag=%d trafficStatsUid=%d
07-21 01:57:06.028 16748 16748 D BoundBrokerSvc: onBind: Intent { act=com.google.android.gms.auth.service.START pkg=com.google.android.gms }
07-21 01:57:06.028 16748 16748 D BoundBrokerSvc: Loading bound service for intent: Intent { act=com.google.android.gms.auth.service.START pkg=com.google.android.gms }
07-21 01:57:06.136   422   422 I io_stats: !@ 179,0 r 275698476 1738474105 w 36757616 341656800 d 2611778 38942140 f 10531622 3783609 iot 111320004 103844189 th 102400 0 0 pt 0 inp 0 0 919307.750
07-21 01:57:06.260  1005  1193 D NetdEventListenerService: DNS Requested by : 196, 10116
07-21 01:57:06.261  1363  1891 D TrafficStats: tagSocket(129) with statsTag=0xc000609, statsUid=10116
07-21 01:57:06.343  1005  1023 D ActivityManager: AMS.dump() called by uid=2000 pid=23316
