07-21 10:52:01.077  1217  1217 D DefaultPhoneNotifier: notifyServiceStateForSubId: mRegistryMgr=android.telephony.TelephonyRegistryManager@30d89c9 ss={mVoiceRegState=0(IN_SERVICE), mDataRegState=0(IN_SERVICE), mChannelNumber=501, duplexMode()=1, mCellBandwidths=[10000], mOperatorAlphaLong=Telkom, mOperatorAlphaShort=Telkom, isManualNetworkSelection=false(automatic), getRilVoiceRadioTechnology=14(LTE), getRilDataRadioTechnology=14(LTE), mCssIndicator=unsupported, mNetworkId=*1, mSystemId=*1, mCdmaRoamingIndicator=-1, mCdmaDefaultRoamingIndicator=-1, VoiceRegType=0, Snap=0, MobileData=IN_SERVICE, MobileDataRoamingType=home, MobileDataRat=LTE, PsOnly=false, FemtocellInd=0, SprDisplayRoam=false, OptRadioTech=0, MsimSubmode=0, mIsEmergencyOnly=false, isUsingCarrierAggregation=false, mArfcnRsrpBoost=0, mNetworkRegistrationInfos=[NetworkRegistrationInfo{ domain=CS transportType=WWAN registrationState=HOME roamingType=NOT_ROAMING accessNetworkTechnology=LTE rejectCause=0 emergencyEnabled=false availableServices=[VOICE,SMS,VIDEO] cellIdentity=CellIdentityLte:{ mCi=3****25 mPci=91 mTac=1***6 mEarfcn=501 mBands=[1] mBandwidth=2147483647 mMcc=655 mMnc=02 mAlphaLong=Telkom mAlphaShort=Telkom mAdditionalPlmns={} mCsgInfo=null} voiceSpecificInfo=VoiceSpecificRegistrationInfo { mCssSupported=false mRoamingIndicator=0 mSystemIsInPrl=0 mDefaultRoamingIndicator=0} dataSpecificInfo=null nrState=**** rRplmn=65502 isUsingCarrierAggregation=false}, NetworkRegistrationInfo{ domain=PS transportType=WWAN registrationState=HOME roamingType=NOT_ROAMING accessNetworkTechnology=LTE rejectCause=0 emergencyEnabled=false availableServices=[DATA] cellIdentity=CellIdentityLte:{ mCi=3****25 mPci=91 mTac=1***6 mEarfcn=501 mBands=[1] mBandwidth=2147483647 mMcc=655 mMnc=02 mAlphaLong=Telkom mAlphaShort=Telkom mAdditionalPlmns={} mCsgInfo=null} voiceSpecificInfo=null dataSpecificInfo=android.telephony.DataSpecificRegistrationInfo :{ maxDataCalls = 16 isDcNrRestricted = false isNrAvailable = false isEnDcAvailable = false LteVopsSupportInfo :  mVopsSupport = 2 mEmcBearerSupport = 3 } nrState=**** rRplmn=65502 isUsingCarrierAggregation=false}], mNrFrequencyRange=0, mOperatorAlphaLongRaw=Telkom, mOperatorAlphaShortRaw=Telkom, mIsDataRoamingFromRegistration=false, mIsIwlanPreferred=false} sender=Handler (com.android.internal.telephony.SemGsmCdmaPhone) {ca1f2e4} phondId=0 subId=10
07-21 10:52:01.093  1012  3258 D TelephonyRegistry: notifyCellLocationForSubscriber: subId=10 cellIdentity=[****]
07-21 10:52:01.095  1217  1217 D SST     : [0] postPollStateDone(EUR) - mNrBearerStatusOnPoll: -1
07-21 10:52:01.096  1217  1217 D SST     : [0] getEons - EONS: null
07-21 10:52:01.098  1217  1217 D NetworkTypeController: [0] LegacyState: process EVENT_BANDWIDTH_CHANGED
07-21 10:52:01.098  1217  1217 D NetworkTypeController: [0] Reset timers since NR is not allowed.
07-21 10:52:01.098  1217  1217 D NetworkTypeController: [0] DefaultState: process EVENT_BANDWIDTH_CHANGED
07-21 10:52:01.099  1217  1217 D NetworkTypeController: [0] is5gAvailable: false, 0, 0
07-21 10:52:01.099  1217  1217 D LocaleTracker-0: updateLocale: countryIso = za, countryIsoDebugInfo = OperatorNumeric(65502): MccTable.countryCodeForMcc("655")
07-21 10:52:01.099  1217  1217 D LocaleTracker-0: updateLocale: timeZoneCountryIso = za, timeZoneCountryIsoDebugInfo = OperatorNumeric: MccTable.geoCountryCodeForMccMnc(MccMnc{mcc='655', mnc='02'})
07-21 10:52:01.099  1217  1217 D NitzStateMachineImpl: handleCountryDetected: countryIsoCode=za, mLatestNitzSignal=NitzSignal{mReceiptElapsedMillis=PT2H22M2.161S, mNitzData=NitzData{mOriginalString=26/07/21,08:34:35+08,00, mZoneOffset=7200000, mDstOffset=0, mCurrentTimeMillis=1784622875000, mEmulatorHostTimeZone=null}, mAgeMillis=0}
07-21 10:52:01.100  1217  1217 D SemGsmCdmaPhone: [0] Event EVENT_SERVICE_STATE_CHANGED Received
07-21 10:52:01.100  1217  1217 D ImsPhone: [0] handleMessage what=72
07-21 10:52:01.100  1217  1217 D DDS-SemPhoneSwitcher: handleMessage msg={ when=-24ms what=402 obj=android.os.AsyncResult@9bb00ab target=com.android.internal.telephony.data.SemPhoneSwitcher }
07-21 10:52:01.100  1217  1217 D DDS-SemPhoneSwitcher: ssChanged
07-21 10:52:01.100  1217  1217 D DDS-SemPhoneSwitcher: getDataRegForAutoDds(0, newDataRegState : 1)
07-21 10:52:01.101  1217  1217 D DDS-SemPhoneSwitcher: getDataRegForAutoDds(1, newDataRegState : 1)
07-21 10:52:01.102  1217  1217 D DDS-SemPhoneSwitcher: auto dds is -1 but condition is  not matched. ddsDataRegState : 1, ddsRoamingSettingEnabled : false, nonDdsDataRegState1, nonDdsRoamingSettingEnabled : false
07-21 10:52:01.102  1217  1217 D DDS-SemPhoneSwitcher: No need to perform auto dds
07-21 10:52:01.103  1217  1217 D LocaleTracker-0: processCellInfo: cell info=[CellInfoLte:{mRegistered=YES mTimeStamp=9567748860846ns mCellConnectionStatus=0 CellIdentityLte:{ mCi=3****25 mPci=91 mTac=1***6 mEarfcn=501 mBands=[1] mBandwidth=2147483647 mMcc=655 mMnc=02 mAlphaLong=Telkom mAlphaShort=Telkom mAdditionalPlmns={} mCsgInfo=null} CellSignalStrengthLte: rssi=-51 rsrp=-75 rsrq=-12 rssnr=3 cqiTableIndex=2147483647 cqi=2147483647 ta=0 level=4 parametersUseForLevel=1 android.telephony.CellConfigLte :{ isEndcAvailable = false }}]
07-21 10:52:01.103  1217  1217 D LocaleTracker-0: updateLocale: countryIso = za, countryIsoDebugInfo = OperatorNumeric(65502): MccTable.countryCodeForMcc("655")
07-21 10:52:01.104  1217  1217 D LocaleTracker-0: updateLocale: timeZoneCountryIso = za, timeZoneCountryIsoDebugInfo = OperatorNumeric: MccTable.geoCountryCodeForMccMnc(MccMnc{mcc='655', mnc='02'})
07-21 10:52:01.104  1217  1217 D NitzStateMachineImpl: handleCountryDetected: countryIsoCode=za, mLatestNitzSignal=NitzSignal{mReceiptElapsedMillis=PT2H22M2.161S, mNitzData=NitzData{mOriginalString=26/07/21,08:34:35+08,00, mZoneOffset=7200000, mDstOffset=0, mCurrentTimeMillis=1784622875000, mEmulatorHostTimeZone=null}, mAgeMillis=0}
07-21 10:52:01.260  1012  3258 I power_partial_wake_state: [REL,223,RILJ_ACK_WL:com.android.phone]
07-21 10:52:01.451  1217  1217 D SSCtr   : [0] EVENT_SIGNAL_LEVEL_INFO_CHANGED - SignalBarInfo{ lteLevel=4 }
07-21 10:52:02.374  1217  1217 D SSCtr   : [1] EVENT_SIGNAL_LEVEL_INFO_CHANGED - SignalBarInfo{ lteLevel=2 }
07-21 10:52:02.426  1217  1217 I SemTelephonyHandlerHelper: handleMessage: what=92
07-21 10:52:02.429  1012  1454 I power_partial_wake_state: [CHG,1,*telephony-radio*:com.android.phone]
07-21 10:52:02.430  1217  1217 D RILJ    : [4698]> GET_ACTIVITY_INFO [PHONE0]
07-21 10:52:02.433  1217  1217 I SemTelephonyHandlerHelper: handleMessage: what=93
07-21 10:52:02.433  1217  1241 D RILJ    : [4698]< GET_ACTIVITY_INFO ModemActivityInfo{ mTimestamp=9569123 mSleepTimeMs=23571 mIdleTimeMs=9254741 mActivityStatsTechSpecificInfo=[{mRat=UNKNOWN,mFrequencyRange=UNKNOWN,mTxTimeMs[]=[644222, 348656, 483172, 221687, 75149],mRxTimeMs=6835559}]} [PHONE0]
07-21 10:52:02.434  1012  1454 I power_partial_wake_state: [CHG,5,*telephony-radio*:com.android.phone]
07-21 10:52:02.435  1012  1454 I power_partial_wake_state: [REL,1,*telephony-radio*:com.android.phone]
07-21 10:52:02.510  1012  1106 I commit_sys_config_file: [settings-1-0,5]
07-21 10:52:02.832  1217  1217 D SSCtr   : [0] EVENT_SIGNAL_LEVEL_INFO_CHANGED - SignalBarInfo{ lteLevel=4 }
07-21 10:52:03.028  1012  5431 I power_partial_wake_state: [REL,4,moya:XmppConnectionService:nu.bi.moya]
07-21 10:52:04.263  2491  2640 I content_query_sample: contents_sample_state: [CONTACT contacts(1054) data(14631) accounts({moyaAccount (19)=492, org.telegram.messenger (20)=210, com.whatsapp (55)=679, com.google (9)=1028, vnd.sec.contact.sim2 (2)=3, com.google.android.apps.tachyon (156)=204, com.whatsapp.w4b (59)=679}) accounts deleted({}) calls([logtype:100 cnt:148, logtype:300 cnt:1, logtype:1000 cnt:1766, logtype:1150 cnt:86]) countryIso(ZA) userId(0)  ]
07-21 10:52:04.263  2491  2640 I content_query_sample: contents_sample_state: [ agr({[9 ,20 ,55 ,55 ,59 ,59]=1, [9 ,20 ,55 ,59 ,59]=1, [9 ,55 ,59 ,19 ,19 ,19]=1, [9 ,55 ,59 ,20 ,19]=5, [9 ,55 ,59 ,59 ,55 ,156 ,19 ,19 ,19 ,19]=1, [9 ,9 ,55 ,59 ,59 ,55 ,20 ,19]=1, [2]=3, [9 ,55 ,55 ,59 ,59 ,156 ,19]=2, [9 ,20 ,55 ,59 ,19]=45, [20]=19, [59 ,55 ,156 ,19]=1, [9 ,20 ,20 ,55 ,59 ,19]=2, [9 ,20 ,55 ,59 ,20 ,19]=2, [9 ,55 ,59 ,19]=142, [9 ,20 ,55 ,55 ,59 ,59 ,19]=5, [9 ,55 ,156 ,59]=1, [9 ,59 ,55 ,19 ,19]=1, [9 ,20 ,55 ,59]=37, [9 ,20 ,55 ,59 ,19 ,19 ,19]=1, [9 ,20 ,55 ,59 ,156 ,19]=19, [9 ,20 ,20 ,55 ,156 ,19 ,19]=1, [20 ,9 ,55 ,59 ,19]=1, [9 ,20 ,55 ,59 ,55 ,59 ,19]=^
07-21 10:52:06.534  1217  1217 D SSCtr   : [1] EVENT_SIGNAL_LEVEL_INFO_CHANGED - SignalBarInfo{ lteLevel=2 }
07-21 10:52:06.872  1012  7962 I power_partial_wake_state: [REL,2,*alarm*:android]
07-21 10:52:07.465  1217  1217 I SemTelephonyHandlerHelper: handleMessage: what=92
07-21 10:52:07.469  1012  7962 I power_partial_wake_state: [CHG,1,*telephony-radio*:com.android.phone]
07-21 10:52:07.470  1217  1217 D RILJ    : [4699]> GET_ACTIVITY_INFO [PHONE0]
07-21 10:52:07.473  1217  1217 I SemTelephonyHandlerHelper: handleMessage: what=93
07-21 10:52:07.474  1217  1241 D RILJ    : [4699]< GET_ACTIVITY_INFO ModemActivityInfo{ mTimestamp=9574163 mSleepTimeMs=23571 mIdleTimeMs=9259759 mActivityStatsTechSpecificInfo=[{mRat=UNKNOWN,mFrequencyRange=UNKNOWN,mTxTimeMs[]=[645483, 348885, 483231, 221687, 75149],mRxTimeMs=6840409}]} [PHONE0]
07-21 10:52:07.474  1012  7962 I power_partial_wake_state: [CHG,5,*telephony-radio*:com.android.phone]
07-21 10:52:07.475  1012  7962 I power_partial_wake_state: [REL,1,*telephony-radio*:com.android.phone]
07-21 10:52:07.518  1012  7962 I am_kill : [0,12601,com.android.vending:background,999,empty #17]
07-21 10:52:07.571  1012  2111 I am_proc_died: [0,12601,com.android.vending:background,999,19,70,534]
07-21 10:52:07.575  1217  1217 D DDS-TelephonyNetworkFactory[0]: handleMessage msg={ when=0 what=4 obj=NetworkRequest [ REQUEST id=1351, [ Capabilities: INTERNET&NOT_RESTRICTED&TRUSTED&NOT_VCN_MANAGED Uid: 10115 RequestorUid: 10115 RequestorPkg: com.android.vending UnderlyingNetworks: Null] ] target=com.android.internal.telephony.data.TelephonyNetworkFactory$InternalHandler }
07-21 10:52:07.576  1217  1217 D DDS-TelephonyNetworkFactory[0]: onReleaseNetworkFor [NetworkRequest [ REQUEST id=1351, [ Capabilities: INTERNET&NOT_RESTRICTED&TRUSTED&NOT_VCN_MANAGED Uid: 10115 RequestorUid: 10115 RequestorPkg: com.android.vending UnderlyingNetworks: Null] ], mPriority=0, state=UNSATISFIED, mAttachedDataNetwork=null, isMetered=false, created time=10:52:07.575, evaluation result=null] applied true
07-21 10:52:07.576  1217  1217 D DCT-C-0 : DDS-DcTracker.releaseNetwork for NetworkRequest [ REQUEST id=1351, [ Capabilities: INTERNET&NOT_RESTRICTED&TRUSTED&NOT_VCN_MANAGED Uid: 10115 RequestorUid: 10115 RequestorPkg: com.android.vending UnderlyingNetworks: Null] ] found {mApnType=default mState=CONNECTED mWaitingApns={[[ApnSetting] TelkomSA internet, 6344, 65502, internet, , null, , null, null, 1, supl | hipri | default, IP, IP, true, 0, false, 20, 0, 300, 0, 0, null, , false, UNKNOWN, UNKNOWN, 0, -1, -1, false] priority=1} mApnSetting={[ApnSetting] TelkomSA internet, 6344, 65502, internet, , null, , null, null, 1, supl | hipri | default, IP, IP, true, 0, false, 20, 0, 300, 0, 0, null, , false, UNKNOWN, UNKNOWN, 0, -1, -1, false} mReason=connected mNeedDisconnectByDdsChange=false mDataEnabled=true}, type=NORMAL
07-21 10:52:07.576  1217  1217 D DC-C-1  : reevaluate data connection properties
07-21 10:52:07.577  1217  1217 D DDS-TelephonyNetworkFactory[0]: handleMessage msg={ when=0 what=4 obj=NetworkRequest [ REQUEST id=1341, [ Capabilities: INTERNET&NOT_RESTRICTED&TRUSTED&NOT_VCN_MANAGED Uid: 10115 RequestorUid: 10115 RequestorPkg: com.android.vending UnderlyingNetworks: Null] ] target=com.android.internal.telephony.data.TelephonyNetworkFactory$InternalHandler }
07-21 10:52:07.577  1217  1217 D DDS-TelephonyNetworkFactory[0]: onReleaseNetworkFor [NetworkRequest [ REQUEST id=1341, [ Capabilities: INTERNET&NOT_RESTRICTED&TRUSTED&NOT_VCN_MANAGED Uid: 10115 RequestorUid: 10115 RequestorPkg: com.android.vending UnderlyingNetworks: Null] ], mPriority=0, state=UNSATISFIED, mAttachedDataNetwork=null, isMetered=false, created time=10:52:07.577, evaluation result=null] applied true
07-21 10:52:07.577  1217  1217 D DCT-C-0 : DDS-DcTracker.releaseNetwork for NetworkRequest [ REQUEST id=1341, [ Capabilities: INTERNET&NOT_RESTRICTED&TRUSTED&NOT_VCN_MANAGED Uid: 10115 RequestorUid: 10115 RequestorPkg: com.android.vending UnderlyingNetworks: Null] ] found {mApnType=default mState=CONNECTED mWaitingApns={[[ApnSetting] TelkomSA internet, 6344, 65502, internet, , null, , null, null, 1, supl | hipri | default, IP, IP, true, 0, false, 20, 0, 300, 0, 0, null, , false, UNKNOWN, UNKNOWN, 0, -1, -1, false] priority=1} mApnSetting={[ApnSetting] TelkomSA internet, 6344, 65502, internet, , null, , null, null, 1, supl | hipri | default, IP, IP, true, 0, false, 20, 0, 300, 0, 0, null, , false, UNKNOWN, UNKNOWN, 0, -1, -1, false} mReason=connected mNeedDisconnectByDdsChange=false mDataEnabled=true}, type=NORMAL
07-21 10:52:07.578  1217  1217 D DC-C-1  : reevaluate data connection properties
07-21 10:52:07.578  1217  1217 D DDS-TelephonyNetworkFactory[0]: handleMessage msg={ when=0 what=4 obj=NetworkRequest [ REQUEST id=1343, [ Capabilities: INTERNET&NOT_RESTRICTED&TRUSTED&NOT_VCN_MANAGED Uid: 10115 RequestorUid: 10115 RequestorPkg: com.android.vending UnderlyingNetworks: Null] ] target=com.android.internal.telephony.data.TelephonyNetworkFactory$InternalHandler }
07-21 10:52:07.578  1217  1217 D DDS-TelephonyNetworkFactory[0]: onReleaseNetworkFor [NetworkRequest [ REQUEST id=1343, [ Capabilities: INTERNET&NOT_RESTRICTED&TRUSTED&NOT_VCN_MANAGED Uid: 10115 RequestorUid: 10115 RequestorPkg: com.android.vending UnderlyingNetworks: Null] ], mPriority=0, state=UNSATISFIED, mAttachedDataNetwork=null, isMetered=false, created time=10:52:07.578, evaluation result=null] applied true
07-21 10:52:07.579  1217  1217 D DCT-C-0 : DDS-DcTracker.releaseNetwork for NetworkRequest [ REQUEST id=1343, [ Capabilities: INTERNET&NOT_RESTRICTED&TRUSTED&NOT_VCN_MANAGED Uid: 10115 RequestorUid: 10115 RequestorPkg: com.android.vending UnderlyingNetworks: Null] ] found {mApnType=default mState=CONNECTED mWaitingApns={[[ApnSetting] TelkomSA internet, 6344, 65502, internet, , null, , null, null, 1, supl | hipri | default, IP, IP, true, 0, false, 20, 0, 300, 0, 0, null, , false, UNKNOWN, UNKNOWN, 0, -1, -1, false] priority=1} mApnSetting={[ApnSetting] TelkomSA internet, 6344, 65502, internet, , null, , null, null, 1, supl | hipri | default, IP, IP, true, 0, false, 20, 0, 300, 0, 0, null, , false, UNKNOWN, UNKNOWN, 0, -1, -1, false} mReason=connected mNeedDisconnectByDdsChange=false mDataEnabled=true}, type=NORMAL
07-21 10:52:07.579  1217  1217 D DC-C-1  : reevaluate data connection properties
07-21 10:52:07.590  1012  1042 I am_pss  : [13507,1000,com.android.settings,45753344,21366784,19438592,62060544,0,15,13]
07-21 10:52:07.604  1012  1042 I am_pss  : [13253,10224,za.co.vanelo.guardflow.mobile,56577024,17950720,32665600,63473664,0,16,12]
07-21 10:52:07.614  1012  1042 I am_pss  : [13675,10225,org.chromium.webapk.a7ac6b774a54292a0_v2,4942848,716800,3699712,16666624,0,17,8]
07-21 10:52:07.629  1012  1042 I am_pss  : [14024,10215,za.co.easyequities.app,45867008,30601216,9712640,75317248,0,19,12]
07-21 10:52:09.193  1012  1043 I am_uid_idle: 10149
07-21 10:52:10.042  1217  1217 D SSCtr   : [1] EVENT_SIGNAL_LEVEL_INFO_CHANGED - SignalBarInfo{ lteLevel=2 }
07-21 10:52:10.374  1217  1217 D SSCtr   : [1] EVENT_SIGNAL_LEVEL_INFO_CHANGED - SignalBarInfo{ lteLevel=2 }
07-21 10:52:12.502  1217  1217 I SemTelephonyHandlerHelper: handleMessage: what=92
07-21 10:52:12.505  1012  2111 I power_partial_wake_state: [CHG,0,*telephony-radio*:com.android.phone]
07-21 10:52:12.506  1217  1217 D RILJ    : [4700]> GET_ACTIVITY_INFO [PHONE0]
07-21 10:52:12.509  1217  1217 I SemTelephonyHandlerHelper: handleMessage: what=93
07-21 10:52:12.510  1217  1241 D RILJ    : [4700]< GET_ACTIVITY_INFO ModemActivityInfo{ mTimestamp=9579199 mSleepTimeMs=23571 mIdleTimeMs=9264772 mActivityStatsTechSpecificInfo=[{mRat=UNKNOWN,mFrequencyRange=UNKNOWN,mTxTimeMs[]=[646661, 349188, 483301, 221687, 75149],mRxTimeMs=6845205}]} [PHONE0]
07-21 10:52:12.510  1012  2111 I power_partial_wake_state: [CHG,4,*telephony-radio*:com.android.phone]
07-21 10:52:12.511  1012  2111 I power_partial_wake_state: [REL,0,*telephony-radio*:com.android.phone]
07-21 10:52:12.577  1012  1042 I am_pss  : [13535,10133,com.google.android.gm,95439872,62832640,22524928,124653568,0,19,16]
07-21 10:52:13.029  1012  2111 I power_partial_wake_state: [REL,5,moya:XmppConnectionService:nu.bi.moya]
07-21 10:52:17.288  1217  1217 I SemTelephonyHandlerHelper: handleMessage: what=92
07-21 10:52:17.292  1012  3258 I power_partial_wake_state: [CHG,1,*telephony-radio*:com.android.phone]
07-21 10:52:17.293  1217  1217 D RILJ    : [4701]> GET_ACTIVITY_INFO [PHONE0]
07-21 10:52:17.296  1217  1217 I SemTelephonyHandlerHelper: handleMessage: what=93
07-21 10:52:17.297  1217  1241 D RILJ    : [4701]< GET_ACTIVITY_INFO ModemActivityInfo{ mTimestamp=9583986 mSleepTimeMs=23571 mIdleTimeMs=9269539 mActivityStatsTechSpecificInfo=[{mRat=UNKNOWN,mFrequencyRange=UNKNOWN,mTxTimeMs[]=[648190, 349214, 483312, 221687, 75149],mRxTimeMs=6849795}]} [PHONE0]
07-21 10:52:17.297  1012  7962 I power_partial_wake_state: [CHG,5,*telephony-radio*:com.android.phone]
07-21 10:52:17.298  1012  7962 I power_partial_wake_state: [REL,0,*telephony-radio*:com.android.phone]
07-21 10:52:19.572  1217  1217 I SemTelephonyHandlerHelper: handleMessage: what=92
07-21 10:52:19.576  1012  3258 I power_partial_wake_state: [CHG,1,*telephony-radio*:com.android.phone]
07-21 10:52:19.577  1217  1217 D RILJ    : [4702]> GET_ACTIVITY_INFO [PHONE0]
07-21 10:52:19.580  1217  1217 I SemTelephonyHandlerHelper: handleMessage: what=93
07-21 10:52:19.581  1217  1241 D RILJ    : [4702]< GET_ACTIVITY_INFO ModemActivityInfo{ mTimestamp=9586270 mSleepTimeMs=23571 mIdleTimeMs=9271813 mActivityStatsTechSpecificInfo=[{mRat=UNKNOWN,mFrequencyRange=UNKNOWN,mTxTimeMs[]=[648586, 349252, 483312, 221687, 75149],mRxTimeMs=6851977}]} [PHONE0]
07-21 10:52:19.582  1012  3258 I power_partial_wake_state: [CHG,6,*telephony-radio*:com.android.phone]
07-21 10:52:19.583  1012  3258 I power_partial_wake_state: [REL,1,*telephony-radio*:com.android.phone]
07-21 10:52:23.032  1012  3258 I power_partial_wake_state: [REL,7,moya:XmppConnectionService:nu.bi.moya]
07-21 10:52:23.174  1217  1217 D SSCtr   : [1] EVENT_SIGNAL_LEVEL_INFO_CHANGED - SignalBarInfo{ lteLevel=2 }
07-21 10:52:24.630  1217  1217 I SemTelephonyHandlerHelper: handleMessage: what=92
07-21 10:52:24.634  1012  7962 I power_partial_wake_state: [CHG,1,*telephony-radio*:com.android.phone]
07-21 10:52:24.635  1217  1217 D RILJ    : [4703]> GET_ACTIVITY_INFO [PHONE0]
07-21 10:52:24.639  1217  1217 I SemTelephonyHandlerHelper: handleMessage: what=93
07-21 10:52:24.639  1217  1241 D RILJ    : [4703]< GET_ACTIVITY_INFO ModemActivityInfo{ mTimestamp=9591328 mSleepTimeMs=23571 mIdleTimeMs=9276850 mActivityStatsTechSpecificInfo=[{mRat=UNKNOWN,mFrequencyRange=UNKNOWN,mTxTimeMs[]=[649959, 349399, 483352, 221687, 75149],mRxTimeMs=6856727}]} [PHONE0]
07-21 10:52:24.640  1012  7962 I power_partial_wake_state: [CHG,6,*telephony-radio*:com.android.phone]
07-21 10:52:24.641  1012  7962 I power_partial_wake_state: [REL,1,*telephony-radio*:com.android.phone]
07-21 10:52:29.233  1217  1217 D SSCtr   : [0] EVENT_SIGNAL_LEVEL_INFO_CHANGED - SignalBarInfo{ lteLevel=4 }
07-21 10:52:29.697  1217  1217 I SemTelephonyHandlerHelper: handleMessage: what=92
07-21 10:52:29.702  1012  1494 I power_partial_wake_state: [CHG,2,*telephony-radio*:com.android.phone]
07-21 10:52:29.703  1217  1217 D RILJ    : [4704]> GET_ACTIVITY_INFO [PHONE0]
07-21 10:52:29.706  1217  1217 I SemTelephonyHandlerHelper: handleMessage: what=93
07-21 10:52:29.707  1217  1241 D RILJ    : [4704]< GET_ACTIVITY_INFO ModemActivityInfo{ mTimestamp=9596396 mSleepTimeMs=23571 mIdleTimeMs=9281897 mActivityStatsTechSpecificInfo=[{mRat=UNKNOWN,mFrequencyRange=UNKNOWN,mTxTimeMs[]=[650941, 349559, 483352, 221687, 75149],mRxTimeMs=6861495}]} [PHONE0]
07-21 10:52:29.707  1012  1494 I power_partial_wake_state: [CHG,5,*telephony-radio*:com.android.phone]
07-21 10:52:29.709  1012  1494 I power_partial_wake_state: [REL,1,*telephony-radio*:com.android.phone]
07-21 10:52:33.033  1012  7962 I power_partial_wake_state: [REL,8,moya:XmppConnectionService:nu.bi.moya]
07-21 10:52:34.747  1217  1217 I SemTelephonyHandlerHelper: handleMessage: what=92
07-21 10:52:34.751  1012  3258 I power_partial_wake_state: [CHG,1,*telephony-radio*:com.android.phone]
07-21 10:52:34.752  1217  1217 D RILJ    : [4705]> GET_ACTIVITY_INFO [PHONE0]
07-21 10:52:34.756  1217  1217 I SemTelephonyHandlerHelper: handleMessage: what=93
07-21 10:52:34.756  1217  1241 D RILJ    : [4705]< GET_ACTIVITY_INFO ModemActivityInfo{ mTimestamp=9601446 mSleepTimeMs=23571 mIdleTimeMs=9286923 mActivityStatsTechSpecificInfo=[{mRat=UNKNOWN,mFrequencyRange=UNKNOWN,mTxTimeMs[]=[652606, 350320, 483380, 221687, 75149],mRxTimeMs=6866275}]} [PHONE0]
07-21 10:52:34.757  1012  3258 I power_partial_wake_state: [CHG,6,*telephony-radio*:com.android.phone]
07-21 10:52:34.759  1012  3258 I power_partial_wake_state: [REL,1,*telephony-radio*:com.android.phone]
07-21 10:52:39.798  1217  1217 I SemTelephonyHandlerHelper: handleMessage: what=92
07-21 10:52:39.803  1012  2111 I power_partial_wake_state: [CHG,1,*telephony-radio*:com.android.phone]
07-21 10:52:39.804  1217  1217 D RILJ    : [4706]> GET_ACTIVITY_INFO [PHONE0]
07-21 10:52:39.812  1217  1217 I SemTelephonyHandlerHelper: handleMessage: what=93
07-21 10:52:39.812  1217  1241 D RILJ    : [4706]< GET_ACTIVITY_INFO ModemActivityInfo{ mTimestamp=9606502 mSleepTimeMs=23571 mIdleTimeMs=9291956 mActivityStatsTechSpecificInfo=[{mRat=UNKNOWN,mFrequencyRange=UNKNOWN,mTxTimeMs[]=[653013, 350989, 483881, 221727, 75149],mRxTimeMs=6871017}]} [PHONE0]
07-21 10:52:39.813  1012  2111 I power_partial_wake_state: [CHG,10,*telephony-radio*:com.android.phone]
07-21 10:52:39.814  1012  2111 I power_partial_wake_state: [REL,0,*telephony-radio*:com.android.phone]
07-21 10:52:43.032  1012  3258 I power_partial_wake_state: [REL,7,moya:XmppConnectionService:nu.bi.moya]
07-21 10:52:46.870  1217  1217 I SemTelephonyHandlerHelper: handleMessage: what=92
07-21 10:52:46.875  1012  3258 I power_partial_wake_state: [CHG,2,*telephony-radio*:com.android.phone]
07-21 10:52:46.876  1217  1217 D RILJ    : [4707]> GET_ACTIVITY_INFO [PHONE0]
07-21 10:52:46.880  1217  1217 I SemTelephonyHandlerHelper: handleMessage: what=93
07-21 10:52:46.880  1217  1241 D RILJ    : [4707]< GET_ACTIVITY_INFO ModemActivityInfo{ mTimestamp=9613569 mSleepTimeMs=23571 mIdleTimeMs=9298996 mActivityStatsTechSpecificInfo=[{mRat=UNKNOWN,mFrequencyRange=UNKNOWN,mTxTimeMs[]=[653521, 351458, 484428, 221772, 75149],mRxTimeMs=6877667}]} [PHONE0]
07-21 10:52:46.881  1012  3258 I power_partial_wake_state: [CHG,6,*telephony-radio*:com.android.phone]
07-21 10:52:46.882  1012  3258 I power_partial_wake_state: [REL,1,*telephony-radio*:com.android.phone]
07-21 10:52:51.932  1217  1217 I SemTelephonyHandlerHelper: handleMessage: what=92
07-21 10:52:51.936  1012  1494 I power_partial_wake_state: [CHG,1,*telephony-radio*:com.android.phone]
07-21 10:52:51.938  1217  1217 D RILJ    : [4708]> GET_ACTIVITY_INFO [PHONE0]
07-21 10:52:51.941  1217  1217 I SemTelephonyHandlerHelper: handleMessage: what=93
07-21 10:52:51.941  1217  1241 D RILJ    : [4708]< GET_ACTIVITY_INFO ModemActivityInfo{ mTimestamp=9618631 mSleepTimeMs=23571 mIdleTimeMs=9304036 mActivityStatsTechSpecificInfo=[{mRat=UNKNOWN,mFrequencyRange=UNKNOWN,mTxTimeMs[]=[653844, 351832, 484841, 221815, 75149],mRxTimeMs=6882497}]} [PHONE0]
07-21 10:52:51.942  1012  1494 I power_partial_wake_state: [CHG,5,*telephony-radio*:com.android.phone]
07-21 10:52:51.944  1012  1494 I power_partial_wake_state: [REL,0,*telephony-radio*:com.android.phone]
07-21 10:52:53.031  1012  3258 I power_partial_wake_state: [REL,6,moya:XmppConnectionService:nu.bi.moya]
07-21 10:52:56.996  1217  1217 I SemTelephonyHandlerHelper: handleMessage: what=92
07-21 10:52:57.001  1012  3258 I power_partial_wake_state: [CHG,1,*telephony-radio*:com.android.phone]
07-21 10:52:57.002  1217  1217 D RILJ    : [4709]> GET_ACTIVITY_INFO [PHONE0]
07-21 10:52:57.006  1217  1217 I SemTelephonyHandlerHelper: handleMessage: what=93
07-21 10:52:57.006  1217  1241 D RILJ    : [4709]< GET_ACTIVITY_INFO ModemActivityInfo{ mTimestamp=9623696 mSleepTimeMs=23571 mIdleTimeMs=9309077 mActivityStatsTechSpecificInfo=[{mRat=UNKNOWN,mFrequencyRange=UNKNOWN,mTxTimeMs[]=[654050, 352251, 485503, 221815, 75149],mRxTimeMs=6887353}]} [PHONE0]
07-21 10:52:57.007  1012  3258 I power_partial_wake_state: [CHG,5,*telephony-radio*:com.android.phone]
07-21 10:52:57.008  1012  3258 I power_partial_wake_state: [REL,1,*telephony-radio*:com.android.phone]
07-21 10:53:00.004  1012  1012 I power_partial_wake_state: [REL,1,*alarm*:android]
07-21 10:53:02.054  1217  1217 I SemTelephonyHandlerHelper: handleMessage: what=92
07-21 10:53:02.059  1012  1494 I power_partial_wake_state: [CHG,1,*telephony-radio*:com.android.phone]
07-21 10:53:02.060  1217  1217 D RILJ    : [4710]> GET_ACTIVITY_INFO [PHONE0]
07-21 10:53:02.064  1217  1217 I SemTelephonyHandlerHelper: handleMessage: what=93
07-21 10:53:02.064  1217  1241 D RILJ    : [4710]< GET_ACTIVITY_INFO ModemActivityInfo{ mTimestamp=9628753 mSleepTimeMs=23571 mIdleTimeMs=9314113 mActivityStatsTechSpecificInfo=[{mRat=UNKNOWN,mFrequencyRange=UNKNOWN,mTxTimeMs[]=[654761, 352516, 485740, 221831, 75149],mRxTimeMs=6892165}]} [PHONE0]
07-21 10:53:02.065  1012  1494 I power_partial_wake_state: [CHG,6,*telephony-radio*:com.android.phone]
07-21 10:53:02.066  1012  1494 I power_partial_wake_state: [REL,1,*telephony-radio*:com.android.phone]
07-21 10:53:03.031  1012  3258 I power_partial_wake_state: [REL,7,moya:XmppConnectionService:nu.bi.moya]
07-21 10:53:04.415  2491  2640 I content_query_sample: contents_sample_state: [CONTACT contacts(1054) data(14631) accounts({moyaAccount (19)=492, org.telegram.messenger (20)=210, com.whatsapp (55)=679, com.google (9)=1028, vnd.sec.contact.sim2 (2)=3, com.google.android.apps.tachyon (156)=204, com.whatsapp.w4b (59)=679}) accounts deleted({}) calls([logtype:100 cnt:148, logtype:300 cnt:1, logtype:1000 cnt:1766, logtype:1150 cnt:86]) countryIso(ZA) userId(0)  ]
07-21 10:53:04.415  2491  2640 I content_query_sample: contents_sample_state: [ agr({[9 ,20 ,55 ,55 ,59 ,59]=1, [9 ,20 ,55 ,59 ,59]=1, [9 ,55 ,59 ,19 ,19 ,19]=1, [9 ,55 ,59 ,20 ,19]=5, [9 ,55 ,59 ,59 ,55 ,156 ,19 ,19 ,19 ,19]=1, [9 ,9 ,55 ,59 ,59 ,55 ,20 ,19]=1, [2]=3, [9 ,55 ,55 ,59 ,59 ,156 ,19]=2, [9 ,20 ,55 ,59 ,19]=45, [20]=19, [59 ,55 ,156 ,19]=1, [9 ,20 ,20 ,55 ,59 ,19]=2, [9 ,20 ,55 ,59 ,20 ,19]=2, [9 ,55 ,59 ,19]=142, [9 ,20 ,55 ,55 ,59 ,59 ,19]=5, [9 ,55 ,156 ,59]=1, [9 ,59 ,55 ,19 ,19]=1, [9 ,20 ,55 ,59]=37, [9 ,20 ,55 ,59 ,19 ,19 ,19]=1, [9 ,20 ,55 ,59 ,156 ,19]=19, [9 ,20 ,20 ,55 ,156 ,19 ,19]=1, [20 ,9 ,55 ,59 ,19]=1, [9 ,20 ,55 ,59 ,55 ,59 ,19]=^
07-21 10:53:07.069  1217  1217 D SSCtr   : [1] EVENT_SIGNAL_LEVEL_INFO_CHANGED - SignalBarInfo{ lteLevel=2 }
07-21 10:53:07.109  1217  1217 I SemTelephonyHandlerHelper: handleMessage: what=92
07-21 10:53:07.113  1012  3258 I power_partial_wake_state: [CHG,1,*telephony-radio*:com.android.phone]
07-21 10:53:07.115  1217  1217 D RILJ    : [4711]> GET_ACTIVITY_INFO [PHONE0]
07-21 10:53:07.119  1217  1217 I SemTelephonyHandlerHelper: handleMessage: what=93
07-21 10:53:07.119  1217  1241 D RILJ    : [4711]< GET_ACTIVITY_INFO ModemActivityInfo{ mTimestamp=9633808 mSleepTimeMs=23571 mIdleTimeMs=9319147 mActivityStatsTechSpecificInfo=[{mRat=UNKNOWN,mFrequencyRange=UNKNOWN,mTxTimeMs[]=[655711, 352559, 485764, 221831, 75149],mRxTimeMs=6896981}]} [PHONE0]
07-21 10:53:07.119  1012  3258 I power_partial_wake_state: [CHG,5,*telephony-radio*:com.android.phone]
07-21 10:53:07.121  1012  3258 I power_partial_wake_state: [REL,1,*telephony-radio*:com.android.phone]
07-21 10:53:12.172  1217  1217 I SemTelephonyHandlerHelper: handleMessage: what=92
07-21 10:53:12.177  1012  3258 I power_partial_wake_state: [CHG,1,*telephony-radio*:com.android.phone]
07-21 10:53:12.179  1217  1217 D RILJ    : [4712]> GET_ACTIVITY_INFO [PHONE0]
07-21 10:53:12.183  1217  1217 I SemTelephonyHandlerHelper: handleMessage: what=93
07-21 10:53:12.183  1217  1241 D RILJ    : [4712]< GET_ACTIVITY_INFO ModemActivityInfo{ mTimestamp=9638872 mSleepTimeMs=23571 mIdleTimeMs=9324190 mActivityStatsTechSpecificInfo=[{mRat=UNKNOWN,mFrequencyRange=UNKNOWN,mTxTimeMs[]=[655995, 353234, 485844, 221839, 75149],mRxTimeMs=6901837}]} [PHONE0]
07-21 10:53:12.184  1012  3258 I power_partial_wake_state: [CHG,6,*telephony-radio*:com.android.phone]
07-21 10:53:12.185  1012  3258 I power_partial_wake_state: [REL,1,*telephony-radio*:com.android.phone]
07-21 10:53:13.031  1012  3258 I power_partial_wake_state: [REL,7,moya:XmppConnectionService:nu.bi.moya]
07-21 10:53:17.239  1217  1217 I SemTelephonyHandlerHelper: handleMessage: what=92
07-21 10:53:17.244  1012  1494 I power_partial_wake_state: [CHG,2,*telephony-radio*:com.android.phone]
07-21 10:53:17.245  1217  1217 D RILJ    : [4713]> GET_ACTIVITY_INFO [PHONE0]
07-21 10:53:17.251  1217  1217 I SemTelephonyHandlerHelper: handleMessage: what=93
07-21 10:53:17.252  1217  1241 D RILJ    : [4713]< GET_ACTIVITY_INFO ModemActivityInfo{ mTimestamp=9643941 mSleepTimeMs=23571 mIdleTimeMs=9329236 mActivityStatsTechSpecificInfo=[{mRat=UNKNOWN,mFrequencyRange=UNKNOWN,mTxTimeMs[]=[657780, 353469, 485878, 221839, 75149],mRxTimeMs=6906667}]} [PHONE0]
07-21 10:53:17.252  1012  1494 I power_partial_wake_state: [CHG,8,*telephony-radio*:com.android.phone]
07-21 10:53:17.254  1012  1494 I power_partial_wake_state: [REL,1,*telephony-radio*:com.android.phone]
07-21 10:53:17.599  1217  1217 I SemTelephonyHandlerHelper: handleMessage: what=92
07-21 10:53:17.604  1012  1494 I power_partial_wake_state: [CHG,1,*telephony-radio*:com.android.phone]
07-21 10:53:17.605  1217  1217 D RILJ    : [4714]> GET_ACTIVITY_INFO [PHONE0]
07-21 10:53:17.609  1217  1217 I SemTelephonyHandlerHelper: handleMessage: what=93
07-21 10:53:17.609  1217  1241 D RILJ    : [4714]< GET_ACTIVITY_INFO ModemActivityInfo{ mTimestamp=9644298 mSleepTimeMs=23571 mIdleTimeMs=9329591 mActivityStatsTechSpecificInfo=[{mRat=UNKNOWN,mFrequencyRange=UNKNOWN,mTxTimeMs[]=[657897, 353597, 485878, 221839, 75149],mRxTimeMs=6907039}]} [PHONE0]
07-21 10:53:17.610  1012  3258 I power_partial_wake_state: [CHG,6,*telephony-radio*:com.android.phone]
07-21 10:53:17.611  1012  3258 I power_partial_wake_state: [REL,1,*telephony-radio*:com.android.phone]
07-21 10:53:20.442  1217  1217 D SSCtr   : [1] EVENT_SIGNAL_LEVEL_INFO_CHANGED - SignalBarInfo{ lteLevel=2 }
07-21 10:53:22.298  1217  1217 I SemTelephonyHandlerHelper: handleMessage: what=92
07-21 10:53:22.302  1012  1494 I power_partial_wake_state: [CHG,1,*telephony-radio*:com.android.phone]
07-21 10:53:22.303  1217  1217 D RILJ    : [4715]> GET_ACTIVITY_INFO [PHONE0]
07-21 10:53:22.306  1217  1217 I SemTelephonyHandlerHelper: handleMessage: what=93
07-21 10:53:22.307  1217  1241 D RILJ    : [4715]< GET_ACTIVITY_INFO ModemActivityInfo{ mTimestamp=9648996 mSleepTimeMs=23571 mIdleTimeMs=9334268 mActivityStatsTechSpecificInfo=[{mRat=UNKNOWN,mFrequencyRange=UNKNOWN,mTxTimeMs[]=[659541, 354009, 485905, 221839, 75149],mRxTimeMs=6911461}]} [PHONE0]
07-21 10:53:22.308  1012  1494 I power_partial_wake_state: [CHG,6,*telephony-radio*:com.android.phone]
07-21 10:53:22.309  1012  1494 I power_partial_wake_state: [REL,1,*telephony-radio*:com.android.phone]
07-21 10:53:23.031  1012  1494 I power_partial_wake_state: [REL,7,moya:XmppConnectionService:nu.bi.moya]
07-21 10:53:28.391  1217  1217 I SemTelephonyHandlerHelper: handleMessage: what=92
07-21 10:53:28.395  1012  1454 I power_partial_wake_state: [CHG,1,*telephony-radio*:com.android.phone]
07-21 10:53:28.397  1217  1217 D RILJ    : [4716]> GET_ACTIVITY_INFO [PHONE0]
07-21 10:53:28.400  1217  1217 I SemTelephonyHandlerHelper: handleMessage: what=93
07-21 10:53:28.400  1217  1241 D RILJ    : [4716]< GET_ACTIVITY_INFO ModemActivityInfo{ mTimestamp=9655089 mSleepTimeMs=23571 mIdleTimeMs=9340334 mActivityStatsTechSpecificInfo=[{mRat=UNKNOWN,mFrequencyRange=UNKNOWN,mTxTimeMs[]=[661247, 354165, 485938, 221839, 75149],mRxTimeMs=6917311}]} [PHONE0]
07-21 10:53:28.401  1012  1454 I power_partial_wake_state: [CHG,5,*telephony-radio*:com.android.phone]
07-21 10:53:28.402  1012  1454 I power_partial_wake_state: [REL,1,*telephony-radio*:com.android.phone]
07-21 10:53:33.031  1012  1454 I power_partial_wake_state: [REL,6,moya:XmppConnectionService:nu.bi.moya]
07-21 10:53:33.450  1217  1217 I SemTelephonyHandlerHelper: handleMessage: what=92
07-21 10:53:33.455  1012  2111 I power_partial_wake_state: [CHG,1,*telephony-radio*:com.android.phone]
07-21 10:53:33.456  1217  1217 D RILJ    : [4717]> GET_ACTIVITY_INFO [PHONE0]
07-21 10:53:33.460  1217  1217 I SemTelephonyHandlerHelper: handleMessage: what=93
07-21 10:53:33.460  1217  1241 D RILJ    : [4717]< GET_ACTIVITY_INFO ModemActivityInfo{ mTimestamp=9660150 mSleepTimeMs=23571 mIdleTimeMs=9345372 mActivityStatsTechSpecificInfo=[{mRat=UNKNOWN,mFrequencyRange=UNKNOWN,mTxTimeMs[]=[662083, 354821, 486178, 221851, 75149],mRxTimeMs=6922173}]} [PHONE0]
07-21 10:53:33.461  1012  2111 I power_partial_wake_state: [CHG,6,*telephony-radio*:com.android.phone]
07-21 10:53:33.462  1012  2111 I power_partial_wake_state: [REL,1,*telephony-radio*:com.android.phone]
07-21 10:53:40.556  1217  1217 I SemTelephonyHandlerHelper: handleMessage: what=92
07-21 10:53:40.560  1012  1454 I power_partial_wake_state: [CHG,1,*telephony-radio*:com.android.phone]
07-21 10:53:40.562  1217  1217 D RILJ    : [4718]> GET_ACTIVITY_INFO [PHONE0]
07-21 10:53:40.565  1217  1217 I SemTelephonyHandlerHelper: handleMessage: what=93
07-21 10:53:40.566  1217  1241 D RILJ    : [4718]< GET_ACTIVITY_INFO ModemActivityInfo{ mTimestamp=9667255 mSleepTimeMs=23571 mIdleTimeMs=9352447 mActivityStatsTechSpecificInfo=[{mRat=UNKNOWN,mFrequencyRange=UNKNOWN,mTxTimeMs[]=[662867, 355655, 486185, 221851, 75149],mRxTimeMs=6928945}]} [PHONE0]
07-21 10:53:40.567  1012  1454 I power_partial_wake_state: [CHG,5,*telephony-radio*:com.android.phone]
07-21 10:53:40.568  1012  1454 I power_partial_wake_state: [REL,1,*telephony-radio*:com.android.phone]
07-21 10:53:43.031  1012  1454 I power_partial_wake_state: [REL,6,moya:XmppConnectionService:nu.bi.moya]
07-21 10:53:45.602  1217  1217 I SemTelephonyHandlerHelper: handleMessage: what=92
07-21 10:53:45.606  1012  2111 I power_partial_wake_state: [CHG,1,*telephony-radio*:com.android.phone]
07-21 10:53:45.607  1217  1217 D RILJ    : [4719]> GET_ACTIVITY_INFO [PHONE0]
07-21 10:53:45.611  1217  1217 I SemTelephonyHandlerHelper: handleMessage: what=93
07-21 10:53:45.611  1217  1241 D RILJ    : [4719]< GET_ACTIVITY_INFO ModemActivityInfo{ mTimestamp=9672300 mSleepTimeMs=23571 mIdleTimeMs=9357471 mActivityStatsTechSpecificInfo=[{mRat=UNKNOWN,mFrequencyRange=UNKNOWN,mTxTimeMs[]=[664158, 356188, 486242, 221851, 75149],mRxTimeMs=6933801}]} [PHONE0]
07-21 10:53:45.612  1012  2111 I power_partial_wake_state: [CHG,6,*telephony-radio*:com.android.phone]
07-21 10:53:45.613  1012  2111 I power_partial_wake_state: [REL,1,*telephony-radio*:com.android.phone]
07-21 10:53:50.660  1217  1217 I SemTelephonyHandlerHelper: handleMessage: what=92
07-21 10:53:50.665  1012  1454 I power_partial_wake_state: [CHG,0,*telephony-radio*:com.android.phone]
07-21 10:53:50.666  1217  1217 D RILJ    : [4720]> GET_ACTIVITY_INFO [PHONE0]
07-21 10:53:50.669  1217  1217 I SemTelephonyHandlerHelper: handleMessage: what=93
07-21 10:53:50.670  1217  1241 D RILJ    : [4720]< GET_ACTIVITY_INFO ModemActivityInfo{ mTimestamp=9677359 mSleepTimeMs=23571 mIdleTimeMs=9362508 mActivityStatsTechSpecificInfo=[{mRat=UNKNOWN,mFrequencyRange=UNKNOWN,mTxTimeMs[]=[665172, 356861, 486319, 221851, 75149],mRxTimeMs=6938633}]} [PHONE0]
07-21 10:53:50.670  1012  1454 I power_partial_wake_state: [CHG,5,*telephony-radio*:com.android.phone]
07-21 10:53:50.672  1012  1454 I power_partial_wake_state: [REL,1,*telephony-radio*:com.android.phone]
07-21 10:53:53.031  1012  1454 I power_partial_wake_state: [REL,6,moya:XmppConnectionService:nu.bi.moya]
07-21 10:53:54.321  1012  1116 I input_interaction: Interaction with: 61f9adb com.sec.android.app.launcher/com.android.launcher3.infra.activity.Launcher (server), cdc63ae com.android.systemui.ImageWallpaper (server), PointerEventDispatcher0 (server), 
07-21 10:53:55.736  1217  1217 I SemTelephonyHandlerHelper: handleMessage: what=92
07-21 10:53:55.739  1012  2111 I power_partial_wake_state: [CHG,1,*telephony-radio*:com.android.phone]
07-21 10:53:55.740  1217  1217 D RILJ    : [4721]> GET_ACTIVITY_INFO [PHONE0]
07-21 10:53:55.743  1217  1217 I SemTelephonyHandlerHelper: handleMessage: what=93
07-21 10:53:55.743  1217  1241 D RILJ    : [4721]< GET_ACTIVITY_INFO ModemActivityInfo{ mTimestamp=9682433 mSleepTimeMs=23571 mIdleTimeMs=9367563 mActivityStatsTechSpecificInfo=[{mRat=UNKNOWN,mFrequencyRange=UNKNOWN,mTxTimeMs[]=[665736, 356956, 486426, 221851, 75149],mRxTimeMs=6943429}]} [PHONE0]
07-21 10:53:55.743  1012  2111 I power_partial_wake_state: [CHG,4,*telephony-radio*:com.android.phone]
07-21 10:53:55.745  1012  2111 I power_partial_wake_state: [REL,0,*telephony-radio*:com.android.phone]
07-21 10:53:57.866  1012  1216 I am_uid_running: 10144
07-21 10:53:57.884  1012  1044 I am_proc_start: [0,14407,10144,com.google.android.dialer,activelaunch,{com.google.android.dialer/com.google.android.dialer.extensions.GoogleDialtactsActivity}]
07-21 10:53:57.969  1012  2111 I am_proc_bound: [0,14407,com.google.android.dialer]
07-21 10:53:58.842  1217  1217 D SSCtr   : [1] EVENT_SIGNAL_LEVEL_INFO_CHANGED - SignalBarInfo{ lteLevel=2 }
07-21 10:53:59.287  1012  2111 I wm_task_moved: [1641,1,6]
07-21 10:53:59.287  1012  2111 I wm_task_to_front: [0,1641]
07-21 10:53:59.288  1012  2111 I wm_focused_root_task: [0,0,1641,1,bringingFoundTaskToFront]
07-21 10:53:59.291  1012  2111 I wm_set_resumed_activity: [0,za.co.vanelo.guardflow.mobile/.MainActivity,bringingFoundTaskToFront]
07-21 10:53:59.292  1012  2111 I wm_new_intent: [0,67033380,1641,za.co.vanelo.guardflow.mobile/.MainActivity,android.intent.action.MAIN,NULL,NULL,268435456,startActivityAsUser:com.sec.android.app.launcher:-1]
07-21 10:53:59.295  1012  2111 I wm_pause_activity: [0,57556660,com.sec.android.app.launcher/com.android.launcher3.infra.activity.Launcher,userLeaving=true,pauseBackTasks]
07-21 10:53:59.300  1012  1036 I input_focus: [Requesting to set focus to null window,reason=UpdateInputWindows]
07-21 10:53:59.302  1458  1458 I wm_on_top_resumed_lost_called: [57556660,com.android.launcher3.infra.activity.Launcher,topStateChangedWhenResumed]
07-21 10:53:59.305  1458  1458 I wm_on_paused_called: [57556660,com.android.launcher3.infra.activity.Launcher,performPause]
07-21 10:53:59.315  1012  1116 I input_focus: [Focus leaving 61f9adb com.sec.android.app.launcher/com.android.launcher3.infra.activity.Launcher (server),reason=Waiting for window because NOT_FOCUSABLE]
07-21 10:53:59.317  1012  2111 I wm_set_resumed_activity: [0,za.co.vanelo.guardflow.mobile/.MainActivity,resumeTopActivity]
07-21 10:53:59.318  1012  2111 I wm_add_to_stopping: [0,57556660,com.sec.android.app.launcher/com.android.launcher3.infra.activity.Launcher,makeInvisible]
07-21 10:53:59.323  1012  2111 I wm_resume_activity: [0,67033380,1641,za.co.vanelo.guardflow.mobile/.MainActivity]
07-21 10:53:59.325  1012  1032 I sysui_multi_action: [757,803,799,window_time_0,802,171]
07-21 10:53:59.328 13253 13253 I wm_on_restart_called: [67033380,za.co.vanelo.guardflow.mobile.MainActivity,performRestartActivity]
07-21 10:53:59.333  1012  1035 I am_uid_active: 10224
07-21 10:53:59.359  1012  1042 I am_pss  : [14024,10215,za.co.easyequities.app,46449664,19722240,21263360,63512576,0,19,12]
07-21 10:53:59.394 13253 13253 I wm_on_start_called: [67033380,za.co.vanelo.guardflow.mobile.MainActivity,handleStartActivity]
07-21 10:53:59.417  1012  1036 I wm_wallpaper_surface: [0,0]
07-21 10:53:59.468 13253 13253 I wm_on_resume_called: [67033380,za.co.vanelo.guardflow.mobile.MainActivity,RESUME_ACTIVITY]
07-21 10:53:59.469 13253 13253 I wm_on_top_resumed_gained_called: [67033380,za.co.vanelo.guardflow.mobile.MainActivity,topWhenResuming]
07-21 10:53:59.494  1012  1036 I input_focus: [Focus request a299ea1 za.co.vanelo.guardflow.mobile/za.co.vanelo.guardflow.mobile.MainActivity,reason=UpdateInputWindows]
07-21 10:53:59.571 13253 13253 I wm_on_idle_called: {za.co.vanelo.guardflow.mobile/za.co.vanelo.guardflow.mobile.MainActivity}
07-21 10:53:59.574  1012  1494 I wm_idle_activity: [0,67033380,za.co.vanelo.guardflow.mobile/.MainActivity]
07-21 10:53:59.575  1012  1494 I power_partial_wake_state: [REL,278,*launch*:android]
07-21 10:53:59.576  1012  1494 I wm_stop_activity: [0,57556660,com.sec.android.app.launcher/com.android.launcher3.infra.activity.Launcher]
07-21 10:53:59.583  1458  1458 I wm_on_stop_called: [57556660,com.android.launcher3.infra.activity.Launcher,STOP_ACTIVITY_ITEM]
07-21 10:53:59.583  1012  1116 I input_focus: [Focus entering a299ea1 za.co.vanelo.guardflow.mobile/za.co.vanelo.guardflow.mobile.MainActivity (server),reason=Window became focusable. Previous reason: NOT_VISIBLE]
07-21 10:53:59.597  1012  1032 I sysui_multi_action: [319,78,321,60,322,290,325,9665,757,761,758,9,759,4,806,za.co.vanelo.guardflow.mobile,871,za.co.vanelo.guardflow.mobile.MainActivity,904,com.google.android.packageinstaller,905,0,1320,4,1321,4]
07-21 10:53:59.598  1012  1032 I am_app_transition: [za.co.vanelo.guardflow.mobile,za.co.vanelo.guardflow.mobile.MainActivity,T_SNAPSHOT,78,60,-1,290,HOT,verify]
07-21 10:54:00.004  1012  1012 I power_partial_wake_state: [REL,1,*alarm*:android]
07-21 10:54:00.110  1217  1217 D SSCtr   : [0] EVENT_SIGNAL_LEVEL_INFO_CHANGED - SignalBarInfo{ lteLevel=4 }
07-21 10:54:01.527  1012  2111 I am_kill : [0,14407,com.google.android.dialer,905,AL_Kill : over 3 sec]
07-21 10:54:01.575  1012  7962 I am_proc_died: [0,14407,com.google.android.dialer,905,19,69,539]
07-21 10:54:01.576  1012  7962 I am_uid_stopped: 10144
07-21 10:54:01.735  1012  1116 I input_interaction: Interaction with: a299ea1 za.co.vanelo.guardflow.mobile/za.co.vanelo.guardflow.mobile.MainActivity (server), PointerEventDispatcher0 (server), 
07-21 10:54:02.794  1217  1217 I SemTelephonyHandlerHelper: handleMessage: what=92
07-21 10:54:02.798  1012  1494 I power_partial_wake_state: [CHG,1,*telephony-radio*:com.android.phone]
07-21 10:54:02.800  1217  1217 D RILJ    : [4722]> GET_ACTIVITY_INFO [PHONE0]
07-21 10:54:02.803  1217  1217 I SemTelephonyHandlerHelper: handleMessage: what=93
07-21 10:54:02.804  1217  1241 D RILJ    : [4722]< GET_ACTIVITY_INFO ModemActivityInfo{ mTimestamp=9689493 mSleepTimeMs=23571 mIdleTimeMs=9374593 mActivityStatsTechSpecificInfo=[{mRat=UNKNOWN,mFrequencyRange=UNKNOWN,mTxTimeMs[]=[667519, 357069, 486480, 221851, 75149],mRxTimeMs=6950221}]} [PHONE0]
07-21 10:54:02.805  1012  1494 I power_partial_wake_state: [CHG,6,*telephony-radio*:com.android.phone]
07-21 10:54:02.806  1012  1494 I power_partial_wake_state: [REL,1,*telephony-radio*:com.android.phone]
07-21 10:54:03.031  1012  1494 I power_partial_wake_state: [REL,7,moya:XmppConnectionService:nu.bi.moya]
07-21 10:54:03.259  1012  1494 I wm_task_moved: [1641,1,6]
07-21 10:54:03.259  1012  1494 I wm_set_resumed_activity: [0,za.co.vanelo.guardflow.mobile/.MainActivity,positionChildAt]
07-21 10:54:03.260  1012  1494 I wm_create_activity: [0,176989059,1641,com.google.android.permissioncontroller/com.android.permissioncontroller.permission.ui.GrantPermissionsActivity,android.content.pm.action.REQUEST_PERMISSIONS,NULL,NULL,8388608,startActivityAsUser:za.co.vanelo.guardflow.mobile:-1]
07-21 10:54:03.265  1012  1494 I wm_pause_activity: [0,67033380,za.co.vanelo.guardflow.mobile/.MainActivity,userLeaving=true,resumeTopActivity]
07-21 10:54:03.270 13253 13253 I wm_on_top_resumed_lost_called: [67033380,za.co.vanelo.guardflow.mobile.MainActivity,topStateChangedWhenResumed]
07-21 10:54:03.276 13253 13253 I wm_on_paused_called: [67033380,za.co.vanelo.guardflow.mobile.MainActivity,performPause]
07-21 10:54:03.280  1012  1494 I wm_restart_activity: [0,176989059,1641,com.google.android.permissioncontroller/com.android.permissioncontroller.permission.ui.GrantPermissionsActivity]
07-21 10:54:03.283  1012  1494 I wm_set_resumed_activity: [0,com.google.android.permissioncontroller/com.android.permissioncontroller.permission.ui.GrantPermissionsActivity,minimalResumeActivityLocked]
07-21 10:54:03.285  1012  1032 I sysui_multi_action: [757,803,799,window_time_0,802,3]
07-21 10:54:03.285  1012  1035 I am_uid_active: 10149
07-21 10:54:03.287  1012  1036 I input_focus: [Requesting to set focus to null window,reason=UpdateInputWindows]
07-21 10:54:03.304  1012  1116 I input_focus: [Focus leaving a299ea1 za.co.vanelo.guardflow.mobile/za.co.vanelo.guardflow.mobile.MainActivity (server),reason=Waiting for window because NOT_FOCUSABLE]
07-21 10:54:03.594  9405  9405 I wm_on_create_called: [176989059,com.android.permissioncontroller.permission.ui.GrantPermissionsActivity,performCreate]
07-21 10:54:03.600  9405  9405 I wm_on_start_called: [176989059,com.android.permissioncontroller.permission.ui.GrantPermissionsActivity,handleStartActivity]
07-21 10:54:03.604  9405  9405 I wm_on_resume_called: [176989059,com.android.permissioncontroller.permission.ui.GrantPermissionsActivity,RESUME_ACTIVITY]
07-21 10:54:03.626  9405  9405 I wm_on_top_resumed_gained_called: [176989059,com.android.permissioncontroller.permission.ui.GrantPermissionsActivity,topStateChangedWhenResumed]
07-21 10:54:03.649  1012  1036 I input_focus: [Focus request 4796230 com.google.android.permissioncontroller/com.android.permissioncontroller.permission.ui.GrantPermissionsActivity,reason=UpdateInputWindows]
07-21 10:54:03.710  1012  1032 I sysui_multi_action: [319,575,322,574,325,9669,757,761,758,8,759,2,806,com.google.android.permissioncontroller,871,com.android.permissioncontroller.permission.ui.GrantPermissionsActivity,904,za.co.vanelo.guardflow.mobile,905,0,1320,8,1321,5]
07-21 10:54:03.710  1012  1032 I am_app_transition: [com.google.android.permissioncontroller,com.android.permissioncontroller.permission.ui.GrantPermissionsActivity,WINDOWS_DRAWN,575,-1,-1,574,WARM,speed-profile]
07-21 10:54:03.711  1012  1032 I wm_activity_launch_time: [0,176989059,com.google.android.permissioncontroller/com.android.permissioncontroller.permission.ui.GrantPermissionsActivity,574]
07-21 10:54:03.722  1012  1116 I input_focus: [Focus entering 4796230 com.google.android.permissioncontroller/com.android.permissioncontroller.permission.ui.GrantPermissionsActivity (server),reason=Window became focusable. Previous reason: NOT_VISIBLE]
07-21 10:54:03.727  9405  9405 I snet_event_log: [individual_permissions_requested,10224,za.co.vanelo.guardflow.mobile:za.co.vanelo.guardflow.mobile:;android.permission.ACCESS_BACKGROUND_LOCATION|true|2817;android.permission.ACCESS_COARSE_LOCATION|true|769;android.permission.ACCESS_FINE_LOCATION|true|769]
07-21 10:54:03.728  1012  2386 I wm_finish_activity: [0,176989059,1641,com.google.android.permissioncontroller/com.android.permissioncontroller.permission.ui.GrantPermissionsActivity,app-request]
07-21 10:54:03.738  1012  2386 I wm_pause_activity: [0,176989059,com.google.android.permissioncontroller/com.android.permissioncontroller.permission.ui.GrantPermissionsActivity,userLeaving=false,finish]
07-21 10:54:03.741  9405  9405 I wm_on_top_resumed_lost_called: [176989059,com.android.permissioncontroller.permission.ui.GrantPermissionsActivity,topStateChangedWhenResumed]
07-21 10:54:03.743  9405  9405 I wm_on_paused_called: [176989059,com.android.permissioncontroller.permission.ui.GrantPermissionsActivity,performPause]
07-21 10:54:03.743  1012  2386 I power_partial_wake_state: [CHG,477,*launch*:android]
07-21 10:54:03.756  1012  1116 I input_focus: [Focus leaving 4796230 com.google.android.permissioncontroller/com.android.permissioncontroller.permission.ui.GrantPermissionsActivity (server),reason=NO_WINDOW]
07-21 10:54:03.762  1012  2386 I wm_set_resumed_activity: [0,za.co.vanelo.guardflow.mobile/.MainActivity,resumeTopActivity]
07-21 10:54:03.766  1012  2386 I wm_resume_activity: [0,67033380,1641,za.co.vanelo.guardflow.mobile/.MainActivity]
07-21 10:54:03.772 13253 13253 I wm_on_activity_result_called: [67033380,za.co.vanelo.guardflow.mobile.MainActivity,ACTIVITY_RESULT]
07-21 10:54:03.773  1012  1032 I sysui_multi_action: [757,803,799,window_time_0,802,1]
07-21 10:54:03.790 13253 13253 I wm_on_resume_called: [67033380,za.co.vanelo.guardflow.mobile.MainActivity,RESUME_ACTIVITY]
07-21 10:54:03.791 13253 13253 I wm_on_top_resumed_gained_called: [67033380,za.co.vanelo.guardflow.mobile.MainActivity,topWhenResuming]
07-21 10:54:03.796  1012  1036 I input_focus: [Focus request a299ea1 za.co.vanelo.guardflow.mobile/za.co.vanelo.guardflow.mobile.MainActivity,reason=UpdateInputWindows]
07-21 10:54:03.806  1012  1116 I input_focus: [Focus entering a299ea1 za.co.vanelo.guardflow.mobile/za.co.vanelo.guardflow.mobile.MainActivity (server),reason=setFocusedWindow]
07-21 10:54:03.814 13253 13253 I wm_on_idle_called: {za.co.vanelo.guardflow.mobile/za.co.vanelo.guardflow.mobile.MainActivity}
07-21 10:54:03.815  1012  1494 I wm_idle_activity: [0,67033380,za.co.vanelo.guardflow.mobile/.MainActivity]
07-21 10:54:03.815  1012  1494 I power_partial_wake_state: [REL,71,*launch*:android]
07-21 10:54:03.816  1012  1494 I wm_destroy_activity: [0,176989059,1641,com.google.android.permissioncontroller/com.android.permissioncontroller.permission.ui.GrantPermissionsActivity,finish-idle]
