07-21 10:54:03.826  1217  1217 D SSCtr   : [1] EVENT_SIGNAL_LEVEL_INFO_CHANGED - SignalBarInfo{ lteLevel=2 }
07-21 10:54:03.836  9405  9405 I wm_on_stop_called: [176989059,com.android.permissioncontroller.permission.ui.GrantPermissionsActivity,LIFECYCLER_STOP_ACTIVITY]
07-21 10:54:03.837  9405  9405 I wm_on_destroy_called: [176989059,com.android.permissioncontroller.permission.ui.GrantPermissionsActivity,performDestroy]
07-21 10:54:03.955  1012  1036 I input_focus: [Focus request 2ccd5b5 za.co.vanelo.guardflow.mobile/za.co.vanelo.guardflow.mobile.MainActivity,reason=UpdateInputWindows]
07-21 10:54:03.990  1012  1116 I input_focus: [Focus leaving a299ea1 za.co.vanelo.guardflow.mobile/za.co.vanelo.guardflow.mobile.MainActivity (server),reason=Waiting for window because NO_WINDOW]
07-21 10:54:04.072  1012  1116 I input_focus: [Focus entering 2ccd5b5 za.co.vanelo.guardflow.mobile/za.co.vanelo.guardflow.mobile.MainActivity (server),reason=Window became focusable. Previous reason: NOT_VISIBLE]
07-21 10:54:04.557  2491  2640 I content_query_sample: contents_sample_state: [CONTACT contacts(1054) data(14631) accounts({moyaAccount (19)=492, org.telegram.messenger (20)=210, com.whatsapp (55)=679, com.google (9)=1028, vnd.sec.contact.sim2 (2)=3, com.google.android.apps.tachyon (156)=204, com.whatsapp.w4b (59)=679}) accounts deleted({}) calls([logtype:100 cnt:148, logtype:300 cnt:1, logtype:1000 cnt:1766, logtype:1150 cnt:86]) countryIso(ZA) userId(0)  ]
07-21 10:54:04.557  2491  2640 I content_query_sample: contents_sample_state: [ agr({[9 ,20 ,55 ,55 ,59 ,59]=1, [9 ,20 ,55 ,59 ,59]=1, [9 ,55 ,59 ,19 ,19 ,19]=1, [9 ,55 ,59 ,20 ,19]=5, [9 ,55 ,59 ,59 ,55 ,156 ,19 ,19 ,19 ,19]=1, [9 ,9 ,55 ,59 ,59 ,55 ,20 ,19]=1, [2]=3, [9 ,55 ,55 ,59 ,59 ,156 ,19]=2, [9 ,20 ,55 ,59 ,19]=45, [20]=19, [59 ,55 ,156 ,19]=1, [9 ,20 ,20 ,55 ,59 ,19]=2, [9 ,20 ,55 ,59 ,20 ,19]=2, [9 ,55 ,59 ,19]=142, [9 ,20 ,55 ,55 ,59 ,59 ,19]=5, [9 ,55 ,156 ,59]=1, [9 ,59 ,55 ,19 ,19]=1, [9 ,20 ,55 ,59]=37, [9 ,20 ,55 ,59 ,19 ,19 ,19]=1, [9 ,20 ,55 ,59 ,156 ,19]=19, [9 ,20 ,20 ,55 ,156 ,19 ,19]=1, [20 ,9 ,55 ,59 ,19]=1, [9 ,20 ,55 ,59 ,55 ,59 ,19]=^
07-21 10:54:05.659  1012  1116 I input_interaction: Interaction with: 2ccd5b5 za.co.vanelo.guardflow.mobile/za.co.vanelo.guardflow.mobile.MainActivity (server), PointerEventDispatcher0 (server), 
07-21 10:54:05.860  1012  1036 I input_focus: [Focus request a299ea1 za.co.vanelo.guardflow.mobile/za.co.vanelo.guardflow.mobile.MainActivity,reason=UpdateInputWindows]
07-21 10:54:05.864  1012  7962 I wm_task_moved: [1641,1,6]
07-21 10:54:05.864  1012  7962 I wm_set_resumed_activity: [0,za.co.vanelo.guardflow.mobile/.MainActivity,positionChildAt]
07-21 10:54:05.864  1012  7962 I wm_create_activity: [0,194728597,1641,com.google.android.permissioncontroller/com.android.permissioncontroller.permission.ui.GrantPermissionsActivity,android.content.pm.action.REQUEST_PERMISSIONS,NULL,NULL,8388608,startActivityAsUser:za.co.vanelo.guardflow.mobile:-1]
07-21 10:54:05.866  1012  7962 I wm_pause_activity: [0,67033380,za.co.vanelo.guardflow.mobile/.MainActivity,userLeaving=true,resumeTopActivity]
07-21 10:54:05.871 13253 13253 I wm_on_top_resumed_lost_called: [67033380,za.co.vanelo.guardflow.mobile.MainActivity,topStateChangedWhenResumed]
07-21 10:54:05.875  1012  1116 I input_focus: [Focus entering a299ea1 za.co.vanelo.guardflow.mobile/za.co.vanelo.guardflow.mobile.MainActivity (server),reason=setFocusedWindow]
07-21 10:54:05.881 13253 13253 I wm_on_paused_called: [67033380,za.co.vanelo.guardflow.mobile.MainActivity,performPause]
07-21 10:54:05.884  1012  7962 I wm_restart_activity: [0,194728597,1641,com.google.android.permissioncontroller/com.android.permissioncontroller.permission.ui.GrantPermissionsActivity]
07-21 10:54:05.887  1012  7962 I wm_set_resumed_activity: [0,com.google.android.permissioncontroller/com.android.permissioncontroller.permission.ui.GrantPermissionsActivity,minimalResumeActivityLocked]
07-21 10:54:05.889  1012  1032 I sysui_multi_action: [757,803,799,window_time_0,802,2]
07-21 10:54:05.891  1012  1036 I input_focus: [Requesting to set focus to null window,reason=UpdateInputWindows]
07-21 10:54:05.908  1012  1116 I input_focus: [Focus leaving a299ea1 za.co.vanelo.guardflow.mobile/za.co.vanelo.guardflow.mobile.MainActivity (server),reason=Waiting for window because NOT_FOCUSABLE]
07-21 10:54:05.926  9405  9405 I wm_on_create_called: [194728597,com.android.permissioncontroller.permission.ui.GrantPermissionsActivity,performCreate]
07-21 10:54:05.931  9405  9405 I wm_on_start_called: [194728597,com.android.permissioncontroller.permission.ui.GrantPermissionsActivity,handleStartActivity]
07-21 10:54:05.933  9405  9405 I wm_on_resume_called: [194728597,com.android.permissioncontroller.permission.ui.GrantPermissionsActivity,RESUME_ACTIVITY]
07-21 10:54:05.940  9405  9405 I wm_on_top_resumed_gained_called: [194728597,com.android.permissioncontroller.permission.ui.GrantPermissionsActivity,topStateChangedWhenResumed]
07-21 10:54:05.954  1012  1036 I input_focus: [Focus request d928349 com.google.android.permissioncontroller/com.android.permissioncontroller.permission.ui.GrantPermissionsActivity,reason=UpdateInputWindows]
07-21 10:54:05.973  1012  1032 I sysui_multi_action: [319,108,322,108,325,9671,757,761,758,8,759,2,806,com.google.android.permissioncontroller,871,com.android.permissioncontroller.permission.ui.GrantPermissionsActivity,904,za.co.vanelo.guardflow.mobile,905,0,1320,8,1321,5]
07-21 10:54:05.973  1012  1032 I am_app_transition: [com.google.android.permissioncontroller,com.android.permissioncontroller.permission.ui.GrantPermissionsActivity,WINDOWS_DRAWN,108,-1,-1,108,WARM,speed-profile]
07-21 10:54:05.974  1012  1032 I wm_activity_launch_time: [0,194728597,com.google.android.permissioncontroller/com.android.permissioncontroller.permission.ui.GrantPermissionsActivity,108]
07-21 10:54:05.974  9405  9405 I wm_on_idle_called: {com.google.android.permissioncontroller/com.android.permissioncontroller.permission.ui.GrantPermissionsActivity}
07-21 10:54:05.979  1012  7962 I wm_idle_activity: [0,194728597,com.google.android.permissioncontroller/com.android.permissioncontroller.permission.ui.GrantPermissionsActivity]
07-21 10:54:05.979  1012  7962 I power_partial_wake_state: [REL,112,*launch*:android]
07-21 10:54:05.986  9405  9405 I snet_event_log: [individual_permissions_requested,10224,za.co.vanelo.guardflow.mobile:za.co.vanelo.guardflow.mobile:;android.permission.ACCESS_BACKGROUND_LOCATION|true|2817;android.permission.ACCESS_COARSE_LOCATION|true|769;android.permission.ACCESS_FINE_LOCATION|true|769]
07-21 10:54:05.988  1012  2112 I wm_finish_activity: [0,194728597,1641,com.google.android.permissioncontroller/com.android.permissioncontroller.permission.ui.GrantPermissionsActivity,app-request]
07-21 10:54:05.993  1012  1116 I input_focus: [Focus entering d928349 com.google.android.permissioncontroller/com.android.permissioncontroller.permission.ui.GrantPermissionsActivity (server),reason=Window became focusable. Previous reason: NOT_VISIBLE]
07-21 10:54:06.005  1012  2112 I wm_pause_activity: [0,194728597,com.google.android.permissioncontroller/com.android.permissioncontroller.permission.ui.GrantPermissionsActivity,userLeaving=false,finish]
07-21 10:54:06.010  9405  9405 I wm_on_top_resumed_lost_called: [194728597,com.android.permissioncontroller.permission.ui.GrantPermissionsActivity,topStateChangedWhenResumed]
07-21 10:54:06.013  9405  9405 I wm_on_paused_called: [194728597,com.android.permissioncontroller.permission.ui.GrantPermissionsActivity,performPause]
07-21 10:54:06.020  1012  2112 I power_partial_wake_state: [CHG,13,*launch*:android]
07-21 10:54:06.029  1012  1116 I input_focus: [Focus leaving d928349 com.google.android.permissioncontroller/com.android.permissioncontroller.permission.ui.GrantPermissionsActivity (server),reason=NO_WINDOW]
07-21 10:54:06.032  1012  2112 I wm_set_resumed_activity: [0,za.co.vanelo.guardflow.mobile/.MainActivity,resumeTopActivity]
07-21 10:54:06.036  1012  2112 I wm_resume_activity: [0,67033380,1641,za.co.vanelo.guardflow.mobile/.MainActivity]
07-21 10:54:06.038 13253 13253 I wm_on_activity_result_called: [67033380,za.co.vanelo.guardflow.mobile.MainActivity,ACTIVITY_RESULT]
07-21 10:54:06.041  1012  1032 I sysui_multi_action: [757,803,799,window_time_0,802,0]
07-21 10:54:06.051 13253 13253 I wm_on_resume_called: [67033380,za.co.vanelo.guardflow.mobile.MainActivity,RESUME_ACTIVITY]
07-21 10:54:06.051 13253 13253 I wm_on_top_resumed_gained_called: [67033380,za.co.vanelo.guardflow.mobile.MainActivity,topWhenResuming]
07-21 10:54:06.062  1012  1036 I input_focus: [Focus request a299ea1 za.co.vanelo.guardflow.mobile/za.co.vanelo.guardflow.mobile.MainActivity,reason=UpdateInputWindows]
07-21 10:54:06.077  1012  1116 I input_focus: [Focus entering a299ea1 za.co.vanelo.guardflow.mobile/za.co.vanelo.guardflow.mobile.MainActivity (server),reason=setFocusedWindow]
07-21 10:54:06.085 13253 13253 I wm_on_idle_called: {za.co.vanelo.guardflow.mobile/za.co.vanelo.guardflow.mobile.MainActivity}
07-21 10:54:06.086  1012  1454 I wm_idle_activity: [0,67033380,za.co.vanelo.guardflow.mobile/.MainActivity]
07-21 10:54:06.086  1012  1454 I power_partial_wake_state: [REL,66,*launch*:android]
07-21 10:54:06.087  1012  1454 I wm_destroy_activity: [0,194728597,1641,com.google.android.permissioncontroller/com.android.permissioncontroller.permission.ui.GrantPermissionsActivity,finish-idle]
07-21 10:54:06.102  9405  9405 I wm_on_stop_called: [194728597,com.android.permissioncontroller.permission.ui.GrantPermissionsActivity,LIFECYCLER_STOP_ACTIVITY]
07-21 10:54:06.103  9405  9405 I wm_on_destroy_called: [194728597,com.android.permissioncontroller.permission.ui.GrantPermissionsActivity,performDestroy]
07-21 10:54:06.118  1012  1012 I am_uid_running: 10123
07-21 10:54:06.120  1012  1012 I power_partial_wake_state: [REL,14,*job*/com.google.android.apps.tachyon/androidx.work.impl.background.systemjob.SystemJobService:android]
07-21 10:54:06.136  1012  1044 I am_proc_start: [0,14476,10123,com.google.android.apps.tachyon,service,{com.google.android.apps.tachyon/androidx.work.impl.background.systemjob.SystemJobService}]
07-21 10:54:06.218  1012  1454 I am_proc_bound: [0,14476,com.google.android.apps.tachyon]
07-21 10:54:07.004  1012  2112 I power_partial_wake_state: [REL,11,Application creation -> Application.onCreate -> Startup Listeners -> CrashStartupListener:com.google.android.apps.tachyon]
07-21 10:54:07.006  1012  2112 I power_partial_wake_state: [REL,12,Application creation -> Application.onCreate -> Startup Listeners -> CrashStartupListener:com.google.android.apps.tachyon]
07-21 10:54:07.011  1012  1494 I power_partial_wake_state: [REL,22,Application creation -> Application.onCreate -> Startup Listeners -> CrashStartupListener:com.google.android.apps.tachyon]
07-21 10:54:07.018  1012  1494 I power_partial_wake_state: [REL,14,Application creation -> Application.onCreate -> Startup Listeners -> CrashStartupListener:com.google.android.apps.tachyon]
07-21 10:54:07.035  1012  7962 I am_foreground_service_start: [0,za.co.vanelo.guardflow.mobile/expo.modules.location.services.LocationTaskService,1,PROC_STATE_TOP,36,36,0,0,0,1,UNKNOWN]
07-21 10:54:07.050  1217  1217 I SemTelephonyHandlerHelper: handleMessage: what=92
07-21 10:54:07.055  1012  1494 I power_partial_wake_state: [CHG,1,*telephony-radio*:com.android.phone]
07-21 10:54:07.056  1217  1217 D RILJ    : [4723]> GET_ACTIVITY_INFO [PHONE0]
07-21 10:54:07.059  1217  1217 I SemTelephonyHandlerHelper: handleMessage: what=93
07-21 10:54:07.059  1217  1241 D RILJ    : [4723]< GET_ACTIVITY_INFO ModemActivityInfo{ mTimestamp=9693749 mSleepTimeMs=23571 mIdleTimeMs=9378834 mActivityStatsTechSpecificInfo=[{mRat=UNKNOWN,mFrequencyRange=UNKNOWN,mTxTimeMs[]=[668002, 357365, 486503, 221851, 75149],mRxTimeMs=6954299}]} [PHONE0]
07-21 10:54:07.060  1012  1459 I power_partial_wake_state: [CHG,5,*telephony-radio*:com.android.phone]
07-21 10:54:07.062  1012  1459 I power_partial_wake_state: [REL,2,*telephony-radio*:com.android.phone]
07-21 10:54:07.276  1012  1454 I power_partial_wake_state: [REL,29,CallbackRunner:com.google.android.gms]
07-21 10:54:07.293  1012  1494 I power_partial_wake_state: [REL,6,CallbackRunner:com.google.android.gms]
07-21 10:54:07.303  1012  1494 I power_partial_wake_state: [REL,4,NetworkLocationLocator:com.google.android.gms]
07-21 10:54:07.363  1217  1217 D SST-SEM : [0] requestAllCellInfo - UID: 1001, PID: 1217
07-21 10:54:07.365  1012  2112 I power_partial_wake_state: [CHG,0,*telephony-radio*:com.android.phone]
07-21 10:54:07.367  1217  1217 D RILJ    : [4724]> GET_CELL_INFO_LIST [PHONE0]
07-21 10:54:07.372  1217  1241 D RILJ    : [4724]< GET_CELL_INFO_LIST  [PHONE0]
07-21 10:54:07.373  1217  1217 D SST     : [0] getEons - EONS: null
07-21 10:54:07.373  1012  1494 I power_partial_wake_state: [CHG,7,*telephony-radio*:com.android.phone]
07-21 10:54:07.375  1012  1494 I power_partial_wake_state: [REL,2,*telephony-radio*:com.android.phone]
07-21 10:54:07.382  1217  1217 D LocaleTracker-0: processCellInfo: cell info=[CellInfoLte:{mRegistered=YES mTimeStamp=9694062334179ns mCellConnectionStatus=0 CellIdentityLte:{ mCi=3****25 mPci=91 mTac=1***6 mEarfcn=501 mBands=[1] mBandwidth=2147483647 mMcc=655 mMnc=02 mAlphaLong=Telkom mAlphaShort=Telkom mAdditionalPlmns={} mCsgInfo=null} CellSignalStrengthLte: rssi=-51 rsrp=-75 rsrq=-14 rssnr=-1 cqiTableIndex=2147483647 cqi=2147483647 ta=0 level=4 parametersUseForLevel=1 android.telephony.CellConfigLte :{ isEndcAvailable = false }}]
07-21 10:54:07.382  1217  1217 D LocaleTracker-0: updateLocale: countryIso = za, countryIsoDebugInfo = OperatorNumeric(65502): MccTable.countryCodeForMcc("655")
07-21 10:54:07.383  1217  1217 D LocaleTracker-0: updateLocale: timeZoneCountryIso = za, timeZoneCountryIsoDebugInfo = OperatorNumeric: MccTable.geoCountryCodeForMccMnc(MccMnc{mcc='655', mnc='02'})
07-21 10:54:07.383  1217  1217 D NitzStateMachineImpl: handleCountryDetected: countryIsoCode=za, mLatestNitzSignal=NitzSignal{mReceiptElapsedMillis=PT2H22M2.161S, mNitzData=NitzData{mOriginalString=26/07/21,08:34:35+08,00, mZoneOffset=7200000, mDstOffset=0, mCurrentTimeMillis=1784622875000, mEmulatorHostTimeZone=null}, mAgeMillis=0}
07-21 10:54:07.423  1012  1494 I power_partial_wake_state: [REL,116,CallbackRunner:com.google.android.gms]
07-21 10:54:07.437  1012  1494 I power_partial_wake_state: [REL,118,NetworkLocationScanner:com.google.android.gms]
07-21 10:54:07.439  1012  1494 I power_partial_wake_state: [REL,101,NetworkLocationLocator:com.google.android.gms]
07-21 10:54:07.450  1012  7962 I power_partial_wake_state: [REL,9,CallbackRunner:com.google.android.gms]
07-21 10:54:07.466  1217  1217 D SST-SEM : [0] requestAllCellInfo - UID: 1001, PID: 1217
07-21 10:54:07.467  1217  1217 D SST     : [0] SST.requestAllCellInfo(): return last, back to back calls
07-21 10:54:07.468  1012  7962 I power_partial_wake_state: [REL,9,CallbackRunner:com.google.android.gms]
07-21 10:54:07.472  1012  7962 I power_partial_wake_state: [REL,20,NetworkLocationScanner:com.google.android.gms]
07-21 10:54:07.496  1012  7962 I power_partial_wake_state: [REL,5,PendingIntentClient:com.google.android.gms]
07-21 10:54:07.504  1012  7962 I power_partial_wake_state: [REL,5,PendingIntentClient:com.google.android.gms]
07-21 10:54:07.524  1012  7962 I power_partial_wake_state: [REL,76,NetworkLocationLocator:com.google.android.gms]
07-21 10:54:07.527  1012  1494 I power_partial_wake_state: [REL,2,*location*:android]
07-21 10:54:07.531  1012  1494 I power_partial_wake_state: [REL,14,CallbackRunner:com.google.android.gms]
07-21 10:54:07.536  1012  1454 I power_partial_wake_state: [REL,31,GCoreFlp:com.google.android.gms]
07-21 10:54:07.540  1012  1494 I power_partial_wake_state: [REL,7,*location*:android]
07-21 10:54:07.542  1012  7962 I power_partial_wake_state: [REL,4,PendingIntentClient:com.google.android.gms]
07-21 10:54:07.550  1012  1494 I power_partial_wake_state: [REL,5,PendingIntentClient:com.google.android.gms]
07-21 10:54:07.563  1012  1494 I power_partial_wake_state: [REL,12,GCoreFlp:com.google.android.gms]
07-21 10:54:07.564  1012  7962 I power_partial_wake_state: [REL,1,*location*:android]
07-21 10:54:07.565  1012  1454 I power_partial_wake_state: [REL,1,*location*:android]
07-21 10:54:07.572  1012  1454 I power_partial_wake_state: [REL,44,NetworkLocationLocator:com.google.android.gms]
07-21 10:54:07.573  1012  1454 I power_partial_wake_state: [REL,15,CallbackRunner:com.google.android.gms]
07-21 10:54:07.574  1012  1454 I power_partial_wake_state: [REL,38,CMWakeLock:com.google.android.gms]
07-21 10:54:07.631  1012  1454 I power_partial_wake_state: [REL,7,*job*/za.co.vanelo.guardflow.mobile/expo.modules.taskManager.TaskJobService:android]
07-21 10:54:07.854  1217  1217 I SemTelephonyHandlerHelper: handleMessage: what=92
07-21 10:54:07.857  1012  7962 I power_partial_wake_state: [CHG,1,*telephony-radio*:com.android.phone]
07-21 10:54:07.858  1217  1217 D RILJ    : [4725]> GET_ACTIVITY_INFO [PHONE0]
07-21 10:54:07.862  1217  1217 I SemTelephonyHandlerHelper: handleMessage: what=93
07-21 10:54:07.863  1217  1241 D RILJ    : [4725]< GET_ACTIVITY_INFO ModemActivityInfo{ mTimestamp=9694551 mSleepTimeMs=23571 mIdleTimeMs=9379631 mActivityStatsTechSpecificInfo=[{mRat=UNKNOWN,mFrequencyRange=UNKNOWN,mTxTimeMs[]=[668301, 357600, 486512, 221851, 75149],mRxTimeMs=6955057}]} [PHONE0]
07-21 10:54:07.863  1012  1454 I power_partial_wake_state: [CHG,6,*telephony-radio*:com.android.phone]
07-21 10:54:07.864  1012  1454 I power_partial_wake_state: [REL,0,*telephony-radio*:com.android.phone]
07-21 10:54:08.208  1012  7962 I power_partial_wake_state: [REL,583,*job*/za.co.vanelo.guardflow.mobile/expo.modules.taskManager.TaskJobService:android]
07-21 10:54:08.221  1012  7962 I power_partial_wake_state: [REL,846,CollectionLib:com.google.android.gms]
07-21 10:54:08.377  1012  1494 I power_partial_wake_state: [REL,301,SyncManager: Syncing:com.google.android.apps.tachyon]
07-21 10:54:08.399  1012  1494 I power_partial_wake_state: [REL,2289,*job*/com.google.android.apps.tachyon/androidx.work.impl.background.systemjob.SystemJobService:android]
07-21 10:54:08.407  1012  1494 I power_partial_wake_state: [DIS,339,SyncManager: Scheduling in parallel:com.google.android.apps.tachyon(disabled: nocached)]
07-21 10:54:08.407  1012  1494 I power_partial_wake_state: [REL,339,SyncManager: Scheduling in parallel:com.google.android.apps.tachyon]
07-21 10:54:08.772  1217  1217 D SSCtr   : [1] EVENT_SIGNAL_LEVEL_INFO_CHANGED - SignalBarInfo{ lteLevel=2 }
07-21 10:54:09.643  1012  1034 I commit_sys_config_file: [jobs,13]
07-21 10:54:09.727  1012  1211 D TelephonyManager: getAllCellInfo - caller PID: 1012, UID: 1000, TID: 1211
07-21 10:54:09.739  1217  1217 D SST-SEM : [0] requestAllCellInfo - UID: 1001, PID: 1217
07-21 10:54:09.741  1012  1494 I power_partial_wake_state: [CHG,0,*telephony-radio*:com.android.phone]
07-21 10:54:09.743  1217  1217 D RILJ    : [4726]> GET_CELL_INFO_LIST [PHONE0]
07-21 10:54:09.747  1217  1241 D RILJ    : [4726]< GET_CELL_INFO_LIST  [PHONE0]
07-21 10:54:09.748  1217  1217 D SST     : [0] getEons - EONS: null
07-21 10:54:09.749  1012  1494 I power_partial_wake_state: [CHG,7,*telephony-radio*:com.android.phone]
07-21 10:54:09.751  1012  1494 I power_partial_wake_state: [REL,2,*telephony-radio*:com.android.phone]
07-21 10:54:09.753  1217  1217 D LocaleTracker-0: processCellInfo: cell info=[CellInfoLte:{mRegistered=YES mTimeStamp=9696436429177ns mCellConnectionStatus=0 CellIdentityLte:{ mCi=3****25 mPci=91 mTac=1***6 mEarfcn=501 mBands=[1] mBandwidth=2147483647 mMcc=655 mMnc=02 mAlphaLong=Telkom mAlphaShort=Telkom mAdditionalPlmns={} mCsgInfo=null} CellSignalStrengthLte: rssi=-51 rsrp=-75 rsrq=-13 rssnr=3 cqiTableIndex=2147483647 cqi=2147483647 ta=0 level=4 parametersUseForLevel=1 android.telephony.CellConfigLte :{ isEndcAvailable = false }}]
07-21 10:54:09.754  1217  1217 D LocaleTracker-0: updateLocale: countryIso = za, countryIsoDebugInfo = OperatorNumeric(65502): MccTable.countryCodeForMcc("655")
07-21 10:54:09.754  1217  1217 D LocaleTracker-0: updateLocale: timeZoneCountryIso = za, timeZoneCountryIsoDebugInfo = OperatorNumeric: MccTable.geoCountryCodeForMccMnc(MccMnc{mcc='655', mnc='02'})
07-21 10:54:09.754  1217  1217 D NitzStateMachineImpl: handleCountryDetected: countryIsoCode=za, mLatestNitzSignal=NitzSignal{mReceiptElapsedMillis=PT2H22M2.161S, mNitzData=NitzData{mOriginalString=26/07/21,08:34:35+08,00, mZoneOffset=7200000, mDstOffset=0, mCurrentTimeMillis=1784622875000, mEmulatorHostTimeZone=null}, mAgeMillis=0}
07-21 10:54:10.173  1012  1211 D TelephonyManager: getAllCellInfo - caller PID: 1012, UID: 1000, TID: 1211
07-21 10:54:10.177  1217  1217 D SST-SEM : [0] requestAllCellInfo - UID: 1001, PID: 1217
07-21 10:54:10.177  1217  1217 D SST     : [0] SST.requestAllCellInfo(): return last, back to back calls
07-21 10:54:10.194  1012  1211 D TelephonyManager: getAllCellInfo - caller PID: 1012, UID: 1000, TID: 1211
07-21 10:54:10.197  1217  1217 D SST-SEM : [0] requestAllCellInfo - UID: 1001, PID: 1217
07-21 10:54:10.197  1217  1217 D SST     : [0] SST.requestAllCellInfo(): return last, back to back calls
07-21 10:54:10.842  1012  1494 I power_partial_wake_state: [REL,3431,CollectionLib-SigCollector:com.google.android.gms]
07-21 10:54:10.948  1012  1494 I power_partial_wake_state: [REL,1,CallbackRunner:com.google.android.gms]
07-21 10:54:12.472  1012  1494 I power_partial_wake_state: [REL,5,GmsAlarm:NetworkLocationScanner:com.google.android.gms]
07-21 10:54:12.474  1217  1217 D SST-SEM : [0] requestAllCellInfo - UID: 1001, PID: 1217
07-21 10:54:12.476  1012  1454 I power_partial_wake_state: [CHG,1,*telephony-radio*:com.android.phone]
07-21 10:54:12.477  1217  1217 D RILJ    : [4727]> GET_CELL_INFO_LIST [PHONE0]
07-21 10:54:12.481  1217  1241 D RILJ    : [4727]< GET_CELL_INFO_LIST  [PHONE0]
07-21 10:54:12.481  1012  1494 I power_partial_wake_state: [REL,10,CallbackRunner:com.google.android.gms]
07-21 10:54:12.481  1217  1217 D SST     : [0] getEons - EONS: null
07-21 10:54:12.481  1012  1454 I power_partial_wake_state: [CHG,5,*telephony-radio*:com.android.phone]
07-21 10:54:12.482  1012  1454 I power_partial_wake_state: [REL,0,*telephony-radio*:com.android.phone]
07-21 10:54:12.486  1217  1217 D LocaleTracker-0: processCellInfo: cell info=[CellInfoLte:{mRegistered=YES mTimeStamp=9699170634444ns mCellConnectionStatus=0 CellIdentityLte:{ mCi=3****25 mPci=91 mTac=1***6 mEarfcn=501 mBands=[1] mBandwidth=2147483647 mMcc=655 mMnc=02 mAlphaLong=Telkom mAlphaShort=Telkom mAdditionalPlmns={} mCsgInfo=null} CellSignalStrengthLte: rssi=-51 rsrp=-75 rsrq=-12 rssnr=6 cqiTableIndex=2147483647 cqi=2147483647 ta=0 level=4 parametersUseForLevel=1 android.telephony.CellConfigLte :{ isEndcAvailable = false }}]
07-21 10:54:12.486  1217  1217 D LocaleTracker-0: updateLocale: countryIso = za, countryIsoDebugInfo = OperatorNumeric(65502): MccTable.countryCodeForMcc("655")
07-21 10:54:12.486  1217  1217 D LocaleTracker-0: updateLocale: timeZoneCountryIso = za, timeZoneCountryIsoDebugInfo = OperatorNumeric: MccTable.geoCountryCodeForMccMnc(MccMnc{mcc='655', mnc='02'})
07-21 10:54:12.486  1217  1217 D NitzStateMachineImpl: handleCountryDetected: countryIsoCode=za, mLatestNitzSignal=NitzSignal{mReceiptElapsedMillis=PT2H22M2.161S, mNitzData=NitzData{mOriginalString=26/07/21,08:34:35+08,00, mZoneOffset=7200000, mDstOffset=0, mCurrentTimeMillis=1784622875000, mEmulatorHostTimeZone=null}, mAgeMillis=0}
07-21 10:54:12.489  1012  1494 I power_partial_wake_state: [REL,22,NetworkLocationScanner:com.google.android.gms]
07-21 10:54:12.503  1012  1454 I power_partial_wake_state: [REL,5,PendingIntentClient:com.google.android.gms]
07-21 10:54:12.510  1012  1454 I power_partial_wake_state: [REL,5,PendingIntentClient:com.google.android.gms]
07-21 10:54:12.520  1012  2112 I power_partial_wake_state: [REL,8,GCoreFlp:com.google.android.gms]
07-21 10:54:12.521  1012  1494 I power_partial_wake_state: [REL,2,*location*:android]
07-21 10:54:12.524  1012  2112 I power_partial_wake_state: [REL,2,*location*:android]
07-21 10:54:12.524  1012  7962 I power_partial_wake_state: [REL,31,NetworkLocationLocator:com.google.android.gms]
07-21 10:54:12.526  1012  7962 I power_partial_wake_state: [REL,8,CallbackRunner:com.google.android.gms]
07-21 10:54:12.527  1012  7962 I power_partial_wake_state: [REL,5,CMWakeLock:com.google.android.gms]
07-21 10:54:12.652  1012  2112 I power_partial_wake_state: [REL,4,*job*/za.co.vanelo.guardflow.mobile/expo.modules.taskManager.TaskJobService:android]
07-21 10:54:12.931  1012  1169 I power_partial_wake_state: [REL,1,*location*:GnssLocationProvider:android]
07-21 10:54:12.934  1012  2112 I power_partial_wake_state: [REL,1,GCoreFlp:com.google.android.gms]
07-21 10:54:13.029  1012  2112 I power_partial_wake_state: [REL,6,moya:XmppConnectionService:nu.bi.moya]
07-21 10:54:13.118  1012  1494 I power_partial_wake_state: [REL,470,*job*/za.co.vanelo.guardflow.mobile/expo.modules.taskManager.TaskJobService:android]
07-21 10:54:13.934  1012  1169 I power_partial_wake_state: [REL,1,*location*:GnssLocationProvider:android]
07-21 10:54:13.938  1012  1454 I power_partial_wake_state: [REL,2,GCoreFlp:com.google.android.gms]
07-21 10:54:14.670  1012  1034 I commit_sys_config_file: [jobs,16]
07-21 10:54:14.928  1217  1217 I SemTelephonyHandlerHelper: handleMessage: what=92
07-21 10:54:14.931  1012  1494 I power_partial_wake_state: [CHG,1,*telephony-radio*:com.android.phone]
07-21 10:54:14.933  1217  1217 D RILJ    : [4728]> GET_ACTIVITY_INFO [PHONE0]
07-21 10:54:14.936  1217  1217 I SemTelephonyHandlerHelper: handleMessage: what=93
07-21 10:54:14.936  1217  1241 D RILJ    : [4728]< GET_ACTIVITY_INFO ModemActivityInfo{ mTimestamp=9701626 mSleepTimeMs=23571 mIdleTimeMs=9386676 mActivityStatsTechSpecificInfo=[{mRat=UNKNOWN,mFrequencyRange=UNKNOWN,mTxTimeMs[]=[669039, 358752, 486559, 221851, 75149],mRxTimeMs=6961715}]} [PHONE0]
07-21 10:54:14.937  1012  1169 I power_partial_wake_state: [REL,1,*location*:GnssLocationProvider:android]
07-21 10:54:14.938  1012  1494 I power_partial_wake_state: [CHG,7,*telephony-radio*:com.android.phone]
07-21 10:54:14.940  1012  1494 I power_partial_wake_state: [REL,1,*telephony-radio*:com.android.phone]
07-21 10:54:14.942  1012  1494 I power_partial_wake_state: [REL,3,GCoreFlp:com.google.android.gms]
07-21 10:54:15.934  1012  1169 I power_partial_wake_state: [REL,1,*location*:GnssLocationProvider:android]
07-21 10:54:15.936  1012  1494 I power_partial_wake_state: [REL,1,GCoreFlp:com.google.android.gms]
07-21 10:54:15.937  1012  1454 I power_partial_wake_state: [REL,3461,CollectionLib-SigCollector:com.google.android.gms]
07-21 10:54:16.065  1012  7962 I power_partial_wake_state: [REL,5,PendingIntentClient:com.google.android.gms]
07-21 10:54:16.069  1012  7962 I power_partial_wake_state: [REL,3,GCoreFlp:com.google.android.gms]
07-21 10:54:16.072  1012  1494 I power_partial_wake_state: [REL,42,CallbackRunner:com.google.android.gms]
07-21 10:54:16.935  1012  1169 I power_partial_wake_state: [REL,1,*location*:GnssLocationProvider:android]
07-21 10:54:16.939  1012  1494 I power_partial_wake_state: [REL,1,GCoreFlp:com.google.android.gms]
07-21 10:54:17.481  1012  1494 I power_partial_wake_state: [REL,6,GmsAlarm:NetworkLocationScanner:com.google.android.gms]
07-21 10:54:17.482  1012  1494 I power_partial_wake_state: [REL,2,CallbackRunner:com.google.android.gms]
07-21 10:54:17.483  1217  1217 D SST-SEM : [0] requestAllCellInfo - UID: 1001, PID: 1217
07-21 10:54:17.485  1012  1494 I power_partial_wake_state: [CHG,1,*telephony-radio*:com.android.phone]
07-21 10:54:17.486  1217  1217 D RILJ    : [4729]> GET_CELL_INFO_LIST [PHONE0]
07-21 10:54:17.490  1217  1241 D RILJ    : [4729]< GET_CELL_INFO_LIST  [PHONE0]
07-21 10:54:17.490  1217  1217 D SST     : [0] getEons - EONS: null
07-21 10:54:17.490  1012  1494 I power_partial_wake_state: [CHG,5,*telephony-radio*:com.android.phone]
07-21 10:54:17.491  1012  1494 I power_partial_wake_state: [REL,0,*telephony-radio*:com.android.phone]
07-21 10:54:17.494  1217  1217 D LocaleTracker-0: processCellInfo: cell info=[CellInfoLte:{mRegistered=YES mTimeStamp=9704179604979ns mCellConnectionStatus=0 CellIdentityLte:{ mCi=3****25 mPci=91 mTac=1***6 mEarfcn=501 mBands=[1] mBandwidth=2147483647 mMcc=655 mMnc=02 mAlphaLong=Telkom mAlphaShort=Telkom mAdditionalPlmns={} mCsgInfo=null} CellSignalStrengthLte: rssi=-51 rsrp=-76 rsrq=-11 rssnr=2 cqiTableIndex=2147483647 cqi=2147483647 ta=0 level=4 parametersUseForLevel=1 android.telephony.CellConfigLte :{ isEndcAvailable = false }}]
07-21 10:54:17.495  1217  1217 D LocaleTracker-0: updateLocale: countryIso = za, countryIsoDebugInfo = OperatorNumeric(65502): MccTable.countryCodeForMcc("655")
07-21 10:54:17.495  1217  1217 D LocaleTracker-0: updateLocale: timeZoneCountryIso = za, timeZoneCountryIsoDebugInfo = OperatorNumeric: MccTable.geoCountryCodeForMccMnc(MccMnc{mcc='655', mnc='02'})
07-21 10:54:17.495  1217  1217 D NitzStateMachineImpl: handleCountryDetected: countryIsoCode=za, mLatestNitzSignal=NitzSignal{mReceiptElapsedMillis=PT2H22M2.161S, mNitzData=NitzData{mOriginalString=26/07/21,08:34:35+08,00, mZoneOffset=7200000, mDstOffset=0, mCurrentTimeMillis=1784622875000, mEmulatorHostTimeZone=null}, mAgeMillis=0}
07-21 10:54:17.498  1012  7962 I power_partial_wake_state: [REL,22,NetworkLocationScanner:com.google.android.gms]
07-21 10:54:17.513  1012  1494 I power_partial_wake_state: [REL,5,PendingIntentClient:com.google.android.gms]
07-21 10:54:17.520  1012  1494 I power_partial_wake_state: [REL,5,PendingIntentClient:com.google.android.gms]
07-21 10:54:17.530  1012  7962 I power_partial_wake_state: [REL,8,GCoreFlp:com.google.android.gms]
07-21 10:54:17.533  1012  7962 I power_partial_wake_state: [REL,4,*location*:android]
07-21 10:54:17.535  1012  7962 I power_partial_wake_state: [REL,32,NetworkLocationLocator:com.google.android.gms]
07-21 10:54:17.535  1012  1459 I power_partial_wake_state: [REL,4,CMWakeLock:com.google.android.gms]
07-21 10:54:17.537  1012  1459 I power_partial_wake_state: [REL,11,CallbackRunner:com.google.android.gms]
07-21 10:54:17.705  1012  1459 I power_partial_wake_state: [REL,4,*job*/za.co.vanelo.guardflow.mobile/expo.modules.taskManager.TaskJobService:android]
07-21 10:54:17.935  1012  1169 I power_partial_wake_state: [REL,1,*location*:GnssLocationProvider:android]
07-21 10:54:17.938  1012  1459 I power_partial_wake_state: [REL,2,GCoreFlp:com.google.android.gms]
07-21 10:54:18.041  1217  1217 D SSCtr   : [1] EVENT_SIGNAL_LEVEL_INFO_CHANGED - SignalBarInfo{ lteLevel=2 }
07-21 10:54:18.152  1012  1459 I power_partial_wake_state: [REL,450,*job*/za.co.vanelo.guardflow.mobile/expo.modules.taskManager.TaskJobService:android]
07-21 10:54:18.937  1012  1169 I power_partial_wake_state: [REL,1,*location*:GnssLocationProvider:android]
07-21 10:54:18.941  1012  1459 I power_partial_wake_state: [REL,1,GCoreFlp:com.google.android.gms]
07-21 10:54:19.716  1012  1034 I commit_sys_config_file: [jobs,13]
07-21 10:54:19.962  1012  1169 I power_partial_wake_state: [REL,0,*location*:GnssLocationProvider:android]
07-21 10:54:19.970  1217  1217 I SemTelephonyHandlerHelper: handleMessage: what=92
07-21 10:54:19.971  1012  1459 I power_partial_wake_state: [REL,5,GCoreFlp:com.google.android.gms]
07-21 10:54:19.975  1012  2112 I power_partial_wake_state: [CHG,1,*telephony-radio*:com.android.phone]
07-21 10:54:19.976  1217  1217 D RILJ    : [4730]> GET_ACTIVITY_INFO [PHONE0]
07-21 10:54:19.979  1217  1217 I SemTelephonyHandlerHelper: handleMessage: what=93
07-21 10:54:19.979  1217  1241 D RILJ    : [4730]< GET_ACTIVITY_INFO ModemActivityInfo{ mTimestamp=9706669 mSleepTimeMs=23571 mIdleTimeMs=9391699 mActivityStatsTechSpecificInfo=[{mRat=UNKNOWN,mFrequencyRange=UNKNOWN,mTxTimeMs[]=[669855, 359244, 486563, 221851, 75149],mRxTimeMs=6966377}]} [PHONE0]
07-21 10:54:19.980  1012  2112 I power_partial_wake_state: [CHG,5,*telephony-radio*:com.android.phone]
07-21 10:54:19.981  1012  2112 I power_partial_wake_state: [REL,1,*telephony-radio*:com.android.phone]
07-21 10:54:20.974  1012  1169 I power_partial_wake_state: [REL,1,*location*:GnssLocationProvider:android]
07-21 10:54:20.978  1012  1459 I power_partial_wake_state: [REL,1,GCoreFlp:com.google.android.gms]
07-21 10:54:21.971  1012  1169 I power_partial_wake_state: [REL,0,*location*:GnssLocationProvider:android]
07-21 10:54:21.976  1012  1459 I power_partial_wake_state: [REL,1,GCoreFlp:com.google.android.gms]
07-21 10:54:22.212  1217  1217 D SSCtr   : [1] EVENT_SIGNAL_LEVEL_INFO_CHANGED - SignalBarInfo{ lteLevel=2 }
07-21 10:54:22.220  1217  2113 I service_manager_stats: [100,56,176327]
07-21 10:54:22.489  1012  1459 I power_partial_wake_state: [REL,6,GmsAlarm:NetworkLocationScanner:com.google.android.gms]
07-21 10:54:22.490  1012  7962 I power_partial_wake_state: [REL,2,CallbackRunner:com.google.android.gms]
07-21 10:54:22.491  1217  1217 D SST-SEM : [0] requestAllCellInfo - UID: 1001, PID: 1217
07-21 10:54:22.493  1012  7962 I power_partial_wake_state: [CHG,0,*telephony-radio*:com.android.phone]
07-21 10:54:22.495  1217  1217 D RILJ    : [4731]> GET_CELL_INFO_LIST [PHONE0]
07-21 10:54:22.498  1217  1241 D RILJ    : [4731]< GET_CELL_INFO_LIST  [PHONE0]
07-21 10:54:22.499  1217  1217 D SST     : [0] getEons - EONS: null
07-21 10:54:22.499  1012  7962 I power_partial_wake_state: [CHG,5,*telephony-radio*:com.android.phone]
07-21 10:54:22.500  1012  7962 I power_partial_wake_state: [REL,0,*telephony-radio*:com.android.phone]
07-21 10:54:22.504  1217  1217 D LocaleTracker-0: processCellInfo: cell info=[CellInfoLte:{mRegistered=YES mTimeStamp=9709188369360ns mCellConnectionStatus=0 CellIdentityLte:{ mCi=3****25 mPci=91 mTac=1***6 mEarfcn=501 mBands=[1] mBandwidth=2147483647 mMcc=655 mMnc=02 mAlphaLong=Telkom mAlphaShort=Telkom mAdditionalPlmns={} mCsgInfo=null} CellSignalStrengthLte: rssi=-51 rsrp=-76 rsrq=-14 rssnr=-2 cqiTableIndex=2147483647 cqi=2147483647 ta=0 level=4 parametersUseForLevel=1 android.telephony.CellConfigLte :{ isEndcAvailable = false }}]
07-21 10:54:22.504  1217  1217 D LocaleTracker-0: updateLocale: countryIso = za, countryIsoDebugInfo = OperatorNumeric(65502): MccTable.countryCodeForMcc("655")
07-21 10:54:22.504  1217  1217 D LocaleTracker-0: updateLocale: timeZoneCountryIso = za, timeZoneCountryIsoDebugInfo = OperatorNumeric: MccTable.geoCountryCodeForMccMnc(MccMnc{mcc='655', mnc='02'})
07-21 10:54:22.504  1217  1217 D NitzStateMachineImpl: handleCountryDetected: countryIsoCode=za, mLatestNitzSignal=NitzSignal{mReceiptElapsedMillis=PT2H22M2.161S, mNitzData=NitzData{mOriginalString=26/07/21,08:34:35+08,00, mZoneOffset=7200000, mDstOffset=0, mCurrentTimeMillis=1784622875000, mEmulatorHostTimeZone=null}, mAgeMillis=0}
07-21 10:54:22.507  1012  1459 I power_partial_wake_state: [REL,23,NetworkLocationScanner:com.google.android.gms]
07-21 10:54:22.522  1012  7962 I power_partial_wake_state: [REL,5,PendingIntentClient:com.google.android.gms]
07-21 10:54:22.530  1012  1459 I power_partial_wake_state: [REL,5,PendingIntentClient:com.google.android.gms]
07-21 10:54:22.543  1012  1459 I power_partial_wake_state: [REL,1,*location*:android]
07-21 10:54:22.545  1012  1494 I power_partial_wake_state: [REL,33,NetworkLocationLocator:com.google.android.gms]
07-21 10:54:22.547  1012  1494 I power_partial_wake_state: [REL,11,CallbackRunner:com.google.android.gms]
07-21 10:54:22.548  1012  2112 I power_partial_wake_state: [REL,4,CMWakeLock:com.google.android.gms]
07-21 10:54:22.548  1012  1459 I power_partial_wake_state: [REL,17,GCoreFlp:com.google.android.gms]
07-21 10:54:22.551  1012  2112 I power_partial_wake_state: [REL,5,*location*:android]
07-21 10:54:22.563  1012  2112 I power_partial_wake_state: [REL,2,CallbackRunner:com.google.android.gms]
07-21 10:54:22.577  1012  1459 I power_partial_wake_state: [REL,2,NetworkLocationLocator:com.google.android.gms]
07-21 10:54:22.588  1012  1459 I power_partial_wake_state: [REL,9,CallbackRunner:com.google.android.gms]
07-21 10:54:22.743  1217  1217 D SSCtr   : [1] EVENT_SIGNAL_LEVEL_INFO_CHANGED - SignalBarInfo{ lteLevel=2 }
07-21 10:54:22.768  1012  2112 I power_partial_wake_state: [REL,5,*job*/za.co.vanelo.guardflow.mobile/expo.modules.taskManager.TaskJobService:android]
07-21 10:54:22.772  1012  1494 I power_partial_wake_state: [REL,216,FusedLocation:com.google.android.gms]
07-21 10:54:22.994  1012  1169 I power_partial_wake_state: [REL,1,*location*:GnssLocationProvider:android]
07-21 10:54:22.998  1012  2112 I power_partial_wake_state: [REL,2,GCoreFlp:com.google.android.gms]
07-21 10:54:23.004  1012  2112 I power_partial_wake_state: [REL,1,*location*:android]
07-21 10:54:23.008  1012  2112 I power_partial_wake_state: [REL,2,*location*:android]
07-21 10:54:23.008  1012  1169 I power_partial_wake_state: [REL,6,*location*:GnssLocationProvider:android]
07-21 10:54:23.015  1012  1494 I power_partial_wake_state: [REL,2,*location*:android]
07-21 10:54:23.019  1012  1494 I power_partial_wake_state: [REL,4,CMWakeLock:com.google.android.gms]
07-21 10:54:23.033  1012  7962 I power_partial_wake_state: [REL,11,moya:XmppConnectionService:nu.bi.moya]
07-21 10:54:23.993  1012  1169 I power_partial_wake_state: [REL,0,*location*:GnssLocationProvider:android]
07-21 10:54:23.996  1012  1494 I power_partial_wake_state: [REL,2,GCoreFlp:com.google.android.gms]
07-21 10:54:23.998  1012  7962 I power_partial_wake_state: [REL,1,*location*:android]
07-21 10:54:24.000  1012  1169 I power_partial_wake_state: [REL,4,*location*:GnssLocationProvider:android]
07-21 10:54:24.000  1012  7962 I power_partial_wake_state: [REL,1,*location*:android]
07-21 10:54:24.005  1012  1494 I power_partial_wake_state: [REL,1,*location*:android]
07-21 10:54:24.008  1012  2112 I power_partial_wake_state: [REL,4,CMWakeLock:com.google.android.gms]
07-21 10:54:24.421  1012  2112 I power_partial_wake_state: [REL,1657,*job*/za.co.vanelo.guardflow.mobile/expo.modules.taskManager.TaskJobService:android]
07-21 10:54:24.781  1012  1034 I commit_sys_config_file: [jobs,12]
07-21 10:54:24.997  1012  1169 I power_partial_wake_state: [REL,1,*location*:GnssLocationProvider:android]
07-21 10:54:25.002  1012  2112 I power_partial_wake_state: [REL,2,GCoreFlp:com.google.android.gms]
07-21 10:54:25.004  1012  1494 I power_partial_wake_state: [REL,2,*location*:android]
07-21 10:54:25.005  1012  1169 I power_partial_wake_state: [REL,4,*location*:GnssLocationProvider:android]
07-21 10:54:25.006  1012  1494 I power_partial_wake_state: [REL,1,*location*:android]
07-21 10:54:25.012  1012  1494 I power_partial_wake_state: [REL,2,*location*:android]
07-21 10:54:25.015  1012  7962 I power_partial_wake_state: [REL,4,CMWakeLock:com.google.android.gms]
07-21 10:54:25.019  1217  1217 I SemTelephonyHandlerHelper: handleMessage: what=92
07-21 10:54:25.023  1012  1494 I power_partial_wake_state: [CHG,1,*telephony-radio*:com.android.phone]
07-21 10:54:25.024  1217  1217 D RILJ    : [4732]> GET_ACTIVITY_INFO [PHONE0]
07-21 10:54:25.027  1217  1217 I SemTelephonyHandlerHelper: handleMessage: what=93
07-21 10:54:25.028  1217  1241 D RILJ    : [4732]< GET_ACTIVITY_INFO ModemActivityInfo{ mTimestamp=9711717 mSleepTimeMs=23571 mIdleTimeMs=9396726 mActivityStatsTechSpecificInfo=[{mRat=UNKNOWN,mFrequencyRange=UNKNOWN,mTxTimeMs[]=[671628, 359355, 486580, 221851, 75149],mRxTimeMs=6971267}]} [PHONE0]
07-21 10:54:25.028  1012  1494 I power_partial_wake_state: [CHG,5,*telephony-radio*:com.android.phone]
07-21 10:54:25.030  1012  1494 I power_partial_wake_state: [REL,1,*telephony-radio*:com.android.phone]
07-21 10:54:25.997  1012  1169 I power_partial_wake_state: [REL,1,*location*:GnssLocationProvider:android]
07-21 10:54:26.002  1012  7962 I power_partial_wake_state: [REL,2,GCoreFlp:com.google.android.gms]
07-21 10:54:26.003  1012  7962 I power_partial_wake_state: [REL,1,*location*:android]
07-21 10:54:26.004  1012  1169 I power_partial_wake_state: [REL,3,*location*:GnssLocationProvider:android]
07-21 10:54:26.005  1012  7962 I power_partial_wake_state: [REL,1,*location*:android]
07-21 10:54:26.011  1012  1494 I power_partial_wake_state: [REL,2,*location*:android]
07-21 10:54:26.015  1012  1494 I power_partial_wake_state: [REL,5,CMWakeLock:com.google.android.gms]
07-21 10:54:26.992  1012  1169 I power_partial_wake_state: [REL,1,*location*:GnssLocationProvider:android]
07-21 10:54:26.998  1012  1494 I power_partial_wake_state: [REL,1,GCoreFlp:com.google.android.gms]
07-21 10:54:26.999  1012  2112 I power_partial_wake_state: [REL,1,*location*:android]
07-21 10:54:27.000  1012  1169 I power_partial_wake_state: [REL,4,*location*:GnssLocationProvider:android]
07-21 10:54:27.001  1012  2112 I power_partial_wake_state: [REL,1,*location*:android]
07-21 10:54:27.007  1012  2112 I power_partial_wake_state: [REL,2,*location*:android]
07-21 10:54:27.010  1012  2112 I power_partial_wake_state: [REL,4,CMWakeLock:com.google.android.gms]
07-21 10:54:27.051  1012  1116 I input_interaction: Interaction with: a299ea1 za.co.vanelo.guardflow.mobile/za.co.vanelo.guardflow.mobile.MainActivity (server), PointerEventDispatcher0 (server), 
07-21 10:54:27.993  1012  1169 I power_partial_wake_state: [REL,1,*location*:GnssLocationProvider:android]
07-21 10:54:27.996  1012  1494 I power_partial_wake_state: [REL,1,GCoreFlp:com.google.android.gms]
07-21 10:54:27.997  1012  2112 I power_partial_wake_state: [REL,1,*location*:android]
07-21 10:54:27.998  1012  1169 I power_partial_wake_state: [REL,3,*location*:GnssLocationProvider:android]
07-21 10:54:27.998  1012  2112 I power_partial_wake_state: [REL,1,*location*:android]
07-21 10:54:28.004  1012  2112 I power_partial_wake_state: [REL,1,*location*:android]
07-21 10:54:28.007  1012  2112 I power_partial_wake_state: [REL,4,CMWakeLock:com.google.android.gms]
07-21 10:54:28.832  1012  1042 I am_pss  : [14476,10123,com.google.android.apps.tachyon,48712704,27303936,17183744,66580480,0,19,12]
07-21 10:54:28.999  1012  1169 I power_partial_wake_state: [REL,1,*location*:GnssLocationProvider:android]
07-21 10:54:29.005  1012  1494 I power_partial_wake_state: [REL,2,GCoreFlp:com.google.android.gms]
07-21 10:54:29.005  1012  2112 I power_partial_wake_state: [REL,1,*location*:android]
07-21 10:54:29.007  1012  1169 I power_partial_wake_state: [REL,5,*location*:GnssLocationProvider:android]
07-21 10:54:29.007  1012  2112 I power_partial_wake_state: [REL,1,*location*:android]
07-21 10:54:29.014  1012  2112 I power_partial_wake_state: [REL,2,*location*:android]
07-21 10:54:29.017  1012  2112 I power_partial_wake_state: [REL,4,CMWakeLock:com.google.android.gms]
07-21 10:54:29.998  1012  1169 I power_partial_wake_state: [REL,2,*location*:GnssLocationProvider:android]
07-21 10:54:30.001  1012  1494 I power_partial_wake_state: [REL,1,GCoreFlp:com.google.android.gms]
07-21 10:54:30.003  1012  1494 I power_partial_wake_state: [REL,1,*location*:android]
07-21 10:54:30.005  1012  1169 I power_partial_wake_state: [REL,5,*location*:GnssLocationProvider:android]
07-21 10:54:30.005  1012  1494 I power_partial_wake_state: [REL,1,*location*:android]
07-21 10:54:30.011  1012  2112 I power_partial_wake_state: [REL,2,*location*:android]
07-21 10:54:30.014  1012  2112 I power_partial_wake_state: [REL,4,CMWakeLock:com.google.android.gms]
07-21 10:54:30.050  1217  1217 I SemTelephonyHandlerHelper: handleMessage: what=92
07-21 10:54:30.054  1012  2112 I power_partial_wake_state: [CHG,1,*telephony-radio*:com.android.phone]
07-21 10:54:30.055  1217  1217 D RILJ    : [4733]> GET_ACTIVITY_INFO [PHONE0]
07-21 10:54:30.058  1217  1217 I SemTelephonyHandlerHelper: handleMessage: what=93
07-21 10:54:30.058  1217  1241 D RILJ    : [4733]< GET_ACTIVITY_INFO ModemActivityInfo{ mTimestamp=9716748 mSleepTimeMs=23571 mIdleTimeMs=9401736 mActivityStatsTechSpecificInfo=[{mRat=UNKNOWN,mFrequencyRange=UNKNOWN,mTxTimeMs[]=[673606, 359812, 486594, 221851, 75149],mRxTimeMs=6976075}]} [PHONE0]
07-21 10:54:30.059  1012  2112 I power_partial_wake_state: [CHG,5,*telephony-radio*:com.android.phone]
07-21 10:54:30.060  1012  2112 I power_partial_wake_state: [REL,1,*telephony-radio*:com.android.phone]
07-21 10:54:30.992  1012  1169 I power_partial_wake_state: [REL,0,*location*:GnssLocationProvider:android]
07-21 10:54:30.997  1012  1494 I power_partial_wake_state: [REL,1,GCoreFlp:com.google.android.gms]
07-21 10:54:30.999  1012  1494 I power_partial_wake_state: [REL,1,*location*:android]
07-21 10:54:31.001  1012  1169 I power_partial_wake_state: [REL,5,*location*:GnssLocationProvider:android]
07-21 10:54:31.002  1012  1494 I power_partial_wake_state: [REL,1,*location*:android]
07-21 10:54:31.008  1012  1494 I power_partial_wake_state: [REL,2,*location*:android]
07-21 10:54:31.010  1012  1494 I power_partial_wake_state: [REL,3,CMWakeLock:com.google.android.gms]
07-21 10:54:31.994  1012  1169 I power_partial_wake_state: [REL,1,*location*:GnssLocationProvider:android]
07-21 10:54:31.998  1012  2112 I power_partial_wake_state: [REL,1,GCoreFlp:com.google.android.gms]
07-21 10:54:31.999  1012  1494 I power_partial_wake_state: [REL,1,*location*:android]
07-21 10:54:32.000  1012  1169 I power_partial_wake_state: [REL,4,*location*:GnssLocationProvider:android]
07-21 10:54:32.000  1012  2112 I power_partial_wake_state: [REL,1,*location*:android]
07-21 10:54:32.007  1012  1494 I power_partial_wake_state: [REL,2,*location*:android]
07-21 10:54:32.010  1012  1494 I power_partial_wake_state: [REL,4,CMWakeLock:com.google.android.gms]
07-21 10:54:32.494  1012  1012 I power_partial_wake_state: [REL,7,*alarm*:android]
07-21 10:54:32.498  1012  1494 I power_partial_wake_state: [REL,7,GmsAlarm:NetworkLocationScanner:com.google.android.gms]
07-21 10:54:32.499  1012  1494 I power_partial_wake_state: [REL,2,CallbackRunner:com.google.android.gms]
07-21 10:54:32.499  1217  1217 D SST-SEM : [0] requestAllCellInfo - UID: 1001, PID: 1217
07-21 10:54:32.502  1012  1494 I power_partial_wake_state: [CHG,1,*telephony-radio*:com.android.phone]
07-21 10:54:32.503  1217  1217 D RILJ    : [4734]> GET_CELL_INFO_LIST [PHONE0]
07-21 10:54:32.506  1217  1241 D RILJ    : [4734]< GET_CELL_INFO_LIST  [PHONE0]
07-21 10:54:32.506  1217  1217 D SST     : [0] getEons - EONS: null
07-21 10:54:32.506  1012  1494 I power_partial_wake_state: [CHG,4,*telephony-radio*:com.android.phone]
07-21 10:54:32.507  1012  1494 I power_partial_wake_state: [REL,1,*telephony-radio*:com.android.phone]
07-21 10:54:32.511  1217  1217 D LocaleTracker-0: processCellInfo: cell info=[CellInfoLte:{mRegistered=YES mTimeStamp=9719195636891ns mCellConnectionStatus=0 CellIdentityLte:{ mCi=3****25 mPci=91 mTac=1***6 mEarfcn=501 mBands=[1] mBandwidth=2147483647 mMcc=655 mMnc=02 mAlphaLong=Telkom mAlphaShort=Telkom mAdditionalPlmns={} mCsgInfo=null} CellSignalStrengthLte: rssi=-51 rsrp=-77 rsrq=-14 rssnr=7 cqiTableIndex=2147483647 cqi=2147483647 ta=0 level=4 parametersUseForLevel=1 android.telephony.CellConfigLte :{ isEndcAvailable = false }}]
07-21 10:54:32.511  1217  1217 D LocaleTracker-0: updateLocale: countryIso = za, countryIsoDebugInfo = OperatorNumeric(65502): MccTable.countryCodeForMcc("655")
07-21 10:54:32.511  1217  1217 D LocaleTracker-0: updateLocale: timeZoneCountryIso = za, timeZoneCountryIsoDebugInfo = OperatorNumeric: MccTable.geoCountryCodeForMccMnc(MccMnc{mcc='655', mnc='02'})
07-21 10:54:32.511  1217  1217 D NitzStateMachineImpl: handleCountryDetected: countryIsoCode=za, mLatestNitzSignal=NitzSignal{mReceiptElapsedMillis=PT2H22M2.161S, mNitzData=NitzData{mOriginalString=26/07/21,08:34:35+08,00, mZoneOffset=7200000, mDstOffset=0, mCurrentTimeMillis=1784622875000, mEmulatorHostTimeZone=null}, mAgeMillis=0}
07-21 10:54:32.514  1012  2112 I power_partial_wake_state: [REL,22,NetworkLocationScanner:com.google.android.gms]
07-21 10:54:32.524  1012  2112 I power_partial_wake_state: [REL,3,PendingIntentClient:com.google.android.gms]
07-21 10:54:32.535  1012  1494 I power_partial_wake_state: [REL,4,PendingIntentClient:com.google.android.gms]
07-21 10:54:32.542  1012  1459 I power_partial_wake_state: [REL,6,GCoreFlp:com.google.android.gms]
07-21 10:54:32.547  1012  1454 I power_partial_wake_state: [REL,3,*location*:android]
07-21 10:54:32.547  1012  7962 I power_partial_wake_state: [REL,30,NetworkLocationLocator:com.google.android.gms]
07-21 10:54:32.549  1012  7962 I power_partial_wake_state: [REL,4,CMWakeLock:com.google.android.gms]
07-21 10:54:32.551  1012  1454 I power_partial_wake_state: [REL,10,CallbackRunner:com.google.android.gms]
07-21 10:54:32.553  1012  1454 I power_partial_wake_state: [REL,0,*location*:android]
07-21 10:54:32.855  1012  7962 I power_partial_wake_state: [REL,3,*job*/za.co.vanelo.guardflow.mobile/expo.modules.taskManager.TaskJobService:android]
07-21 10:54:32.857  1012  1454 I power_partial_wake_state: [REL,848,FusedLocation:com.google.android.gms]
07-21 10:54:32.988  1012  1169 I power_partial_wake_state: [REL,0,*location*:GnssLocationProvider:android]
07-21 10:54:32.991  1012  7962 I power_partial_wake_state: [REL,1,GCoreFlp:com.google.android.gms]
07-21 10:54:32.993  1012  7962 I power_partial_wake_state: [REL,1,*location*:android]
07-21 10:54:32.995  1012  1169 I power_partial_wake_state: [REL,5,*location*:GnssLocationProvider:android]
07-21 10:54:32.995  1012  7962 I power_partial_wake_state: [REL,1,*location*:android]
07-21 10:54:33.001  1012  1454 I power_partial_wake_state: [REL,2,*location*:android]
07-21 10:54:33.004  1012  1454 I power_partial_wake_state: [REL,4,CMWakeLock:com.google.android.gms]
07-21 10:54:33.026  1012  1454 I power_partial_wake_state: [REL,4,moya:XmppConnectionService:nu.bi.moya]
07-21 10:54:33.895  1012  7962 I power_partial_wake_state: [REL,1042,*job*/za.co.vanelo.guardflow.mobile/expo.modules.taskManager.TaskJobService:android]
07-21 10:54:33.993  1012  1169 I power_partial_wake_state: [REL,0,*location*:GnssLocationProvider:android]
