--------- beginning of main
07-21 01:11:20.048 13691 13691 D ip_monitor-774: 192.168.127.209 dev wlan0 lladdr f6:9b:fa:82:01:c3 STALE
--------- beginning of system
07-21 01:11:20.343  1005  1494 I ActivityManager: Force stopping za.co.vanelo.guardflow.mobile appid=10224 user=0: from pid 13694
07-21 01:11:20.343  1005  1494 I WindowManager:   Force removing ActivityRecord{74f4875 u0 za.co.vanelo.guardflow.mobile/.MainActivity} t1577}
07-21 01:11:20.346  1005  1494 I ActivityTaskManager: Removing activity ActivityRecord{74f4875 u0 za.co.vanelo.guardflow.mobile/.MainActivity} t1577 f}}(force-stop)  from stack callers=com.android.server.wm.RootWindowContainer$FinishDisabledPackageActivitiesHelper.process:3137 com.android.server.wm.RootWindowContainer.finishDisabledPackageActivities:3179 com.android.server.wm.ActivityTaskManagerService$LocalService.onForceStopPackage:6218 com.android.server.am.ActivityManagerService.forceStopPackageLocked:4677 com.android.server.am.ActivityManagerService.forceStopPackageLocked:4470 
07-21 01:11:20.347  1005 13698 E LockGuard: Calling thread binder:1005_9 is holding ACTIVITY while trying to acquire EDMS
07-21 01:11:20.347  1005 13698 E LockGuard: java.lang.RuntimeException: Calling thread binder:1005_9 is holding ACTIVITY while trying to acquire EDMS
07-21 01:11:20.347  1005 13698 E LockGuard: 	at com.android.server.LockGuard.doLog(LockGuard.java:176)
07-21 01:11:20.347  1005 13698 E LockGuard: 	at com.android.server.LockGuard.guard(LockGuard.java:163)
07-21 01:11:20.347  1005 13698 E LockGuard: 	at com.android.server.enterprise.application.ApplicationPolicy.getLockObject(ApplicationPolicy.java:348)
07-21 01:11:20.347  1005 13698 E LockGuard: 	at com.android.server.enterprise.application.ApplicationPolicy.getApplicationData(ApplicationPolicy.java:353)
07-21 01:11:20.347  1005 13698 E LockGuard: 	at com.android.server.enterprise.application.ApplicationPolicy.isApplicationStateBlocked(ApplicationPolicy.java:1847)
07-21 01:11:20.347  1005 13698 E LockGuard: 	at com.android.server.enterprise.application.ApplicationPolicy.isApplicationForceStopDisabled(ApplicationPolicy.java:2581)
07-21 01:11:20.347  1005 13698 E LockGuard: 	at com.android.server.wm.ActivityTaskManagerService.isForceStopDisabled(ActivityTaskManagerService.java:6993)
07-21 01:11:20.347  1005 13698 E LockGuard: 	at com.android.server.wm.ActivityTaskManagerService.isForceStopDisabled(ActivityTaskManagerService.java:6981)
07-21 01:11:20.347  1005 13698 E LockGuard: 	at com.android.server.wm.ActivityTaskManagerService.isForceStopDisabled(ActivityTaskManagerService.java:6976)
07-21 01:11:20.347  1005 13698 E LockGuard: 	at com.android.server.am.ActivityManagerService.forceStopPackage(ActivityManagerService.java:4177)
07-21 01:11:20.347  1005 13698 E LockGuard: 	at com.android.server.am.ActivityManagerService.forceStopPackage(ActivityManagerService.java:4140)
07-21 01:11:20.347  1005 13698 E LockGuard: 	at com.android.server.am.ActivityManagerShellCommand.runForceStop(ActivityManagerShellCommand.java:1175)
07-21 01:11:20.347  1005 13698 E LockGuard: 	at com.android.server.am.ActivityManagerShellCommand.onCommand(ActivityManagerShellCommand.java:248)
07-21 01:11:20.347  1005 13698 E LockGuard: 	at com.android.modules.utils.BasicShellCommandHandler.exec(BasicShellCommandHandler.java:97)
07-21 01:11:20.347  1005 13698 E LockGuard: 	at android.os.ShellCommand.exec(ShellCommand.java:38)
07-21 01:11:20.347  1005 13698 E LockGuard: 	at com.android.server.am.ActivityManagerService.onShellCommand(ActivityManagerService.java:9583)
07-21 01:11:20.347  1005 13698 E LockGuard: 	at android.os.Binder.shellCommand(Binder.java:1049)
07-21 01:11:20.347  1005 13698 E LockGuard: 	at android.os.Binder.onTransact(Binder.java:877)
07-21 01:11:20.347  1005 13698 E LockGuard: 	at android.app.IActivityManager$Stub.onTransact(IActivityManager.java:4751)
07-21 01:11:20.347  1005 13698 E LockGuard: 	at com.android.server.am.ActivityManagerService.onTransact(ActivityManagerService.java:2681)
07-21 01:11:20.347  1005 13698 E LockGuard: 	at android.os.Binder.execTransactInternal(Binder.java:1285)
07-21 01:11:20.347  1005 13698 E LockGuard: 	at android.os.Binder.execTransact(Binder.java:1244)
07-21 01:11:20.347  1005 13697 E LockGuard: Calling thread binder:1005_9 is holding ACTIVITY while trying to acquire EDMS
07-21 01:11:20.347  1005 13697 E LockGuard: java.lang.RuntimeException: Calling thread binder:1005_9 is holding ACTIVITY while trying to acquire EDMS
07-21 01:11:20.347  1005 13697 E LockGuard: 	at com.android.server.LockGuard.doLog(LockGuard.java:176)
07-21 01:11:20.347  1005 13697 E LockGuard: 	at com.android.server.LockGuard.guard(LockGuard.java:163)
07-21 01:11:20.347  1005 13697 E LockGuard: 	at com.android.server.enterprise.application.ApplicationPolicy.getLockObject(ApplicationPolicy.java:348)
07-21 01:11:20.347  1005 13697 E LockGuard: 	at com.android.server.enterprise.application.ApplicationPolicy.isApplicationStateBlocked(ApplicationPolicy.java:1846)
07-21 01:11:20.347  1005 13697 E LockGuard: 	at com.android.server.enterprise.application.ApplicationPolicy.isApplicationForceStopDisabled(ApplicationPolicy.java:2581)
07-21 01:11:20.347  1005 13697 E LockGuard: 	at com.android.server.wm.ActivityTaskManagerService.isForceStopDisabled(ActivityTaskManagerService.java:6993)
07-21 01:11:20.347  1005 13697 E LockGuard: 	at com.android.server.wm.ActivityTaskManagerService.isForceStopDisabled(ActivityTaskManagerService.java:6981)
07-21 01:11:20.347  1005 13697 E LockGuard: 	at com.android.server.wm.ActivityTaskManagerService.isForceStopDisabled(ActivityTaskManagerService.java:6976)
07-21 01:11:20.347  1005 13697 E LockGuard: 	at com.android.server.am.ActivityManagerService.forceStopPackage(ActivityManagerService.java:4177)
07-21 01:11:20.347  1005 13697 E LockGuard: 	at com.android.server.am.ActivityManagerService.forceStopPackage(ActivityManagerService.java:4140)
07-21 01:11:20.347  1005 13697 E LockGuard: 	at com.android.server.am.ActivityManagerShellCommand.runForceStop(ActivityManagerShellCommand.java:1175)
07-21 01:11:20.347  1005 13697 E LockGuard: 	at com.android.server.am.ActivityManagerShellCommand.onCommand(ActivityManagerShellCommand.java:248)
07-21 01:11:20.347  1005 13697 E LockGuard: 	at com.android.modules.utils.BasicShellCommandHandler.exec(BasicShellCommandHandler.java:97)
07-21 01:11:20.347  1005 13697 E LockGuard: 	at android.os.ShellCommand.exec(ShellCommand.java:38)
07-21 01:11:20.347  1005 13697 E LockGuard: 	at com.android.server.am.ActivityManagerService.onShellCommand(ActivityManagerService.java:9583)
07-21 01:11:20.347  1005 13697 E LockGuard: 	at android.os.Binder.shellCommand(Binder.java:1049)
07-21 01:11:20.347  1005 13697 E LockGuard: 	at android.os.Binder.onTransact(Binder.java:877)
07-21 01:11:20.347  1005 13697 E LockGuard: 	at android.app.IActivityManager$Stub.onTransact(IActivityManager.java:4751)
07-21 01:11:20.347  1005 13697 E LockGuard: 	at com.android.server.am.ActivityManagerService.onTransact(ActivityManagerService.java:2681)
07-21 01:11:20.347  1005 13697 E LockGuard: 	at android.os.Binder.execTransactInternal(Binder.java:1285)
07-21 01:11:20.347  1005 13697 E LockGuard: 	at android.os.Binder.execTransact(Binder.java:1244)
07-21 01:11:20.347   679   895 I SurfaceFlinger: id=130699 Removed ee1d5f ActivityRecordInputSink za.co.vanelo.guardflow.mobile/.MainActivity#130699 (116)
07-21 01:11:20.348   679   895 I SurfaceFlinger: id=131593 createSurf, flag=24004, Task=1577#131593
07-21 01:11:20.356   657   686 W IMGMemtrackHAL: hal_get_memory: memtrack cache rebuild was required
07-21 01:11:20.357   657   686 E IMGMemtrackHAL: GetGraphicsMemtrackRecords: DbgFsParseDir for /d/ion failed (No such file or directory)
07-21 01:11:20.362   679   679 I Layer   : id=130692 removedFromDrawingState ActivityRecord{74f4875 u0 za.co.vanelo.guardflow.mobile/.MainActivity}#130692 (117)
07-21 01:11:20.363   679   679 I Layer   : id=130699 removedFromDrawingState ee1d5f ActivityRecordInputSink za.co.vanelo.guardflow.mobile/.MainActivity#130699 (117)
07-21 01:11:20.363   679   679 I Layer   : id=130691 removedFromDrawingState Task=1577#130691 (117)
07-21 01:11:20.363   679   679 I Layer   : id=131593 removedFromDrawingState Task=1577#131593 (117)
07-21 01:11:20.363   679   679 I SurfaceFlinger: id=130692 Removed ActivityRecord{74f4875 u0 za.co.vanelo.guardflow.mobile/.MainActivity}#130692 (117)
07-21 01:11:20.363   679   679 I SurfaceFlinger: id=131593 Removed Task=1577#131593 (117)
07-21 01:11:20.363   679   679 I Layer   : id=131593 Destroyed Task=1577#131593
07-21 01:11:20.364   679   679 I Layer   : id=130692 Destroyed ActivityRecord{74f4875 u0 za.co.vanelo.guardflow.mobile/.MainActivity}#130692
07-21 01:11:20.364   679   679 I Layer   : id=130699 Destroyed ee1d5f ActivityRecordInputSink za.co.vanelo.guardflow.mobile/.MainActivity#130699
07-21 01:11:20.374   657   686 E IMGMemtrackHAL: GetGraphicsMemtrackRecords: DbgFsParseDir for /d/ion failed (No such file or directory)
07-21 01:11:20.388  1210  1210 D CarrierSvcBindHelper: onHandleForceStop: [za.co.vanelo.guardflow.mobile]
07-21 01:11:20.389  1210  1210 D CarrierSvcBindHelper: No carrier app for: 0
07-21 01:11:20.389  1210  1210 D CarrierSvcBindHelper: No carrier app for: 1
07-21 01:11:20.819   422   422 I io_stats: !@ 179,0 r 275078317 1728808021 w 36684540 340717120 d 2611770 38925756 f 10513296 3780461 iot 111056036 103597280 th 102400 0 0 pt 0 inp 0 0 916562.434
07-21 01:11:21.421  1210  1210 D TelephonyManager: requestModemActivityInfo: Sending result to app: ModemActivityInfo{ mTimestamp=776892596 mSleepTimeMs=208954293 mIdleTimeMs=247598264 mActivityStatsTechSpecificInfo=[{mRat=UNKNOWN,mFrequencyRange=UNKNOWN,mTxTimeMs[]=[49736481, 28574256, 33211971, 22159642, 10981550],mRxTimeMs=735293121}]}
07-21 01:11:21.700 11272 11299 D ContactsProvider_EventLog: contents_sample_state: [CONTACT contacts(1053) data(14640) accounts({moyaAccount (19)=492, org.telegram.messenger (20)=213, com.whatsapp (55)=679, com.google (9)=1028, vnd.sec.contact.sim2 (2)=3, com.google.android.apps.tachyon (156)=204, com.whatsapp.w4b (59)=679}) accounts deleted({}) calls([logtype:100 cnt:148, logtype:300 cnt:1, logtype:1000 cnt:1766, logtype:1150 cnt:86]) countryIso(ZA) userId(0)  ]
07-21 01:11:21.700 11272 11299 D ContactsProvider_EventLog: contents_sample_state: [ agr({[9 ,20 ,55 ,55 ,59 ,59]=1, [9 ,20 ,55 ,59 ,59]=1, [9 ,55 ,59 ,19 ,19 ,19]=1, [9 ,55 ,59 ,20 ,19]=5, [9 ,55 ,59 ,59 ,55 ,156 ,19 ,19 ,19 ,19]=1, [9 ,9 ,55 ,59 ,59 ,55 ,20 ,19]=1, [2]=3, [9 ,55 ,55 ,59 ,59 ,156 ,19]=2, [9 ,20 ,55 ,59 ,19]=46, [20]=19, [59 ,55 ,156 ,19]=1, [9 ,20 ,20 ,55 ,59 ,19]=2, [9 ,20 ,55 ,59 ,20 ,19]=2, [9 ,55 ,59 ,19]=140, [9 ,20 ,55 ,55 ,59 ,59 ,19]=5, [9 ,55 ,156 ,59]=1, [9 ,59 ,55 ,19 ,19]=1, [9 ,20 ,55 ,59]=37, [9 ,20 ,55 ,59 ,19 ,19 ,19]=1, [9 ,20 ,55 ,59 ,156 ,19]=20, [9 ,20 ,20 ,55 ,156 ,19 ,19]=1, [20 ,9 ,55 ,59 ,19]=1, [9 ,20 ,55 ,59 ,55 ,59 ,19]=1, [9 ,55 ,19]=1, [9 ,55 ,59 ,20 ,156 ,19]=3, [9 ,55 ,59 ,55 ,59]=1, [9 ,55 ,59 ,20]=4, [9 ,20 ,55 ,59 ,20]=1, [9 ,20]=9, [9 ,55 ,59 ,19 ,19]=9, [9 ,9 ,55 ,59]=3, [55 ,156]=1, [55]=2, [55 ,59 ,156 ,19]=1, [9 ,55 ,59 ,156 ,19 ,19]=4, [9 ,9 ,9 ,19]=1, [9 ,20 ,55 ,59 ,156]=14, [9 ,59 ,55]=17, [55 ,59]=7, [9 ,20 ,55 ,55 ,59 ,59 ,19 ,19]=1, [9 ,55 ,59 ,59 ,55 ,156 ,19]=2, [9 ,55 ,59 ,156]=44, [9 ,55 ,20 ,59 ,156]=1, [9 ,20 ,59 ,55 ,156]=1, [9 ,55 ,55 ,59 ,59 ,19 ,19]=1, [9 ,20 ,55 ,59 ,19 ,19]=3, [9 ,156]=27, [9 ,9 ,156 ,19]=1, [9 ,20 ,19]=12, [9 ,55]=1, [9 ,20 ,19 ,19]=1, [9 ,59 ,55 ,20]=4, [9 ,55 ,59 ,59 ,55 ,19]=1, [9 ,59 ,55 ,156]=4, [9 ,59 ,55 ,55 ,59 ,19]=2, [9 ,55 ,59 ,20 ,156]=2, [9 ,20 ,156 ,19]=1, [9 ,156 ,19 ,19]=2, [9 ,55 ,59 ,156 ,19]=47, [9 ,59 ,19]=3, [9 ,59 ,55 ,156 ,19 ,19]=1, [9 ,19]=92, [9 ,20 ,156]=4, [9 ,55 ,59]=175, [9 ,59]=2, [9 ,20 ,59 ,55 ,19]=1, [9]=204, [9 ,20 ,55 ,59 ,59 ,55]=1, [9 ,19 ,19]=1, [9 ,156 ,19]=14, [9 ,55 ,55 ,59 ,59 ,19]=1, [9 ,20 ,55 ,55 ,59 ,59 ,156 ,19]=1, [9 ,55 ,59 ,59 ,55]=1, [9 ,9]=1, [9 ,59 ,55 ,156 ,19]=3, [9 ,59 ,55 ,19]=18, [9 ,9 ,55 ,59 ,19]=1})  ]
07-21 01:11:21.700 11272 11299 D ContactsProvider_EventLog: contents_sample_state: [ actCnt({android.process.acore(11272)=1})  ]
07-21 01:11:21.700 11272 11299 D ContactsProvider_EventLog: contents_sample_state: [PROFILE contacts(0) data(0) accounts({})  ]
07-21 01:11:21.700 11272 11299 D ContactsProvider_EventLog: contents_sample_state: [SAPROFILE contacts(1) data(8) accounts({vnd.sec.contact.phone (1)=1})  ]
07-21 01:11:21.701 11272 11299 E ContactsProvider_EventLog: Flush buffer to file cnt : 1 size : 4Kb duration : 1ms lastUpdatedAfter : 60100 ms mFlush_time_threasold : 2000 mCurrentSize : 2414
07-21 01:11:21.839  1240  1380 D MobileSignalController(1/3): updateTelephonySignalStrength: hasService=true ss=SignalStrength:{mCdma=Invalid,mGsm=Invalid,mWcdma=Invalid,mTdscdma=Invalid,mLte=CellSignalStrengthLte: rssi=-109 rsrp=-111 rsrq=-9 rssnr=9 cqiTableIndex=2147483647 cqi=0 ta=2147483647 level=2 parametersUseForLevel=0,mNr=Invalid,SignalBarInfo{ lteLevel=2 },rat=14,primary=CellSignalStrengthLte} displayInfo=TelephonyDisplayInfo {network=LTE, override=NONE}
07-21 01:11:21.839  4021  4046 I EPDG -- SIM1 [SMARTCELLULAR]: onSignalStrengthsChanged: SignalStrength:{mCdma=Invalid,mGsm=Invalid,mWcdma=Invalid,mTdscdma=Invalid,mLte=CellSignalStrengthLte: rssi=-109 rsrp=-111 rsrq=-9 rssnr=9 cqiTableIndex=2147483647 cqi=0 ta=2147483647 level=2 parametersUseForLevel=0,mNr=Invalid,SignalBarInfo{ lteLevel=2 },rat=14,primary=CellSignalStrengthLte}
07-21 01:11:21.839  1240  1380 D MobileSignalController(1/3): mCurrentState.signalStrength
07-21 01:11:21.839  1240  1380 D networkType: networkType = 13
07-21 01:11:21.839  1240  1380 D MobileSignalController(1/3): updateTelephonySignalStrength: iconGroup=IconGroup(4G) dataConnected=false displayInfo=TelephonyDisplayInfo {network=LTE, override=NONE}
07-21 01:11:21.840  1240  1380 D MobileSignalController:Parveen: getSbInfo- typeIcon: 0 statusIcon: [visible=true,icon=2131233120,contentDescription=Phone two bars.]
07-21 01:11:21.840  1240  1240 D StatusBarSignalPolicy: setMobileDataIndicators: MobileDataIndicators[statusIcon=[visible=true,icon=2131233120,contentDescription=Phone two bars.],qsIcon=,statusType=0,qsType=0,activityIn=false,activityOut=false,typeContentDescription=4G,typeContentDescriptionHtml=4G,description=null,subId=3,roaming=false,showTriangle=true,dataActivity=0,roamingIcon=0]
07-21 01:11:21.840  1240  1380 D NetworkController: onReceive: intent=Intent { act=android.intent.action.SIG_STR flg=0x10 (has extras) }
07-21 01:11:21.841  1240  1240 D StatusBarSignalPolicy: MobileIconStates: mobile,  read=mobile[MobileIconState(subId=10, strengthId=2131233122, typeId=2131233045, visible=true, activityId=2131233096, roamingId=0, voiceNoServiceId=0, slotId=0), MobileIconState(subId=3, strengthId=2131233120, typeId=0, visible=true, activityId=0, roamingId=0, voiceNoServiceId=0, slotId=1)]
07-21 01:11:21.844  4021  4154 I EPDG -- SIM1 [SMARTCELLULAR]: DataSIM OutOfService area or Roaming -> Data SIM ROVE OUT
07-21 01:11:22.397  1240  1380 D MobileSignalController:Parveen: getSbInfo- typeIcon: 2131233045 statusIcon: [visible=true,icon=2131233122,contentDescription=Phone signal full.]
07-21 01:11:22.397  1240  1240 D StatusBarSignalPolicy: setMobileDataIndicators: MobileDataIndicators[statusIcon=[visible=true,icon=2131233122,contentDescription=Phone signal full.],qsIcon=[visible=true,icon=2131233122,contentDescription=Phone signal full.],statusType=2131233045,qsType=2131233045,activityIn=false,activityOut=false,typeContentDescription=4G,typeContentDescriptionHtml=4G,description=TelkomSA,subId=10,roaming=false,showTriangle=true,dataActivity=2131233097,roamingIcon=0]
07-21 01:11:22.398  1240  1240 D StatusBarSignalPolicy: MobileIconStates: mobile,  read=mobile[MobileIconState(subId=10, strengthId=2131233122, typeId=2131233045, visible=true, activityId=2131233097, roamingId=0, voiceNoServiceId=0, slotId=0), MobileIconState(subId=3, strengthId=2131233120, typeId=0, visible=true, activityId=0, roamingId=0, voiceNoServiceId=0, slotId=1)]
07-21 01:11:22.416  1240  1380 D MobileSignalController:Parveen: getSbInfo- typeIcon: 0 statusIcon: [visible=true,icon=2131233120,contentDescription=Phone two bars.]
07-21 01:11:22.417  1240  1240 D StatusBarSignalPolicy: setMobileDataIndicators: MobileDataIndicators[statusIcon=[visible=true,icon=2131233120,contentDescription=Phone two bars.],qsIcon=,statusType=0,qsType=0,activityIn=false,activityOut=false,typeContentDescription=4G,typeContentDescriptionHtml=4G,description=null,subId=3,roaming=false,showTriangle=true,dataActivity=0,roamingIcon=0]
07-21 01:11:22.417  1240  1240 D StatusBarSignalPolicy: MobileIconStates: mobile,  read=mobile[MobileIconState(subId=10, strengthId=2131233122, typeId=2131233045, visible=true, activityId=2131233097, roamingId=0, voiceNoServiceId=0, slotId=0), MobileIconState(subId=3, strengthId=2131233120, typeId=0, visible=true, activityId=0, roamingId=0, voiceNoServiceId=0, slotId=1)]
07-21 01:11:22.829   422   422 I io_stats: !@ 179,0 r 275078325 1728808069 w 36684542 340717128 d 2611770 38925756 f 10513296 3780461 iot 111056040 103597283 th 102400 0 0 pt 0 inp 0 0 916564.444
07-21 01:11:23.422  1240  1380 D MobileSignalController:Parveen: getSbInfo- typeIcon: 2131233045 statusIcon: [visible=true,icon=2131233122,contentDescription=Phone signal full.]
07-21 01:11:23.423  1240  1240 D StatusBarSignalPolicy: setMobileDataIndicators: MobileDataIndicators[statusIcon=[visible=true,icon=2131233122,contentDescription=Phone signal full.],qsIcon=[visible=true,icon=2131233122,contentDescription=Phone signal full.],statusType=2131233045,qsType=2131233045,activityIn=true,activityOut=true,typeContentDescription=4G,typeContentDescriptionHtml=4G,description=TelkomSA,subId=10,roaming=false,showTriangle=true,dataActivity=2131233096,roamingIcon=0]
07-21 01:11:23.423  1240  1240 D StatusBarSignalPolicy: MobileIconStates: mobile,  read=mobile[MobileIconState(subId=10, strengthId=2131233122, typeId=2131233045, visible=true, activityId=2131233096, roamingId=0, voiceNoServiceId=0, slotId=0), MobileIconState(subId=3, strengthId=2131233120, typeId=0, visible=true, activityId=0, roamingId=0, voiceNoServiceId=0, slotId=1)]
07-21 01:11:23.444  1240  1380 D MobileSignalController:Parveen: getSbInfo- typeIcon: 0 statusIcon: [visible=true,icon=2131233120,contentDescription=Phone two bars.]
07-21 01:11:23.445  1240  1240 D StatusBarSignalPolicy: setMobileDataIndicators: MobileDataIndicators[statusIcon=[visible=true,icon=2131233120,contentDescription=Phone two bars.],qsIcon=,statusType=0,qsType=0,activityIn=false,activityOut=false,typeContentDescription=4G,typeContentDescriptionHtml=4G,description=null,subId=3,roaming=false,showTriangle=true,dataActivity=0,roamingIcon=0]
07-21 01:11:23.445  1240  1240 D StatusBarSignalPolicy: MobileIconStates: mobile,  read=mobile[MobileIconState(subId=10, strengthId=2131233122, typeId=2131233045, visible=true, activityId=2131233096, roamingId=0, voiceNoServiceId=0, slotId=0), MobileIconState(subId=3, strengthId=2131233120, typeId=0, visible=true, activityId=0, roamingId=0, voiceNoServiceId=0, slotId=1)]
07-21 01:11:23.565 13702 13702 D AndroidRuntime: >>>>>> START com.android.internal.os.RuntimeInit uid 2000 <<<<<<
07-21 01:11:23.620 13702 13702 I AndroidRuntime: Using default boot image
07-21 01:11:23.621 13702 13702 I AndroidRuntime: Leaving lock profiling enabled
07-21 01:11:23.666 13702 13702 I app_process: Using CollectorTypeCC GC.
07-21 01:11:24.168 13702 13702 D nativeloader: InitDefaultPublicLibraries for_preload=1: libandroid.so:libaaudio.so:libamidi.so:libbinder_ndk.so:libc.so:libcamera2ndk.so:libdl.so:libEGL.so:libGLESv1_CM.so:libGLESv2.so:libGLESv3.so:libicu.so:libicui18n.so:libicuuc.so:libjnigraphics.so:liblog.so:libmediandk.so:libm.so:libnativehelper.so:libnativewindow.so:libOpenMAXAL.so:libOpenSLES.so:libRS.so:libstdc++.so:libsync.so:libvulkan.so:libwebviewchromium_plat_support.so:libz.so
07-21 01:11:24.246 13702 13702 D nativeloader: Load libicu_jni.so using APEX ns com_android_art for caller /apex/com.android.art/javalib/core-oj.jar: ok
07-21 01:11:24.247 13702 13702 D app_process: Time zone APEX ICU file found: /apex/com.android.tzdata/etc/icu/icu_tzdata.dat
07-21 01:11:24.247 13702 13702 D app_process: I18n APEX ICU file found: /apex/com.android.i18n/etc/icu/icudt70l.dat
07-21 01:11:24.260 13702 13702 D nativeloader: Load libjavacore.so using APEX ns com_android_art for caller /apex/com.android.art/javalib/core-oj.jar: ok
07-21 01:11:24.264  1005  3938 D SSRM:TemperatureManager: SIOP:: , PST = 0 (W:30), BAT = 290
07-21 01:11:24.271 13702 13702 D nativeloader: Load libopenjdk.so using APEX ns com_android_art for caller /apex/com.android.art/javalib/core-oj.jar: ok
07-21 01:11:24.292 13702 13702 I app_process: Priority-to-niceness mapping: 19, 16, 13, 10, 0, -2, -4, -5, -6, -8
07-21 01:11:24.329  1005  1109 I InputReader: processEventsLocked: type=1 Count=6 code=330 value=1 deviceId=1 when=916565945127000
07-21 01:11:24.329  1005  1109 D InputReader: syncTouch: pointerCount 0 -> 1, touching ids 0x00000000 -> 0x80000000, hovering ids 0x00000000 -> 0x00000000, canceled ids 0x00000000
07-21 01:11:24.329  1005  1109 D InputReader: dispatchTouches action DOWN now(ns): 916565945546685
07-21 01:11:24.329  1005  1109 D InputReader: notifyMotion call dispatcher
07-21 01:11:24.331  1005  1108 I InputDispatcher: Delivering touch to (1240): action: 0x4, f=0x0, d=0, 'f480b0e', t=1 
07-21 01:11:24.331  1005  1108 I InputDispatcher: Delivering touch to (10892): action: 0x0, f=0x0, d=0, '260e261', t=1 
07-21 01:11:24.332   651   651 D PowerHAL: ###Enter interaction_other scene bgn###
07-21 01:11:24.332   651   651 D PowerHAL: Enter common_set_for_release_when_close: enable:1, duration: 500, /dev/cluster0_freq_max: 124F80
07-21 01:11:24.333   651   651 D PowerHAL: Set /dev/cluster0_freq_max: 124F80
07-21 01:11:24.333   651   651 D PowerHAL: Enter common_set_for_release_when_close: enable:1, duration: 500, /dev/cluster0_freq_min: F4240
07-21 01:11:24.333   651   651 D PowerHAL: Set /dev/cluster0_freq_min: F4240
07-21 01:11:24.333   651   651 D PowerHAL: Enter common_set_for_release_when_close: enable:1, duration: 500, /dev/cluster1_freq_max: 186A00
07-21 01:11:24.334   651   651 D PowerHAL: Set /dev/cluster1_freq_max: 186A00
07-21 01:11:24.334   651   651 D PowerHAL: Enter common_set_for_release_when_close: enable:1, duration: 500, /dev/cluster1_freq_min: 12B128
07-21 01:11:24.334   651   651 D PowerHAL: Set /dev/cluster1_freq_min: 12B128
07-21 01:11:24.334   651   651 D PowerHAL: Enter devfreq_ddr_set: enable:1, duration: 500, /sys/class/devfreq/scene-frequency/sprd-governor/scene_boost_dfs: max
07-21 01:11:24.335   651   651 D PowerHAL: ###Enter interaction_other scene end###
07-21 01:11:24.335   651   651 D PowerHAL: ###Enter interaction_other scene bgn###
07-21 01:11:24.335   651   651 D PowerHAL: Enter common_set_for_release_when_close: enable:1, duration: 500, /dev/cluster0_freq_max: 124F80
07-21 01:11:24.335   651   651 D PowerHAL: Enter common_set_for_release_when_close: enable:1, duration: 500, /dev/cluster0_freq_min: F4240
07-21 01:11:24.335   651   651 D PowerHAL: Enter common_set_for_release_when_close: enable:1, duration: 500, /dev/cluster1_freq_max: 186A00
07-21 01:11:24.335   651   651 D PowerHAL: Enter common_set_for_release_when_close: enable:1, duration: 500, /dev/cluster1_freq_min: 12B128
07-21 01:11:24.335   651   651 D PowerHAL: Enter devfreq_ddr_set: enable:1, duration: 500, /sys/class/devfreq/scene-frequency/sprd-governor/scene_boost_dfs: max
07-21 01:11:24.336   651   651 D PowerHAL: ###Enter interaction_other scene end###
07-21 01:11:24.364  1005  1109 D InputReader: syncTouch: pointerCount 1 -> 1, touching ids 0x80000000 -> 0x80000000, hovering ids 0x00000000 -> 0x00000000, canceled ids 0x00000000
07-21 01:11:24.364  1005  1109 D InputReader: dispatchTouches action MOVE now(ns): 916565980779723
07-21 01:11:24.364  1005  1109 D InputReader: notifyMotion call dispatcher
07-21 01:11:24.373  1005  1109 D InputReader: syncTouch: pointerCount 1 -> 1, touching ids 0x80000000 -> 0x80000000, hovering ids 0x00000000 -> 0x00000000, canceled ids 0x00000000
07-21 01:11:24.373  1005  1109 D InputReader: dispatchTouches action MOVE now(ns): 916565989264069
07-21 01:11:24.373  1005  1109 D InputReader: notifyMotion call dispatcher
07-21 01:11:24.381  1005  1109 D InputReader: syncTouch: pointerCount 1 -> 1, touching ids 0x80000000 -> 0x80000000, hovering ids 0x00000000 -> 0x00000000, canceled ids 0x00000000
07-21 01:11:24.381  1005  1109 D InputReader: dispatchTouches action MOVE now(ns): 916565997500646
07-21 01:11:24.381  1005  1109 D InputReader: notifyMotion call dispatcher
07-21 01:11:24.389  1005  1109 D InputReader: syncTouch: pointerCount 1 -> 1, touching ids 0x80000000 -> 0x80000000, hovering ids 0x00000000 -> 0x00000000, canceled ids 0x00000000
07-21 01:11:24.389  1005  1109 D InputReader: dispatchTouches action MOVE now(ns): 916566005769838
07-21 01:11:24.389  1005  1109 D InputReader: notifyMotion call dispatcher
07-21 01:11:24.397  1005  1109 D InputReader: syncTouch: pointerCount 1 -> 1, touching ids 0x80000000 -> 0x80000000, hovering ids 0x00000000 -> 0x00000000, canceled ids 0x00000000
07-21 01:11:24.397  1005  1109 D InputReader: dispatchTouches action MOVE now(ns): 916566014008531
07-21 01:11:24.397  1005  1109 D InputReader: notifyMotion call dispatcher
07-21 01:11:24.406  1005  1109 D InputReader: syncTouch: pointerCount 1 -> 1, touching ids 0x80000000 -> 0x80000000, hovering ids 0x00000000 -> 0x00000000, canceled ids 0x00000000
07-21 01:11:24.406  1005  1109 D InputReader: dispatchTouches action MOVE now(ns): 916566022501492
07-21 01:11:24.406  1005  1109 D InputReader: notifyMotion call dispatcher
07-21 01:11:24.414  1005  1109 D InputReader: syncTouch: pointerCount 1 -> 1, touching ids 0x80000000 -> 0x80000000, hovering ids 0x00000000 -> 0x00000000, canceled ids 0x00000000
07-21 01:11:24.414  1005  1109 D InputReader: dispatchTouches action MOVE now(ns): 916566030655685
07-21 01:11:24.414  1005  1109 D InputReader: notifyMotion call dispatcher
07-21 01:11:24.422  1005  1109 D InputReader: syncTouch: pointerCount 1 -> 1, touching ids 0x80000000 -> 0x80000000, hovering ids 0x00000000 -> 0x00000000, canceled ids 0x00000000
07-21 01:11:24.423  1005  1109 D InputReader: dispatchTouches action MOVE now(ns): 916566039186992
07-21 01:11:24.423  1005  1109 D InputReader: notifyMotion call dispatcher
07-21 01:11:24.431  1005  1109 D InputReader: syncTouch: pointerCount 1 -> 1, touching ids 0x80000000 -> 0x80000000, hovering ids 0x00000000 -> 0x00000000, canceled ids 0x00000000
07-21 01:11:24.431  1005  1109 D InputReader: dispatchTouches action MOVE now(ns): 916566047389877
07-21 01:11:24.431  1005  1109 D InputReader: notifyMotion call dispatcher
07-21 01:11:24.432   651   651 D PowerHAL: ###Enter interaction_other scene bgn###
07-21 01:11:24.433   651   651 D PowerHAL: Enter common_set_for_release_when_close: enable:1, duration: 500, /dev/cluster0_freq_max: 124F80
07-21 01:11:24.433   651   651 D PowerHAL: Enter common_set_for_release_when_close: enable:1, duration: 500, /dev/cluster0_freq_min: F4240
07-21 01:11:24.433   651   651 D PowerHAL: Enter common_set_for_release_when_close: enable:1, duration: 500, /dev/cluster1_freq_max: 186A00
07-21 01:11:24.433   651   651 D PowerHAL: Enter common_set_for_release_when_close: enable:1, duration: 500, /dev/cluster1_freq_min: 12B128
07-21 01:11:24.433   651   651 D PowerHAL: Enter devfreq_ddr_set: enable:1, duration: 500, /sys/class/devfreq/scene-frequency/sprd-governor/scene_boost_dfs: max
07-21 01:11:24.433   651   651 D PowerHAL: ###Enter interaction_other scene end###
07-21 01:11:24.433   651   651 D PowerHAL: ###Enter interaction_other scene bgn###
07-21 01:11:24.433   651   651 D PowerHAL: Enter common_set_for_release_when_close: enable:1, duration: 500, /dev/cluster0_freq_max: 124F80
07-21 01:11:24.433   651   651 D PowerHAL: Enter common_set_for_release_when_close: enable:1, duration: 500, /dev/cluster0_freq_min: F4240
07-21 01:11:24.433   651   651 D PowerHAL: Enter common_set_for_release_when_close: enable:1, duration: 500, /dev/cluster1_freq_max: 186A00
07-21 01:11:24.433   651   651 D PowerHAL: Enter common_set_for_release_when_close: enable:1, duration: 500, /dev/cluster1_freq_min: 12B128
07-21 01:11:24.433   651   651 D PowerHAL: Enter devfreq_ddr_set: enable:1, duration: 500, /sys/class/devfreq/scene-frequency/sprd-governor/scene_boost_dfs: max
07-21 01:11:24.433   651   651 D PowerHAL: ###Enter interaction_other scene end###
07-21 01:11:24.439  1005  1109 D InputReader: syncTouch: pointerCount 1 -> 1, touching ids 0x80000000 -> 0x80000000, hovering ids 0x00000000 -> 0x00000000, canceled ids 0x00000000
07-21 01:11:24.439  1005  1109 D InputReader: dispatchTouches action MOVE now(ns): 916566055909338
07-21 01:11:24.439  1005  1109 D InputReader: notifyMotion call dispatcher
07-21 01:11:24.447  1005  1109 D InputReader: syncTouch: pointerCount 1 -> 1, touching ids 0x80000000 -> 0x80000000, hovering ids 0x00000000 -> 0x00000000, canceled ids 0x00000000
07-21 01:11:24.448  1005  1109 D InputReader: dispatchTouches action MOVE now(ns): 916566064158146
07-21 01:11:24.448  1005  1109 D InputReader: notifyMotion call dispatcher
07-21 01:11:24.456  1005  1109 D InputReader: syncTouch: pointerCount 1 -> 1, touching ids 0x80000000 -> 0x80000000, hovering ids 0x00000000 -> 0x00000000, canceled ids 0x00000000
07-21 01:11:24.456  1005  1109 D InputReader: dispatchTouches action MOVE now(ns): 916566072589608
07-21 01:11:24.456  1005  1109 D InputReader: notifyMotion call dispatcher
07-21 01:11:24.464  1005  1109 D InputReader: syncTouch: pointerCount 1 -> 1, touching ids 0x80000000 -> 0x80000000, hovering ids 0x00000000 -> 0x00000000, canceled ids 0x00000000
07-21 01:11:24.464  1005  1109 D InputReader: dispatchTouches action MOVE now(ns): 916566080749300
07-21 01:11:24.464  1005  1109 D InputReader: notifyMotion call dispatcher
07-21 01:11:24.473  1005  1109 D InputReader: syncTouch: pointerCount 1 -> 1, touching ids 0x80000000 -> 0x80000000, hovering ids 0x00000000 -> 0x00000000, canceled ids 0x00000000
07-21 01:11:24.473  1005  1109 D InputReader: dispatchTouches action MOVE now(ns): 916566089208108
07-21 01:11:24.473  1005  1109 D InputReader: notifyMotion call dispatcher
07-21 01:11:24.481  1005  1109 D InputReader: syncTouch: pointerCount 1 -> 1, touching ids 0x80000000 -> 0x80000000, hovering ids 0x00000000 -> 0x00000000, canceled ids 0x00000000
07-21 01:11:24.481  1005  1109 D InputReader: dispatchTouches action MOVE now(ns): 916566097460415
07-21 01:11:24.481  1005  1109 D InputReader: notifyMotion call dispatcher
07-21 01:11:24.489  1005  1109 D InputReader: syncTouch: pointerCount 1 -> 1, touching ids 0x80000000 -> 0x80000000, hovering ids 0x00000000 -> 0x00000000, canceled ids 0x00000000
07-21 01:11:24.489  1005  1109 D InputReader: dispatchTouches action MOVE now(ns): 916566105960146
07-21 01:11:24.489  1005  1109 D InputReader: notifyMotion call dispatcher
07-21 01:11:24.497  1005  1109 D InputReader: syncTouch: pointerCount 1 -> 1, touching ids 0x80000000 -> 0x80000000, hovering ids 0x00000000 -> 0x00000000, canceled ids 0x00000000
07-21 01:11:24.498  1005  1109 D InputReader: dispatchTouches action MOVE now(ns): 916566114200761
07-21 01:11:24.498  1005  1109 D InputReader: notifyMotion call dispatcher
07-21 01:11:24.498 13702 13702 D nativeloader: Load libframework-connectivity-tiramisu-jni.so using APEX ns com_android_tethering for caller /apex/com.android.tethering/javalib/framework-connectivity-t.jar: ok
07-21 01:11:24.498 13702 13702 D AndroidRuntime: Calling main entry com.android.commands.monkey.Monkey
07-21 01:11:24.501 13702 13702 W Monkey  : args: [-p, za.co.vanelo.guardflow.mobile, -c, android.intent.category.LAUNCHER, 1]
07-21 01:11:24.503 13702 13702 W Monkey  :  arg: "-p"
07-21 01:11:24.503 13702 13702 W Monkey  :  arg: "za.co.vanelo.guardflow.mobile"
07-21 01:11:24.503 13702 13702 W Monkey  :  arg: "-c"
07-21 01:11:24.504 13702 13702 W Monkey  :  arg: "android.intent.category.LAUNCHER"
07-21 01:11:24.504 13702 13702 W Monkey  :  arg: "1"
07-21 01:11:24.504 13702 13702 W Monkey  : data="za.co.vanelo.guardflow.mobile"
07-21 01:11:24.505 13702 13702 W Monkey  : data="android.intent.category.LAUNCHER"
07-21 01:11:24.506  1005  1109 D InputReader: syncTouch: pointerCount 1 -> 1, touching ids 0x80000000 -> 0x80000000, hovering ids 0x00000000 -> 0x00000000, canceled ids 0x00000000
07-21 01:11:24.506  1005  1109 D InputReader: dispatchTouches action MOVE now(ns): 916566122684838
07-21 01:11:24.506  1005  1109 D InputReader: notifyMotion call dispatcher
07-21 01:11:24.514  1005  1109 D InputReader: syncTouch: pointerCount 1 -> 1, touching ids 0x80000000 -> 0x80000000, hovering ids 0x00000000 -> 0x00000000, canceled ids 0x00000000
07-21 01:11:24.514  1005  1109 D InputReader: dispatchTouches action MOVE now(ns): 916566130910031
07-21 01:11:24.514  1005  1109 D InputReader: notifyMotion call dispatcher
07-21 01:11:24.523  1005  1109 D InputReader: syncTouch: pointerCount 1 -> 1, touching ids 0x80000000 -> 0x80000000, hovering ids 0x00000000 -> 0x00000000, canceled ids 0x00000000
07-21 01:11:24.523  1005  1109 D InputReader: dispatchTouches action MOVE now(ns): 916566139367800
07-21 01:11:24.523  1005  1109 D InputReader: notifyMotion call dispatcher
07-21 01:11:24.531  1005  1109 D InputReader: syncTouch: pointerCount 1 -> 1, touching ids 0x80000000 -> 0x80000000, hovering ids 0x00000000 -> 0x00000000, canceled ids 0x00000000
07-21 01:11:24.531  1005  1109 D InputReader: dispatchTouches action MOVE now(ns): 916566147669261
07-21 01:11:24.531  1005  1109 D InputReader: notifyMotion call dispatcher
07-21 01:11:24.532   651   651 D PowerHAL: ###Enter interaction_other scene bgn###
07-21 01:11:24.532   651   651 D PowerHAL: Enter common_set_for_release_when_close: enable:1, duration: 500, /dev/cluster0_freq_max: 124F80
07-21 01:11:24.532   651   651 D PowerHAL: Enter common_set_for_release_when_close: enable:1, duration: 500, /dev/cluster0_freq_min: F4240
07-21 01:11:24.532   651   651 D PowerHAL: Enter common_set_for_release_when_close: enable:1, duration: 500, /dev/cluster1_freq_max: 186A00
07-21 01:11:24.532   651   651 D PowerHAL: Enter common_set_for_release_when_close: enable:1, duration: 500, /dev/cluster1_freq_min: 12B128
07-21 01:11:24.532   651   651 D PowerHAL: Enter devfreq_ddr_set: enable:1, duration: 500, /sys/class/devfreq/scene-frequency/sprd-governor/scene_boost_dfs: max
07-21 01:11:24.532   651   651 D PowerHAL: ###Enter interaction_other scene end###
07-21 01:11:24.532   651   651 D PowerHAL: ###Enter interaction_other scene bgn###
07-21 01:11:24.532   651   651 D PowerHAL: Enter common_set_for_release_when_close: enable:1, duration: 500, /dev/cluster0_freq_max: 124F80
07-21 01:11:24.532   651   651 D PowerHAL: Enter common_set_for_release_when_close: enable:1, duration: 500, /dev/cluster0_freq_min: F4240
07-21 01:11:24.532   651   651 D PowerHAL: Enter common_set_for_release_when_close: enable:1, duration: 500, /dev/cluster1_freq_max: 186A00
07-21 01:11:24.532   651   651 D PowerHAL: Enter common_set_for_release_when_close: enable:1, duration: 500, /dev/cluster1_freq_min: 12B128
07-21 01:11:24.532   651   651 D PowerHAL: Enter devfreq_ddr_set: enable:1, duration: 500, /sys/class/devfreq/scene-frequency/sprd-governor/scene_boost_dfs: max
07-21 01:11:24.533   651   651 D PowerHAL: ###Enter interaction_other scene end###
07-21 01:11:24.540  1005  1109 D InputReader: syncTouch: pointerCount 1 -> 1, touching ids 0x80000000 -> 0x80000000, hovering ids 0x00000000 -> 0x00000000, canceled ids 0x00000000
07-21 01:11:24.540  1005  1109 D InputReader: dispatchTouches action MOVE now(ns): 916566156197031
07-21 01:11:24.540  1005  1109 D InputReader: notifyMotion call dispatcher
07-21 01:11:24.548  1005  1109 D InputReader: syncTouch: pointerCount 1 -> 1, touching ids 0x80000000 -> 0x80000000, hovering ids 0x00000000 -> 0x00000000, canceled ids 0x00000000
07-21 01:11:24.548  1005  1109 D InputReader: dispatchTouches action MOVE now(ns): 916566164376261
07-21 01:11:24.548  1005  1109 D InputReader: notifyMotion call dispatcher
07-21 01:11:24.556  1005  1109 D InputReader: syncTouch: pointerCount 1 -> 1, touching ids 0x80000000 -> 0x80000000, hovering ids 0x00000000 -> 0x00000000, canceled ids 0x00000000
07-21 01:11:24.556  1005  1109 D InputReader: dispatchTouches action MOVE now(ns): 916566172740992
07-21 01:11:24.556  1005  1109 D InputReader: notifyMotion call dispatcher
07-21 01:11:24.564  1005  1109 D InputReader: syncTouch: pointerCount 1 -> 1, touching ids 0x80000000 -> 0x80000000, hovering ids 0x00000000 -> 0x00000000, canceled ids 0x00000000
07-21 01:11:24.564  1005  1109 D InputReader: dispatchTouches action MOVE now(ns): 916566180981223
07-21 01:11:24.564  1005  1109 D InputReader: notifyMotion call dispatcher
07-21 01:11:24.573  1005  1109 D InputReader: syncTouch: pointerCount 1 -> 1, touching ids 0x80000000 -> 0x80000000, hovering ids 0x00000000 -> 0x00000000, canceled ids 0x00000000
07-21 01:11:24.573  1005  1109 D InputReader: dispatchTouches action MOVE now(ns): 916566189463608
07-21 01:11:24.573  1005  1109 D InputReader: notifyMotion call dispatcher
07-21 01:11:24.581  1005  1109 D InputReader: syncTouch: pointerCount 1 -> 1, touching ids 0x80000000 -> 0x80000000, hovering ids 0x00000000 -> 0x00000000, canceled ids 0x00000000
07-21 01:11:24.581  1005  1109 D InputReader: dispatchTouches action MOVE now(ns): 916566197665954
07-21 01:11:24.581  1005  1109 D InputReader: notifyMotion call dispatcher
07-21 01:11:24.589  1005  1109 D InputReader: syncTouch: pointerCount 1 -> 1, touching ids 0x80000000 -> 0x80000000, hovering ids 0x00000000 -> 0x00000000, canceled ids 0x00000000
07-21 01:11:24.590  1005  1109 D InputReader: dispatchTouches action MOVE now(ns): 916566206123838
07-21 01:11:24.590  1005  1109 D InputReader: notifyMotion call dispatcher
07-21 01:11:24.598  1005  1109 D InputReader: syncTouch: pointerCount 1 -> 1, touching ids 0x80000000 -> 0x80000000, hovering ids 0x00000000 -> 0x00000000, canceled ids 0x00000000
07-21 01:11:24.598  1005  1109 D InputReader: dispatchTouches action MOVE now(ns): 916566214384261
07-21 01:11:24.598  1005  1109 D InputReader: notifyMotion call dispatcher
07-21 01:11:24.605  1005  1494 D CompatibilityChangeReporter: Compat change id reported: 161145287; UID 2000; state: DISABLED
07-21 01:11:24.606  1005  1038 W BroadcastQueue: Skipping deliver [background] BroadcastRecord{e01c91b u-1 android.net.conn.CONNECTIVITY_CHANGE} to ReceiverList{7eb0ab8 13702 (unknown name)/2000/u-1 remote:125c815}: process gone or crashing
07-21 01:11:24.606  1005  1109 D InputReader: syncTouch: pointerCount 1 -> 1, touching ids 0x80000000 -> 0x80000000, hovering ids 0x00000000 -> 0x00000000, canceled ids 0x00000000
07-21 01:11:24.606  1005  1109 D InputReader: dispatchTouches action MOVE now(ns): 916566222900338
07-21 01:11:24.606  1005  1109 D InputReader: notifyMotion call dispatcher
07-21 01:11:24.614  1005  1109 D InputReader: syncTouch: pointerCount 1 -> 1, touching ids 0x80000000 -> 0x80000000, hovering ids 0x00000000 -> 0x00000000, canceled ids 0x00000000
07-21 01:11:24.615  1005  1109 D InputReader: dispatchTouches action MOVE now(ns): 916566231124261
07-21 01:11:24.615  1005  1109 D InputReader: notifyMotion call dispatcher
07-21 01:11:24.623  1005  1109 D InputReader: syncTouch: pointerCount 1 -> 1, touching ids 0x80000000 -> 0x80000000, hovering ids 0x00000000 -> 0x00000000, canceled ids 0x00000000
07-21 01:11:24.623  1005  1109 D InputReader: dispatchTouches action MOVE now(ns): 916566239524800
07-21 01:11:24.623  1005  1109 D InputReader: notifyMotion call dispatcher
07-21 01:11:24.631  1005  1109 D InputReader: syncTouch: pointerCount 1 -> 1, touching ids 0x80000000 -> 0x80000000, hovering ids 0x00000000 -> 0x00000000, canceled ids 0x00000000
07-21 01:11:24.631  1005  1109 D InputReader: dispatchTouches action MOVE now(ns): 916566247733069
07-21 01:11:24.631  1005  1109 D InputReader: notifyMotion call dispatcher
07-21 01:11:24.632   651   651 D PowerHAL: ###Enter interaction_other scene bgn###
07-21 01:11:24.632   651   651 D PowerHAL: Enter common_set_for_release_when_close: enable:1, duration: 500, /dev/cluster0_freq_max: 124F80
07-21 01:11:24.632   651   651 D PowerHAL: Enter common_set_for_release_when_close: enable:1, duration: 500, /dev/cluster0_freq_min: F4240
07-21 01:11:24.632   651   651 D PowerHAL: Enter common_set_for_release_when_close: enable:1, duration: 500, /dev/cluster1_freq_max: 186A00
07-21 01:11:24.632   651   651 D PowerHAL: Enter common_set_for_release_when_close: enable:1, duration: 500, /dev/cluster1_freq_min: 12B128
07-21 01:11:24.632   651   651 D PowerHAL: Enter devfreq_ddr_set: enable:1, duration: 500, /sys/class/devfreq/scene-frequency/sprd-governor/scene_boost_dfs: max
07-21 01:11:24.632   651   651 D PowerHAL: ###Enter interaction_other scene end###
07-21 01:11:24.632   651   651 D PowerHAL: ###Enter interaction_other scene bgn###
07-21 01:11:24.632   651   651 D PowerHAL: Enter common_set_for_release_when_close: enable:1, duration: 500, /dev/cluster0_freq_max: 124F80
07-21 01:11:24.632   651   651 D PowerHAL: Enter common_set_for_release_when_close: enable:1, duration: 500, /dev/cluster0_freq_min: F4240
07-21 01:11:24.632   651   651 D PowerHAL: Enter common_set_for_release_when_close: enable:1, duration: 500, /dev/cluster1_freq_max: 186A00
07-21 01:11:24.632   651   651 D PowerHAL: Enter common_set_for_release_when_close: enable:1, duration: 500, /dev/cluster1_freq_min: 12B128
07-21 01:11:24.632   651   651 D PowerHAL: Enter devfreq_ddr_set: enable:1, duration: 500, /sys/class/devfreq/scene-frequency/sprd-governor/scene_boost_dfs: max
07-21 01:11:24.632   651   651 D PowerHAL: ###Enter interaction_other scene end###
07-21 01:11:24.640  1005  1109 D InputReader: syncTouch: pointerCount 1 -> 1, touching ids 0x80000000 -> 0x80000000, hovering ids 0x00000000 -> 0x00000000, canceled ids 0x00000000
07-21 01:11:24.640  1005  1109 D InputReader: dispatchTouches action MOVE now(ns): 916566256272146
07-21 01:11:24.640  1005  1109 D InputReader: notifyMotion call dispatcher
07-21 01:11:24.641  1005  1494 D ActivityTaskManager: startActivityAsUser: callingPid=13702, callingUid=2000, caller=com.android.server.wm.ActivityTaskManagerService.startActivityAsUser:1308 com.android.server.am.ActivityManagerService.startActivityAsUserWithFeature:3228 android.app.IActivityManager$Stub.onTransact:3797 com.android.server.am.ActivityManagerService.onTransact:2681 android.os.Binder.execTransactInternal:1280 android.os.Binder.execTransact:1244 <bottom of call stack> 
07-21 01:11:24.642  1005  1494 I ActivityTaskManager: START u0 {act=android.intent.action.MAIN typ=null flg=0x10200000 cmp=ComponentInfo{za.co.vanelo.guardflow.mobile/za.co.vanelo.guardflow.mobile.MainActivity}} from uid 2000
07-21 01:11:24.649  1005  1109 D InputReader: syncTouch: pointerCount 1 -> 1, touching ids 0x80000000 -> 0x80000000, hovering ids 0x00000000 -> 0x00000000, canceled ids 0x00000000
07-21 01:11:24.649  1005  1109 D InputReader: dispatchTouches action MOVE now(ns): 916566265244646
07-21 01:11:24.649  1005  1109 D InputReader: notifyMotion call dispatcher
07-21 01:11:24.656  1005  1109 D InputReader: syncTouch: pointerCount 1 -> 1, touching ids 0x80000000 -> 0x80000000, hovering ids 0x00000000 -> 0x00000000, canceled ids 0x00000000
07-21 01:11:24.656  1005  1109 D InputReader: dispatchTouches action MOVE now(ns): 916566272933838
07-21 01:11:24.656  1005  1109 D InputReader: notifyMotion call dispatcher
07-21 01:11:24.665  1005  1109 D InputReader: syncTouch: pointerCount 1 -> 1, touching ids 0x80000000 -> 0x80000000, hovering ids 0x00000000 -> 0x00000000, canceled ids 0x00000000
07-21 01:11:24.665  1005  1109 D InputReader: dispatchTouches action MOVE now(ns): 916566281318300
07-21 01:11:24.665  1005  1109 D InputReader: notifyMotion call dispatcher
07-21 01:11:24.665   679   718 I SurfaceFlinger: id=131594 createSurf, flag=24004, Task=1585#131594
07-21 01:11:24.667   679   718 I SurfaceFlinger: id=131595 createSurf, flag=80004, ActivityRecord{7a21a64 u0 za.co.vanelo.guardflow.mobile/.MainActivity}#131595
07-21 01:11:24.669   651   651 D PowerHAL: ###Enter launch scene bgn###
07-21 01:11:24.669   651   651 D PowerHAL: Enter common_set_for_release_when_close: enable:1, duration: 0, /dev/cluster0_freq_max: 124F80
07-21 01:11:24.669   651   651 D PowerHAL: Enter common_set_for_release_when_close: enable:1, duration: 0, /dev/cluster0_freq_min: 124F80
07-21 01:11:24.669   651   651 D PowerHAL: Set /dev/cluster0_freq_min: 124F80
07-21 01:11:24.669   651   651 D PowerHAL: Enter common_set_for_release_when_close: enable:1, duration: 0, /dev/cluster1_freq_max: 186A00
07-21 01:11:24.669   651   651 D PowerHAL: Enter common_set_for_release_when_close: enable:1, duration: 0, /dev/cluster1_freq_min: 186A00
07-21 01:11:24.669   651   651 D PowerHAL: Set /dev/cluster1_freq_min: 186A00
07-21 01:11:24.670   651   651 D PowerHAL: Enter devfreq_ddr_set: enable:1, duration: 0, /sys/class/devfreq/scene-frequency/sprd-governor/scene_boost_dfs: max
07-21 01:11:24.670   651   651 D PowerHAL: ###Enter launch scene end###
07-21 01:11:24.670  1005  1494 W WindowManager: Prepare app transition: mNextAppTransitionRequests=[TRANSIT_OPEN], mNextAppTransitionFlags=, displayId: 0 Callers=com.android.server.wm.DisplayContent.prepareAppTransition:5312 com.android.server.wm.DisplayContent.prepareAppTransition:5303 com.android.server.wm.Task.startActivityLocked:5160 com.android.server.wm.ActivityStarter.startActivityInner:2128 com.android.server.wm.ActivityStarter.startActivityUnchecked:1881 
07-21 01:11:24.672  1005  1494 D ActivityTaskManager: Add starting com.android.server.wm.ActivityRecord$AddStartingWindow@167e4cd: typeParam=139
07-21 01:11:24.673  1005  1109 D InputReader: syncTouch: pointerCount 1 -> 1, touching ids 0x80000000 -> 0x80000000, hovering ids 0x00000000 -> 0x00000000, canceled ids 0x00000000
07-21 01:11:24.673  1005  1109 D InputReader: dispatchTouches action MOVE now(ns): 916566289596684
07-21 01:11:24.673  1005  1109 D InputReader: notifyMotion call dispatcher
07-21 01:11:24.673  1005  1494 D WindowManager: getCustomLayoutResId: key=za.co.vanelo.guardflow.mobile/za.co.vanelo.guardflow.mobile.MainActivity, layoutResIdForMass=0, layoutResId=0
07-21 01:11:24.680 13702 13702 I Monkey  : Events injected: 1
07-21 01:11:24.681  1005  1109 D InputReader: syncTouch: pointerCount 1 -> 1, touching ids 0x80000000 -> 0x80000000, hovering ids 0x00000000 -> 0x00000000, canceled ids 0x00000000
07-21 01:11:24.681  1005  1109 D InputReader: dispatchTouches action MOVE now(ns): 916566297854261
07-21 01:11:24.681  1005  1109 D InputReader: notifyMotion call dispatcher
07-21 01:11:24.686  1005  1030 D StorageManagerService: getExternalStorageMountMode: uid=10224 packageName=za.co.vanelo.guardflow.mobile
07-21 01:11:24.686  1005  1030 D CompatibilityChangeReporter: Compat change id reported: 135634846; UID 10224; state: DISABLED
07-21 01:11:24.687  1005  1039 D CompatibilityChangeReporter: Compat change id reported: 143937733; UID 10224; state: ENABLED
07-21 01:11:24.688  1005  2751 V WindowManager: rotationForOrientation(orient=SCREEN_ORIENTATION_PORTRAIT (1), last=ROTATION_0 (0)); user=ROTATION_0 (0) USER_ROTATION_LOCKED
07-21 01:11:24.688  1005  2751 D WindowManager: rotationForOrientation, orientationSource=ActivityRecord{ac99f9f u0 com.android.settings/.SubSettings} t1583}
07-21 01:11:24.690  1005  1109 D InputReader: syncTouch: pointerCount 1 -> 1, touching ids 0x80000000 -> 0x80000000, hovering ids 0x00000000 -> 0x00000000, canceled ids 0x00000000
07-21 01:11:24.690  1005  1109 D InputReader: dispatchTouches action MOVE now(ns): 916566306503838
07-21 01:11:24.690  1005  1109 D InputReader: notifyMotion call dispatcher
07-21 01:11:24.692  1005  2751 V WindowManager: Computed rotation=ROTATION_0 (0) for display id=0 based on lastOrientation=SCREEN_ORIENTATION_PORTRAIT (1) and oldRotation=ROTATION_0 (0), caller=com.android.server.wm.DisplayContent.updateRotationUnchecked:1968 com.android.server.wm.WindowManagerService.updateRotationUnchecked:4344 com.android.server.wm.WindowManagerService.freezeDisplayRotation:4244 com.android.server.wm.WindowManagerService.freezeRotation:4203 android.view.IWindowManager$Stub.onTransact:2196 com.android.server.wm.WindowManagerService.onTransact:1457 
07-21 01:11:24.698  1005  2759 W WindowManager: Prepare app transition: mNextAppTransitionRequests=[TRANSIT_OPEN, TRANSIT_OPEN], mNextAppTransitionFlags=, displayId: 0 Callers=com.android.server.wm.DisplayContent.prepareAppTransition:5312 com.android.server.wm.TaskFragment.resumeTopActivity:1317 com.android.server.wm.Task.resumeTopActivityInnerLocked:5056 com.android.server.wm.Task.resumeTopActivityUncheckedLocked:4991 com.android.server.wm.RootWindowContainer.resumeFocusedTasksTopActivities:2309 
07-21 01:11:24.698  1005  1109 D InputReader: syncTouch: pointerCount 1 -> 1, touching ids 0x80000000 -> 0x80000000, hovering ids 0x00000000 -> 0x00000000, canceled ids 0x00000000
07-21 01:11:24.698  1005  1109 D InputReader: dispatchTouches action MOVE now(ns): 916566314577069
07-21 01:11:24.698  1005  1109 D InputReader: notifyMotion call dispatcher
07-21 01:11:24.700   629   629 D Zygote  : Forked child process 13719
07-21 01:11:24.701  1005  1039 I ActivityManager: Start proc 13719:za.co.vanelo.guardflow.mobile/u0a224 for next-top-activity {za.co.vanelo.guardflow.mobile/za.co.vanelo.guardflow.mobile.MainActivity}
07-21 01:11:24.705  1005  1494 V WindowManager: rotationForOrientation(orient=SCREEN_ORIENTATION_PORTRAIT (1), last=ROTATION_0 (0)); user=ROTATION_0 (0) USER_ROTATION_LOCKED
