07-21 01:31:22.108 16197 16197 I ZeroBattery_BroadcastReceiver: updateZeroBatteryContacts
07-21 01:31:22.108  1522  1667 E GlobalSettingsRepoBase: globalgcsettings No matched key : rcs_initial_contact_sync_before_regi
07-21 01:31:22.108  1522  1667 I ContactCache<0>: sendMessageContactSync: Try contact sync after 3 sec.
07-21 01:31:22.124  1005  1893 E AppSearchIcing: icing-search-engine.cc:988: Failed to delete Document. namespace: android$contacts/, uri: 3794095;Failed to find DocumentId by key: android$contacts/, 3794095;Key not found 1274404940800583420 in DynamicTrieKeyMapper /data/system_ce/0/appsearch/icing/document_dir/key_mapper_dir/key_mapper.Failed to delete Document. namespace: android$contacts/, uri: 3794095
07-21 01:31:22.124  1005  1893 W AppSearchIcing: icing-search-engine.cc:217: Error: 5, Message: Failed to delete Document. namespace: android$contacts/, uri: 3794095;Failed to find DocumentId by key: android$contacts/, 3794095;Key not found 1274404940800583420 in DynamicTrieKeyMapper /data/system_ce/0/appsearch/icing/document_dir/key_mapper_dir/key_mapper.
07-21 01:31:22.152 11272 11282 D ContactsProviderUtils: isMultiSimModel : true
07-21 01:31:22.154  1005  1023 D WindowManager: setImageForCustomStartingWindow: componentName={com.android.contacts/com.android.contacts.activities.PeopleActivity}, fd=null, imagePath=auto, imagePathQualifier=null
07-21 01:31:22.154 11272 11282 D ContactsProvider-ScreenCaptureManager: delete starting window - Contacts
07-21 01:31:22.266  1363  1363 I NearbySharing: The contact book (uri: content://com.android.contacts) has been modified. Debouncing sync.
07-21 01:31:22.267  1522  1667 I ContactCache: ===== Contact updated. =====
07-21 01:31:22.267  1522  1667 I RcsUtils: isDualRcsSettings: false
07-21 01:31:22.267  1522  1667 I SimManager: isLabSimCard: state [LOADED] isLabSim [false]
07-21 01:31:22.267  1522  1667 E GlobalSettingsRepoBase: globalgcsettings No matched key : rcs_contact_sync_in_switch_off
07-21 01:31:22.271  1522  1667 D ImsConstants: getInt(system/rcs_user_setting) : -1, package : null
07-21 01:31:22.271  1522  1667 E GlobalSettingsRepoBase: globalgcsettings No matched key : rcs_initial_contact_sync_before_regi
07-21 01:31:22.271 16197 16197 I ZeroBattery_BroadcastReceiver: updateZeroBatteryContacts
07-21 01:31:22.271  1522  1667 I ContactCache<0>: sendMessageContactSync: Try contact sync after 3 sec.
07-21 01:31:22.291  1005  1893 E AppSearchIcing: icing-search-engine.cc:988: Failed to delete Document. namespace: android$contacts/, uri: 3794096;Failed to find DocumentId by key: android$contacts/, 3794096;Key not found 359626700981004622 in DynamicTrieKeyMapper /data/system_ce/0/appsearch/icing/document_dir/key_mapper_dir/key_mapper.Failed to delete Document. namespace: android$contacts/, uri: 3794096
07-21 01:31:22.291  1005  1893 W AppSearchIcing: icing-search-engine.cc:217: Error: 5, Message: Failed to delete Document. namespace: android$contacts/, uri: 3794096;Failed to find DocumentId by key: android$contacts/, 3794096;Key not found 359626700981004622 in DynamicTrieKeyMapper /data/system_ce/0/appsearch/icing/document_dir/key_mapper_dir/key_mapper.
07-21 01:31:22.313 11272 11282 D ContactsProviderUtils: isMultiSimModel : true
07-21 01:31:22.315  1005  1022 D WindowManager: setImageForCustomStartingWindow: componentName={com.android.contacts/com.android.contacts.activities.PeopleActivity}, fd=null, imagePath=auto, imagePathQualifier=null
07-21 01:31:22.316 11272 11282 D ContactsProvider-ScreenCaptureManager: delete starting window - Contacts
07-21 01:31:22.435  1363  1363 I NearbySharing: The contact book (uri: content://com.android.contacts) has been modified. Debouncing sync.
07-21 01:31:22.436  1522  1667 I ContactCache: ===== Contact updated. =====
07-21 01:31:22.436  1522  1667 I RcsUtils: isDualRcsSettings: false
07-21 01:31:22.436  1522  1667 I SimManager: isLabSimCard: state [LOADED] isLabSim [false]
07-21 01:31:22.436  1522  1667 E GlobalSettingsRepoBase: globalgcsettings No matched key : rcs_contact_sync_in_switch_off
07-21 01:31:22.440  1522  1667 D ImsConstants: getInt(system/rcs_user_setting) : -1, package : null
07-21 01:31:22.440 16197 16197 I ZeroBattery_BroadcastReceiver: updateZeroBatteryContacts
07-21 01:31:22.441  1522  1667 E GlobalSettingsRepoBase: globalgcsettings No matched key : rcs_initial_contact_sync_before_regi
07-21 01:31:22.441  1522  1667 I ContactCache<0>: sendMessageContactSync: Try contact sync after 3 sec.
07-21 01:31:22.459  1005  1893 E AppSearchIcing: icing-search-engine.cc:988: Failed to delete Document. namespace: android$contacts/, uri: 3794097;Failed to find DocumentId by key: android$contacts/, 3794097;Key not found 4366633259600584757 in DynamicTrieKeyMapper /data/system_ce/0/appsearch/icing/document_dir/key_mapper_dir/key_mapper.Failed to delete Document. namespace: android$contacts/, uri: 3794097
07-21 01:31:22.459  1005  1893 W AppSearchIcing: icing-search-engine.cc:217: Error: 5, Message: Failed to delete Document. namespace: android$contacts/, uri: 3794097;Failed to find DocumentId by key: android$contacts/, 3794097;Key not found 4366633259600584757 in DynamicTrieKeyMapper /data/system_ce/0/appsearch/icing/document_dir/key_mapper_dir/key_mapper.
07-21 01:31:22.483 11272 11282 D ContactsProviderUtils: isMultiSimModel : true
07-21 01:31:22.485  1005  2718 D WindowManager: setImageForCustomStartingWindow: componentName={com.android.contacts/com.android.contacts.activities.PeopleActivity}, fd=null, imagePath=auto, imagePathQualifier=null
07-21 01:31:22.486 11272 11282 D ContactsProvider-ScreenCaptureManager: delete starting window - Contacts
07-21 01:31:22.546  1240  1380 D MobileSignalController:Parveen: getSbInfo- typeIcon: 0 statusIcon: [visible=true,icon=2131233121,contentDescription=Phone three bars.]
07-21 01:31:22.547  1240  1240 D StatusBarSignalPolicy: setMobileDataIndicators: MobileDataIndicators[statusIcon=[visible=true,icon=2131233121,contentDescription=Phone three bars.],qsIcon=,statusType=0,qsType=0,activityIn=false,activityOut=false,typeContentDescription=4G,typeContentDescriptionHtml=4G,description=null,subId=3,roaming=false,showTriangle=true,dataActivity=0,roamingIcon=0]
07-21 01:31:22.547  1240  1240 D StatusBarSignalPolicy: MobileIconStates: mobile,  read=mobile[MobileIconState(subId=10, strengthId=2131233122, typeId=2131233045, visible=true, activityId=2131233096, roamingId=0, voiceNoServiceId=0, slotId=0), MobileIconState(subId=3, strengthId=2131233121, typeId=0, visible=true, activityId=0, roamingId=0, voiceNoServiceId=0, slotId=1)]
07-21 01:31:22.601  1363  1363 I NearbySharing: The contact book (uri: content://com.android.contacts) has been modified. Debouncing sync.
07-21 01:31:22.601  1522  1667 I ContactCache: ===== Contact updated. =====
07-21 01:31:22.601  1522  1667 I RcsUtils: isDualRcsSettings: false
07-21 01:31:22.601  1522  1667 I SimManager: isLabSimCard: state [LOADED] isLabSim [false]
07-21 01:31:22.601  1522  1667 E GlobalSettingsRepoBase: globalgcsettings No matched key : rcs_contact_sync_in_switch_off
07-21 01:31:22.606 16197 16197 I ZeroBattery_BroadcastReceiver: updateZeroBatteryContacts
07-21 01:31:22.608  1522  1667 D ImsConstants: getInt(system/rcs_user_setting) : -1, package : null
07-21 01:31:22.608  1522  1667 E GlobalSettingsRepoBase: globalgcsettings No matched key : rcs_initial_contact_sync_before_regi
07-21 01:31:22.608  1522  1667 I ContactCache<0>: sendMessageContactSync: Try contact sync after 3 sec.
07-21 01:31:22.618  1005  1893 E AppSearchIcing: icing-search-engine.cc:988: Failed to delete Document. namespace: android$contacts/, uri: 3794098;Failed to find DocumentId by key: android$contacts/, 3794098;Key not found 12408757058351462177 in DynamicTrieKeyMapper /data/system_ce/0/appsearch/icing/document_dir/key_mapper_dir/key_mapper.Failed to delete Document. namespace: android$contacts/, uri: 3794098
07-21 01:31:22.618  1005  1893 W AppSearchIcing: icing-search-engine.cc:217: Error: 5, Message: Failed to delete Document. namespace: android$contacts/, uri: 3794098;Failed to find DocumentId by key: android$contacts/, 3794098;Key not found 12408757058351462177 in DynamicTrieKeyMapper /data/system_ce/0/appsearch/icing/document_dir/key_mapper_dir/key_mapper.
07-21 01:31:22.674 11272 11282 D ContactsProviderUtils: isMultiSimModel : true
07-21 01:31:22.678  1005  1022 D WindowManager: setImageForCustomStartingWindow: componentName={com.android.contacts/com.android.contacts.activities.PeopleActivity}, fd=null, imagePath=auto, imagePathQualifier=null
07-21 01:31:22.678 11272 11282 D ContactsProvider-ScreenCaptureManager: delete starting window - Contacts
07-21 01:31:22.772   422   422 I io_stats: !@ 179,0 r 275240574 1731354329 w 36704071 340883732 d 2611770 38925756 f 10516195 3780910 iot 111113956 103649576 th 102400 0 0 pt 0 inp 0 0 917764.387
07-21 01:31:22.819  1363  1363 I NearbySharing: The contact book (uri: content://com.android.contacts) has been modified. Debouncing sync.
07-21 01:31:22.820  1522  1667 I ContactCache: ===== Contact updated. =====
07-21 01:31:22.820  1522  1667 I RcsUtils: isDualRcsSettings: false
07-21 01:31:22.820  1522  1667 I SimManager: isLabSimCard: state [LOADED] isLabSim [false]
07-21 01:31:22.820  1522  1667 E GlobalSettingsRepoBase: globalgcsettings No matched key : rcs_contact_sync_in_switch_off
07-21 01:31:22.824 16197 16197 I ZeroBattery_BroadcastReceiver: updateZeroBatteryContacts
07-21 01:31:22.825  1522  1667 D ImsConstants: getInt(system/rcs_user_setting) : -1, package : null
07-21 01:31:22.825  1522  1667 E GlobalSettingsRepoBase: globalgcsettings No matched key : rcs_initial_contact_sync_before_regi
07-21 01:31:22.825  1522  1667 I ContactCache<0>: sendMessageContactSync: Try contact sync after 3 sec.
07-21 01:31:22.847  1005  1893 E AppSearchIcing: icing-search-engine.cc:988: Failed to delete Document. namespace: android$contacts/, uri: 3794099;Failed to find DocumentId by key: android$contacts/, 3794099;Key not found 9521791469774632236 in DynamicTrieKeyMapper /data/system_ce/0/appsearch/icing/document_dir/key_mapper_dir/key_mapper.Failed to delete Document. namespace: android$contacts/, uri: 3794099
07-21 01:31:22.847  1005  1893 W AppSearchIcing: icing-search-engine.cc:217: Error: 5, Message: Failed to delete Document. namespace: android$contacts/, uri: 3794099;Failed to find DocumentId by key: android$contacts/, 3794099;Key not found 9521791469774632236 in DynamicTrieKeyMapper /data/system_ce/0/appsearch/icing/document_dir/key_mapper_dir/key_mapper.
07-21 01:31:22.865 11272 11282 D ContactsProviderUtils: isMultiSimModel : true
07-21 01:31:22.867  1005  1022 D WindowManager: setImageForCustomStartingWindow: componentName={com.android.contacts/com.android.contacts.activities.PeopleActivity}, fd=null, imagePath=auto, imagePathQualifier=null
07-21 01:31:22.868 11272 11282 D ContactsProvider-ScreenCaptureManager: delete starting window - Contacts
07-21 01:31:22.986  1363  1363 I NearbySharing: The contact book (uri: content://com.android.contacts) has been modified. Debouncing sync.
07-21 01:31:22.987  1522  1667 I ContactCache: ===== Contact updated. =====
07-21 01:31:22.987  1522  1667 I RcsUtils: isDualRcsSettings: false
07-21 01:31:22.987  1522  1667 I SimManager: isLabSimCard: state [LOADED] isLabSim [false]
07-21 01:31:22.988  1522  1667 E GlobalSettingsRepoBase: globalgcsettings No matched key : rcs_contact_sync_in_switch_off
07-21 01:31:22.991 16197 16197 I ZeroBattery_BroadcastReceiver: updateZeroBatteryContacts
07-21 01:31:22.991  1522  1667 D ImsConstants: getInt(system/rcs_user_setting) : -1, package : null
07-21 01:31:22.992  1522  1667 E GlobalSettingsRepoBase: globalgcsettings No matched key : rcs_initial_contact_sync_before_regi
07-21 01:31:22.992  1522  1667 I ContactCache<0>: sendMessageContactSync: Try contact sync after 3 sec.
07-21 01:31:23.007  1005  1893 E AppSearchIcing: icing-search-engine.cc:988: Failed to delete Document. namespace: android$contacts/, uri: 3794100;Failed to find DocumentId by key: android$contacts/, 3794100;Key not found 5813435615765655678 in DynamicTrieKeyMapper /data/system_ce/0/appsearch/icing/document_dir/key_mapper_dir/key_mapper.Failed to delete Document. namespace: android$contacts/, uri: 3794100
07-21 01:31:23.007  1005  1893 W AppSearchIcing: icing-search-engine.cc:217: Error: 5, Message: Failed to delete Document. namespace: android$contacts/, uri: 3794100;Failed to find DocumentId by key: android$contacts/, 3794100;Key not found 5813435615765655678 in DynamicTrieKeyMapper /data/system_ce/0/appsearch/icing/document_dir/key_mapper_dir/key_mapper.
07-21 01:31:23.034 11272 13174 D ContactsProviderUtils: isMultiSimModel : true
07-21 01:31:23.036  1005  2756 D WindowManager: setImageForCustomStartingWindow: componentName={com.android.contacts/com.android.contacts.activities.PeopleActivity}, fd=null, imagePath=auto, imagePathQualifier=null
07-21 01:31:23.037 11272 13174 D ContactsProvider-ScreenCaptureManager: delete starting window - Contacts
07-21 01:31:23.147  1363  1363 I NearbySharing: The contact book (uri: content://com.android.contacts) has been modified. Debouncing sync.
07-21 01:31:23.148  1522  1667 I ContactCache: ===== Contact updated. =====
07-21 01:31:23.148  1522  1667 I RcsUtils: isDualRcsSettings: false
07-21 01:31:23.148  1522  1667 I SimManager: isLabSimCard: state [LOADED] isLabSim [false]
07-21 01:31:23.149  1522  1667 E GlobalSettingsRepoBase: globalgcsettings No matched key : rcs_contact_sync_in_switch_off
07-21 01:31:23.153 16197 16197 I ZeroBattery_BroadcastReceiver: updateZeroBatteryContacts
07-21 01:31:23.154  1522  1667 D ImsConstants: getInt(system/rcs_user_setting) : -1, package : null
07-21 01:31:23.155  1522  1667 E GlobalSettingsRepoBase: globalgcsettings No matched key : rcs_initial_contact_sync_before_regi
07-21 01:31:23.157  1522  1667 I ContactCache<0>: sendMessageContactSync: Try contact sync after 3 sec.
07-21 01:31:23.169  1005  1893 E AppSearchIcing: icing-search-engine.cc:988: Failed to delete Document. namespace: android$contacts/, uri: 3794101;Failed to find DocumentId by key: android$contacts/, 3794101;Key not found 12594602593383294508 in DynamicTrieKeyMapper /data/system_ce/0/appsearch/icing/document_dir/key_mapper_dir/key_mapper.Failed to delete Document. namespace: android$contacts/, uri: 3794101
07-21 01:31:23.169  1005  1893 W AppSearchIcing: icing-search-engine.cc:217: Error: 5, Message: Failed to delete Document. namespace: android$contacts/, uri: 3794101;Failed to find DocumentId by key: android$contacts/, 3794101;Key not found 12594602593383294508 in DynamicTrieKeyMapper /data/system_ce/0/appsearch/icing/document_dir/key_mapper_dir/key_mapper.
07-21 01:31:23.194 11272 13174 D ContactsProviderUtils: isMultiSimModel : true
07-21 01:31:23.197  1005  2718 D WindowManager: setImageForCustomStartingWindow: componentName={com.android.contacts/com.android.contacts.activities.PeopleActivity}, fd=null, imagePath=auto, imagePathQualifier=null
07-21 01:31:23.197 11272 13174 D ContactsProvider-ScreenCaptureManager: delete starting window - Contacts
07-21 01:31:23.299  1363  1363 I NearbySharing: The contact book (uri: content://com.android.contacts) has been modified. Debouncing sync.
07-21 01:31:23.300  1522  1667 I ContactCache: ===== Contact updated. =====
07-21 01:31:23.300  1522  1667 I RcsUtils: isDualRcsSettings: false
07-21 01:31:23.300  1522  1667 I SimManager: isLabSimCard: state [LOADED] isLabSim [false]
07-21 01:31:23.301  1522  1667 E GlobalSettingsRepoBase: globalgcsettings No matched key : rcs_contact_sync_in_switch_off
07-21 01:31:23.305 16197 16197 I ZeroBattery_BroadcastReceiver: updateZeroBatteryContacts
07-21 01:31:23.305  1522  1667 D ImsConstants: getInt(system/rcs_user_setting) : -1, package : null
07-21 01:31:23.305  1522  1667 E GlobalSettingsRepoBase: globalgcsettings No matched key : rcs_initial_contact_sync_before_regi
07-21 01:31:23.306  1522  1667 I ContactCache<0>: sendMessageContactSync: Try contact sync after 3 sec.
07-21 01:31:23.320  1005  1893 E AppSearchIcing: icing-search-engine.cc:988: Failed to delete Document. namespace: android$contacts/, uri: 3794102;Failed to find DocumentId by key: android$contacts/, 3794102;Key not found 18244378846938182942 in DynamicTrieKeyMapper /data/system_ce/0/appsearch/icing/document_dir/key_mapper_dir/key_mapper.Failed to delete Document. namespace: android$contacts/, uri: 3794102
07-21 01:31:23.320  1005  1893 W AppSearchIcing: icing-search-engine.cc:217: Error: 5, Message: Failed to delete Document. namespace: android$contacts/, uri: 3794102;Failed to find DocumentId by key: android$contacts/, 3794102;Key not found 18244378846938182942 in DynamicTrieKeyMapper /data/system_ce/0/appsearch/icing/document_dir/key_mapper_dir/key_mapper.
07-21 01:31:23.346 11272 13174 D ContactsProviderUtils: isMultiSimModel : true
07-21 01:31:23.348  1005  1022 D WindowManager: setImageForCustomStartingWindow: componentName={com.android.contacts/com.android.contacts.activities.PeopleActivity}, fd=null, imagePath=auto, imagePathQualifier=null
07-21 01:31:23.349 11272 13174 D ContactsProvider-ScreenCaptureManager: delete starting window - Contacts
07-21 01:31:23.476  1363  1363 I NearbySharing: The contact book (uri: content://com.android.contacts) has been modified. Debouncing sync.
07-21 01:31:23.477  1522  1667 I ContactCache: ===== Contact updated. =====
07-21 01:31:23.477  1522  1667 I RcsUtils: isDualRcsSettings: false
07-21 01:31:23.478  1522  1667 I SimManager: isLabSimCard: state [LOADED] isLabSim [false]
07-21 01:31:23.478  1522  1667 E GlobalSettingsRepoBase: globalgcsettings No matched key : rcs_contact_sync_in_switch_off
07-21 01:31:23.483 16197 16197 I ZeroBattery_BroadcastReceiver: updateZeroBatteryContacts
07-21 01:31:23.483  1522  1667 D ImsConstants: getInt(system/rcs_user_setting) : -1, package : null
07-21 01:31:23.484  1522  1667 E GlobalSettingsRepoBase: globalgcsettings No matched key : rcs_initial_contact_sync_before_regi
07-21 01:31:23.484  1522  1667 I ContactCache<0>: sendMessageContactSync: Try contact sync after 3 sec.
07-21 01:31:23.505  1005  1893 E AppSearchIcing: icing-search-engine.cc:988: Failed to delete Document. namespace: android$contacts/, uri: 3794103;Failed to find DocumentId by key: android$contacts/, 3794103;Key not found 10413751399475130180 in DynamicTrieKeyMapper /data/system_ce/0/appsearch/icing/document_dir/key_mapper_dir/key_mapper.Failed to delete Document. namespace: android$contacts/, uri: 3794103
07-21 01:31:23.505  1005  1893 W AppSearchIcing: icing-search-engine.cc:217: Error: 5, Message: Failed to delete Document. namespace: android$contacts/, uri: 3794103;Failed to find DocumentId by key: android$contacts/, 3794103;Key not found 10413751399475130180 in DynamicTrieKeyMapper /data/system_ce/0/appsearch/icing/document_dir/key_mapper_dir/key_mapper.
07-21 01:31:23.524 11272 13174 D ContactsProviderUtils: isMultiSimModel : true
07-21 01:31:23.526  1005  2756 D WindowManager: setImageForCustomStartingWindow: componentName={com.android.contacts/com.android.contacts.activities.PeopleActivity}, fd=null, imagePath=auto, imagePathQualifier=null
07-21 01:31:23.527 11272 13174 D ContactsProvider-ScreenCaptureManager: delete starting window - Contacts
07-21 01:31:23.649  1005  1018 I system_server: Background young concurrent copying GC freed 17MB AllocSpace bytes, 50(2536KB) LOS objects, 15% free, 101MB/121MB, paused 735us,684us total 319.320ms
07-21 01:31:23.649  1363  1363 I NearbySharing: The contact book (uri: content://com.android.contacts) has been modified. Debouncing sync.
07-21 01:31:23.651  1522  1667 I ContactCache: ===== Contact updated. =====
07-21 01:31:23.651  1522  1667 I RcsUtils: isDualRcsSettings: false
07-21 01:31:23.651  1522  1667 I SimManager: isLabSimCard: state [LOADED] isLabSim [false]
07-21 01:31:23.651  1522  1667 E GlobalSettingsRepoBase: globalgcsettings No matched key : rcs_contact_sync_in_switch_off
07-21 01:31:23.654 16197 16197 I ZeroBattery_BroadcastReceiver: updateZeroBatteryContacts
07-21 01:31:23.656  1522  1667 D ImsConstants: getInt(system/rcs_user_setting) : -1, package : null
07-21 01:31:23.657  1522  1667 E GlobalSettingsRepoBase: globalgcsettings No matched key : rcs_initial_contact_sync_before_regi
07-21 01:31:23.657  1522  1667 I ContactCache<0>: sendMessageContactSync: Try contact sync after 3 sec.
07-21 01:31:23.669  1005  1893 E AppSearchIcing: icing-search-engine.cc:988: Failed to delete Document. namespace: android$contacts/, uri: 3794104;Failed to find DocumentId by key: android$contacts/, 3794104;Key not found 7166154613546670832 in DynamicTrieKeyMapper /data/system_ce/0/appsearch/icing/document_dir/key_mapper_dir/key_mapper.Failed to delete Document. namespace: android$contacts/, uri: 3794104
07-21 01:31:23.669  1005  1893 W AppSearchIcing: icing-search-engine.cc:217: Error: 5, Message: Failed to delete Document. namespace: android$contacts/, uri: 3794104;Failed to find DocumentId by key: android$contacts/, 3794104;Key not found 7166154613546670832 in DynamicTrieKeyMapper /data/system_ce/0/appsearch/icing/document_dir/key_mapper_dir/key_mapper.
07-21 01:31:23.693 11272 11283 D ContactsProviderUtils: isMultiSimModel : true
07-21 01:31:23.695  1005  2751 D WindowManager: setImageForCustomStartingWindow: componentName={com.android.contacts/com.android.contacts.activities.PeopleActivity}, fd=null, imagePath=auto, imagePathQualifier=null
07-21 01:31:23.696 11272 11283 D ContactsProvider-ScreenCaptureManager: delete starting window - Contacts
07-21 01:31:23.814  1363  1363 I NearbySharing: The contact book (uri: content://com.android.contacts) has been modified. Debouncing sync.
07-21 01:31:23.815  1522  1667 I ContactCache: ===== Contact updated. =====
07-21 01:31:23.815  1522  1667 I RcsUtils: isDualRcsSettings: false
07-21 01:31:23.815  1522  1667 I SimManager: isLabSimCard: state [LOADED] isLabSim [false]
07-21 01:31:23.815  1522  1667 E GlobalSettingsRepoBase: globalgcsettings No matched key : rcs_contact_sync_in_switch_off
07-21 01:31:23.818  1522  1667 D ImsConstants: getInt(system/rcs_user_setting) : -1, package : null
07-21 01:31:23.819  1522  1667 E GlobalSettingsRepoBase: globalgcsettings No matched key : rcs_initial_contact_sync_before_regi
07-21 01:31:23.819  1522  1667 I ContactCache<0>: sendMessageContactSync: Try contact sync after 3 sec.
07-21 01:31:23.821 16197 16197 I ZeroBattery_BroadcastReceiver: updateZeroBatteryContacts
07-21 01:31:23.836  1005  1893 E AppSearchIcing: icing-search-engine.cc:988: Failed to delete Document. namespace: android$contacts/, uri: 3794105;Failed to find DocumentId by key: android$contacts/, 3794105;Key not found 7533015446039207705 in DynamicTrieKeyMapper /data/system_ce/0/appsearch/icing/document_dir/key_mapper_dir/key_mapper.Failed to delete Document. namespace: android$contacts/, uri: 3794105
07-21 01:31:23.836  1005  1893 W AppSearchIcing: icing-search-engine.cc:217: Error: 5, Message: Failed to delete Document. namespace: android$contacts/, uri: 3794105;Failed to find DocumentId by key: android$contacts/, 3794105;Key not found 7533015446039207705 in DynamicTrieKeyMapper /data/system_ce/0/appsearch/icing/document_dir/key_mapper_dir/key_mapper.
07-21 01:31:23.872 11272 12352 D ContactsProviderUtils: isMultiSimModel : true
07-21 01:31:23.875  1005  1921 D WindowManager: setImageForCustomStartingWindow: componentName={com.android.contacts/com.android.contacts.activities.PeopleActivity}, fd=null, imagePath=auto, imagePathQualifier=null
07-21 01:31:23.875 11272 12352 D ContactsProvider-ScreenCaptureManager: delete starting window - Contacts
07-21 01:31:23.992  1363  1363 I NearbySharing: The contact book (uri: content://com.android.contacts) has been modified. Debouncing sync.
07-21 01:31:23.993  1522  1667 I ContactCache: ===== Contact updated. =====
07-21 01:31:23.993  1522  1667 I RcsUtils: isDualRcsSettings: false
07-21 01:31:23.993  1522  1667 I SimManager: isLabSimCard: state [LOADED] isLabSim [false]
07-21 01:31:23.993  1522  1667 E GlobalSettingsRepoBase: globalgcsettings No matched key : rcs_contact_sync_in_switch_off
07-21 01:31:23.996  1522  1667 D ImsConstants: getInt(system/rcs_user_setting) : -1, package : null
07-21 01:31:23.997  1522  1667 E GlobalSettingsRepoBase: globalgcsettings No matched key : rcs_initial_contact_sync_before_regi
07-21 01:31:23.997  1522  1667 I ContactCache<0>: sendMessageContactSync: Try contact sync after 3 sec.
07-21 01:31:23.998 16197 16197 I ZeroBattery_BroadcastReceiver: updateZeroBatteryContacts
07-21 01:31:24.013  1005  1893 E AppSearchIcing: icing-search-engine.cc:988: Failed to delete Document. namespace: android$contacts/, uri: 3794106;Failed to find DocumentId by key: android$contacts/, 3794106;Key not found 10749723653975919919 in DynamicTrieKeyMapper /data/system_ce/0/appsearch/icing/document_dir/key_mapper_dir/key_mapper.Failed to delete Document. namespace: android$contacts/, uri: 3794106
07-21 01:31:24.013  1005  1893 W AppSearchIcing: icing-search-engine.cc:217: Error: 5, Message: Failed to delete Document. namespace: android$contacts/, uri: 3794106;Failed to find DocumentId by key: android$contacts/, 3794106;Key not found 10749723653975919919 in DynamicTrieKeyMapper /data/system_ce/0/appsearch/icing/document_dir/key_mapper_dir/key_mapper.
07-21 01:31:24.039 11272 12352 D ContactsProviderUtils: isMultiSimModel : true
07-21 01:31:24.041  1005  2718 D WindowManager: setImageForCustomStartingWindow: componentName={com.android.contacts/com.android.contacts.activities.PeopleActivity}, fd=null, imagePath=auto, imagePathQualifier=null
07-21 01:31:24.041 11272 12352 D ContactsProvider-ScreenCaptureManager: delete starting window - Contacts
07-21 01:31:24.114  3720  3724 I nu.bi.moya: Background young concurrent copying GC freed 16MB AllocSpace bytes, 0(0B) LOS objects, 41% free, 24MB/41MB, paused 297us,141us total 357.310ms
07-21 01:31:24.160  1363  1363 I NearbySharing: The contact book (uri: content://com.android.contacts) has been modified. Debouncing sync.
07-21 01:31:24.161  1522  1667 I ContactCache: ===== Contact updated. =====
07-21 01:31:24.161  1522  1667 I RcsUtils: isDualRcsSettings: false
07-21 01:31:24.161  1522  1667 I SimManager: isLabSimCard: state [LOADED] isLabSim [false]
07-21 01:31:24.163  1522  1667 E GlobalSettingsRepoBase: globalgcsettings No matched key : rcs_contact_sync_in_switch_off
07-21 01:31:24.165 16197 16197 I ZeroBattery_BroadcastReceiver: updateZeroBatteryContacts
07-21 01:31:24.167  1522  1667 D ImsConstants: getInt(system/rcs_user_setting) : -1, package : null
07-21 01:31:24.167  1522  1667 E GlobalSettingsRepoBase: globalgcsettings No matched key : rcs_initial_contact_sync_before_regi
07-21 01:31:24.167  1522  1667 I ContactCache<0>: sendMessageContactSync: Try contact sync after 3 sec.
07-21 01:31:24.179  1005  1893 E AppSearchIcing: icing-search-engine.cc:988: Failed to delete Document. namespace: android$contacts/, uri: 3794107;Failed to find DocumentId by key: android$contacts/, 3794107;Key not found 3815688410628043777 in DynamicTrieKeyMapper /data/system_ce/0/appsearch/icing/document_dir/key_mapper_dir/key_mapper.Failed to delete Document. namespace: android$contacts/, uri: 3794107
07-21 01:31:24.179  1005  1893 W AppSearchIcing: icing-search-engine.cc:217: Error: 5, Message: Failed to delete Document. namespace: android$contacts/, uri: 3794107;Failed to find DocumentId by key: android$contacts/, 3794107;Key not found 3815688410628043777 in DynamicTrieKeyMapper /data/system_ce/0/appsearch/icing/document_dir/key_mapper_dir/key_mapper.
07-21 01:31:24.203 11272 13174 D ContactsProviderUtils: isMultiSimModel : true
07-21 01:31:24.205  1005  1921 D WindowManager: setImageForCustomStartingWindow: componentName={com.android.contacts/com.android.contacts.activities.PeopleActivity}, fd=null, imagePath=auto, imagePathQualifier=null
07-21 01:31:24.206 11272 13174 D ContactsProvider-ScreenCaptureManager: delete starting window - Contacts
07-21 01:31:24.245  1522  1526 I .sec.imsservice: Background concurrent copying GC freed 6408KB AllocSpace bytes, 0(0B) LOS objects, 49% free, 7127KB/13MB, paused 499us,532us total 249.645ms
07-21 01:31:24.325  1363  1363 I NearbySharing: The contact book (uri: content://com.android.contacts) has been modified. Debouncing sync.
07-21 01:31:24.326  1522  1667 I ContactCache: ===== Contact updated. =====
07-21 01:31:24.326  1522  1667 I RcsUtils: isDualRcsSettings: false
07-21 01:31:24.326  1522  1667 I SimManager: isLabSimCard: state [LOADED] isLabSim [false]
07-21 01:31:24.326  1522  1667 E GlobalSettingsRepoBase: globalgcsettings No matched key : rcs_contact_sync_in_switch_off
07-21 01:31:24.330  1522  1667 D ImsConstants: getInt(system/rcs_user_setting) : -1, package : null
07-21 01:31:24.330  1522  1667 E GlobalSettingsRepoBase: globalgcsettings No matched key : rcs_initial_contact_sync_before_regi
07-21 01:31:24.330  1522  1667 I ContactCache<0>: sendMessageContactSync: Try contact sync after 3 sec.
07-21 01:31:24.331 16197 16197 I ZeroBattery_BroadcastReceiver: updateZeroBatteryContacts
07-21 01:31:24.347  1005  1893 E AppSearchIcing: icing-search-engine.cc:988: Failed to delete Document. namespace: android$contacts/, uri: 3794108;Failed to find DocumentId by key: android$contacts/, 3794108;Key not found 7553101350079438581 in DynamicTrieKeyMapper /data/system_ce/0/appsearch/icing/document_dir/key_mapper_dir/key_mapper.Failed to delete Document. namespace: android$contacts/, uri: 3794108
07-21 01:31:24.347  1005  1893 W AppSearchIcing: icing-search-engine.cc:217: Error: 5, Message: Failed to delete Document. namespace: android$contacts/, uri: 3794108;Failed to find DocumentId by key: android$contacts/, 3794108;Key not found 7553101350079438581 in DynamicTrieKeyMapper /data/system_ce/0/appsearch/icing/document_dir/key_mapper_dir/key_mapper.
07-21 01:31:24.374 11272 13174 D ContactsProviderUtils: isMultiSimModel : true
07-21 01:31:24.376  1005  2751 D WindowManager: setImageForCustomStartingWindow: componentName={com.android.contacts/com.android.contacts.activities.PeopleActivity}, fd=null, imagePath=auto, imagePathQualifier=null
07-21 01:31:24.376 11272 13174 D ContactsProvider-ScreenCaptureManager: delete starting window - Contacts
07-21 01:31:24.498  1363  1363 I NearbySharing: The contact book (uri: content://com.android.contacts) has been modified. Debouncing sync.
07-21 01:31:24.498  1522  1667 I ContactCache: ===== Contact updated. =====
07-21 01:31:24.498  1522  1667 I RcsUtils: isDualRcsSettings: false
07-21 01:31:24.499  1522  1667 I SimManager: isLabSimCard: state [LOADED] isLabSim [false]
07-21 01:31:24.499  1522  1667 E GlobalSettingsRepoBase: globalgcsettings No matched key : rcs_contact_sync_in_switch_off
07-21 01:31:24.503 16197 16197 I ZeroBattery_BroadcastReceiver: updateZeroBatteryContacts
07-21 01:31:24.504  1522  1667 D ImsConstants: getInt(system/rcs_user_setting) : -1, package : null
07-21 01:31:24.504  1522  1667 E GlobalSettingsRepoBase: globalgcsettings No matched key : rcs_initial_contact_sync_before_regi
07-21 01:31:24.504  1522  1667 I ContactCache<0>: sendMessageContactSync: Try contact sync after 3 sec.
07-21 01:31:24.516  1005  1893 E AppSearchIcing: icing-search-engine.cc:988: Failed to delete Document. namespace: android$contacts/, uri: 3794109;Failed to find DocumentId by key: android$contacts/, 3794109;Key not found 1222779601367259609 in DynamicTrieKeyMapper /data/system_ce/0/appsearch/icing/document_dir/key_mapper_dir/key_mapper.Failed to delete Document. namespace: android$contacts/, uri: 3794109
07-21 01:31:24.516  1005  1893 W AppSearchIcing: icing-search-engine.cc:217: Error: 5, Message: Failed to delete Document. namespace: android$contacts/, uri: 3794109;Failed to find DocumentId by key: android$contacts/, 3794109;Key not found 1222779601367259609 in DynamicTrieKeyMapper /data/system_ce/0/appsearch/icing/document_dir/key_mapper_dir/key_mapper.
07-21 01:31:24.540 11272 13174 D ContactsProviderUtils: isMultiSimModel : true
07-21 01:31:24.542  1005  1921 D WindowManager: setImageForCustomStartingWindow: componentName={com.android.contacts/com.android.contacts.activities.PeopleActivity}, fd=null, imagePath=auto, imagePathQualifier=null
07-21 01:31:24.542 11272 13174 D ContactsProvider-ScreenCaptureManager: delete starting window - Contacts
07-21 01:31:24.650  1363  1363 I NearbySharing: The contact book (uri: content://com.android.contacts) has been modified. Debouncing sync.
07-21 01:31:24.651  1522  1667 I ContactCache: ===== Contact updated. =====
07-21 01:31:24.651  1522  1667 I RcsUtils: isDualRcsSettings: false
07-21 01:31:24.651  1522  1667 I SimManager: isLabSimCard: state [LOADED] isLabSim [false]
07-21 01:31:24.652  1522  1667 E GlobalSettingsRepoBase: globalgcsettings No matched key : rcs_contact_sync_in_switch_off
07-21 01:31:24.655  1522  1667 D ImsConstants: getInt(system/rcs_user_setting) : -1, package : null
07-21 01:31:24.655  1522  1667 E GlobalSettingsRepoBase: globalgcsettings No matched key : rcs_initial_contact_sync_before_regi
07-21 01:31:24.655 16197 16197 I ZeroBattery_BroadcastReceiver: updateZeroBatteryContacts
07-21 01:31:24.655  1522  1667 I ContactCache<0>: sendMessageContactSync: Try contact sync after 3 sec.
07-21 01:31:24.672  1005  1893 E AppSearchIcing: icing-search-engine.cc:988: Failed to delete Document. namespace: android$contacts/, uri: 3794110;Failed to find DocumentId by key: android$contacts/, 3794110;Key not found 16129337717597427043 in DynamicTrieKeyMapper /data/system_ce/0/appsearch/icing/document_dir/key_mapper_dir/key_mapper.Failed to delete Document. namespace: android$contacts/, uri: 3794110
07-21 01:31:24.672  1005  1893 W AppSearchIcing: icing-search-engine.cc:217: Error: 5, Message: Failed to delete Document. namespace: android$contacts/, uri: 3794110;Failed to find DocumentId by key: android$contacts/, 3794110;Key not found 16129337717597427043 in DynamicTrieKeyMapper /data/system_ce/0/appsearch/icing/document_dir/key_mapper_dir/key_mapper.
07-21 01:31:24.695 11272 13174 D ContactsProviderUtils: isMultiSimModel : true
07-21 01:31:24.697  1005  1921 D WindowManager: setImageForCustomStartingWindow: componentName={com.android.contacts/com.android.contacts.activities.PeopleActivity}, fd=null, imagePath=auto, imagePathQualifier=null
07-21 01:31:24.698 11272 13174 D ContactsProvider-ScreenCaptureManager: delete starting window - Contacts
07-21 01:31:24.782   422   422 I io_stats: !@ 179,0 r 275240594 1731354525 w 36704609 340887372 d 2611770 38925756 f 10516197 3780912 iot 111114056 103649657 th 102400 0 0 pt 0 inp 0 0 917766.397
07-21 01:31:24.889  1363  1363 I NearbySharing: The contact book (uri: content://com.android.contacts) has been modified. Debouncing sync.
07-21 01:31:24.890  1522  1667 I ContactCache: ===== Contact updated. =====
07-21 01:31:24.890  1522  1667 I RcsUtils: isDualRcsSettings: false
07-21 01:31:24.891  1522  1667 I SimManager: isLabSimCard: state [LOADED] isLabSim [false]
07-21 01:31:24.891  1522  1667 E GlobalSettingsRepoBase: globalgcsettings No matched key : rcs_contact_sync_in_switch_off
07-21 01:31:24.893 11272 11276 I d.process.acore: Method exceeds compiler instruction limit: 20556 in android.database.Cursor com.android.providers.contacts.ContactsProvider2.queryLocal(android.net.Uri, java.lang.String[], java.lang.String, java.lang.String[], java.lang.String, long, android.os.CancellationSignal)
07-21 01:31:24.894  1522  1667 D ImsConstants: getInt(system/rcs_user_setting) : -1, package : null
07-21 01:31:24.894  1522  1667 E GlobalSettingsRepoBase: globalgcsettings No matched key : rcs_initial_contact_sync_before_regi
07-21 01:31:24.894  1522  1667 I ContactCache<0>: sendMessageContactSync: Try contact sync after 3 sec.
07-21 01:31:24.895 16197 16197 I ZeroBattery_BroadcastReceiver: updateZeroBatteryContacts
07-21 01:31:24.910  1005  1893 E AppSearchIcing: icing-search-engine.cc:988: Failed to delete Document. namespace: android$contacts/, uri: 3794111;Failed to find DocumentId by key: android$contacts/, 3794111;Key not found 9483544970247171285 in DynamicTrieKeyMapper /data/system_ce/0/appsearch/icing/document_dir/key_mapper_dir/key_mapper.Failed to delete Document. namespace: android$contacts/, uri: 3794111
07-21 01:31:24.911  1005  1893 W AppSearchIcing: icing-search-engine.cc:217: Error: 5, Message: Failed to delete Document. namespace: android$contacts/, uri: 3794111;Failed to find DocumentId by key: android$contacts/, 3794111;Key not found 9483544970247171285 in DynamicTrieKeyMapper /data/system_ce/0/appsearch/icing/document_dir/key_mapper_dir/key_mapper.
07-21 01:31:24.934 11272 13174 D ContactsProviderUtils: isMultiSimModel : true
07-21 01:31:24.940  1005  1023 D WindowManager: setImageForCustomStartingWindow: componentName={com.android.contacts/com.android.contacts.activities.PeopleActivity}, fd=null, imagePath=auto, imagePathQualifier=null
07-21 01:31:24.941 11272 13174 D ContactsProvider-ScreenCaptureManager: delete starting window - Contacts
07-21 01:31:24.985 11272 11299 D ContactsProvider_EventLog: contents_sample_state: [CONTACT contacts(1053) data(14456) accounts({moyaAccount (19)=308, org.telegram.messenger (20)=213, com.whatsapp (55)=679, com.google (9)=1028, vnd.sec.contact.sim2 (2)=3, com.google.android.apps.tachyon (156)=204, com.whatsapp.w4b (59)=679}) accounts deleted({}) calls([logtype:100 cnt:148, logtype:300 cnt:1, logtype:1000 cnt:1766, logtype:1150 cnt:86]) countryIso(ZA) userId(0)  ]

07-21 01:31:24.985 11272 11299 D ContactsProvider_EventLog: contents_sample_state: [ agr({[9 ,20 ,55 ,55 ,59 ,59]=3, [9 ,20 ,55 ,59 ,59]=1, [9 ,55 ,59 ,20 ,19]=2, [9 ,9 ,55 ,59 ,59 ,55 ,20 ,19]=1, [2]=3, [9 ,55 ,55 ,59 ,59 ,156 ,19]=1, [9 ,20 ,55 ,59 ,19]=31, [20]=19, [59 ,55 ,156 ,19]=1, [9 ,20 ,20 ,55 ,59 ,19]=1, [9 ,20 ,55 ,59 ,20 ,19]=1, [9 ,55 ,59 ,19]=98, [9 ,20 ,55 ,55 ,59 ,59 ,19]=4, [9 ,55 ,156 ,59]=1, [9 ,20 ,55 ,59]=54, [9 ,20 ,55 ,59 ,156 ,19]=12, [20 ,9 ,55 ,59 ,19]=1, [9 ,55 ,59 ,20 ,156 ,19]=1, [9 ,55 ,59 ,55 ,59]=1, [9 ,55 ,59 ,20]=7, [9 ,20 ,55 ,59 ,20]=2, [9 ,20]=12, [9 ,55 ,59 ,19 ,19]=5, [9 ,9 ,55 ,59]=4, [55 ,156]=1, [55]=2, [9 ,20 ,20 ,55 ,156 ,19]=1, [9 ,55 ,59 ,59 ,55 ,156]=2, [55 ,59 ,156 ,19]=1, [9 ,55 ,59 ,156 ,19 ,19]=1, [9 ,20 ,55 ,59 ,156]=22, [9 ,59 ,55]=24, [55 ,59]=7, [9 ,55 ,59 ,59 ,55 ,156 ,19]=1, [9 ,55 ,59 ,156]=60, [9 ,55 ,20 ,59 ,156]=1, [9 ,20 ,59 ,55 ,156]=1, [9 ,20 ,20 ,55 ,59]=1, [9 ,55 ,55 ,59 ,59 ,19 ,19]=1, [9 ,20 ,55 ,59 ,19 ,19]=2, [9 ,20 ,59 ,55]=1, [9 ,156]=31, [9 ,9 ,156 ,19]=1, [9 ,20 ,19]=10, [9 ,55]=2, [9 ,59 ,55 ,20]=4, [9 ,55 ,59 ,59 ,55 ,19]=1, [9 ,59 ,55 ,156]=5, [9 ,59 ,55 ,55 ,59 ,19]=1, [9 ,55 ,59 ,20 ,156]=4, [9 ,156 ,19 ,19]=1, [9 ,55 ,59 ,156 ,19]=34, [9 ,59 ,19]=2, [9 ,19]=52, [9 ,20 ,156]=5, [9 ,55 ,59]=222, [9 ,59]=3, [9]=244, [9 ,20 ,55 ,59 ,59 ,55]=1, [9 ,55 ,55 ,59 ,59 ,156]=1, [9 ,19 ,19]=1, [9 ,156 ,19]=11, [9 ,55 ,55 ,59 ,59 ,19]=1, [9 ,20 ,55 ,55 ,59 ,59 ,156 ,19]=1, [9 ,20 ,55 ,59 ,55 ,59]=1, [9 ,55 ,59 ,59 ,55]=1, [9 ,59 ,55 ,55 ,59]=1, [9 ,9]=1, [9 ,59 ,55 ,156 ,19]=3, [9 ,9 ,9]=1, [9 ,59 ,55 ,19]=12})  ]

07-21 01:31:24.985 11272 11299 D ContactsProvider_EventLog: contents_sample_state: [ actCnt({android.process.acore(11272)=2628})  ]

07-21 01:31:24.985 11272 11299 D ContactsProvider_EventLog: contents_sample_state: [PROFILE contacts(0) data(0) accounts({})  ]

07-21 01:31:24.985 11272 11299 D ContactsProvider_EventLog: contents_sample_state: [SAPROFILE contacts(1) data(8) accounts({vnd.sec.contact.phone (1)=1})  ]
07-21 01:31:24.989 11272 11299 E ContactsProvider_EventLog: Flush buffer to file cnt : 1 size : 190Kb duration : 2ms lastUpdatedAfter : 7122 ms mFlush_time_threasold : 7588 mCurrentSize : 97733
07-21 01:31:25.080  1363  1363 I NearbySharing: The contact book (uri: content://com.android.contacts) has been modified. Debouncing sync.
07-21 01:31:25.080  1522  1667 I ContactCache: ===== Contact updated. =====
07-21 01:31:25.080  1522  1667 I RcsUtils: isDualRcsSettings: false
07-21 01:31:25.080  1522  1667 I SimManager: isLabSimCard: state [LOADED] isLabSim [false]
07-21 01:31:25.081  1522  1667 E GlobalSettingsRepoBase: globalgcsettings No matched key : rcs_contact_sync_in_switch_off
07-21 01:31:25.085 16197 16197 I ZeroBattery_BroadcastReceiver: updateZeroBatteryContacts
07-21 01:31:25.085  1522  1667 D ImsConstants: getInt(system/rcs_user_setting) : -1, package : null
07-21 01:31:25.085  1522  1667 E GlobalSettingsRepoBase: globalgcsettings No matched key : rcs_initial_contact_sync_before_regi
07-21 01:31:25.085  1522  1667 I ContactCache<0>: sendMessageContactSync: Try contact sync after 3 sec.
07-21 01:31:25.102  1005  1893 E AppSearchIcing: icing-search-engine.cc:988: Failed to delete Document. namespace: android$contacts/, uri: 3794112;Failed to find DocumentId by key: android$contacts/, 3794112;Key not found 5261903657388144409 in DynamicTrieKeyMapper /data/system_ce/0/appsearch/icing/document_dir/key_mapper_dir/key_mapper.Failed to delete Document. namespace: android$contacts/, uri: 3794112
07-21 01:31:25.102  1005  1893 W AppSearchIcing: icing-search-engine.cc:217: Error: 5, Message: Failed to delete Document. namespace: android$contacts/, uri: 3794112;Failed to find DocumentId by key: android$contacts/, 3794112;Key not found 5261903657388144409 in DynamicTrieKeyMapper /data/system_ce/0/appsearch/icing/document_dir/key_mapper_dir/key_mapper.
07-21 01:31:25.124 11272 13174 D ContactsProviderUtils: isMultiSimModel : true
07-21 01:31:25.126  1005  1921 D WindowManager: setImageForCustomStartingWindow: componentName={com.android.contacts/com.android.contacts.activities.PeopleActivity}, fd=null, imagePath=auto, imagePathQualifier=null
07-21 01:31:25.127 11272 13174 D ContactsProvider-ScreenCaptureManager: delete starting window - Contacts
07-21 01:31:25.231  1363  1363 I NearbySharing: The contact book (uri: content://com.android.contacts) has been modified. Debouncing sync.
07-21 01:31:25.233  1522  1667 I ContactCache: ===== Contact updated. =====
07-21 01:31:25.233  1522  1667 I RcsUtils: isDualRcsSettings: false
07-21 01:31:25.233  1522  1667 I SimManager: isLabSimCard: state [LOADED] isLabSim [false]
07-21 01:31:25.234  1522  1667 E GlobalSettingsRepoBase: globalgcsettings No matched key : rcs_contact_sync_in_switch_off
07-21 01:31:25.236 16197 16197 I ZeroBattery_BroadcastReceiver: updateZeroBatteryContacts
07-21 01:31:25.238  1522  1667 D ImsConstants: getInt(system/rcs_user_setting) : -1, package : null
07-21 01:31:25.240  1522  1667 E GlobalSettingsRepoBase: globalgcsettings No matched key : rcs_initial_contact_sync_before_regi
07-21 01:31:25.240  1522  1667 I ContactCache<0>: sendMessageContactSync: Try contact sync after 3 sec.
07-21 01:31:25.253  1005  1893 E AppSearchIcing: icing-search-engine.cc:988: Failed to delete Document. namespace: android$contacts/, uri: 3794113;Failed to find DocumentId by key: android$contacts/, 3794113;Key not found 8155601695739999674 in DynamicTrieKeyMapper /data/system_ce/0/appsearch/icing/document_dir/key_mapper_dir/key_mapper.Failed to delete Document. namespace: android$contacts/, uri: 3794113
07-21 01:31:25.253  1005  1893 W AppSearchIcing: icing-search-engine.cc:217: Error: 5, Message: Failed to delete Document. namespace: android$contacts/, uri: 3794113;Failed to find DocumentId by key: android$contacts/, 3794113;Key not found 8155601695739999674 in DynamicTrieKeyMapper /data/system_ce/0/appsearch/icing/document_dir/key_mapper_dir/key_mapper.
07-21 01:31:25.280 11272 13174 D ContactsProviderUtils: isMultiSimModel : true
07-21 01:31:25.282  1005  2756 D WindowManager: setImageForCustomStartingWindow: componentName={com.android.contacts/com.android.contacts.activities.PeopleActivity}, fd=null, imagePath=auto, imagePathQualifier=null
07-21 01:31:25.282 11272 13174 D ContactsProvider-ScreenCaptureManager: delete starting window - Contacts
07-21 01:31:25.381  1363  1363 I NearbySharing: The contact book (uri: content://com.android.contacts) has been modified. Debouncing sync.
07-21 01:31:25.382  1522  1667 I ContactCache: ===== Contact updated. =====
07-21 01:31:25.382  1522  1667 I RcsUtils: isDualRcsSettings: false
07-21 01:31:25.382  1522  1667 I SimManager: isLabSimCard: state [LOADED] isLabSim [false]
07-21 01:31:25.382  1522  1667 E GlobalSettingsRepoBase: globalgcsettings No matched key : rcs_contact_sync_in_switch_off
07-21 01:31:25.385  1522  1667 D ImsConstants: getInt(system/rcs_user_setting) : -1, package : null
07-21 01:31:25.385  1522  1667 E GlobalSettingsRepoBase: globalgcsettings No matched key : rcs_initial_contact_sync_before_regi
07-21 01:31:25.386  1522  1667 I ContactCache<0>: sendMessageContactSync: Try contact sync after 3 sec.
07-21 01:31:25.386 16197 16197 I ZeroBattery_BroadcastReceiver: updateZeroBatteryContacts
07-21 01:31:25.401  1005  1893 E AppSearchIcing: icing-search-engine.cc:988: Failed to delete Document. namespace: android$contacts/, uri: 3794114;Failed to find DocumentId by key: android$contacts/, 3794114;Key not found 11465064066919532846 in DynamicTrieKeyMapper /data/system_ce/0/appsearch/icing/document_dir/key_mapper_dir/key_mapper.Failed to delete Document. namespace: android$contacts/, uri: 3794114
07-21 01:31:25.401  1005  1893 W AppSearchIcing: icing-search-engine.cc:217: Error: 5, Message: Failed to delete Document. namespace: android$contacts/, uri: 3794114;Failed to find DocumentId by key: android$contacts/, 3794114;Key not found 11465064066919532846 in DynamicTrieKeyMapper /data/system_ce/0/appsearch/icing/document_dir/key_mapper_dir/key_mapper.
07-21 01:31:25.435 11272 11283 D ContactsProviderUtils: isMultiSimModel : true
07-21 01:31:25.438  1005  2751 D WindowManager: setImageForCustomStartingWindow: componentName={com.android.contacts/com.android.contacts.activities.PeopleActivity}, fd=null, imagePath=auto, imagePathQualifier=null
07-21 01:31:25.439 11272 11283 D ContactsProvider-ScreenCaptureManager: delete starting window - Contacts
07-21 01:31:25.505 14497 14604 D WM-SystemJobScheduler: Scheduling work ID ff3bce98-7fc9-4370-8888-87e3b7cd7824Job ID 10064
07-21 01:31:25.521  1005  2751 I ActivityManager: Changes in 10153 19 to 8, 0 to 8 Caller=com.android.server.am.OomAdjuster.performUpdateOomAdjLSP:485 com.android.server.am.OomAdjuster.performUpdateOomAdjLSP:587 com.android.server.am.OomAdjuster.updateOomAdjLSP:556 com.android.server.am.OomAdjuster.updateOomAdjLocked:538 com.android.server.am.ActivityManagerService.updateOomAdjLocked:16044 com.android.server.am.ActiveServices.realStartServiceLocked:4402 com.android.server.am.ActiveServices.bringUpServiceLocked:4278 
07-21 01:31:25.531 14497 14604 D WM-GreedyScheduler: Starting tracking for ff3bce98-7fc9-4370-8888-87e3b7cd7824,c3015714-bf3e-42c5-96a7-5217b2936164,1b6b8004-4b24-4549-8912-516c92987924
07-21 01:31:25.538 14497 14497 D WM-SystemJobService: onStartJob for WorkGenerationalId(workSpecId=ff3bce98-7fc9-4370-8888-87e3b7cd7824, generation=0)
07-21 01:31:25.551 14497 14604 D WM-Processor: G6E: processing WorkGenerationalId(workSpecId=ff3bce98-7fc9-4370-8888-87e3b7cd7824, generation=0)
07-21 01:31:25.563  1363  1363 I NearbySharing: The contact book (uri: content://com.android.contacts) has been modified. Debouncing sync.
07-21 01:31:25.564  1522  1667 I ContactCache: ===== Contact updated. =====
07-21 01:31:25.564  1522  1667 I RcsUtils: isDualRcsSettings: false
07-21 01:31:25.564  1522  1667 I SimManager: isLabSimCard: state [LOADED] isLabSim [false]
07-21 01:31:25.565  1522  1667 E GlobalSettingsRepoBase: globalgcsettings No matched key : rcs_contact_sync_in_switch_off
07-21 01:31:25.569  1522  1667 D ImsConstants: getInt(system/rcs_user_setting) : -1, package : null
07-21 01:31:25.569  1522  1667 E GlobalSettingsRepoBase: globalgcsettings No matched key : rcs_initial_contact_sync_before_regi
07-21 01:31:25.569  1522  1667 I ContactCache<0>: sendMessageContactSync: Try contact sync after 3 sec.
07-21 01:31:25.572 16197 16197 I ZeroBattery_BroadcastReceiver: updateZeroBatteryContacts
07-21 01:31:25.575 14497 14497 D WM-WorkerWrapper: Starting work for com.whatsapp.infra.networking.xmpp.lifecycle.XmppLifecycleWorker
07-21 01:31:25.584 14497 14604 D WM-GreedyScheduler: Constraints met: Scheduling work ID WorkGenerationalId(workSpecId=ff3bce98-7fc9-4370-8888-87e3b7cd7824, generation=0)
07-21 01:31:25.590  1005  1893 E AppSearchIcing: icing-search-engine.cc:988: Failed to delete Document. namespace: android$contacts/, uri: 3794115;Failed to find DocumentId by key: android$contacts/, 3794115;Key not found 6450567564892112665 in DynamicTrieKeyMapper /data/system_ce/0/appsearch/icing/document_dir/key_mapper_dir/key_mapper.Failed to delete Document. namespace: android$contacts/, uri: 3794115
07-21 01:31:25.590  1005  1893 W AppSearchIcing: icing-search-engine.cc:217: Error: 5, Message: Failed to delete Document. namespace: android$contacts/, uri: 3794115;Failed to find DocumentId by key: android$contacts/, 3794115;Key not found 6450567564892112665 in DynamicTrieKeyMapper /data/system_ce/0/appsearch/icing/document_dir/key_mapper_dir/key_mapper.
07-21 01:31:25.599 14497 14604 D WM-Processor: Work WorkGenerationalId(workSpecId=ff3bce98-7fc9-4370-8888-87e3b7cd7824, generation=0) is already enqueued for processing
07-21 01:31:25.618 11272 11283 D ContactsProviderUtils: isMultiSimModel : true
07-21 01:31:25.619  1005  2756 D WindowManager: setImageForCustomStartingWindow: componentName={com.android.contacts/com.android.contacts.activities.PeopleActivity}, fd=null, imagePath=auto, imagePathQualifier=null
07-21 01:31:25.620 11272 11283 D ContactsProvider-ScreenCaptureManager: delete starting window - Contacts
07-21 01:31:25.667 11272 11277 I d.process.acore: Background concurrent copying GC freed 4258KB AllocSpace bytes, 4(332KB) LOS objects, 49% free, 4506KB/9012KB, paused 242us,133us total 140.493ms
