--------- beginning of events
07-21 10:50:07.764  1012  1240 I power_partial_wake_state: [REL,1,*telephony-radio*:com.android.phone]
07-21 10:50:11.342  1012  1240 I power_partial_wake_state: [CHG,1,*telephony-radio*:com.android.phone]
07-21 10:50:11.347  1012  5431 I power_partial_wake_state: [CHG,5,*telephony-radio*:com.android.phone]
07-21 10:50:11.348  1012  5431 I power_partial_wake_state: [REL,1,*telephony-radio*:com.android.phone]
07-21 10:50:12.703  1012  5431 I power_partial_wake_state: [CHG,1,*telephony-radio*:com.android.phone]
07-21 10:50:12.720  1012  5431 I power_partial_wake_state: [CHG,17,*telephony-radio*:com.android.phone]
07-21 10:50:12.721  1012  5431 I power_partial_wake_state: [REL,1,*telephony-radio*:com.android.phone]
07-21 10:50:12.783  1012  1012 I volume_changed: [3,120,110,15,android]
07-21 10:50:12.785  1012  5431 I power_partial_wake_state: [CHG,0,*telephony-radio*:com.android.phone]
07-21 10:50:12.789  1012  5431 I power_partial_wake_state: [CHG,3,*telephony-radio*:com.android.phone]
07-21 10:50:12.790  1012  5431 I power_partial_wake_state: [REL,0,*telephony-radio*:com.android.phone]
07-21 10:50:12.799  1250  1541 I sysui_multi_action: [757,210,758,4,759,3]
07-21 10:50:12.819  1250  1541 I sysui_multi_action: [757,211,758,4,759,3]
07-21 10:50:12.901  1012  5431 I power_partial_wake_state: [REL,202,RILJ_ACK_WL:com.android.phone]
07-21 10:50:13.030  1012  1240 I power_partial_wake_state: [REL,6,moya:XmppConnectionService:nu.bi.moya]
07-21 10:50:13.043  1012  5431 I power_partial_wake_state: [CHG,1,*telephony-radio*:com.android.phone]
07-21 10:50:13.058  1012  5431 I power_partial_wake_state: [CHG,15,*telephony-radio*:com.android.phone]
07-21 10:50:13.059  1012  5431 I power_partial_wake_state: [REL,1,*telephony-radio*:com.android.phone]
07-21 10:50:13.262  1012  1240 I power_partial_wake_state: [REL,226,RILJ_ACK_WL:com.android.phone]
07-21 10:50:13.524  1012  1106 I commit_sys_config_file: [settings-1-0,7]
07-21 10:50:14.906  1250  1541 I sysui_multi_action: [757,210,758,4,759,-1]
07-21 10:50:16.511  1012  1012 I volume_changed: [3,110,100,15,android]
07-21 10:50:16.513  1250  1541 I sysui_multi_action: [757,210,758,4,759,3]
07-21 10:50:16.534  1250  1541 I sysui_multi_action: [757,211,758,4,759,3]
07-21 10:50:16.761  1012  1012 I volume_changed: [3,100,90,15,android]
07-21 10:50:16.788  1250  1541 I sysui_multi_action: [757,211,758,4,759,3]
07-21 10:50:16.811  1012  1012 I volume_changed: [3,90,80,15,android]
07-21 10:50:16.836  1250  1541 I sysui_multi_action: [757,211,758,4,759,3]
07-21 10:50:16.864  1012  1012 I volume_changed: [3,80,70,15,android]
07-21 10:50:16.888  1250  1541 I sysui_multi_action: [757,211,758,4,759,3]
07-21 10:50:16.914  1012  1012 I volume_changed: [3,70,60,15,android]
07-21 10:50:16.941  1250  1541 I sysui_multi_action: [757,211,758,4,759,3]
07-21 10:50:16.972  1012  1012 I volume_changed: [3,60,50,15,android]
07-21 10:50:16.998  1250  1541 I sysui_multi_action: [757,211,758,4,759,3]
07-21 10:50:17.018  1012  1012 I volume_changed: [3,50,40,15,android]
07-21 10:50:17.041  1250  1541 I sysui_multi_action: [757,211,758,4,759,3]
07-21 10:50:17.064  1012  1012 I volume_changed: [3,40,30,15,android]
07-21 10:50:17.089  1250  1541 I sysui_multi_action: [757,211,758,4,759,3]
07-21 10:50:17.115  1012  1012 I volume_changed: [3,30,20,15,android]
07-21 10:50:17.139  1250  1541 I sysui_multi_action: [757,211,758,4,759,3]
07-21 10:50:17.166  1012  1012 I volume_changed: [3,20,10,15,android]
07-21 10:50:17.189  1250  1541 I sysui_multi_action: [757,211,758,4,759,3]
07-21 10:50:17.218  1012  1012 I volume_changed: [3,10,0,15,android]
07-21 10:50:17.242  1250  1541 I sysui_multi_action: [757,211,758,4,759,3]
07-21 10:50:17.254  1012  1106 I commit_sys_config_file: [settings-1-0,5]
07-21 10:50:17.493  1012  1106 I commit_sys_config_file: [settings-1-0,4]
07-21 10:50:17.815  1012  2287 I power_partial_wake_state: [CHG,1,*telephony-radio*:com.android.phone]
07-21 10:50:17.820  1012  2287 I power_partial_wake_state: [CHG,5,*telephony-radio*:com.android.phone]
07-21 10:50:17.821  1012  2287 I power_partial_wake_state: [REL,0,*telephony-radio*:com.android.phone]
07-21 10:50:18.697  1217  1374 I service_manager_stats: [100,49,12609]
07-21 10:50:20.619  1012  1240 I power_partial_wake_state: [CHG,0,*telephony-radio*:com.android.phone]
07-21 10:50:20.641  1012  1240 I power_partial_wake_state: [CHG,21,*telephony-radio*:com.android.phone]
07-21 10:50:20.643  1012  1240 I power_partial_wake_state: [REL,1,*telephony-radio*:com.android.phone]
07-21 10:50:20.817  1012  1240 I power_partial_wake_state: [REL,202,RILJ_ACK_WL:com.android.phone]
07-21 10:50:20.886  1012  1240 I power_partial_wake_state: [CHG,1,*telephony-radio*:com.android.phone]
07-21 10:50:20.906  1012  1240 I power_partial_wake_state: [CHG,20,*telephony-radio*:com.android.phone]
07-21 10:50:20.907  1012  1240 I power_partial_wake_state: [REL,0,*telephony-radio*:com.android.phone]
07-21 10:50:20.952  1250  1541 I sysui_multi_action: [757,210,758,4,759,-1]
07-21 10:50:21.111  1012  2287 I power_partial_wake_state: [REL,233,RILJ_ACK_WL:com.android.phone]
07-21 10:50:22.855  1012  2287 I power_partial_wake_state: [CHG,1,*telephony-radio*:com.android.phone]
07-21 10:50:22.860  1012  2287 I power_partial_wake_state: [CHG,5,*telephony-radio*:com.android.phone]
07-21 10:50:22.861  1012  2287 I power_partial_wake_state: [REL,1,*telephony-radio*:com.android.phone]
07-21 10:50:23.031  1012  2287 I power_partial_wake_state: [REL,6,moya:XmppConnectionService:nu.bi.moya]
07-21 10:50:23.183  1250  1541 I sysui_multi_action: [757,210,758,4,759,3]
07-21 10:50:23.186  1250  1541 I sysui_multi_action: [757,211,758,4,759,3]
07-21 10:50:26.563  1250  1541 I sysui_multi_action: [757,210,758,4,759,-1]
07-21 10:50:28.237  1012  1117 I intercept_power: [ACTION_DOWN,0,1]
07-21 10:50:28.363  1012  1117 I intercept_power: [ACTION_UP,0,1]
07-21 10:50:28.364  1012  1117 I power_partial_wake_state: [REL,125,PhoneWindowManager.mPowerKeyWakeLock:android]
07-21 10:50:28.543  1012  1012 I power_sleep_requested: 0
07-21 10:50:28.571  1012  1061 I wm_sleep_token: [0,1,ScreenOff]
07-21 10:50:28.572  1012  1042 I am_pss  : [12819,10203,com.community.oneroom,61000704,39268352,10745856,95006720,0,19,15]
07-21 10:50:28.576  1012  1061 I wm_pause_activity: [0,67033380,za.co.vanelo.guardflow.mobile/.MainActivity,userLeaving=false,sleep]
07-21 10:50:28.576 13253 13253 I wm_on_top_resumed_lost_called: [67033380,za.co.vanelo.guardflow.mobile.MainActivity,topStateChangedWhenResumed]
07-21 10:50:28.584  1012  1042 I am_pss  : [13122,99011,com.google.android.webview:sandboxed_process0:org.chromium.content.app.SandboxedProcessService0:0,4629504,856064,2926592,16232448,0,19,8]
07-21 10:50:28.606 13253 13253 I wm_on_paused_called: [67033380,za.co.vanelo.guardflow.mobile.MainActivity,performPause]
07-21 10:50:28.607  1012  1240 I wm_add_to_stopping: [0,67033380,za.co.vanelo.guardflow.mobile/.MainActivity,completePauseLocked]
07-21 10:50:28.617  1012  1032 I sysui_multi_action: [757,803,799,window_time_0,802,112]
07-21 10:50:28.617  1012  1061 I sysui_multi_action: [757,1696,758,6,759,0]
07-21 10:50:28.620  1012  1035 I wm_stop_activity: [0,67033380,za.co.vanelo.guardflow.mobile/.MainActivity]
07-21 10:50:28.622  1012  1036 I input_focus: [Requesting to set focus to null window,reason=UpdateInputWindows]
07-21 10:50:28.622  1012  1116 I input_focus: [Focus leaving a299ea1 za.co.vanelo.guardflow.mobile/za.co.vanelo.guardflow.mobile.MainActivity (server),reason=NOT_VISIBLE]
07-21 10:50:28.633 13253 13253 I wm_on_stop_called: [67033380,za.co.vanelo.guardflow.mobile.MainActivity,STOP_ACTIVITY_ITEM]
07-21 10:50:28.654  1012  1042 I commit_sys_config_file: [display-state,9190029]
07-21 10:50:28.690  1012  1012 I battery_saving_stats: [0,1,0,187855,14853,0,1012148,59412,1]
07-21 10:50:28.705  1012  1494 I power_partial_wake_state: [REL,130,ActivityManager-Sleep:android]
07-21 10:50:28.718  1012  1240 I power_partial_wake_state: [CHG,1,*telephony-sem-radio*:com.android.phone]
07-21 10:50:28.728  1012  1240 I power_partial_wake_state: [CHG,1,*telephony-radio*:com.android.phone]
07-21 10:50:28.731  1012  1240 I power_partial_wake_state: [CHG,1,*telephony-sem-radio*:com.android.phone]
07-21 10:50:28.732  1012  1240 I power_partial_wake_state: [CHG,14,*telephony-sem-radio*:com.android.phone]
07-21 10:50:28.734  1012  1494 I power_partial_wake_state: [CHG,1,*telephony-radio*:com.android.phone]
07-21 10:50:28.737  1012  1240 I power_partial_wake_state: [REL,4,*telephony-sem-radio*:com.android.phone]
07-21 10:50:28.740  1012  1494 I power_partial_wake_state: [CHG,9,*telephony-sem-radio*:com.android.phone]
07-21 10:50:28.742  1012  1494 I power_partial_wake_state: [REL,2,*telephony-sem-radio*:com.android.phone]
07-21 10:50:28.743  1012  1494 I power_partial_wake_state: [CHG,9,*telephony-radio*:com.android.phone]
07-21 10:50:28.744  1012  1494 I power_partial_wake_state: [REL,1,*telephony-radio*:com.android.phone]
07-21 10:50:28.745  1012  1494 I power_partial_wake_state: [CHG,17,*telephony-radio*:com.android.phone]
07-21 10:50:28.746  1012  1240 I power_partial_wake_state: [CHG,1,*telephony-radio*:com.android.phone]
07-21 10:50:28.746  1012  1494 I power_partial_wake_state: [REL,0,*telephony-radio*:com.android.phone]
07-21 10:50:28.749  1012  1494 I power_partial_wake_state: [CHG,3,*telephony-radio*:com.android.phone]
07-21 10:50:28.749  1012  1494 I power_partial_wake_state: [REL,0,*telephony-radio*:com.android.phone]
07-21 10:50:28.848  1012  1012 I sysui_multi_action: [757,198,758,2,759,2,1359,615,1695,4]
07-21 10:50:28.848  1012  1012 I power_screen_state: [0,2,0,0,615]
07-21 10:50:28.848  1012  1012 I screen_toggled: 0
07-21 10:50:28.848  1012  1012 I sysui_multi_action: [757,804,799,screen_timeout,801,60,802,1]
07-21 10:50:28.848  1012  1012 I sysui_multi_action: [757,1594,758,4,759,-2147483648,1359,187832]
07-21 10:50:28.849  1012  1012 I power_screen_broadcast_send: 1
07-21 10:50:28.869  1012  1240 I wm_set_keyguard_shown: [0,1,0,0,setKeyguardShown]
07-21 10:50:28.869  1012  1240 I wm_sleep_token: [0,1,keyguard]
07-21 10:50:28.892  1012  1012 I device_idle: [1,no activity]
07-21 10:50:28.893  1012  1012 I device_idle_light: [1,no activity]
07-21 10:50:28.918  1250  1250 I sysui_multi_action: [757,111,758,1]
07-21 10:50:28.918  1250  1250 I sysui_multi_action: [757,126,758,1,759,126,927,0,928,0,1593,0]
07-21 10:50:28.918  1250  1250 I sysui_multi_action: [757,115,758,1,759,115,927,1,928,1,1593,0]
07-21 10:50:28.918  1250  1250 I sysui_multi_action: [757,112,758,1,759,112,927,2,928,0,1593,0]
07-21 10:50:28.918  1250  1250 I sysui_multi_action: [757,113,758,1,759,113,927,3,928,0,1593,0]
07-21 10:50:28.918  1250  1250 I sysui_multi_action: [757,123,758,1,759,123,927,4,928,0,1593,0]
07-21 10:50:28.918  1250  1250 I sysui_multi_action: [757,119,758,1,759,119,927,5,928,0,1593,0]
07-21 10:50:28.925  1012  1240 I sysui_multi_action: [757,127,758,1]
07-21 10:50:28.925  1012  1240 I sysui_multi_action: [757,804,799,note_load,801,0,802,1]
07-21 10:50:28.925  1012  1240 I notification_panel_revealed: 0
07-21 10:50:28.949  1250  1250 I sysui_multi_action: [757,196,758,1,759,0]
07-21 10:50:28.949  1250  1250 I sysui_status_bar_state: [1,1,0,0,0,1]
07-21 10:50:28.957  1012  1240 I power_partial_wake_state: [REL,96,show keyguard:com.android.systemui]
07-21 10:50:28.961  1012  1494 I sysui_multi_action: [757,127,758,2]
07-21 10:50:28.961  1012  1494 I notification_panel_hidden: 
07-21 10:50:28.963  1012  1240 I power_partial_wake_state: [REL,32,CallbackRunner:com.google.android.gms]
07-21 10:50:28.994  1012  1035 I user_activity_timeout_override: 5000
07-21 10:50:29.002  1012  1036 I input_focus: [Focus request e747a91 NotificationShade,reason=UpdateInputWindows]
07-21 10:50:29.069  1012  1036 I wm_wallpaper_surface: [0,1]
07-21 10:50:29.089  1012  1116 I input_focus: [Focus entering e747a91 NotificationShade (server),reason=Window became focusable. Previous reason: NOT_VISIBLE]
07-21 10:50:29.264  1012  1012 I power_screen_broadcast_done: [0,415,1]
07-21 10:50:32.552  1012  1117 I intercept_power: [ACTION_DOWN,0,1]
07-21 10:50:32.559  1012  1061 I wm_sleep_token: [0,0,ScreenOff]
07-21 10:50:32.563  1012  1012 I screen_toggled: 1
07-21 10:50:32.565  1012  1012 I power_screen_broadcast_send: 1
07-21 10:50:32.570  1012  1061 I sysui_multi_action: [757,1696,758,6,759,3]
07-21 10:50:32.593  1012  1043 I am_wtf  : [0,1012,system_server,-1,ActivityManager,Sending non-protected broadcast com.samsung.ssrm.SCREEN_ON from system 1012:system/1000 pkg android]
07-21 10:50:32.605  1012  1012 I battery_saving_stats: [0,0,0,3915,0,0,334573,0,0]
07-21 10:50:32.618  1012  1535 I power_partial_wake_state: [CHG,1,*telephony-sem-radio*:com.android.phone]
07-21 10:50:32.622  1012  2288 I power_partial_wake_state: [CHG,3,*telephony-sem-radio*:com.android.phone]
07-21 10:50:32.623  1012  1494 I power_partial_wake_state: [CHG,2,*telephony-radio*:com.android.phone]
07-21 10:50:32.624  1012  2288 I power_partial_wake_state: [REL,2,*telephony-sem-radio*:com.android.phone]
07-21 10:50:32.632  1012  2288 I power_partial_wake_state: [CHG,9,*telephony-radio*:com.android.phone]
07-21 10:50:32.635  1012  1535 I sysui_multi_action: [757,127,758,1]
07-21 10:50:32.635  1012  1535 I sysui_multi_action: [757,804,799,note_load,801,0,802,1]
07-21 10:50:32.635  1012  1535 I notification_panel_revealed: 0
07-21 10:50:32.637  1012  1614 I power_partial_wake_state: [REL,5,*telephony-radio*:com.android.phone]
07-21 10:50:32.640  1012  1494 I power_partial_wake_state: [CHG,1,*telephony-sem-radio*:com.android.phone]
07-21 10:50:32.643  1012  1614 I power_partial_wake_state: [REL,5,CallbackRunner:com.google.android.gms]
07-21 10:50:32.643  1012  1494 I power_partial_wake_state: [CHG,0,*telephony-radio*:com.android.phone]
07-21 10:50:32.651  1012  1614 I power_partial_wake_state: [CHG,11,*telephony-sem-radio*:com.android.phone]
07-21 10:50:32.651  1012  1494 I power_partial_wake_state: [CHG,0,*telephony-radio*:com.android.phone]
07-21 10:50:32.652  1012  1535 I power_partial_wake_state: [REL,1,*telephony-sem-radio*:com.android.phone]
07-21 10:50:32.660  1012  1494 I power_partial_wake_state: [CHG,9,*telephony-radio*:com.android.phone]
07-21 10:50:32.662  1012  1494 I power_partial_wake_state: [CHG,19,*telephony-radio*:com.android.phone]
07-21 10:50:32.664  1012  1614 I power_partial_wake_state: [REL,1,*telephony-radio*:com.android.phone]
07-21 10:50:32.667  1012  1614 I power_partial_wake_state: [CHG,2,*telephony-radio*:com.android.phone]
07-21 10:50:32.669  1012  1614 I power_partial_wake_state: [CHG,9,*telephony-radio*:com.android.phone]
07-21 10:50:32.678  1012  1494 I power_partial_wake_state: [CHG,9,*telephony-radio*:com.android.phone]
07-21 10:50:32.679  1012  1494 I power_partial_wake_state: [REL,1,*telephony-radio*:com.android.phone]
07-21 10:50:32.703  1012  1494 I power_partial_wake_state: [CHG,36,*telephony-radio*:com.android.phone]
07-21 10:50:32.704  1012  1494 I power_partial_wake_state: [REL,0,*telephony-radio*:com.android.phone]
07-21 10:50:32.760  1012  1117 I intercept_power: [ACTION_UP,0,1]
07-21 10:50:32.760  1012  1117 I power_partial_wake_state: [REL,207,PhoneWindowManager.mPowerKeyWakeLock:android]
07-21 10:50:32.789  1012  1012 I sysui_multi_action: [757,198,758,1,759,1,1359,237,1694,1]
07-21 10:50:32.789  1012  1012 I power_screen_state: [1,0,0,0,237]
07-21 10:50:32.828  1012  1535 I power_partial_wake_state: [REL,201,RILJ_ACK_WL:com.android.phone]
07-21 10:50:32.855  1012  1106 I commit_sys_config_file: [settings-1-0,4]
07-21 10:50:32.858  1012  1614 I power_partial_wake_state: [REL,204,RILJ_ACK_WL:com.android.phone]
07-21 10:50:32.959  1012  1012 I power_screen_broadcast_done: [1,394,1]
07-21 10:50:33.028  1012  1614 I power_partial_wake_state: [REL,4,moya:XmppConnectionService:nu.bi.moya]
07-21 10:50:33.259  1012  1116 I input_interaction: Interaction with: e747a91 NotificationShade (server), PointerEventDispatcher0 (server), 
07-21 10:50:33.455  1012  1614 I sysui_multi_action: [757,127,758,2]
07-21 10:50:33.455  1012  1614 I notification_panel_hidden: 
07-21 10:50:33.455  1250  1250 I sysui_multi_action: [757,197,758,5,759,0]
07-21 10:50:33.460  1012  1535 I wm_set_keyguard_shown: [0,1,0,1,keyguardGoingAway]
07-21 10:50:33.462  1012  1535 I wm_sleep_token: [0,0,keyguard]
07-21 10:50:33.464  1012  1535 I wm_set_resumed_activity: [0,za.co.vanelo.guardflow.mobile/.MainActivity,resumeTopActivity]
07-21 10:50:33.468  1012  1535 I wm_resume_activity: [0,67033380,1641,za.co.vanelo.guardflow.mobile/.MainActivity]
07-21 10:50:33.470 13253 13253 I wm_on_restart_called: [67033380,za.co.vanelo.guardflow.mobile.MainActivity,performRestartActivity]
07-21 10:50:33.471 13253 13253 I wm_on_start_called: [67033380,za.co.vanelo.guardflow.mobile.MainActivity,handleStartActivity]
07-21 10:50:33.478 13253 13253 I wm_on_resume_called: [67033380,za.co.vanelo.guardflow.mobile.MainActivity,RESUME_ACTIVITY]
07-21 10:50:33.479 13253 13253 I wm_on_top_resumed_gained_called: [67033380,za.co.vanelo.guardflow.mobile.MainActivity,topWhenResuming]
07-21 10:50:33.545  1250  1250 I sysui_multi_action: [757,111,758,2]
07-21 10:50:33.552 13253 13253 I wm_on_idle_called: {za.co.vanelo.guardflow.mobile/za.co.vanelo.guardflow.mobile.MainActivity}
07-21 10:50:33.552  1012  1614 I wm_idle_activity: [0,67033380,za.co.vanelo.guardflow.mobile/.MainActivity]
07-21 10:50:33.559  1250  1250 I sysui_multi_action: [757,196,758,2,759,0]
07-21 10:50:33.559  1250  1250 I sysui_status_bar_state: [0,0,0,0,0,1]
07-21 10:50:33.564  1012  1614 I wm_set_keyguard_shown: [0,0,0,1,setKeyguardShown]
07-21 10:50:33.566  1012  1035 I device_idle: [0,unlocked]
07-21 10:50:33.566  1012  1035 I device_idle_light: [0,unlocked]
07-21 10:50:33.567  1012  1093 I device_idle_off_start: unlocked
07-21 10:50:33.568  1012  1093 I device_idle_off_complete: 
07-21 10:50:33.577  1012  2288 I power_partial_wake_state: [REL,3,CallbackRunner:com.google.android.gms]
07-21 10:50:33.589  1012  1035 I user_activity_timeout_override: -1
07-21 10:50:33.598  1012  1036 I input_focus: [Focus request a299ea1 za.co.vanelo.guardflow.mobile/za.co.vanelo.guardflow.mobile.MainActivity,reason=UpdateInputWindows]
07-21 10:50:33.627  1012  1116 I input_focus: [Focus leaving e747a91 NotificationShade (server),reason=NOT_FOCUSABLE]
07-21 10:50:33.629  1012  1116 I input_focus: [Focus entering a299ea1 za.co.vanelo.guardflow.mobile/za.co.vanelo.guardflow.mobile.MainActivity (server),reason=setFocusedWindow]
07-21 10:50:33.638  1012  1614 I power_partial_wake_state: [REL,22,IntentOp:.common.broadcast.BackgroundBroadcastReceiverSupport$PersistentReceiverIntentOperation:com.google.android.gms]
07-21 10:50:34.042  1012  1036 I wm_wallpaper_surface: [0,0]
07-21 10:50:34.476  1012  1116 I input_interaction: Interaction with: a299ea1 za.co.vanelo.guardflow.mobile/za.co.vanelo.guardflow.mobile.MainActivity (server), PointerEventDispatcher0 (server), 
07-21 10:50:35.484  1012  1535 I power_partial_wake_state: [CHG,1,*telephony-radio*:com.android.phone]
07-21 10:50:35.499  1012  1535 I power_partial_wake_state: [CHG,15,*telephony-radio*:com.android.phone]
07-21 10:50:35.500  1012  1535 I power_partial_wake_state: [REL,0,*telephony-radio*:com.android.phone]
07-21 10:50:35.681  1012  1535 I power_partial_wake_state: [REL,201,RILJ_ACK_WL:com.android.phone]
07-21 10:50:35.762  1012  1535 I power_partial_wake_state: [CHG,1,*telephony-radio*:com.android.phone]
07-21 10:50:35.776  1012  1535 I power_partial_wake_state: [CHG,14,*telephony-radio*:com.android.phone]
07-21 10:50:35.776  1012  1535 I power_partial_wake_state: [REL,0,*telephony-radio*:com.android.phone]
07-21 10:50:35.979  1012  1614 I power_partial_wake_state: [REL,223,RILJ_ACK_WL:com.android.phone]
07-21 10:50:37.664  1012  1614 I power_partial_wake_state: [CHG,1,*telephony-radio*:com.android.phone]
07-21 10:50:37.669  1012  1614 I power_partial_wake_state: [CHG,5,*telephony-radio*:com.android.phone]
07-21 10:50:37.670  1012  1614 I power_partial_wake_state: [REL,0,*telephony-radio*:com.android.phone]
07-21 10:50:39.815  1217  1374 I service_manager_stats: [100,51,21118]
07-21 10:50:40.554  1012  1614 I power_partial_wake_state: [CHG,0,*telephony-radio*:com.android.phone]
07-21 10:50:40.571  1012  1614 I power_partial_wake_state: [CHG,17,*telephony-radio*:com.android.phone]
07-21 10:50:40.572  1012  1614 I power_partial_wake_state: [REL,0,*telephony-radio*:com.android.phone]
07-21 10:50:40.746  1012  1614 I power_partial_wake_state: [CHG,0,*telephony-radio*:com.android.phone]
07-21 10:50:40.751  1012  1535 I power_partial_wake_state: [CHG,1,*telephony-radio*:com.android.phone]
07-21 10:50:40.763  1012  1614 I power_partial_wake_state: [CHG,17,*telephony-radio*:com.android.phone]
07-21 10:50:40.764  1012  1614 I power_partial_wake_state: [REL,1,*telephony-radio*:com.android.phone]
07-21 10:50:40.771  1012  1614 I power_partial_wake_state: [CHG,20,*telephony-radio*:com.android.phone]
07-21 10:50:40.771  1012  1614 I power_partial_wake_state: [REL,0,*telephony-radio*:com.android.phone]
07-21 10:50:40.925  1012  2288 I power_partial_wake_state: [REL,374,RILJ_ACK_WL:com.android.phone]
07-21 10:50:41.009  1012  2288 I power_partial_wake_state: [REL,286,RILJ_ACK_WL:com.android.phone]
07-21 10:50:41.030  1012  2288 I power_partial_wake_state: [CHG,1,*telephony-radio*:com.android.phone]
07-21 10:50:41.050  1012  2288 I power_partial_wake_state: [CHG,19,*telephony-radio*:com.android.phone]
07-21 10:50:41.051  1012  2288 I power_partial_wake_state: [REL,1,*telephony-radio*:com.android.phone]
07-21 10:50:41.216  1012  2288 I power_partial_wake_state: [CHG,0,*telephony-radio*:com.android.phone]
07-21 10:50:41.237  1012  2288 I power_partial_wake_state: [CHG,20,*telephony-radio*:com.android.phone]
07-21 10:50:41.238  1012  2288 I power_partial_wake_state: [REL,1,*telephony-radio*:com.android.phone]
07-21 10:50:41.308  1012  1614 I power_partial_wake_state: [CHG,0,*telephony-radio*:com.android.phone]
07-21 10:50:41.330  1012  2288 I power_partial_wake_state: [CHG,21,*telephony-radio*:com.android.phone]
07-21 10:50:41.331  1012  2288 I power_partial_wake_state: [REL,0,*telephony-radio*:com.android.phone]
07-21 10:50:41.505  1012  2288 I power_partial_wake_state: [REL,482,RILJ_ACK_WL:com.android.phone]
07-21 10:50:41.529  1012  2288 I power_partial_wake_state: [CHG,0,*telephony-radio*:com.android.phone]
07-21 10:50:41.552  1012  1614 I power_partial_wake_state: [CHG,22,*telephony-radio*:com.android.phone]
07-21 10:50:41.553  1012  1614 I power_partial_wake_state: [REL,1,*telephony-radio*:com.android.phone]
07-21 10:50:41.738  1012  2288 I power_partial_wake_state: [REL,220,RILJ_ACK_WL:com.android.phone]
07-21 10:50:41.790  1012  1614 I power_partial_wake_state: [REL,7,GCM_READ:com.google.android.gms]
07-21 10:50:41.806 19657 13056 I c2dm    : [-1,,6,5]
07-21 10:50:41.807  1012  1614 I power_partial_wake_state: [REL,18,GCM_WORK:com.google.android.gms]
07-21 10:50:42.700  1012  2288 I power_partial_wake_state: [CHG,1,*telephony-radio*:com.android.phone]
07-21 10:50:42.706  1012  2288 I power_partial_wake_state: [CHG,6,*telephony-radio*:com.android.phone]
07-21 10:50:42.707  1012  2288 I power_partial_wake_state: [REL,1,*telephony-radio*:com.android.phone]
07-21 10:50:43.032  1012  2288 I power_partial_wake_state: [REL,7,moya:XmppConnectionService:nu.bi.moya]
07-21 10:50:43.756  1012  2288 I power_partial_wake_state: [CHG,1,*telephony-radio*:com.android.phone]
07-21 10:50:43.776  1012  2288 I power_partial_wake_state: [CHG,20,*telephony-radio*:com.android.phone]
07-21 10:50:43.777  1012  2288 I power_partial_wake_state: [REL,0,*telephony-radio*:com.android.phone]
07-21 10:50:43.954  1012  2288 I power_partial_wake_state: [REL,202,RILJ_ACK_WL:com.android.phone]
07-21 10:50:44.086  1012  1614 I power_partial_wake_state: [CHG,1,*telephony-radio*:com.android.phone]
07-21 10:50:44.106  1012  1614 I power_partial_wake_state: [CHG,19,*telephony-radio*:com.android.phone]
07-21 10:50:44.107  1012  1614 I power_partial_wake_state: [REL,1,*telephony-radio*:com.android.phone]
07-21 10:50:44.311  1012  1535 I power_partial_wake_state: [REL,234,RILJ_ACK_WL:com.android.phone]
07-21 10:50:47.762  1012  1535 I power_partial_wake_state: [CHG,1,*telephony-radio*:com.android.phone]
07-21 10:50:47.768  1012  1535 I power_partial_wake_state: [CHG,6,*telephony-radio*:com.android.phone]
07-21 10:50:47.769  1012  1535 I power_partial_wake_state: [REL,1,*telephony-radio*:com.android.phone]
07-21 10:50:51.766  1012  2288 I power_partial_wake_state: [CHG,1,*telephony-radio*:com.android.phone]
07-21 10:50:51.785  1012  5431 I power_partial_wake_state: [CHG,19,*telephony-radio*:com.android.phone]
07-21 10:50:51.786  1012  5431 I power_partial_wake_state: [REL,1,*telephony-radio*:com.android.phone]
07-21 10:50:51.962  1012  5431 I power_partial_wake_state: [REL,200,RILJ_ACK_WL:com.android.phone]
07-21 10:50:52.089  1012  5431 I power_partial_wake_state: [CHG,1,*telephony-radio*:com.android.phone]
07-21 10:50:52.107  1012  5431 I power_partial_wake_state: [CHG,18,*telephony-radio*:com.android.phone]
07-21 10:50:52.109  1012  5431 I power_partial_wake_state: [REL,1,*telephony-radio*:com.android.phone]
07-21 10:50:52.312  1012  5431 I power_partial_wake_state: [REL,236,RILJ_ACK_WL:com.android.phone]
07-21 10:50:53.031  1012  5431 I power_partial_wake_state: [REL,6,moya:XmppConnectionService:nu.bi.moya]
07-21 10:50:54.970  1012  2288 I power_partial_wake_state: [CHG,1,*telephony-radio*:com.android.phone]
07-21 10:50:54.981  1012  2288 I power_partial_wake_state: [CHG,1,*telephony-radio*:com.android.phone]
07-21 10:50:54.992  1012  2288 I power_partial_wake_state: [CHG,22,*telephony-radio*:com.android.phone]
07-21 10:50:54.992  1217  1217 I service_manager_stats: [100,53,15177]
07-21 10:50:54.993  1012  2288 I power_partial_wake_state: [REL,1,*telephony-radio*:com.android.phone]
07-21 10:50:55.007  1012  5431 I power_partial_wake_state: [CHG,26,*telephony-radio*:com.android.phone]
07-21 10:50:55.008  1012  5431 I power_partial_wake_state: [REL,1,*telephony-radio*:com.android.phone]
07-21 10:50:55.167  1012  1240 I power_partial_wake_state: [REL,201,RILJ_ACK_WL:com.android.phone]
07-21 10:50:55.243  1012  1240 I power_partial_wake_state: [REL,275,RILJ_ACK_WL:com.android.phone]
07-21 10:50:55.336  1012  1240 I power_partial_wake_state: [CHG,0,*telephony-radio*:com.android.phone]
07-21 10:50:55.357  1012  1240 I power_partial_wake_state: [CHG,20,*telephony-radio*:com.android.phone]
07-21 10:50:55.358  1012  1240 I power_partial_wake_state: [REL,0,*telephony-radio*:com.android.phone]
07-21 10:50:55.551  1012  1240 I power_partial_wake_state: [CHG,1,*telephony-radio*:com.android.phone]
07-21 10:50:55.571  1012  1240 I power_partial_wake_state: [CHG,20,*telephony-radio*:com.android.phone]
07-21 10:50:55.572  1012  1240 I power_partial_wake_state: [REL,1,*telephony-radio*:com.android.phone]
07-21 10:50:55.628  1012  5431 I power_partial_wake_state: [CHG,1,*telephony-radio*:com.android.phone]
07-21 10:50:55.649  1012  5431 I power_partial_wake_state: [CHG,20,*telephony-radio*:com.android.phone]
07-21 10:50:55.650  1012  5431 I power_partial_wake_state: [REL,1,*telephony-radio*:com.android.phone]
07-21 10:50:55.791  1012  2288 I power_partial_wake_state: [CHG,1,*telephony-radio*:com.android.phone]
07-21 10:50:55.812  1012  2288 I power_partial_wake_state: [CHG,21,*telephony-radio*:com.android.phone]
07-21 10:50:55.813  1012  2288 I power_partial_wake_state: [REL,1,*telephony-radio*:com.android.phone]
07-21 10:50:55.866  1012  1116 I input_interaction: Interaction with: ead9a93 StatusBar (server), PointerEventDispatcher0 (server), 
07-21 10:50:55.870  1250  1250 I sysui_multi_action: [757,803,799,panel_open,802,1]
07-21 10:50:55.871  1250  1250 I sysui_multi_action: [757,1328,758,4,1326,76,1327,0,1329,0]
07-21 10:50:55.883  1012  2288 I power_partial_wake_state: [REL,553,RILJ_ACK_WL:com.android.phone]
07-21 10:50:55.965  1012  2288 I sysui_multi_action: [757,127,758,1]
07-21 10:50:55.965  1012  2288 I sysui_multi_action: [757,804,799,note_load,801,0,802,1]
07-21 10:50:55.965  1012  2288 I notification_panel_revealed: 0
07-21 10:50:55.968  1012  1043 I am_wtf  : [0,1012,system_server,-1,ActivityManager,Sending non-protected broadcast com.samsung.systemui.statusbar.ANIMATING from system 1250:com.android.systemui/u0a143 pkg com.android.systemui]
07-21 10:50:56.001  1012  1036 I input_focus: [Focus request e747a91 NotificationShade,reason=UpdateInputWindows]
07-21 10:50:56.016  1012  1116 I input_focus: [Focus leaving a299ea1 za.co.vanelo.guardflow.mobile/za.co.vanelo.guardflow.mobile.MainActivity (server),reason=Waiting for window because NO_WINDOW]
07-21 10:50:56.018  1012  5431 I power_partial_wake_state: [REL,240,RILJ_ACK_WL:com.android.phone]
07-21 10:50:56.050  1012  1116 I input_focus: [Focus entering e747a91 NotificationShade (server),reason=Window became focusable. Previous reason: NOT_VISIBLE]
07-21 10:50:56.108  1012  1043 I am_wtf  : [0,1012,system_server,-1,ActivityManager,Sending non-protected broadcast com.samsung.systemui.statusbar.EXPANDED from system 1250:com.android.systemui/u0a143 pkg com.android.systemui]
07-21 10:50:56.885  1012  1116 I input_interaction: Interaction with: e747a91 NotificationShade (server), PointerEventDispatcher0 (server), 
07-21 10:50:56.904  1012  1240 I power_partial_wake_state: [CHG,1,*telephony-radio*:com.android.phone]
07-21 10:50:56.909  1012  1240 I power_partial_wake_state: [CHG,5,*telephony-radio*:com.android.phone]
07-21 10:50:56.910  1012  1240 I power_partial_wake_state: [REL,0,*telephony-radio*:com.android.phone]
07-21 10:50:56.935  1250  1250 I sysui_multi_action: [757,111,758,1]
07-21 10:50:56.935  1250  1250 I sysui_multi_action: [757,126,758,1,759,126,927,0,928,0,1593,1]
07-21 10:50:56.935  1250  1250 I sysui_multi_action: [757,115,758,1,759,115,927,1,928,1,1593,1]
07-21 10:50:56.935  1250  1250 I sysui_multi_action: [757,112,758,1,759,112,927,2,928,0,1593,1]
07-21 10:50:56.935  1250  1250 I sysui_multi_action: [757,113,758,1,759,113,927,3,928,0,1593,1]
07-21 10:50:56.935  1250  1250 I sysui_multi_action: [757,123,758,1,759,123,927,4,928,0,1593,1]
07-21 10:50:56.935  1250  1250 I sysui_multi_action: [757,119,758,1,759,119,927,5,928,0,1593,1]
07-21 10:50:56.935  1250  1250 I sysui_multi_action: [757,5002,758,1,759,5002,927,6,928,1,1593,0]
07-21 10:50:56.935  1250  1250 I sysui_multi_action: [757,120,758,1,759,120,927,7,928,1,1593,0]
07-21 10:50:56.935  1250  1250 I sysui_multi_action: [757,122,758,1,759,122,927,8,928,1,1593,0]
07-21 10:50:56.936  1250  1250 I sysui_multi_action: [757,1706,758,1,759,1706,927,9,928,1,1593,0]
07-21 10:50:56.936  1250  1250 I sysui_multi_action: [757,268,758,1,759,268,806,com.sec.unifiedwfc,871,com.sec.unifiedwfc.ux.quicksettings.WFCQSTileService,927,10,1593,0]
07-21 10:50:56.936  1250  1250 I sysui_multi_action: [757,268,758,1,759,268,806,com.google.android.gms,871,com.google.android.gms.nearby.sharing.SharingTileService,927,11,1593,0]
07-21 10:50:56.936  1250  1250 I sysui_multi_action: [757,268,758,1,759,268,806,com.sec.android.app.camera,871,com.sec.android.app.camera.service.QrTileService,927,12,1593,0]
07-21 10:50:56.936  1250  1250 I sysui_multi_action: [757,268,758,1,759,268,806,com.google.android.videos,871,com.google.android.apps.googletv.app.device.virtualremote.ui.QuickSettingTileService,927,13,1593,0]
07-21 10:50:56.936  1250  1250 I sysui_multi_action: [757,111,758,1]
07-21 10:50:56.936  1250  1250 I sysui_multi_action: [757,126,758,1,759,126,927,0,928,0,1593,1]
07-21 10:50:56.936  1250  1250 I sysui_multi_action: [757,115,758,1,759,115,927,1,928,1,1593,1]
07-21 10:50:56.937  1250  1250 I sysui_multi_action: [757,112,758,1,759,112,927,2,928,0,1593,1]
07-21 10:50:56.937  1250  1250 I sysui_multi_action: [757,113,758,1,759,113,927,3,928,0,1593,1]
07-21 10:50:56.937  1250  1250 I sysui_multi_action: [757,123,758,1,759,123,927,4,928,0,1593,1]
07-21 10:50:56.937  1250  1250 I sysui_multi_action: [757,119,758,1,759,119,927,5,928,0,1593,1]
07-21 10:50:58.856  1250  1250 I sysui_multi_action: [757,111,758,2]
07-21 10:50:58.856  1250  1250 I sysui_multi_action: [757,111,758,2]
07-21 10:50:59.344  1250  1250 I sysui_multi_action: [757,490,758,4]
07-21 10:50:59.509  1012  2288 I wm_task_created: [1642,-1]
07-21 10:50:59.513  1012  2288 I wm_task_moved: [1642,1,6]
07-21 10:50:59.513  1012  2288 I wm_task_to_front: [0,1642]
07-21 10:50:59.514  1012  2288 I wm_create_task: [0,1642]
07-21 10:50:59.514 13253 13253 I wm_on_top_resumed_lost_called: [67033380,za.co.vanelo.guardflow.mobile.MainActivity,topStateChangedWhenResumed]
07-21 10:50:59.515  1012  2288 I wm_create_activity: [0,239617610,1642,com.android.settings/.homepage.SettingsHomepageActivity,android.settings.SETTINGS,NULL,NULL,335544320,startActivityAsUser:com.android.systemui:-1]
07-21 10:50:59.515  1012  2288 I wm_task_moved: [1642,1,6]
07-21 10:50:59.517  1012  2288 I wm_pause_activity: [0,67033380,za.co.vanelo.guardflow.mobile/.MainActivity,userLeaving=true,pauseBackTasks]
07-21 10:50:59.556  1012  1036 I input_focus: [Focus request a299ea1 za.co.vanelo.guardflow.mobile/za.co.vanelo.guardflow.mobile.MainActivity,reason=UpdateInputWindows]
07-21 10:50:59.559 13253 13253 I wm_on_paused_called: [67033380,za.co.vanelo.guardflow.mobile.MainActivity,performPause]
07-21 10:50:59.562  1012  1240 I wm_add_to_stopping: [0,67033380,za.co.vanelo.guardflow.mobile/.MainActivity,makeInvisible]
07-21 10:50:59.563  1012  1032 I sysui_multi_action: [757,803,799,window_time_0,802,31]
07-21 10:50:59.573  1012  1116 I input_focus: [Focus leaving e747a91 NotificationShade (server),reason=setFocusedWindow]
07-21 10:50:59.574  1012  1116 I input_focus: [Focus entering a299ea1 za.co.vanelo.guardflow.mobile/za.co.vanelo.guardflow.mobile.MainActivity (server),reason=setFocusedWindow]
07-21 10:50:59.574  1012  1044 I am_proc_start: [0,13507,1000,com.android.settings,next-top-activity,{com.android.settings/com.android.settings.homepage.SettingsHomepageActivity}]
07-21 10:50:59.586  1012  1042 I am_pss  : [12819,10203,com.community.oneroom,60293120,36118528,13277184,91168768,0,19,13]
07-21 10:50:59.601  1012  1042 I am_pss  : [13122,99011,com.google.android.webview:sandboxed_process0:org.chromium.content.app.SandboxedProcessService0:0,4539392,299008,3411968,15351808,0,19,7]
07-21 10:50:59.608  1012  1116 I input_focus: [Focus leaving a299ea1 za.co.vanelo.guardflow.mobile/za.co.vanelo.guardflow.mobile.MainActivity (server),reason=NO_WINDOW]
07-21 10:50:59.631  1012  1240 I am_proc_bound: [0,13507,com.android.settings]
07-21 10:50:59.666  1012  1240 I wm_restart_activity: [0,239617610,1642,com.android.settings/.homepage.SettingsHomepageActivity]
07-21 10:50:59.675  1012  1240 I wm_set_resumed_activity: [0,com.android.settings/.homepage.SettingsHomepageActivity,minimalResumeActivityLocked]
07-21 10:50:59.686  1012  1043 I am_wtf  : [0,1012,system_server,-1,ActivityManager,Sending non-protected broadcast com.samsung.intent.action.AUTOROTATION from system 1012:system/1000 pkg android]
07-21 10:50:59.902 13507 13507 I wm_on_create_called: [239617610,com.android.settings.homepage.SettingsHomepageActivity,performCreate]
07-21 10:50:59.942  1012  1012 I power_partial_wake_state: [CHG,6,*alarm*:android]
07-21 10:50:59.945  1012  1012 I power_partial_wake_state: [CHG,1,*alarm*:android]
07-21 10:50:59.945  1012  1012 I power_partial_wake_state: [REL,0,*alarm*:android]
07-21 10:50:59.996  1012  1043 I am_wtf  : [0,1012,system_server,-1,ActivityManager,Sending non-protected broadcast com.samsung.systemui.statusbar.COLLAPSED from system 1250:com.android.systemui/u0a143 pkg com.android.systemui]
07-21 10:51:00.001  1012  1012 I power_partial_wake_state: [REL,0,*alarm*:android]
07-21 10:51:00.026  1012  1535 I sysui_multi_action: [757,127,758,2]
07-21 10:51:00.026  1012  1535 I notification_panel_hidden: 
07-21 10:51:00.244 13507 13507 I wm_on_start_called: [239617610,com.android.settings.homepage.SettingsHomepageActivity,handleStartActivity]
07-21 10:51:00.246 13507 13507 I snet_event_log: [120484087,-1,]
07-21 10:51:00.247 13507 13507 I snet_event_log: [120484087,-1,]
07-21 10:51:00.247 13507 13507 I wm_on_resume_called: [239617610,com.android.settings.homepage.SettingsHomepageActivity,RESUME_ACTIVITY]
07-21 10:51:00.252 13507 13507 I sysui_multi_action: [757,35,758,1,833,0,1089,341]
07-21 10:51:00.278 13507 13507 I sysui_multi_action: [757,1729,758,4,854,isParalleledControllers:false,1089,370]
07-21 10:51:00.296 13507 13507 I wm_on_top_resumed_gained_called: [239617610,com.android.settings.homepage.SettingsHomepageActivity,topStateChangedWhenResumed]
07-21 10:51:00.335  1012  5431 I am_uid_active: 10149
07-21 10:51:00.352  1012  1036 I input_focus: [Focus request cdff999 com.android.settings/com.android.settings.homepage.SettingsHomepageActivity,reason=UpdateInputWindows]
07-21 10:51:00.502  1012  1036 I sysui_multi_action: [324,0,757,1090,758,12,806,com.android.settings,871,com.android.settings.homepage.SettingsHomepageActivity,1091,1149]
07-21 10:51:00.510  1012  1032 I sysui_multi_action: [319,278,321,248,322,1149,325,9485,757,761,758,7,759,1,806,com.android.settings,871,com.android.settings.homepage.SettingsHomepageActivity,904,com.android.systemui,905,0,945,286,1320,8,1321,5]
07-21 10:51:00.510  1012  1032 I am_app_transition: [com.android.settings,com.android.settings.homepage.SettingsHomepageActivity,SPLASH_SCREEN,278,248,286,1149,COLD,speed-profile]
07-21 10:51:00.511  1012  1032 I wm_activity_launch_time: [0,239617610,com.android.settings/.homepage.SettingsHomepageActivity,1149]
07-21 10:51:00.513  1012  1035 I wm_stop_activity: [0,67033380,za.co.vanelo.guardflow.mobile/.MainActivity]
07-21 10:51:00.515 13253 13253 I wm_on_stop_called: [67033380,za.co.vanelo.guardflow.mobile.MainActivity,STOP_ACTIVITY_ITEM]
07-21 10:51:00.527  1012  1116 I input_focus: [Focus entering cdff999 com.android.settings/com.android.settings.homepage.SettingsHomepageActivity (server),reason=Window became focusable. Previous reason: NOT_VISIBLE]
07-21 10:51:00.536  1012  1012 I power_partial_wake_state: [REL,4,*job*/com.google.android.gm.email.provider/com.google.android.gm.legacyimap/info@vanelo.co.za:android:android]
07-21 10:51:00.538  1012  1012 I power_partial_wake_state: [REL,2,*job*/com.google.android.gm.email.provider/com.google.android.gm.legacyimap/nkaobehe@vanelo.co.za:android:android]
07-21 10:51:00.546  1012  1235 I sync    : [com.google.android.gm.email.provider,0,4,87504853]
07-21 10:51:00.548  1012  1235 I am_uid_running: 10133
07-21 10:51:00.551  1012  1235 I power_partial_wake_state: [REL,8,SyncLoopWakeLock:android]
07-21 10:51:00.554 13507 13507 I wm_on_idle_called: {com.android.settings/com.android.settings.homepage.SettingsHomepageActivity}
07-21 10:51:00.554  1012  5431 I wm_idle_activity: [0,239617610,com.android.settings/.homepage.SettingsHomepageActivity]
07-21 10:51:00.555  1012  5431 I power_partial_wake_state: [REL,1037,*launch*:android]
07-21 10:51:00.556  1012  1235 I sync    : [com.google.android.gm.email.provider,0,4,-473827918]
07-21 10:51:00.562  1012  1235 I power_partial_wake_state: [REL,10,SyncLoopWakeLock:android]
07-21 10:51:00.568  1012  1044 I am_proc_start: [0,13535,10133,com.google.android.gm,service,{com.google.android.gm/com.google.android.gm.provider.GmailImapSyncAdapterService}]
07-21 10:51:00.639  1012  1240 I am_proc_bound: [0,13535,com.google.android.gm]
07-21 10:51:01.101  1012  1211 I battery_level: [98,4039,292]
07-21 10:51:01.493  1012  1116 I input_interaction: Interaction with: cdff999 com.android.settings/com.android.settings.homepage.SettingsHomepageActivity (server), PointerEventDispatcher0 (server), 
07-21 10:51:01.595 13507 13507 I sysui_multi_action: [757,830,758,4,833,0,854,top_level_display,1089,0]
07-21 10:51:01.612  1012  5431 I wm_task_moved: [1642,1,6]
07-21 10:51:01.621  1012  5431 I wm_set_resumed_activity: [0,com.android.settings/.homepage.SettingsHomepageActivity,positionChildAt]
07-21 10:51:01.621  1012  5431 I wm_create_activity: [0,25141118,1642,com.android.settings/.SubSettings,android.intent.action.MAIN,NULL,NULL,0,startActivityAsUser:com.android.settings:-1]
07-21 10:51:01.624  1012  5431 I wm_pause_activity: [0,239617610,com.android.settings/.homepage.SettingsHomepageActivity,userLeaving=true,resumeTopActivity]
07-21 10:51:01.630 13507 13507 I wm_on_top_resumed_lost_called: [239617610,com.android.settings.homepage.SettingsHomepageActivity,topStateChangedWhenResumed]
07-21 10:51:01.635 13507 13507 I sysui_multi_action: [757,35,758,2,1089,1386]
07-21 10:51:01.636 13507 13507 I wm_on_paused_called: [239617610,com.android.settings.homepage.SettingsHomepageActivity,performPause]
07-21 10:51:01.638  1012  5431 I wm_add_to_stopping: [0,239617610,com.android.settings/.homepage.SettingsHomepageActivity,makeInvisible]
07-21 10:51:01.642  1012  5431 I wm_restart_activity: [0,25141118,1642,com.android.settings/.SubSettings]
07-21 10:51:01.647  1012  5431 I wm_set_resumed_activity: [0,com.android.settings/.SubSettings,minimalResumeActivityLocked]
07-21 10:51:01.649  1012  1032 I sysui_multi_action: [757,803,799,window_time_0,802,2]
07-21 10:51:01.653  1012  1036 I input_focus: [Requesting to set focus to null window,reason=UpdateInputWindows]
07-21 10:51:01.677  1012  1116 I input_focus: [Focus leaving cdff999 com.android.settings/com.android.settings.homepage.SettingsHomepageActivity (server),reason=Waiting for window because NOT_FOCUSABLE]
07-21 10:51:01.820  1012  1615 I power_partial_wake_state: [REL,6,Application creation -> Application.onCreate -> Startup Listeners -> CrashStartupListener:com.google.android.gm]
07-21 10:51:01.822  1012  1615 I power_partial_wake_state: [REL,3,Application creation -> Application.onCreate -> Startup Listeners -> CrashStartupListener:com.google.android.gm]
07-21 10:51:01.824  1012  2110 I power_partial_wake_state: [REL,11,Application creation -> Application.onCreate -> Startup Listeners -> CrashStartupListener:com.google.android.gm]
07-21 10:51:01.827  1012  2110 I power_partial_wake_state: [REL,10,Application creation -> Application.onCreate -> Startup Listeners -> CrashStartupListener:com.google.android.gm]
07-21 10:51:01.828  1012  2288 I power_partial_wake_state: [REL,13,Application creation -> Application.onCreate -> Startup Listeners -> CrashStartupListener:com.google.android.gm]
07-21 10:51:01.898 13507 13507 I wm_on_create_called: [25141118,com.android.settings.SubSettings,performCreate]
07-21 10:51:01.945  1012  1235 I power_partial_wake_state: [REL,0,SyncLoopWakeLock:android]
07-21 10:51:01.947  1012  1235 I power_partial_wake_state: [REL,1,SyncLoopWakeLock:android]
07-21 10:51:02.001 13507 13507 I wm_on_start_called: [25141118,com.android.settings.SubSettings,handleStartActivity]
07-21 10:51:02.002 13507 13507 I snet_event_log: [120484087,-1,]
07-21 10:51:02.005 13507 13507 I wm_on_resume_called: [25141118,com.android.settings.SubSettings,RESUME_ACTIVITY]
07-21 10:51:02.006 13507 13507 I sysui_multi_action: [757,46,758,1,833,35,1089,203]
07-21 10:51:02.045 13507 13507 I sysui_multi_action: [757,1729,758,4,854,isParalleledControllers:false,1089,243]
07-21 10:51:02.062 13507 13507 I wm_on_top_resumed_gained_called: [25141118,com.android.settings.SubSettings,topStateChangedWhenResumed]
07-21 10:51:02.078  1012  1036 I input_focus: [Focus request 11bd305 com.android.settings/com.android.settings.SubSettings,reason=UpdateInputWindows]
07-21 10:51:02.281  1012  1012 I notification_cancel_all: [1000,1012,com.google.android.gm,0,0,0,20,NULL]
07-21 10:51:02.308  1012  2288 I power_partial_wake_state: [REL,3,*job*/com.google.android.gm/com.android.email.job.UpdateNotificationJob$UpdateNotificationJobService:android]
07-21 10:51:02.352  1012  1032 I wm_activity_launch_time: [0,25141118,com.android.settings/.SubSettings,749]
07-21 10:51:02.449  1012  2288 I power_partial_wake_state: [REL,21,*job*/com.google.android.gm/androidx.work.impl.background.systemjob.SystemJobService:android]
07-21 10:51:02.462  1012  1116 I input_focus: [Focus entering 11bd305 com.android.settings/com.android.settings.SubSettings (server),reason=Window became focusable. Previous reason: NOT_VISIBLE]
07-21 10:51:02.490  1012  1034 I commit_sys_config_file: [notification-policy,9224091]
07-21 10:51:02.633 13507 13507 I wm_on_idle_called: {com.android.settings/com.android.settings.SubSettings}
07-21 10:51:02.633  1012  1614 I wm_idle_activity: [0,25141118,com.android.settings/.SubSettings]
07-21 10:51:02.635  1012  1614 I power_partial_wake_state: [REL,1009,*launch*:android]
07-21 10:51:02.764  1012  1494 I power_partial_wake_state: [REL,6,*job*/com.google.android.gm/.job.SendSetNewEmailIndicatorJob$SendSetNewEmailIndicatorJobService:android]
07-21 10:51:02.806  1012  1535 I power_partial_wake_state: [REL,376,*job*/com.google.android.gm/androidx.work.impl.background.systemjob.SystemJobService:android]
07-21 10:51:02.843  1012  1035 I wm_stop_activity: [0,239617610,com.android.settings/.homepage.SettingsHomepageActivity]
07-21 10:51:02.866 13507 13507 I wm_on_stop_called: [239617610,com.android.settings.homepage.SettingsHomepageActivity,STOP_ACTIVITY_ITEM]
07-21 10:51:03.009  1012  1494 I power_partial_wake_state: [REL,250,*job*/com.google.android.gm/.job.SendSetNewEmailIndicatorJob$SendSetNewEmailIndicatorJobService:android]
07-21 10:51:03.030  1012  1614 I power_partial_wake_state: [REL,7,moya:XmppConnectionService:nu.bi.moya]
07-21 10:51:03.051  1012  1494 I power_partial_wake_state: [REL,5,*job*/com.google.android.gm/.job.SendSetNewEmailIndicatorJob$SendSetNewEmailIndicatorJobService:android]
07-21 10:51:03.053  1012  1614 I power_partial_wake_state: [REL,747,*job*/com.google.android.gm/com.android.email.job.UpdateNotificationJob$UpdateNotificationJobService:android]
07-21 10:51:03.095  1012  1614 I power_partial_wake_state: [REL,48,*job*/com.google.android.gm/.job.SendSetNewEmailIndicatorJob$SendSetNewEmailIndicatorJobService:android]
07-21 10:51:03.347  1012  1116 I input_interaction: Interaction with: 11bd305 com.android.settings/com.android.settings.SubSettings (server), PointerEventDispatcher0 (server), 
07-21 10:51:03.939  1012  1494 I power_partial_wake_state: [CHG,1,*telephony-radio*:com.android.phone]
07-21 10:51:03.943  1012  1494 I power_partial_wake_state: [CHG,5,*telephony-radio*:com.android.phone]
07-21 10:51:03.944  1012  1494 I power_partial_wake_state: [REL,0,*telephony-radio*:com.android.phone]
07-21 10:51:04.126  2491  2640 I content_query_sample: contents_sample_state: [CONTACT contacts(1054) data(14631) accounts({moyaAccount (19)=492, org.telegram.messenger (20)=210, com.whatsapp (55)=679, com.google (9)=1028, vnd.sec.contact.sim2 (2)=3, com.google.android.apps.tachyon (156)=204, com.whatsapp.w4b (59)=679}) accounts deleted({}) calls([logtype:100 cnt:148, logtype:300 cnt:1, logtype:1000 cnt:1766, logtype:1150 cnt:86]) countryIso(ZA) userId(0)  ]
07-21 10:51:04.126  2491  2640 I content_query_sample: contents_sample_state: [ agr({[9 ,20 ,55 ,55 ,59 ,59]=1, [9 ,20 ,55 ,59 ,59]=1, [9 ,55 ,59 ,19 ,19 ,19]=1, [9 ,55 ,59 ,20 ,19]=5, [9 ,55 ,59 ,59 ,55 ,156 ,19 ,19 ,19 ,19]=1, [9 ,9 ,55 ,59 ,59 ,55 ,20 ,19]=1, [2]=3, [9 ,55 ,55 ,59 ,59 ,156 ,19]=2, [9 ,20 ,55 ,59 ,19]=45, [20]=19, [59 ,55 ,156 ,19]=1, [9 ,20 ,20 ,55 ,59 ,19]=2, [9 ,20 ,55 ,59 ,20 ,19]=2, [9 ,55 ,59 ,19]=142, [9 ,20 ,55 ,55 ,59 ,59 ,19]=5, [9 ,55 ,156 ,59]=1, [9 ,59 ,55 ,19 ,19]=1, [9 ,20 ,55 ,59]=37, [9 ,20 ,55 ,59 ,19 ,19 ,19]=1, [9 ,20 ,55 ,59 ,156 ,19]=19, [9 ,20 ,20 ,55 ,156 ,19 ,19]=1, [20 ,9 ,55 ,59 ,19]=1, [9 ,20 ,55 ,59 ,55 ,59 ,19]=^
07-21 10:51:04.150  1012  1494 I wm_task_moved: [1642,1,6]
07-21 10:51:04.150  1012  1494 I wm_set_resumed_activity: [0,com.android.settings/.SubSettings,positionChildAt]
07-21 10:51:04.151  1012  1494 I wm_create_activity: [0,1702015,1642,com.android.settings/.SubSettings,android.intent.action.MAIN,NULL,NULL,0,startActivityAsUser:com.android.settings:-1]
07-21 10:51:04.152  1012  1494 I wm_pause_activity: [0,25141118,com.android.settings/.SubSettings,userLeaving=true,resumeTopActivity]
07-21 10:51:04.155 13507 13507 I sysui_multi_action: [757,830,758,4,833,0,854,screen_timeout,1089,0]
07-21 10:51:04.161 13507 13507 I wm_on_top_resumed_lost_called: [25141118,com.android.settings.SubSettings,topStateChangedWhenResumed]
07-21 10:51:04.168 13507 13507 I sysui_multi_action: [757,46,758,2,1089,2163]
07-21 10:51:04.173 13507 13507 I wm_on_paused_called: [25141118,com.android.settings.SubSettings,performPause]
07-21 10:51:04.175  1012  1494 I wm_add_to_stopping: [0,25141118,com.android.settings/.SubSettings,makeInvisible]
07-21 10:51:04.178  1012  1494 I wm_restart_activity: [0,1702015,1642,com.android.settings/.SubSettings]
07-21 10:51:04.180  1012  1494 I wm_set_resumed_activity: [0,com.android.settings/.SubSettings,minimalResumeActivityLocked]
07-21 10:51:04.182  1012  1032 I sysui_multi_action: [757,803,799,window_time_0,802,2]
07-21 10:51:04.185  1012  1036 I input_focus: [Requesting to set focus to null window,reason=UpdateInputWindows]
07-21 10:51:04.215  1012  1116 I input_focus: [Focus leaving 11bd305 com.android.settings/com.android.settings.SubSettings (server),reason=Waiting for window because NOT_FOCUSABLE]
07-21 10:51:04.217  1012  1034 I commit_sys_config_file: [jobs,8]
07-21 10:51:04.225 13507 13507 I wm_on_create_called: [1702015,com.android.settings.SubSettings,performCreate]
07-21 10:51:04.241 13507 13507 I wm_on_start_called: [1702015,com.android.settings.SubSettings,handleStartActivity]
07-21 10:51:04.242 13507 13507 I snet_event_log: [120484087,-1,]
07-21 10:51:04.243 13507 13507 I wm_on_resume_called: [1702015,com.android.settings.SubSettings,RESUME_ACTIVITY]
07-21 10:51:04.244 13507 13507 I sysui_multi_action: [757,4212,758,1,833,46,1089,29]
